3783 videos remain after valid thresholding
W0423 20:29:01.821447 17086 device_context.cc:447] Please NOTE: device: 0, GPU Compute Capability: 7.0, Driver API Version: 10.1, Runtime API Version: 10.1
W0423 20:29:01.826694 17086 device_context.cc:465] device: 0, cuDNN Version: 7.6.
Loading pretrained model from output/best_model/model.pdparams
There are 217/217 variables loaded into Recognizer3D.
[                                                  ] 0/3783, elapsed: 0s, ETA:/home/aistudio/PaddlePoseC3D/datasets/pipelines/transforms.py:1467: DeprecationWarning: `np.int` is a deprecated alias for the builtin `int`. To silence this warning, use `int` by itself. Doing this will not modify any behavior and is safe. When replacing `np.int`, you may wish to use e.g. `np.int64` or `np.int32` to specify the precision. If you wish to review your current use, check the release note link for additional information.
Deprecated in NumPy 1.20; for more details and guidance: https://numpy.org/devdocs/release/1.20.0-notes.html#deprecations
  results['frame_inds'] = inds.astype(np.int)
[                                                  ] 1/3783, 0.1 task/s, elapsed: 12s, ETA: 43931s[                                                  ] 2/3783, 0.2 task/s, elapsed: 12s, ETA: 21960s[                                                  ] 3/3783, 0.3 task/s, elapsed: 12s, ETA: 14636s[                                                  ] 4/3783, 0.3 task/s, elapsed: 12s, ETA: 10974s[                                                  ] 5/3783, 0.4 task/s, elapsed: 12s, ETA:  8777s[                                                  ] 6/3783, 0.3 task/s, elapsed: 23s, ETA: 14539s[                                                  ] 7/3783, 0.3 task/s, elapsed: 23s, ETA: 12459s[                                                  ] 8/3783, 0.3 task/s, elapsed: 23s, ETA: 10899s[                                                  ] 9/3783, 0.4 task/s, elapsed: 23s, ETA:  9686s[                                                  ] 10/3783, 0.4 task/s, elapsed: 23s, ETA:  8715s[                                                  ] 11/3783, 0.3 task/s, elapsed: 33s, ETA: 11366s[                                                  ] 12/3783, 0.4 task/s, elapsed: 33s, ETA: 10416s[                                                  ] 13/3783, 0.4 task/s, elapsed: 33s, ETA:  9613s[                                                  ] 14/3783, 0.4 task/s, elapsed: 33s, ETA:  8924s[                                                  ] 15/3783, 0.5 task/s, elapsed: 33s, ETA:  8327s[                                                  ] 16/3783, 0.4 task/s, elapsed: 45s, ETA: 10545s[                                                  ] 17/3783, 0.4 task/s, elapsed: 45s, ETA:  9922s[                                                  ] 18/3783, 0.4 task/s, elapsed: 45s, ETA:  9368s[                                                  ] 19/3783, 0.4 task/s, elapsed: 45s, ETA:  8873s[                                                  ] 20/3783, 0.4 task/s, elapsed: 45s, ETA:  8427s[                                                  ] 21/3783, 0.4 task/s, elapsed: 56s, ETA:  9951s[                                                  ] 22/3783, 0.4 task/s, elapsed: 56s, ETA:  9496s[                                                  ] 23/3783, 0.4 task/s, elapsed: 56s, ETA:  9081s[                                                  ] 24/3783, 0.4 task/s, elapsed: 56s, ETA:  8700s[                                                  ] 25/3783, 0.5 task/s, elapsed: 56s, ETA:  8350s[                                                  ] 26/3783, 0.4 task/s, elapsed: 66s, ETA:  9496s[                                                  ] 27/3783, 0.4 task/s, elapsed: 66s, ETA:  9142s[                                                  ] 28/3783, 0.4 task/s, elapsed: 66s, ETA:  8813s[                                                  ] 29/3783, 0.4 task/s, elapsed: 66s, ETA:  8507s[                                                  ] 30/3783, 0.5 task/s, elapsed: 66s, ETA:  8221s[                                                  ] 31/3783, 0.4 task/s, elapsed: 76s, ETA:  9180s[                                                  ] 32/3783, 0.4 task/s, elapsed: 76s, ETA:  8890s[                                                  ] 33/3783, 0.4 task/s, elapsed: 76s, ETA:  8619s[                                                  ] 34/3783, 0.4 task/s, elapsed: 76s, ETA:  8363s[                                                  ] 35/3783, 0.5 task/s, elapsed: 76s, ETA:  8122s[                                                  ] 36/3783, 0.4 task/s, elapsed: 87s, ETA:  9023s[                                                  ] 37/3783, 0.4 task/s, elapsed: 87s, ETA:  8777s[                                                  ] 38/3783, 0.4 task/s, elapsed: 87s, ETA:  8544s[                                                  ] 39/3783, 0.4 task/s, elapsed: 87s, ETA:  8323s[                                                  ] 40/3783, 0.5 task/s, elapsed: 87s, ETA:  8112s[                                                  ] 41/3783, 0.4 task/s, elapsed: 98s, ETA:  8968s[                                                  ] 42/3783, 0.4 task/s, elapsed: 98s, ETA:  8753s[                                                  ] 43/3783, 0.4 task/s, elapsed: 98s, ETA:  8547s[                                                  ] 44/3783, 0.4 task/s, elapsed: 98s, ETA:  8350s[                                                  ] 45/3783, 0.5 task/s, elapsed: 98s, ETA:  8163s[                                                  ] 46/3783, 0.4 task/s, elapsed: 109s, ETA:  8836s[                                                  ] 47/3783, 0.4 task/s, elapsed: 109s, ETA:  8646s[                                                  ] 48/3783, 0.4 task/s, elapsed: 109s, ETA:  8464s[                                                  ] 49/3783, 0.5 task/s, elapsed: 109s, ETA:  8289s[                                                  ] 50/3783, 0.5 task/s, elapsed: 109s, ETA:  8121s[                                                  ] 51/3783, 0.4 task/s, elapsed: 120s, ETA:  8781s[                                                  ] 52/3783, 0.4 task/s, elapsed: 120s, ETA:  8610s[                                                  ] 53/3783, 0.4 task/s, elapsed: 120s, ETA:  8445s[                                                  ] 54/3783, 0.5 task/s, elapsed: 120s, ETA:  8286s[                                                  ] 55/3783, 0.5 task/s, elapsed: 120s, ETA:  8133s[                                                  ] 56/3783, 0.4 task/s, elapsed: 130s, ETA:  8668s[                                                  ] 57/3783, 0.4 task/s, elapsed: 130s, ETA:  8514s[                                                  ] 58/3783, 0.4 task/s, elapsed: 130s, ETA:  8365s[                                                  ] 59/3783, 0.5 task/s, elapsed: 130s, ETA:  8221s[                                                  ] 60/3783, 0.5 task/s, elapsed: 130s, ETA:  8082s[                                                  ] 61/3783, 0.4 task/s, elapsed: 140s, ETA:  8560s[                                                  ] 62/3783, 0.4 task/s, elapsed: 140s, ETA:  8419s[                                                  ] 63/3783, 0.4 task/s, elapsed: 140s, ETA:  8284s[                                                  ] 64/3783, 0.5 task/s, elapsed: 140s, ETA:  8152s[                                                  ] 65/3783, 0.5 task/s, elapsed: 140s, ETA:  8024s[                                                  ] 66/3783, 0.4 task/s, elapsed: 150s, ETA:  8461s[                                                  ] 67/3783, 0.4 task/s, elapsed: 150s, ETA:  8332s[                                                  ] 68/3783, 0.5 task/s, elapsed: 150s, ETA:  8208s[                                                  ] 69/3783, 0.5 task/s, elapsed: 150s, ETA:  8086s[                                                  ] 70/3783, 0.5 task/s, elapsed: 150s, ETA:  7969s[                                                  ] 71/3783, 0.4 task/s, elapsed: 160s, ETA:  8376s[                                                  ] 72/3783, 0.4 task/s, elapsed: 160s, ETA:  8257s[                                                  ] 73/3783, 0.5 task/s, elapsed: 160s, ETA:  8142s[                                                  ] 74/3783, 0.5 task/s, elapsed: 160s, ETA:  8029s[                                                  ] 75/3783, 0.5 task/s, elapsed: 160s, ETA:  7920s[>                                                 ] 76/3783, 0.4 task/s, elapsed: 170s, ETA:  8308s[>                                                 ] 77/3783, 0.5 task/s, elapsed: 170s, ETA:  8198s[>                                                 ] 78/3783, 0.5 task/s, elapsed: 170s, ETA:  8091s[>                                                 ] 79/3783, 0.5 task/s, elapsed: 170s, ETA:  7986s[>                                                 ] 80/3783, 0.5 task/s, elapsed: 170s, ETA:  7884s[>                                                 ] 81/3783, 0.4 task/s, elapsed: 181s, ETA:  8252s[>                                                 ] 82/3783, 0.5 task/s, elapsed: 181s, ETA:  8150s[>                                                 ] 83/3783, 0.5 task/s, elapsed: 181s, ETA:  8049s[>                                                 ] 84/3783, 0.5 task/s, elapsed: 181s, ETA:  7951s[>                                                 ] 85/3783, 0.5 task/s, elapsed: 181s, ETA:  7856s[>                                                 ] 86/3783, 0.5 task/s, elapsed: 191s, ETA:  8199s[>                                                 ] 87/3783, 0.5 task/s, elapsed: 191s, ETA:  8103s[>                                                 ] 88/3783, 0.5 task/s, elapsed: 191s, ETA:  8009s[>                                                 ] 89/3783, 0.5 task/s, elapsed: 191s, ETA:  7916s[>                                                 ] 90/3783, 0.5 task/s, elapsed: 191s, ETA:  7826s[>                                                 ] 91/3783, 0.4 task/s, elapsed: 203s, ETA:  8221s[>                                                 ] 92/3783, 0.5 task/s, elapsed: 203s, ETA:  8129s[>                                                 ] 93/3783, 0.5 task/s, elapsed: 203s, ETA:  8040s[>                                                 ] 94/3783, 0.5 task/s, elapsed: 203s, ETA:  7952s[>                                                 ] 95/3783, 0.5 task/s, elapsed: 203s, ETA:  7866s[>                                                 ] 96/3783, 0.5 task/s, elapsed: 213s, ETA:  8173s[>                                                 ] 97/3783, 0.5 task/s, elapsed: 213s, ETA:  8086s[>                                                 ] 98/3783, 0.5 task/s, elapsed: 213s, ETA:  8001s[>                                                 ] 99/3783, 0.5 task/s, elapsed: 213s, ETA:  7918s[>                                                 ] 100/3783, 0.5 task/s, elapsed: 213s, ETA:  7837s[>                                                 ] 101/3783, 0.5 task/s, elapsed: 223s, ETA:  8127s[>                                                 ] 102/3783, 0.5 task/s, elapsed: 223s, ETA:  8045s[>                                                 ] 103/3783, 0.5 task/s, elapsed: 223s, ETA:  7965s[>                                                 ] 104/3783, 0.5 task/s, elapsed: 223s, ETA:  7886s[>                                                 ] 105/3783, 0.5 task/s, elapsed: 223s, ETA:  7809s[>                                                 ] 106/3783, 0.5 task/s, elapsed: 234s, ETA:  8116s[>                                                 ] 107/3783, 0.5 task/s, elapsed: 234s, ETA:  8038s[>                                                 ] 108/3783, 0.5 task/s, elapsed: 234s, ETA:  7961s[>                                                 ] 109/3783, 0.5 task/s, elapsed: 234s, ETA:  7886s[>                                                 ] 110/3783, 0.5 task/s, elapsed: 234s, ETA:  7812s[>                                                 ] 111/3783, 0.5 task/s, elapsed: 245s, ETA:  8104s[>                                                 ] 112/3783, 0.5 task/s, elapsed: 245s, ETA:  8029s[>                                                 ] 113/3783, 0.5 task/s, elapsed: 245s, ETA:  7956s[>                                                 ] 114/3783, 0.5 task/s, elapsed: 245s, ETA:  7884s[>                                                 ] 115/3783, 0.5 task/s, elapsed: 245s, ETA:  7813s[>                                                 ] 116/3783, 0.5 task/s, elapsed: 255s, ETA:  8066s[>                                                 ] 117/3783, 0.5 task/s, elapsed: 255s, ETA:  7995s[>                                                 ] 118/3783, 0.5 task/s, elapsed: 255s, ETA:  7925s[>                                                 ] 119/3783, 0.5 task/s, elapsed: 255s, ETA:  7856s[>                                                 ] 120/3783, 0.5 task/s, elapsed: 255s, ETA:  7789s[>                                                 ] 121/3783, 0.5 task/s, elapsed: 265s, ETA:  8025s[>                                                 ] 122/3783, 0.5 task/s, elapsed: 265s, ETA:  7957s[>                                                 ] 123/3783, 0.5 task/s, elapsed: 265s, ETA:  7890s[>                                                 ] 124/3783, 0.5 task/s, elapsed: 265s, ETA:  7824s[>                                                 ] 125/3783, 0.5 task/s, elapsed: 265s, ETA:  7760s[>                                                 ] 126/3783, 0.5 task/s, elapsed: 275s, ETA:  7996s[>                                                 ] 127/3783, 0.5 task/s, elapsed: 275s, ETA:  7931s[>                                                 ] 128/3783, 0.5 task/s, elapsed: 275s, ETA:  7866s[>                                                 ] 129/3783, 0.5 task/s, elapsed: 275s, ETA:  7803s[>                                                 ] 130/3783, 0.5 task/s, elapsed: 275s, ETA:  7741s[>                                                 ] 131/3783, 0.5 task/s, elapsed: 286s, ETA:  7972s[>                                                 ] 132/3783, 0.5 task/s, elapsed: 286s, ETA:  7909s[>                                                 ] 133/3783, 0.5 task/s, elapsed: 286s, ETA:  7848s[>                                                 ] 134/3783, 0.5 task/s, elapsed: 286s, ETA:  7787s[>                                                 ] 135/3783, 0.5 task/s, elapsed: 286s, ETA:  7727s[>                                                 ] 136/3783, 0.5 task/s, elapsed: 297s, ETA:  7971s[>                                                 ] 137/3783, 0.5 task/s, elapsed: 297s, ETA:  7910s[>                                                 ] 138/3783, 0.5 task/s, elapsed: 297s, ETA:  7851s[>                                                 ] 139/3783, 0.5 task/s, elapsed: 297s, ETA:  7792s[>                                                 ] 140/3783, 0.5 task/s, elapsed: 297s, ETA:  7734s[>                                                 ] 141/3783, 0.5 task/s, elapsed: 310s, ETA:  8013s[>                                                 ] 142/3783, 0.5 task/s, elapsed: 310s, ETA:  7954s[>                                                 ] 143/3783, 0.5 task/s, elapsed: 310s, ETA:  7897s[>                                                 ] 144/3783, 0.5 task/s, elapsed: 310s, ETA:  7840s[>                                                 ] 145/3783, 0.5 task/s, elapsed: 310s, ETA:  7783s[>                                                 ] 146/3783, 0.5 task/s, elapsed: 321s, ETA:  8008s[>                                                 ] 147/3783, 0.5 task/s, elapsed: 321s, ETA:  7951s[>                                                 ] 148/3783, 0.5 task/s, elapsed: 321s, ETA:  7896s[>                                                 ] 149/3783, 0.5 task/s, elapsed: 321s, ETA:  7840s[>                                                 ] 150/3783, 0.5 task/s, elapsed: 321s, ETA:  7786s[>                                                 ] 151/3783, 0.5 task/s, elapsed: 332s, ETA:  7991s[>>                                                ] 152/3783, 0.5 task/s, elapsed: 332s, ETA:  7937s[>>                                                ] 153/3783, 0.5 task/s, elapsed: 332s, ETA:  7883s[>>                                                ] 154/3783, 0.5 task/s, elapsed: 332s, ETA:  7829s[>>                                                ] 155/3783, 0.5 task/s, elapsed: 332s, ETA:  7777s[>>                                                ] 156/3783, 0.5 task/s, elapsed: 344s, ETA:  7989s[>>                                                ] 157/3783, 0.5 task/s, elapsed: 344s, ETA:  7936s[>>                                                ] 158/3783, 0.5 task/s, elapsed: 344s, ETA:  7884s[>>                                                ] 159/3783, 0.5 task/s, elapsed: 344s, ETA:  7832s[>>                                                ] 160/3783, 0.5 task/s, elapsed: 344s, ETA:  7781s[>>                                                ] 161/3783, 0.5 task/s, elapsed: 357s, ETA:  8024s[>>                                                ] 162/3783, 0.5 task/s, elapsed: 357s, ETA:  7972s[>>                                                ] 163/3783, 0.5 task/s, elapsed: 357s, ETA:  7921s[>>                                                ] 164/3783, 0.5 task/s, elapsed: 357s, ETA:  7871s[>>                                                ] 165/3783, 0.5 task/s, elapsed: 357s, ETA:  7821s[>>                                                ] 166/3783, 0.4 task/s, elapsed: 374s, ETA:  8160s[>>                                                ] 167/3783, 0.4 task/s, elapsed: 375s, ETA:  8109s[>>                                                ] 168/3783, 0.4 task/s, elapsed: 375s, ETA:  8058s[>>                                                ] 169/3783, 0.5 task/s, elapsed: 375s, ETA:  8009s[>>                                                ] 170/3783, 0.5 task/s, elapsed: 375s, ETA:  7959s[>>                                                ] 171/3783, 0.4 task/s, elapsed: 390s, ETA:  8247s[>>                                                ] 172/3783, 0.4 task/s, elapsed: 390s, ETA:  8197s[>>                                                ] 173/3783, 0.4 task/s, elapsed: 390s, ETA:  8147s[>>                                                ] 174/3783, 0.4 task/s, elapsed: 390s, ETA:  8098s[>>                                                ] 175/3783, 0.4 task/s, elapsed: 390s, ETA:  8050s[>>                                                ] 176/3783, 0.4 task/s, elapsed: 405s, ETA:  8303s[>>                                                ] 177/3783, 0.4 task/s, elapsed: 405s, ETA:  8254s[>>                                                ] 178/3783, 0.4 task/s, elapsed: 405s, ETA:  8205s[>>                                                ] 179/3783, 0.4 task/s, elapsed: 405s, ETA:  8157s[>>                                                ] 180/3783, 0.4 task/s, elapsed: 405s, ETA:  8109s[>>                                                ] 181/3783, 0.4 task/s, elapsed: 423s, ETA:  8413s[>>                                                ] 182/3783, 0.4 task/s, elapsed: 423s, ETA:  8365s[>>                                                ] 183/3783, 0.4 task/s, elapsed: 423s, ETA:  8317s[>>                                                ] 184/3783, 0.4 task/s, elapsed: 423s, ETA:  8269s[>>                                                ] 185/3783, 0.4 task/s, elapsed: 423s, ETA:  8222s[>>                                                ] 186/3783, 0.4 task/s, elapsed: 445s, ETA:  8614s[>>                                                ] 187/3783, 0.4 task/s, elapsed: 445s, ETA:  8566s[>>                                                ] 188/3783, 0.4 task/s, elapsed: 445s, ETA:  8518s[>>                                                ] 189/3783, 0.4 task/s, elapsed: 445s, ETA:  8470s[>>                                                ] 190/3783, 0.4 task/s, elapsed: 445s, ETA:  8423s[>>                                                ] 191/3783, 0.4 task/s, elapsed: 467s, ETA:  8787s[>>                                                ] 192/3783, 0.4 task/s, elapsed: 467s, ETA:  8738s[>>                                                ] 193/3783, 0.4 task/s, elapsed: 467s, ETA:  8691s[>>                                                ] 194/3783, 0.4 task/s, elapsed: 467s, ETA:  8643s[>>                                                ] 195/3783, 0.4 task/s, elapsed: 467s, ETA:  8597s[>>                                                ] 196/3783, 0.4 task/s, elapsed: 486s, ETA:  8895s[>>                                                ] 197/3783, 0.4 task/s, elapsed: 486s, ETA:  8848s[>>                                                ] 198/3783, 0.4 task/s, elapsed: 486s, ETA:  8801s[>>                                                ] 199/3783, 0.4 task/s, elapsed: 486s, ETA:  8754s[>>                                                ] 200/3783, 0.4 task/s, elapsed: 486s, ETA:  8708s[>>                                                ] 201/3783, 0.4 task/s, elapsed: 508s, ETA:  9045s[>>                                                ] 202/3783, 0.4 task/s, elapsed: 508s, ETA:  8998s[>>                                                ] 203/3783, 0.4 task/s, elapsed: 508s, ETA:  8951s[>>                                                ] 204/3783, 0.4 task/s, elapsed: 508s, ETA:  8904s[>>                                                ] 205/3783, 0.4 task/s, elapsed: 508s, ETA:  8858s[>>                                                ] 206/3783, 0.4 task/s, elapsed: 531s, ETA:  9221s[>>                                                ] 207/3783, 0.4 task/s, elapsed: 531s, ETA:  9174s[>>                                                ] 208/3783, 0.4 task/s, elapsed: 531s, ETA:  9127s[>>                                                ] 209/3783, 0.4 task/s, elapsed: 531s, ETA:  9081s[>>                                                ] 210/3783, 0.4 task/s, elapsed: 531s, ETA:  9035s[>>                                                ] 211/3783, 0.4 task/s, elapsed: 556s, ETA:  9418s[>>                                                ] 212/3783, 0.4 task/s, elapsed: 556s, ETA:  9371s[>>                                                ] 213/3783, 0.4 task/s, elapsed: 556s, ETA:  9325s[>>                                                ] 214/3783, 0.4 task/s, elapsed: 556s, ETA:  9279s[>>                                                ] 215/3783, 0.4 task/s, elapsed: 556s, ETA:  9233s[>>                                                ] 216/3783, 0.4 task/s, elapsed: 577s, ETA:  9523s[>>                                                ] 217/3783, 0.4 task/s, elapsed: 577s, ETA:  9476s[>>                                                ] 218/3783, 0.4 task/s, elapsed: 577s, ETA:  9430s[>>                                                ] 219/3783, 0.4 task/s, elapsed: 577s, ETA:  9385s[>>                                                ] 220/3783, 0.4 task/s, elapsed: 577s, ETA:  9339s[>>                                                ] 221/3783, 0.4 task/s, elapsed: 596s, ETA:  9600s[>>                                                ] 222/3783, 0.4 task/s, elapsed: 596s, ETA:  9554s[>>                                                ] 223/3783, 0.4 task/s, elapsed: 596s, ETA:  9509s[>>                                                ] 224/3783, 0.4 task/s, elapsed: 596s, ETA:  9464s[>>                                                ] 225/3783, 0.4 task/s, elapsed: 596s, ETA:  9419s[>>                                                ] 226/3783, 0.4 task/s, elapsed: 608s, ETA:  9561s[>>>                                               ] 227/3783, 0.4 task/s, elapsed: 608s, ETA:  9517s[>>>                                               ] 228/3783, 0.4 task/s, elapsed: 608s, ETA:  9472s[>>>                                               ] 229/3783, 0.4 task/s, elapsed: 608s, ETA:  9428s[>>>                                               ] 230/3783, 0.4 task/s, elapsed: 608s, ETA:  9385s[>>>                                               ] 231/3783, 0.4 task/s, elapsed: 627s, ETA:  9635s[>>>                                               ] 232/3783, 0.4 task/s, elapsed: 627s, ETA:  9590s[>>>                                               ] 233/3783, 0.4 task/s, elapsed: 627s, ETA:  9547s[>>>                                               ] 234/3783, 0.4 task/s, elapsed: 627s, ETA:  9503s[>>>                                               ] 235/3783, 0.4 task/s, elapsed: 627s, ETA:  9460s[>>>                                               ] 236/3783, 0.4 task/s, elapsed: 640s, ETA:  9616s[>>>                                               ] 237/3783, 0.4 task/s, elapsed: 640s, ETA:  9573s[>>>                                               ] 238/3783, 0.4 task/s, elapsed: 640s, ETA:  9530s[>>>                                               ] 239/3783, 0.4 task/s, elapsed: 640s, ETA:  9487s[>>>                                               ] 240/3783, 0.4 task/s, elapsed: 640s, ETA:  9445s[>>>                                               ] 241/3783, 0.4 task/s, elapsed: 657s, ETA:  9652s[>>>                                               ] 242/3783, 0.4 task/s, elapsed: 657s, ETA:  9609s[>>>                                               ] 243/3783, 0.4 task/s, elapsed: 657s, ETA:  9567s[>>>                                               ] 244/3783, 0.4 task/s, elapsed: 657s, ETA:  9525s[>>>                                               ] 245/3783, 0.4 task/s, elapsed: 657s, ETA:  9483s[>>>                                               ] 246/3783, 0.4 task/s, elapsed: 674s, ETA:  9688s[>>>                                               ] 247/3783, 0.4 task/s, elapsed: 674s, ETA:  9646s[>>>                                               ] 248/3783, 0.4 task/s, elapsed: 674s, ETA:  9605s[>>>                                               ] 249/3783, 0.4 task/s, elapsed: 674s, ETA:  9563s[>>>                                               ] 250/3783, 0.4 task/s, elapsed: 674s, ETA:  9522s[>>>                                               ] 251/3783, 0.4 task/s, elapsed: 695s, ETA:  9781s[>>>                                               ] 252/3783, 0.4 task/s, elapsed: 695s, ETA:  9739s[>>>                                               ] 253/3783, 0.4 task/s, elapsed: 695s, ETA:  9698s[>>>                                               ] 254/3783, 0.4 task/s, elapsed: 695s, ETA:  9657s[>>>                                               ] 255/3783, 0.4 task/s, elapsed: 695s, ETA:  9617s[>>>                                               ] 256/3783, 0.4 task/s, elapsed: 709s, ETA:  9772s[>>>                                               ] 257/3783, 0.4 task/s, elapsed: 709s, ETA:  9731s[>>>                                               ] 258/3783, 0.4 task/s, elapsed: 709s, ETA:  9691s[>>>                                               ] 259/3783, 0.4 task/s, elapsed: 709s, ETA:  9651s[>>>                                               ] 260/3783, 0.4 task/s, elapsed: 709s, ETA:  9611s[>>>                                               ] 261/3783, 0.4 task/s, elapsed: 722s, ETA:  9746s[>>>                                               ] 262/3783, 0.4 task/s, elapsed: 722s, ETA:  9706s[>>>                                               ] 263/3783, 0.4 task/s, elapsed: 722s, ETA:  9666s[>>>                                               ] 264/3783, 0.4 task/s, elapsed: 722s, ETA:  9627s[>>>                                               ] 265/3783, 0.4 task/s, elapsed: 722s, ETA:  9588s[>>>                                               ] 266/3783, 0.4 task/s, elapsed: 735s, ETA:  9712s[>>>                                               ] 267/3783, 0.4 task/s, elapsed: 735s, ETA:  9673s[>>>                                               ] 268/3783, 0.4 task/s, elapsed: 735s, ETA:  9634s[>>>                                               ] 269/3783, 0.4 task/s, elapsed: 735s, ETA:  9596s[>>>                                               ] 270/3783, 0.4 task/s, elapsed: 735s, ETA:  9557s[>>>                                               ] 271/3783, 0.4 task/s, elapsed: 746s, ETA:  9671s[>>>                                               ] 272/3783, 0.4 task/s, elapsed: 746s, ETA:  9633s[>>>                                               ] 273/3783, 0.4 task/s, elapsed: 746s, ETA:  9595s[>>>                                               ] 274/3783, 0.4 task/s, elapsed: 746s, ETA:  9557s[>>>                                               ] 275/3783, 0.4 task/s, elapsed: 746s, ETA:  9520s[>>>                                               ] 276/3783, 0.4 task/s, elapsed: 758s, ETA:  9632s[>>>                                               ] 277/3783, 0.4 task/s, elapsed: 758s, ETA:  9595s[>>>                                               ] 278/3783, 0.4 task/s, elapsed: 758s, ETA:  9558s[>>>                                               ] 279/3783, 0.4 task/s, elapsed: 758s, ETA:  9521s[>>>                                               ] 280/3783, 0.4 task/s, elapsed: 758s, ETA:  9484s[>>>                                               ] 281/3783, 0.4 task/s, elapsed: 769s, ETA:  9582s[>>>                                               ] 282/3783, 0.4 task/s, elapsed: 769s, ETA:  9545s[>>>                                               ] 283/3783, 0.4 task/s, elapsed: 769s, ETA:  9509s[>>>                                               ] 284/3783, 0.4 task/s, elapsed: 769s, ETA:  9473s[>>>                                               ] 285/3783, 0.4 task/s, elapsed: 769s, ETA:  9437s[>>>                                               ] 286/3783, 0.4 task/s, elapsed: 779s, ETA:  9526s[>>>                                               ] 287/3783, 0.4 task/s, elapsed: 779s, ETA:  9490s[>>>                                               ] 288/3783, 0.4 task/s, elapsed: 779s, ETA:  9454s[>>>                                               ] 289/3783, 0.4 task/s, elapsed: 779s, ETA:  9419s[>>>                                               ] 290/3783, 0.4 task/s, elapsed: 779s, ETA:  9384s[>>>                                               ] 291/3783, 0.4 task/s, elapsed: 791s, ETA:  9488s[>>>                                               ] 292/3783, 0.4 task/s, elapsed: 791s, ETA:  9453s[>>>                                               ] 293/3783, 0.4 task/s, elapsed: 791s, ETA:  9418s[>>>                                               ] 294/3783, 0.4 task/s, elapsed: 791s, ETA:  9383s[>>>                                               ] 295/3783, 0.4 task/s, elapsed: 791s, ETA:  9349s[>>>                                               ] 296/3783, 0.4 task/s, elapsed: 800s, ETA:  9429s[>>>                                               ] 297/3783, 0.4 task/s, elapsed: 800s, ETA:  9395s[>>>                                               ] 298/3783, 0.4 task/s, elapsed: 800s, ETA:  9361s[>>>                                               ] 299/3783, 0.4 task/s, elapsed: 800s, ETA:  9327s[>>>                                               ] 300/3783, 0.4 task/s, elapsed: 800s, ETA:  9293s[>>>                                               ] 301/3783, 0.4 task/s, elapsed: 815s, ETA:  9426s[>>>                                               ] 302/3783, 0.4 task/s, elapsed: 815s, ETA:  9392s[>>>>                                              ] 303/3783, 0.4 task/s, elapsed: 815s, ETA:  9358s[>>>>                                              ] 304/3783, 0.4 task/s, elapsed: 815s, ETA:  9325s[>>>>                                              ] 305/3783, 0.4 task/s, elapsed: 815s, ETA:  9292s[>>>>                                              ] 306/3783, 0.4 task/s, elapsed: 838s, ETA:  9518s[>>>>                                              ] 307/3783, 0.4 task/s, elapsed: 838s, ETA:  9484s[>>>>                                              ] 308/3783, 0.4 task/s, elapsed: 838s, ETA:  9451s[>>>>                                              ] 309/3783, 0.4 task/s, elapsed: 838s, ETA:  9418s[>>>>                                              ] 310/3783, 0.4 task/s, elapsed: 838s, ETA:  9384s[>>>>                                              ] 311/3783, 0.4 task/s, elapsed: 859s, ETA:  9585s[>>>>                                              ] 312/3783, 0.4 task/s, elapsed: 859s, ETA:  9551s[>>>>                                              ] 313/3783, 0.4 task/s, elapsed: 859s, ETA:  9518s[>>>>                                              ] 314/3783, 0.4 task/s, elapsed: 859s, ETA:  9485s[>>>>                                              ] 315/3783, 0.4 task/s, elapsed: 859s, ETA:  9452s[>>>>                                              ] 316/3783, 0.4 task/s, elapsed: 881s, ETA:  9671s[>>>>                                              ] 317/3783, 0.4 task/s, elapsed: 881s, ETA:  9637s[>>>>                                              ] 318/3783, 0.4 task/s, elapsed: 881s, ETA:  9604s[>>>>                                              ] 319/3783, 0.4 task/s, elapsed: 881s, ETA:  9572s[>>>>                                              ] 320/3783, 0.4 task/s, elapsed: 881s, ETA:  9539s[>>>>                                              ] 321/3783, 0.4 task/s, elapsed: 907s, ETA:  9786s[>>>>                                              ] 322/3783, 0.4 task/s, elapsed: 907s, ETA:  9752s[>>>>                                              ] 323/3783, 0.4 task/s, elapsed: 907s, ETA:  9719s[>>>>                                              ] 324/3783, 0.4 task/s, elapsed: 907s, ETA:  9687s[>>>>                                              ] 325/3783, 0.4 task/s, elapsed: 907s, ETA:  9654s[>>>>                                              ] 326/3783, 0.3 task/s, elapsed: 935s, ETA:  9915s[>>>>                                              ] 327/3783, 0.3 task/s, elapsed: 935s, ETA:  9882s[>>>>                                              ] 328/3783, 0.4 task/s, elapsed: 935s, ETA:  9849s[>>>>                                              ] 329/3783, 0.4 task/s, elapsed: 935s, ETA:  9816s[>>>>                                              ] 330/3783, 0.4 task/s, elapsed: 935s, ETA:  9783s[>>>>                                              ] 331/3783, 0.3 task/s, elapsed: 957s, ETA:  9985s[>>>>                                              ] 332/3783, 0.3 task/s, elapsed: 957s, ETA:  9952s[>>>>                                              ] 333/3783, 0.3 task/s, elapsed: 957s, ETA:  9919s[>>>>                                              ] 334/3783, 0.3 task/s, elapsed: 957s, ETA:  9887s[>>>>                                              ] 335/3783, 0.3 task/s, elapsed: 957s, ETA:  9854s[>>>>                                              ] 336/3783, 0.3 task/s, elapsed: 979s, ETA: 10047s[>>>>                                              ] 337/3783, 0.3 task/s, elapsed: 979s, ETA: 10014s[>>>>                                              ] 338/3783, 0.3 task/s, elapsed: 979s, ETA:  9982s[>>>>                                              ] 339/3783, 0.3 task/s, elapsed: 979s, ETA:  9950s[>>>>                                              ] 340/3783, 0.3 task/s, elapsed: 979s, ETA:  9917s[>>>>                                              ] 341/3783, 0.3 task/s, elapsed: 998s, ETA: 10071s[>>>>                                              ] 342/3783, 0.3 task/s, elapsed: 998s, ETA: 10039s[>>>>                                              ] 343/3783, 0.3 task/s, elapsed: 998s, ETA: 10007s[>>>>                                              ] 344/3783, 0.3 task/s, elapsed: 998s, ETA:  9975s[>>>>                                              ] 345/3783, 0.3 task/s, elapsed: 998s, ETA:  9943s[>>>>                                              ] 346/3783, 0.3 task/s, elapsed: 1010s, ETA: 10035s[>>>>                                              ] 347/3783, 0.3 task/s, elapsed: 1010s, ETA: 10003s[>>>>                                              ] 348/3783, 0.3 task/s, elapsed: 1010s, ETA:  9972s[>>>>                                              ] 349/3783, 0.3 task/s, elapsed: 1010s, ETA:  9940s[>>>>                                              ] 350/3783, 0.3 task/s, elapsed: 1010s, ETA:  9909s[>>>>                                              ] 351/3783, 0.3 task/s, elapsed: 1021s, ETA:  9982s[>>>>                                              ] 352/3783, 0.3 task/s, elapsed: 1021s, ETA:  9951s[>>>>                                              ] 353/3783, 0.3 task/s, elapsed: 1021s, ETA:  9920s[>>>>                                              ] 354/3783, 0.3 task/s, elapsed: 1021s, ETA:  9889s[>>>>                                              ] 355/3783, 0.3 task/s, elapsed: 1021s, ETA:  9858s[>>>>                                              ] 356/3783, 0.3 task/s, elapsed: 1032s, ETA:  9935s[>>>>                                              ] 357/3783, 0.3 task/s, elapsed: 1032s, ETA:  9904s[>>>>                                              ] 358/3783, 0.3 task/s, elapsed: 1032s, ETA:  9874s[>>>>                                              ] 359/3783, 0.3 task/s, elapsed: 1032s, ETA:  9843s[>>>>                                              ] 360/3783, 0.3 task/s, elapsed: 1032s, ETA:  9813s[>>>>                                              ] 361/3783, 0.3 task/s, elapsed: 1043s, ETA:  9888s[>>>>                                              ] 362/3783, 0.3 task/s, elapsed: 1043s, ETA:  9858s[>>>>                                              ] 363/3783, 0.3 task/s, elapsed: 1043s, ETA:  9828s[>>>>                                              ] 364/3783, 0.3 task/s, elapsed: 1043s, ETA:  9798s[>>>>                                              ] 365/3783, 0.3 task/s, elapsed: 1043s, ETA:  9768s[>>>>                                              ] 366/3783, 0.3 task/s, elapsed: 1055s, ETA:  9848s[>>>>                                              ] 367/3783, 0.3 task/s, elapsed: 1055s, ETA:  9818s[>>>>                                              ] 368/3783, 0.3 task/s, elapsed: 1055s, ETA:  9788s[>>>>                                              ] 369/3783, 0.3 task/s, elapsed: 1055s, ETA:  9759s[>>>>                                              ] 370/3783, 0.4 task/s, elapsed: 1055s, ETA:  9730s[>>>>                                              ] 371/3783, 0.3 task/s, elapsed: 1067s, ETA:  9812s[>>>>                                              ] 372/3783, 0.3 task/s, elapsed: 1067s, ETA:  9783s[>>>>                                              ] 373/3783, 0.3 task/s, elapsed: 1067s, ETA:  9754s[>>>>                                              ] 374/3783, 0.4 task/s, elapsed: 1067s, ETA:  9725s[>>>>                                              ] 375/3783, 0.4 task/s, elapsed: 1067s, ETA:  9696s[>>>>                                              ] 376/3783, 0.3 task/s, elapsed: 1081s, ETA:  9798s[>>>>                                              ] 377/3783, 0.3 task/s, elapsed: 1081s, ETA:  9769s[>>>>                                              ] 378/3783, 0.3 task/s, elapsed: 1081s, ETA:  9741s[>>>>>                                             ] 379/3783, 0.4 task/s, elapsed: 1081s, ETA:  9712s[>>>>>                                             ] 380/3783, 0.4 task/s, elapsed: 1081s, ETA:  9684s[>>>>>                                             ] 381/3783, 0.3 task/s, elapsed: 1095s, ETA:  9774s[>>>>>                                             ] 382/3783, 0.3 task/s, elapsed: 1095s, ETA:  9746s[>>>>>                                             ] 383/3783, 0.3 task/s, elapsed: 1095s, ETA:  9718s[>>>>>                                             ] 384/3783, 0.4 task/s, elapsed: 1095s, ETA:  9690s[>>>>>                                             ] 385/3783, 0.4 task/s, elapsed: 1095s, ETA:  9662s[>>>>>                                             ] 386/3783, 0.3 task/s, elapsed: 1107s, ETA:  9740s[>>>>>                                             ] 387/3783, 0.3 task/s, elapsed: 1107s, ETA:  9712s[>>>>>                                             ] 388/3783, 0.4 task/s, elapsed: 1107s, ETA:  9684s[>>>>>                                             ] 389/3783, 0.4 task/s, elapsed: 1107s, ETA:  9657s[>>>>>                                             ] 390/3783, 0.4 task/s, elapsed: 1107s, ETA:  9629s[>>>>>                                             ] 391/3783, 0.4 task/s, elapsed: 1116s, ETA:  9683s[>>>>>                                             ] 392/3783, 0.4 task/s, elapsed: 1116s, ETA:  9656s[>>>>>                                             ] 393/3783, 0.4 task/s, elapsed: 1116s, ETA:  9628s[>>>>>                                             ] 394/3783, 0.4 task/s, elapsed: 1116s, ETA:  9601s[>>>>>                                             ] 395/3783, 0.4 task/s, elapsed: 1116s, ETA:  9574s[>>>>>                                             ] 396/3783, 0.4 task/s, elapsed: 1126s, ETA:  9630s[>>>>>                                             ] 397/3783, 0.4 task/s, elapsed: 1126s, ETA:  9603s[>>>>>                                             ] 398/3783, 0.4 task/s, elapsed: 1126s, ETA:  9576s[>>>>>                                             ] 399/3783, 0.4 task/s, elapsed: 1126s, ETA:  9549s[>>>>>                                             ] 400/3783, 0.4 task/s, elapsed: 1126s, ETA:  9523s[>>>>>                                             ] 401/3783, 0.4 task/s, elapsed: 1136s, ETA:  9581s[>>>>>                                             ] 402/3783, 0.4 task/s, elapsed: 1136s, ETA:  9554s[>>>>>                                             ] 403/3783, 0.4 task/s, elapsed: 1136s, ETA:  9528s[>>>>>                                             ] 404/3783, 0.4 task/s, elapsed: 1136s, ETA:  9501s[>>>>>                                             ] 405/3783, 0.4 task/s, elapsed: 1136s, ETA:  9475s[>>>>>                                             ] 406/3783, 0.4 task/s, elapsed: 1146s, ETA:  9532s[>>>>>                                             ] 407/3783, 0.4 task/s, elapsed: 1146s, ETA:  9506s[>>>>>                                             ] 408/3783, 0.4 task/s, elapsed: 1146s, ETA:  9480s[>>>>>                                             ] 409/3783, 0.4 task/s, elapsed: 1146s, ETA:  9454s[>>>>>                                             ] 410/3783, 0.4 task/s, elapsed: 1146s, ETA:  9428s[>>>>>                                             ] 411/3783, 0.4 task/s, elapsed: 1156s, ETA:  9487s[>>>>>                                             ] 412/3783, 0.4 task/s, elapsed: 1156s, ETA:  9461s[>>>>>                                             ] 413/3783, 0.4 task/s, elapsed: 1156s, ETA:  9436s[>>>>>                                             ] 414/3783, 0.4 task/s, elapsed: 1156s, ETA:  9410s[>>>>>                                             ] 415/3783, 0.4 task/s, elapsed: 1156s, ETA:  9385s[>>>>>                                             ] 416/3783, 0.4 task/s, elapsed: 1166s, ETA:  9440s[>>>>>                                             ] 417/3783, 0.4 task/s, elapsed: 1166s, ETA:  9415s[>>>>>                                             ] 418/3783, 0.4 task/s, elapsed: 1166s, ETA:  9389s[>>>>>                                             ] 419/3783, 0.4 task/s, elapsed: 1166s, ETA:  9364s[>>>>>                                             ] 420/3783, 0.4 task/s, elapsed: 1166s, ETA:  9339s[>>>>>                                             ] 421/3783, 0.4 task/s, elapsed: 1178s, ETA:  9409s[>>>>>                                             ] 422/3783, 0.4 task/s, elapsed: 1178s, ETA:  9384s[>>>>>                                             ] 423/3783, 0.4 task/s, elapsed: 1178s, ETA:  9359s[>>>>>                                             ] 424/3783, 0.4 task/s, elapsed: 1178s, ETA:  9334s[>>>>>                                             ] 425/3783, 0.4 task/s, elapsed: 1178s, ETA:  9310s[>>>>>                                             ] 426/3783, 0.4 task/s, elapsed: 1190s, ETA:  9380s[>>>>>                                             ] 427/3783, 0.4 task/s, elapsed: 1190s, ETA:  9355s[>>>>>                                             ] 428/3783, 0.4 task/s, elapsed: 1190s, ETA:  9330s[>>>>>                                             ] 429/3783, 0.4 task/s, elapsed: 1190s, ETA:  9306s[>>>>>                                             ] 430/3783, 0.4 task/s, elapsed: 1190s, ETA:  9281s[>>>>>                                             ] 431/3783, 0.4 task/s, elapsed: 1202s, ETA:  9344s[>>>>>                                             ] 432/3783, 0.4 task/s, elapsed: 1202s, ETA:  9320s[>>>>>                                             ] 433/3783, 0.4 task/s, elapsed: 1202s, ETA:  9296s[>>>>>                                             ] 434/3783, 0.4 task/s, elapsed: 1202s, ETA:  9272s[>>>>>                                             ] 435/3783, 0.4 task/s, elapsed: 1202s, ETA:  9248s[>>>>>                                             ] 436/3783, 0.4 task/s, elapsed: 1215s, ETA:  9327s[>>>>>                                             ] 437/3783, 0.4 task/s, elapsed: 1215s, ETA:  9303s[>>>>>                                             ] 438/3783, 0.4 task/s, elapsed: 1215s, ETA:  9279s[>>>>>                                             ] 439/3783, 0.4 task/s, elapsed: 1215s, ETA:  9255s[>>>>>                                             ] 440/3783, 0.4 task/s, elapsed: 1215s, ETA:  9231s[>>>>>                                             ] 441/3783, 0.4 task/s, elapsed: 1230s, ETA:  9324s[>>>>>                                             ] 442/3783, 0.4 task/s, elapsed: 1230s, ETA:  9300s[>>>>>                                             ] 443/3783, 0.4 task/s, elapsed: 1230s, ETA:  9276s[>>>>>                                             ] 444/3783, 0.4 task/s, elapsed: 1230s, ETA:  9253s[>>>>>                                             ] 445/3783, 0.4 task/s, elapsed: 1230s, ETA:  9229s[>>>>>                                             ] 446/3783, 0.4 task/s, elapsed: 1241s, ETA:  9286s[>>>>>                                             ] 447/3783, 0.4 task/s, elapsed: 1241s, ETA:  9263s[>>>>>                                             ] 448/3783, 0.4 task/s, elapsed: 1241s, ETA:  9239s[>>>>>                                             ] 449/3783, 0.4 task/s, elapsed: 1241s, ETA:  9216s[>>>>>                                             ] 450/3783, 0.4 task/s, elapsed: 1241s, ETA:  9193s[>>>>>                                             ] 451/3783, 0.4 task/s, elapsed: 1251s, ETA:  9242s[>>>>>                                             ] 452/3783, 0.4 task/s, elapsed: 1251s, ETA:  9219s[>>>>>                                             ] 453/3783, 0.4 task/s, elapsed: 1251s, ETA:  9196s[>>>>>>                                            ] 454/3783, 0.4 task/s, elapsed: 1251s, ETA:  9173s[>>>>>>                                            ] 455/3783, 0.4 task/s, elapsed: 1251s, ETA:  9150s[>>>>>>                                            ] 456/3783, 0.4 task/s, elapsed: 1262s, ETA:  9210s[>>>>>>                                            ] 457/3783, 0.4 task/s, elapsed: 1262s, ETA:  9187s[>>>>>>                                            ] 458/3783, 0.4 task/s, elapsed: 1262s, ETA:  9164s[>>>>>>                                            ] 459/3783, 0.4 task/s, elapsed: 1262s, ETA:  9142s[>>>>>>                                            ] 460/3783, 0.4 task/s, elapsed: 1262s, ETA:  9119s[>>>>>>                                            ] 461/3783, 0.4 task/s, elapsed: 1272s, ETA:  9167s[>>>>>>                                            ] 462/3783, 0.4 task/s, elapsed: 1272s, ETA:  9144s[>>>>>>                                            ] 463/3783, 0.4 task/s, elapsed: 1272s, ETA:  9121s[>>>>>>                                            ] 464/3783, 0.4 task/s, elapsed: 1272s, ETA:  9099s[>>>>>>                                            ] 465/3783, 0.4 task/s, elapsed: 1272s, ETA:  9077s[>>>>>>                                            ] 466/3783, 0.4 task/s, elapsed: 1285s, ETA:  9148s[>>>>>>                                            ] 467/3783, 0.4 task/s, elapsed: 1285s, ETA:  9125s[>>>>>>                                            ] 468/3783, 0.4 task/s, elapsed: 1285s, ETA:  9103s[>>>>>>                                            ] 469/3783, 0.4 task/s, elapsed: 1285s, ETA:  9081s[>>>>>>                                            ] 470/3783, 0.4 task/s, elapsed: 1285s, ETA:  9059s[>>>>>>                                            ] 471/3783, 0.4 task/s, elapsed: 1296s, ETA:  9113s[>>>>>>                                            ] 472/3783, 0.4 task/s, elapsed: 1296s, ETA:  9091s[>>>>>>                                            ] 473/3783, 0.4 task/s, elapsed: 1296s, ETA:  9069s[>>>>>>                                            ] 474/3783, 0.4 task/s, elapsed: 1296s, ETA:  9047s[>>>>>>                                            ] 475/3783, 0.4 task/s, elapsed: 1296s, ETA:  9026s[>>>>>>                                            ] 476/3783, 0.4 task/s, elapsed: 1307s, ETA:  9079s[>>>>>>                                            ] 477/3783, 0.4 task/s, elapsed: 1307s, ETA:  9057s[>>>>>>                                            ] 478/3783, 0.4 task/s, elapsed: 1307s, ETA:  9035s[>>>>>>                                            ] 479/3783, 0.4 task/s, elapsed: 1307s, ETA:  9014s[>>>>>>                                            ] 480/3783, 0.4 task/s, elapsed: 1307s, ETA:  8992s[>>>>>>                                            ] 481/3783, 0.4 task/s, elapsed: 1319s, ETA:  9053s[>>>>>>                                            ] 482/3783, 0.4 task/s, elapsed: 1319s, ETA:  9031s[>>>>>>                                            ] 483/3783, 0.4 task/s, elapsed: 1319s, ETA:  9010s[>>>>>>                                            ] 484/3783, 0.4 task/s, elapsed: 1319s, ETA:  8988s[>>>>>>                                            ] 485/3783, 0.4 task/s, elapsed: 1319s, ETA:  8967s[>>>>>>                                            ] 486/3783, 0.4 task/s, elapsed: 1330s, ETA:  9022s[>>>>>>                                            ] 487/3783, 0.4 task/s, elapsed: 1330s, ETA:  9000s[>>>>>>                                            ] 488/3783, 0.4 task/s, elapsed: 1330s, ETA:  8979s[>>>>>>                                            ] 489/3783, 0.4 task/s, elapsed: 1330s, ETA:  8958s[>>>>>>                                            ] 490/3783, 0.4 task/s, elapsed: 1330s, ETA:  8937s[>>>>>>                                            ] 491/3783, 0.4 task/s, elapsed: 1342s, ETA:  9000s[>>>>>>                                            ] 492/3783, 0.4 task/s, elapsed: 1342s, ETA:  8979s[>>>>>>                                            ] 493/3783, 0.4 task/s, elapsed: 1342s, ETA:  8958s[>>>>>>                                            ] 494/3783, 0.4 task/s, elapsed: 1342s, ETA:  8937s[>>>>>>                                            ] 495/3783, 0.4 task/s, elapsed: 1342s, ETA:  8916s[>>>>>>                                            ] 496/3783, 0.4 task/s, elapsed: 1355s, ETA:  8978s[>>>>>>                                            ] 497/3783, 0.4 task/s, elapsed: 1355s, ETA:  8957s[>>>>>>                                            ] 498/3783, 0.4 task/s, elapsed: 1355s, ETA:  8937s[>>>>>>                                            ] 499/3783, 0.4 task/s, elapsed: 1355s, ETA:  8916s[>>>>>>                                            ] 500/3783, 0.4 task/s, elapsed: 1355s, ETA:  8895s[>>>>>>                                            ] 501/3783, 0.4 task/s, elapsed: 1366s, ETA:  8949s[>>>>>>                                            ] 502/3783, 0.4 task/s, elapsed: 1366s, ETA:  8928s[>>>>>>                                            ] 503/3783, 0.4 task/s, elapsed: 1366s, ETA:  8908s[>>>>>>                                            ] 504/3783, 0.4 task/s, elapsed: 1366s, ETA:  8888s[>>>>>>                                            ] 505/3783, 0.4 task/s, elapsed: 1366s, ETA:  8867s[>>>>>>                                            ] 506/3783, 0.4 task/s, elapsed: 1380s, ETA:  8937s[>>>>>>                                            ] 507/3783, 0.4 task/s, elapsed: 1380s, ETA:  8917s[>>>>>>                                            ] 508/3783, 0.4 task/s, elapsed: 1380s, ETA:  8897s[>>>>>>                                            ] 509/3783, 0.4 task/s, elapsed: 1380s, ETA:  8877s[>>>>>>                                            ] 510/3783, 0.4 task/s, elapsed: 1380s, ETA:  8856s[>>>>>>                                            ] 511/3783, 0.4 task/s, elapsed: 1392s, ETA:  8914s[>>>>>>                                            ] 512/3783, 0.4 task/s, elapsed: 1392s, ETA:  8894s[>>>>>>                                            ] 513/3783, 0.4 task/s, elapsed: 1392s, ETA:  8874s[>>>>>>                                            ] 514/3783, 0.4 task/s, elapsed: 1392s, ETA:  8854s[>>>>>>                                            ] 515/3783, 0.4 task/s, elapsed: 1392s, ETA:  8834s[>>>>>>                                            ] 516/3783, 0.4 task/s, elapsed: 1405s, ETA:  8894s[>>>>>>                                            ] 517/3783, 0.4 task/s, elapsed: 1405s, ETA:  8874s[>>>>>>                                            ] 518/3783, 0.4 task/s, elapsed: 1405s, ETA:  8854s[>>>>>>                                            ] 519/3783, 0.4 task/s, elapsed: 1405s, ETA:  8834s[>>>>>>                                            ] 520/3783, 0.4 task/s, elapsed: 1405s, ETA:  8815s[>>>>>>                                            ] 521/3783, 0.4 task/s, elapsed: 1415s, ETA:  8862s[>>>>>>                                            ] 522/3783, 0.4 task/s, elapsed: 1415s, ETA:  8842s[>>>>>>                                            ] 523/3783, 0.4 task/s, elapsed: 1415s, ETA:  8822s[>>>>>>                                            ] 524/3783, 0.4 task/s, elapsed: 1415s, ETA:  8803s[>>>>>>                                            ] 525/3783, 0.4 task/s, elapsed: 1415s, ETA:  8783s[>>>>>>                                            ] 526/3783, 0.4 task/s, elapsed: 1429s, ETA:  8846s[>>>>>>                                            ] 527/3783, 0.4 task/s, elapsed: 1429s, ETA:  8826s[>>>>>>                                            ] 528/3783, 0.4 task/s, elapsed: 1429s, ETA:  8807s[>>>>>>                                            ] 529/3783, 0.4 task/s, elapsed: 1429s, ETA:  8787s[>>>>>>>                                           ] 530/3783, 0.4 task/s, elapsed: 1429s, ETA:  8768s[>>>>>>>                                           ] 531/3783, 0.4 task/s, elapsed: 1443s, ETA:  8837s[>>>>>>>                                           ] 532/3783, 0.4 task/s, elapsed: 1443s, ETA:  8818s[>>>>>>>                                           ] 533/3783, 0.4 task/s, elapsed: 1443s, ETA:  8799s[>>>>>>>                                           ] 534/3783, 0.4 task/s, elapsed: 1443s, ETA:  8779s[>>>>>>>                                           ] 535/3783, 0.4 task/s, elapsed: 1443s, ETA:  8760s[>>>>>>>                                           ] 536/3783, 0.4 task/s, elapsed: 1457s, ETA:  8827s[>>>>>>>                                           ] 537/3783, 0.4 task/s, elapsed: 1457s, ETA:  8807s[>>>>>>>                                           ] 538/3783, 0.4 task/s, elapsed: 1457s, ETA:  8788s[>>>>>>>                                           ] 539/3783, 0.4 task/s, elapsed: 1457s, ETA:  8769s[>>>>>>>                                           ] 540/3783, 0.4 task/s, elapsed: 1457s, ETA:  8750s[>>>>>>>                                           ] 541/3783, 0.4 task/s, elapsed: 1468s, ETA:  8798s[>>>>>>>                                           ] 542/3783, 0.4 task/s, elapsed: 1468s, ETA:  8779s[>>>>>>>                                           ] 543/3783, 0.4 task/s, elapsed: 1468s, ETA:  8760s[>>>>>>>                                           ] 544/3783, 0.4 task/s, elapsed: 1468s, ETA:  8741s[>>>>>>>                                           ] 545/3783, 0.4 task/s, elapsed: 1468s, ETA:  8723s[>>>>>>>                                           ] 546/3783, 0.4 task/s, elapsed: 1479s, ETA:  8767s[>>>>>>>                                           ] 547/3783, 0.4 task/s, elapsed: 1479s, ETA:  8748s[>>>>>>>                                           ] 548/3783, 0.4 task/s, elapsed: 1479s, ETA:  8730s[>>>>>>>                                           ] 549/3783, 0.4 task/s, elapsed: 1479s, ETA:  8711s[>>>>>>>                                           ] 550/3783, 0.4 task/s, elapsed: 1479s, ETA:  8692s[>>>>>>>                                           ] 551/3783, 0.4 task/s, elapsed: 1489s, ETA:  8732s[>>>>>>>                                           ] 552/3783, 0.4 task/s, elapsed: 1489s, ETA:  8713s[>>>>>>>                                           ] 553/3783, 0.4 task/s, elapsed: 1489s, ETA:  8695s[>>>>>>>                                           ] 554/3783, 0.4 task/s, elapsed: 1489s, ETA:  8677s[>>>>>>>                                           ] 555/3783, 0.4 task/s, elapsed: 1489s, ETA:  8658s[>>>>>>>                                           ] 556/3783, 0.4 task/s, elapsed: 1499s, ETA:  8699s[>>>>>>>                                           ] 557/3783, 0.4 task/s, elapsed: 1499s, ETA:  8681s[>>>>>>>                                           ] 558/3783, 0.4 task/s, elapsed: 1499s, ETA:  8663s[>>>>>>>                                           ] 559/3783, 0.4 task/s, elapsed: 1499s, ETA:  8644s[>>>>>>>                                           ] 560/3783, 0.4 task/s, elapsed: 1499s, ETA:  8626s[>>>>>>>                                           ] 561/3783, 0.4 task/s, elapsed: 1509s, ETA:  8670s[>>>>>>>                                           ] 562/3783, 0.4 task/s, elapsed: 1510s, ETA:  8651s[>>>>>>>                                           ] 563/3783, 0.4 task/s, elapsed: 1510s, ETA:  8633s[>>>>>>>                                           ] 564/3783, 0.4 task/s, elapsed: 1510s, ETA:  8615s[>>>>>>>                                           ] 565/3783, 0.4 task/s, elapsed: 1510s, ETA:  8597s[>>>>>>>                                           ] 566/3783, 0.4 task/s, elapsed: 1521s, ETA:  8646s[>>>>>>>                                           ] 567/3783, 0.4 task/s, elapsed: 1521s, ETA:  8628s[>>>>>>>                                           ] 568/3783, 0.4 task/s, elapsed: 1521s, ETA:  8610s[>>>>>>>                                           ] 569/3783, 0.4 task/s, elapsed: 1521s, ETA:  8593s[>>>>>>>                                           ] 570/3783, 0.4 task/s, elapsed: 1521s, ETA:  8575s[>>>>>>>                                           ] 571/3783, 0.4 task/s, elapsed: 1533s, ETA:  8625s[>>>>>>>                                           ] 572/3783, 0.4 task/s, elapsed: 1533s, ETA:  8607s[>>>>>>>                                           ] 573/3783, 0.4 task/s, elapsed: 1533s, ETA:  8589s[>>>>>>>                                           ] 574/3783, 0.4 task/s, elapsed: 1533s, ETA:  8571s[>>>>>>>                                           ] 575/3783, 0.4 task/s, elapsed: 1533s, ETA:  8554s[>>>>>>>                                           ] 576/3783, 0.4 task/s, elapsed: 1543s, ETA:  8594s[>>>>>>>                                           ] 577/3783, 0.4 task/s, elapsed: 1543s, ETA:  8576s[>>>>>>>                                           ] 578/3783, 0.4 task/s, elapsed: 1543s, ETA:  8559s[>>>>>>>                                           ] 579/3783, 0.4 task/s, elapsed: 1543s, ETA:  8541s[>>>>>>>                                           ] 580/3783, 0.4 task/s, elapsed: 1543s, ETA:  8524s[>>>>>>>                                           ] 581/3783, 0.4 task/s, elapsed: 1556s, ETA:  8574s[>>>>>>>                                           ] 582/3783, 0.4 task/s, elapsed: 1556s, ETA:  8557s[>>>>>>>                                           ] 583/3783, 0.4 task/s, elapsed: 1556s, ETA:  8539s[>>>>>>>                                           ] 584/3783, 0.4 task/s, elapsed: 1556s, ETA:  8522s[>>>>>>>                                           ] 585/3783, 0.4 task/s, elapsed: 1556s, ETA:  8505s[>>>>>>>                                           ] 586/3783, 0.4 task/s, elapsed: 1567s, ETA:  8550s[>>>>>>>                                           ] 587/3783, 0.4 task/s, elapsed: 1567s, ETA:  8532s[>>>>>>>                                           ] 588/3783, 0.4 task/s, elapsed: 1567s, ETA:  8515s[>>>>>>>                                           ] 589/3783, 0.4 task/s, elapsed: 1567s, ETA:  8498s[>>>>>>>                                           ] 590/3783, 0.4 task/s, elapsed: 1567s, ETA:  8481s[>>>>>>>                                           ] 591/3783, 0.4 task/s, elapsed: 1580s, ETA:  8534s[>>>>>>>                                           ] 592/3783, 0.4 task/s, elapsed: 1580s, ETA:  8517s[>>>>>>>                                           ] 593/3783, 0.4 task/s, elapsed: 1580s, ETA:  8500s[>>>>>>>                                           ] 594/3783, 0.4 task/s, elapsed: 1580s, ETA:  8483s[>>>>>>>                                           ] 595/3783, 0.4 task/s, elapsed: 1580s, ETA:  8466s[>>>>>>>                                           ] 596/3783, 0.4 task/s, elapsed: 1591s, ETA:  8509s[>>>>>>>                                           ] 597/3783, 0.4 task/s, elapsed: 1591s, ETA:  8492s[>>>>>>>                                           ] 598/3783, 0.4 task/s, elapsed: 1591s, ETA:  8475s[>>>>>>>                                           ] 599/3783, 0.4 task/s, elapsed: 1591s, ETA:  8458s[>>>>>>>                                           ] 600/3783, 0.4 task/s, elapsed: 1591s, ETA:  8441s[>>>>>>>                                           ] 601/3783, 0.4 task/s, elapsed: 1604s, ETA:  8491s[>>>>>>>                                           ] 602/3783, 0.4 task/s, elapsed: 1604s, ETA:  8474s[>>>>>>>                                           ] 603/3783, 0.4 task/s, elapsed: 1604s, ETA:  8457s[>>>>>>>                                           ] 604/3783, 0.4 task/s, elapsed: 1604s, ETA:  8441s[>>>>>>>                                           ] 605/3783, 0.4 task/s, elapsed: 1604s, ETA:  8424s[>>>>>>>>                                          ] 606/3783, 0.4 task/s, elapsed: 1614s, ETA:  8462s[>>>>>>>>                                          ] 607/3783, 0.4 task/s, elapsed: 1614s, ETA:  8446s[>>>>>>>>                                          ] 608/3783, 0.4 task/s, elapsed: 1614s, ETA:  8429s[>>>>>>>>                                          ] 609/3783, 0.4 task/s, elapsed: 1614s, ETA:  8413s[>>>>>>>>                                          ] 610/3783, 0.4 task/s, elapsed: 1614s, ETA:  8396s[>>>>>>>>                                          ] 611/3783, 0.4 task/s, elapsed: 1625s, ETA:  8434s[>>>>>>>>                                          ] 612/3783, 0.4 task/s, elapsed: 1625s, ETA:  8418s[>>>>>>>>                                          ] 613/3783, 0.4 task/s, elapsed: 1625s, ETA:  8401s[>>>>>>>>                                          ] 614/3783, 0.4 task/s, elapsed: 1625s, ETA:  8385s[>>>>>>>>                                          ] 615/3783, 0.4 task/s, elapsed: 1625s, ETA:  8369s[>>>>>>>>                                          ] 616/3783, 0.4 task/s, elapsed: 1635s, ETA:  8405s[>>>>>>>>                                          ] 617/3783, 0.4 task/s, elapsed: 1635s, ETA:  8389s[>>>>>>>>                                          ] 618/3783, 0.4 task/s, elapsed: 1635s, ETA:  8373s[>>>>>>>>                                          ] 619/3783, 0.4 task/s, elapsed: 1635s, ETA:  8357s[>>>>>>>>                                          ] 620/3783, 0.4 task/s, elapsed: 1635s, ETA:  8341s[>>>>>>>>                                          ] 621/3783, 0.4 task/s, elapsed: 1646s, ETA:  8379s[>>>>>>>>                                          ] 622/3783, 0.4 task/s, elapsed: 1646s, ETA:  8363s[>>>>>>>>                                          ] 623/3783, 0.4 task/s, elapsed: 1646s, ETA:  8347s[>>>>>>>>                                          ] 624/3783, 0.4 task/s, elapsed: 1646s, ETA:  8331s[>>>>>>>>                                          ] 625/3783, 0.4 task/s, elapsed: 1646s, ETA:  8315s[>>>>>>>>                                          ] 626/3783, 0.4 task/s, elapsed: 1656s, ETA:  8350s[>>>>>>>>                                          ] 627/3783, 0.4 task/s, elapsed: 1656s, ETA:  8334s[>>>>>>>>                                          ] 628/3783, 0.4 task/s, elapsed: 1656s, ETA:  8318s[>>>>>>>>                                          ] 629/3783, 0.4 task/s, elapsed: 1656s, ETA:  8302s[>>>>>>>>                                          ] 630/3783, 0.4 task/s, elapsed: 1656s, ETA:  8286s[>>>>>>>>                                          ] 631/3783, 0.4 task/s, elapsed: 1667s, ETA:  8329s[>>>>>>>>                                          ] 632/3783, 0.4 task/s, elapsed: 1667s, ETA:  8313s[>>>>>>>>                                          ] 633/3783, 0.4 task/s, elapsed: 1667s, ETA:  8297s[>>>>>>>>                                          ] 634/3783, 0.4 task/s, elapsed: 1667s, ETA:  8281s[>>>>>>>>                                          ] 635/3783, 0.4 task/s, elapsed: 1667s, ETA:  8266s[>>>>>>>>                                          ] 636/3783, 0.4 task/s, elapsed: 1679s, ETA:  8308s[>>>>>>>>                                          ] 637/3783, 0.4 task/s, elapsed: 1679s, ETA:  8293s[>>>>>>>>                                          ] 638/3783, 0.4 task/s, elapsed: 1679s, ETA:  8277s[>>>>>>>>                                          ] 639/3783, 0.4 task/s, elapsed: 1679s, ETA:  8261s[>>>>>>>>                                          ] 640/3783, 0.4 task/s, elapsed: 1679s, ETA:  8246s[>>>>>>>>                                          ] 641/3783, 0.4 task/s, elapsed: 1690s, ETA:  8282s[>>>>>>>>                                          ] 642/3783, 0.4 task/s, elapsed: 1690s, ETA:  8266s[>>>>>>>>                                          ] 643/3783, 0.4 task/s, elapsed: 1690s, ETA:  8251s[>>>>>>>>                                          ] 644/3783, 0.4 task/s, elapsed: 1690s, ETA:  8235s[>>>>>>>>                                          ] 645/3783, 0.4 task/s, elapsed: 1690s, ETA:  8220s[>>>>>>>>                                          ] 646/3783, 0.4 task/s, elapsed: 1700s, ETA:  8256s[>>>>>>>>                                          ] 647/3783, 0.4 task/s, elapsed: 1700s, ETA:  8240s[>>>>>>>>                                          ] 648/3783, 0.4 task/s, elapsed: 1700s, ETA:  8225s[>>>>>>>>                                          ] 649/3783, 0.4 task/s, elapsed: 1700s, ETA:  8210s[>>>>>>>>                                          ] 650/3783, 0.4 task/s, elapsed: 1700s, ETA:  8194s[>>>>>>>>                                          ] 651/3783, 0.4 task/s, elapsed: 1711s, ETA:  8233s[>>>>>>>>                                          ] 652/3783, 0.4 task/s, elapsed: 1711s, ETA:  8218s[>>>>>>>>                                          ] 653/3783, 0.4 task/s, elapsed: 1711s, ETA:  8203s[>>>>>>>>                                          ] 654/3783, 0.4 task/s, elapsed: 1711s, ETA:  8188s[>>>>>>>>                                          ] 655/3783, 0.4 task/s, elapsed: 1711s, ETA:  8172s[>>>>>>>>                                          ] 656/3783, 0.4 task/s, elapsed: 1722s, ETA:  8207s[>>>>>>>>                                          ] 657/3783, 0.4 task/s, elapsed: 1722s, ETA:  8191s[>>>>>>>>                                          ] 658/3783, 0.4 task/s, elapsed: 1722s, ETA:  8176s[>>>>>>>>                                          ] 659/3783, 0.4 task/s, elapsed: 1722s, ETA:  8161s[>>>>>>>>                                          ] 660/3783, 0.4 task/s, elapsed: 1722s, ETA:  8146s[>>>>>>>>                                          ] 661/3783, 0.4 task/s, elapsed: 1732s, ETA:  8181s[>>>>>>>>                                          ] 662/3783, 0.4 task/s, elapsed: 1732s, ETA:  8166s[>>>>>>>>                                          ] 663/3783, 0.4 task/s, elapsed: 1732s, ETA:  8151s[>>>>>>>>                                          ] 664/3783, 0.4 task/s, elapsed: 1732s, ETA:  8136s[>>>>>>>>                                          ] 665/3783, 0.4 task/s, elapsed: 1732s, ETA:  8121s[>>>>>>>>                                          ] 666/3783, 0.4 task/s, elapsed: 1744s, ETA:  8162s[>>>>>>>>                                          ] 667/3783, 0.4 task/s, elapsed: 1744s, ETA:  8147s[>>>>>>>>                                          ] 668/3783, 0.4 task/s, elapsed: 1744s, ETA:  8133s[>>>>>>>>                                          ] 669/3783, 0.4 task/s, elapsed: 1744s, ETA:  8118s[>>>>>>>>                                          ] 670/3783, 0.4 task/s, elapsed: 1744s, ETA:  8103s[>>>>>>>>                                          ] 671/3783, 0.4 task/s, elapsed: 1756s, ETA:  8143s[>>>>>>>>                                          ] 672/3783, 0.4 task/s, elapsed: 1756s, ETA:  8129s[>>>>>>>>                                          ] 673/3783, 0.4 task/s, elapsed: 1756s, ETA:  8114s[>>>>>>>>                                          ] 674/3783, 0.4 task/s, elapsed: 1756s, ETA:  8099s[>>>>>>>>                                          ] 675/3783, 0.4 task/s, elapsed: 1756s, ETA:  8085s[>>>>>>>>                                          ] 676/3783, 0.4 task/s, elapsed: 1767s, ETA:  8121s[>>>>>>>>                                          ] 677/3783, 0.4 task/s, elapsed: 1767s, ETA:  8107s[>>>>>>>>                                          ] 678/3783, 0.4 task/s, elapsed: 1767s, ETA:  8092s[>>>>>>>>                                          ] 679/3783, 0.4 task/s, elapsed: 1767s, ETA:  8077s[>>>>>>>>                                          ] 680/3783, 0.4 task/s, elapsed: 1767s, ETA:  8063s[>>>>>>>>>                                         ] 681/3783, 0.4 task/s, elapsed: 1778s, ETA:  8100s[>>>>>>>>>                                         ] 682/3783, 0.4 task/s, elapsed: 1778s, ETA:  8085s[>>>>>>>>>                                         ] 683/3783, 0.4 task/s, elapsed: 1778s, ETA:  8071s[>>>>>>>>>                                         ] 684/3783, 0.4 task/s, elapsed: 1778s, ETA:  8057s[>>>>>>>>>                                         ] 685/3783, 0.4 task/s, elapsed: 1778s, ETA:  8042s[>>>>>>>>>                                         ] 686/3783, 0.4 task/s, elapsed: 1790s, ETA:  8079s[>>>>>>>>>                                         ] 687/3783, 0.4 task/s, elapsed: 1790s, ETA:  8065s[>>>>>>>>>                                         ] 688/3783, 0.4 task/s, elapsed: 1790s, ETA:  8050s[>>>>>>>>>                                         ] 689/3783, 0.4 task/s, elapsed: 1790s, ETA:  8036s[>>>>>>>>>                                         ] 690/3783, 0.4 task/s, elapsed: 1790s, ETA:  8022s[>>>>>>>>>                                         ] 691/3783, 0.4 task/s, elapsed: 1800s, ETA:  8054s[>>>>>>>>>                                         ] 692/3783, 0.4 task/s, elapsed: 1800s, ETA:  8040s[>>>>>>>>>                                         ] 693/3783, 0.4 task/s, elapsed: 1800s, ETA:  8025s[>>>>>>>>>                                         ] 694/3783, 0.4 task/s, elapsed: 1800s, ETA:  8011s[>>>>>>>>>                                         ] 695/3783, 0.4 task/s, elapsed: 1800s, ETA:  7997s[>>>>>>>>>                                         ] 696/3783, 0.4 task/s, elapsed: 1809s, ETA:  8025s[>>>>>>>>>                                         ] 697/3783, 0.4 task/s, elapsed: 1809s, ETA:  8011s[>>>>>>>>>                                         ] 698/3783, 0.4 task/s, elapsed: 1809s, ETA:  7997s[>>>>>>>>>                                         ] 699/3783, 0.4 task/s, elapsed: 1809s, ETA:  7983s[>>>>>>>>>                                         ] 700/3783, 0.4 task/s, elapsed: 1809s, ETA:  7969s[>>>>>>>>>                                         ] 701/3783, 0.4 task/s, elapsed: 1819s, ETA:  7997s[>>>>>>>>>                                         ] 702/3783, 0.4 task/s, elapsed: 1819s, ETA:  7983s[>>>>>>>>>                                         ] 703/3783, 0.4 task/s, elapsed: 1819s, ETA:  7969s[>>>>>>>>>                                         ] 704/3783, 0.4 task/s, elapsed: 1819s, ETA:  7955s[>>>>>>>>>                                         ] 705/3783, 0.4 task/s, elapsed: 1819s, ETA:  7941s[>>>>>>>>>                                         ] 706/3783, 0.4 task/s, elapsed: 1829s, ETA:  7971s[>>>>>>>>>                                         ] 707/3783, 0.4 task/s, elapsed: 1829s, ETA:  7957s[>>>>>>>>>                                         ] 708/3783, 0.4 task/s, elapsed: 1829s, ETA:  7943s[>>>>>>>>>                                         ] 709/3783, 0.4 task/s, elapsed: 1829s, ETA:  7930s[>>>>>>>>>                                         ] 710/3783, 0.4 task/s, elapsed: 1829s, ETA:  7916s[>>>>>>>>>                                         ] 711/3783, 0.4 task/s, elapsed: 1838s, ETA:  7941s[>>>>>>>>>                                         ] 712/3783, 0.4 task/s, elapsed: 1838s, ETA:  7928s[>>>>>>>>>                                         ] 713/3783, 0.4 task/s, elapsed: 1838s, ETA:  7914s[>>>>>>>>>                                         ] 714/3783, 0.4 task/s, elapsed: 1838s, ETA:  7900s[>>>>>>>>>                                         ] 715/3783, 0.4 task/s, elapsed: 1838s, ETA:  7887s[>>>>>>>>>                                         ] 716/3783, 0.4 task/s, elapsed: 1847s, ETA:  7911s[>>>>>>>>>                                         ] 717/3783, 0.4 task/s, elapsed: 1847s, ETA:  7897s[>>>>>>>>>                                         ] 718/3783, 0.4 task/s, elapsed: 1847s, ETA:  7884s[>>>>>>>>>                                         ] 719/3783, 0.4 task/s, elapsed: 1847s, ETA:  7870s[>>>>>>>>>                                         ] 720/3783, 0.4 task/s, elapsed: 1847s, ETA:  7857s[>>>>>>>>>                                         ] 721/3783, 0.4 task/s, elapsed: 1856s, ETA:  7880s[>>>>>>>>>                                         ] 722/3783, 0.4 task/s, elapsed: 1856s, ETA:  7867s[>>>>>>>>>                                         ] 723/3783, 0.4 task/s, elapsed: 1856s, ETA:  7853s[>>>>>>>>>                                         ] 724/3783, 0.4 task/s, elapsed: 1856s, ETA:  7840s[>>>>>>>>>                                         ] 725/3783, 0.4 task/s, elapsed: 1856s, ETA:  7826s[>>>>>>>>>                                         ] 726/3783, 0.4 task/s, elapsed: 1866s, ETA:  7859s[>>>>>>>>>                                         ] 727/3783, 0.4 task/s, elapsed: 1866s, ETA:  7846s[>>>>>>>>>                                         ] 728/3783, 0.4 task/s, elapsed: 1866s, ETA:  7832s[>>>>>>>>>                                         ] 729/3783, 0.4 task/s, elapsed: 1866s, ETA:  7819s[>>>>>>>>>                                         ] 730/3783, 0.4 task/s, elapsed: 1866s, ETA:  7806s[>>>>>>>>>                                         ] 731/3783, 0.4 task/s, elapsed: 1879s, ETA:  7846s[>>>>>>>>>                                         ] 732/3783, 0.4 task/s, elapsed: 1879s, ETA:  7833s[>>>>>>>>>                                         ] 733/3783, 0.4 task/s, elapsed: 1879s, ETA:  7819s[>>>>>>>>>                                         ] 734/3783, 0.4 task/s, elapsed: 1879s, ETA:  7806s[>>>>>>>>>                                         ] 735/3783, 0.4 task/s, elapsed: 1879s, ETA:  7793s[>>>>>>>>>                                         ] 736/3783, 0.4 task/s, elapsed: 1891s, ETA:  7827s[>>>>>>>>>                                         ] 737/3783, 0.4 task/s, elapsed: 1891s, ETA:  7814s[>>>>>>>>>                                         ] 738/3783, 0.4 task/s, elapsed: 1891s, ETA:  7801s[>>>>>>>>>                                         ] 739/3783, 0.4 task/s, elapsed: 1891s, ETA:  7787s[>>>>>>>>>                                         ] 740/3783, 0.4 task/s, elapsed: 1891s, ETA:  7774s[>>>>>>>>>                                         ] 741/3783, 0.4 task/s, elapsed: 1903s, ETA:  7813s[>>>>>>>>>                                         ] 742/3783, 0.4 task/s, elapsed: 1903s, ETA:  7800s[>>>>>>>>>                                         ] 743/3783, 0.4 task/s, elapsed: 1903s, ETA:  7787s[>>>>>>>>>                                         ] 744/3783, 0.4 task/s, elapsed: 1903s, ETA:  7774s[>>>>>>>>>                                         ] 745/3783, 0.4 task/s, elapsed: 1903s, ETA:  7761s[>>>>>>>>>                                         ] 746/3783, 0.4 task/s, elapsed: 1914s, ETA:  7792s[>>>>>>>>>                                         ] 747/3783, 0.4 task/s, elapsed: 1914s, ETA:  7779s[>>>>>>>>>                                         ] 748/3783, 0.4 task/s, elapsed: 1914s, ETA:  7766s[>>>>>>>>>                                         ] 749/3783, 0.4 task/s, elapsed: 1914s, ETA:  7753s[>>>>>>>>>                                         ] 750/3783, 0.4 task/s, elapsed: 1914s, ETA:  7740s[>>>>>>>>>                                         ] 751/3783, 0.4 task/s, elapsed: 1925s, ETA:  7771s[>>>>>>>>>                                         ] 752/3783, 0.4 task/s, elapsed: 1925s, ETA:  7758s[>>>>>>>>>                                         ] 753/3783, 0.4 task/s, elapsed: 1925s, ETA:  7745s[>>>>>>>>>                                         ] 754/3783, 0.4 task/s, elapsed: 1925s, ETA:  7733s[>>>>>>>>>                                         ] 755/3783, 0.4 task/s, elapsed: 1925s, ETA:  7720s[>>>>>>>>>                                         ] 756/3783, 0.4 task/s, elapsed: 1936s, ETA:  7751s[>>>>>>>>>>                                        ] 757/3783, 0.4 task/s, elapsed: 1936s, ETA:  7738s[>>>>>>>>>>                                        ] 758/3783, 0.4 task/s, elapsed: 1936s, ETA:  7725s[>>>>>>>>>>                                        ] 759/3783, 0.4 task/s, elapsed: 1936s, ETA:  7713s[>>>>>>>>>>                                        ] 760/3783, 0.4 task/s, elapsed: 1936s, ETA:  7700s[>>>>>>>>>>                                        ] 761/3783, 0.4 task/s, elapsed: 1948s, ETA:  7734s[>>>>>>>>>>                                        ] 762/3783, 0.4 task/s, elapsed: 1948s, ETA:  7721s[>>>>>>>>>>                                        ] 763/3783, 0.4 task/s, elapsed: 1948s, ETA:  7709s[>>>>>>>>>>                                        ] 764/3783, 0.4 task/s, elapsed: 1948s, ETA:  7696s[>>>>>>>>>>                                        ] 765/3783, 0.4 task/s, elapsed: 1948s, ETA:  7683s[>>>>>>>>>>                                        ] 766/3783, 0.4 task/s, elapsed: 1959s, ETA:  7716s[>>>>>>>>>>                                        ] 767/3783, 0.4 task/s, elapsed: 1959s, ETA:  7703s[>>>>>>>>>>                                        ] 768/3783, 0.4 task/s, elapsed: 1959s, ETA:  7691s[>>>>>>>>>>                                        ] 769/3783, 0.4 task/s, elapsed: 1959s, ETA:  7678s[>>>>>>>>>>                                        ] 770/3783, 0.4 task/s, elapsed: 1959s, ETA:  7666s[>>>>>>>>>>                                        ] 771/3783, 0.4 task/s, elapsed: 1970s, ETA:  7696s[>>>>>>>>>>                                        ] 772/3783, 0.4 task/s, elapsed: 1970s, ETA:  7684s[>>>>>>>>>>                                        ] 773/3783, 0.4 task/s, elapsed: 1970s, ETA:  7671s[>>>>>>>>>>                                        ] 774/3783, 0.4 task/s, elapsed: 1970s, ETA:  7659s[>>>>>>>>>>                                        ] 775/3783, 0.4 task/s, elapsed: 1970s, ETA:  7646s[>>>>>>>>>>                                        ] 776/3783, 0.4 task/s, elapsed: 1983s, ETA:  7685s[>>>>>>>>>>                                        ] 777/3783, 0.4 task/s, elapsed: 1983s, ETA:  7673s[>>>>>>>>>>                                        ] 778/3783, 0.4 task/s, elapsed: 1983s, ETA:  7660s[>>>>>>>>>>                                        ] 779/3783, 0.4 task/s, elapsed: 1983s, ETA:  7648s[>>>>>>>>>>                                        ] 780/3783, 0.4 task/s, elapsed: 1983s, ETA:  7636s[>>>>>>>>>>                                        ] 781/3783, 0.4 task/s, elapsed: 1995s, ETA:  7670s[>>>>>>>>>>                                        ] 782/3783, 0.4 task/s, elapsed: 1995s, ETA:  7658s[>>>>>>>>>>                                        ] 783/3783, 0.4 task/s, elapsed: 1995s, ETA:  7645s[>>>>>>>>>>                                        ] 784/3783, 0.4 task/s, elapsed: 1995s, ETA:  7633s[>>>>>>>>>>                                        ] 785/3783, 0.4 task/s, elapsed: 1995s, ETA:  7621s[>>>>>>>>>>                                        ] 786/3783, 0.4 task/s, elapsed: 2013s, ETA:  7675s[>>>>>>>>>>                                        ] 787/3783, 0.4 task/s, elapsed: 2013s, ETA:  7663s[>>>>>>>>>>                                        ] 788/3783, 0.4 task/s, elapsed: 2013s, ETA:  7651s[>>>>>>>>>>                                        ] 789/3783, 0.4 task/s, elapsed: 2013s, ETA:  7638s[>>>>>>>>>>                                        ] 790/3783, 0.4 task/s, elapsed: 2013s, ETA:  7626s[>>>>>>>>>>                                        ] 791/3783, 0.4 task/s, elapsed: 2023s, ETA:  7653s[>>>>>>>>>>                                        ] 792/3783, 0.4 task/s, elapsed: 2023s, ETA:  7640s[>>>>>>>>>>                                        ] 793/3783, 0.4 task/s, elapsed: 2023s, ETA:  7628s[>>>>>>>>>>                                        ] 794/3783, 0.4 task/s, elapsed: 2023s, ETA:  7616s[>>>>>>>>>>                                        ] 795/3783, 0.4 task/s, elapsed: 2023s, ETA:  7604s[>>>>>>>>>>                                        ] 796/3783, 0.4 task/s, elapsed: 2033s, ETA:  7627s[>>>>>>>>>>                                        ] 797/3783, 0.4 task/s, elapsed: 2033s, ETA:  7615s[>>>>>>>>>>                                        ] 798/3783, 0.4 task/s, elapsed: 2033s, ETA:  7603s[>>>>>>>>>>                                        ] 799/3783, 0.4 task/s, elapsed: 2033s, ETA:  7591s[>>>>>>>>>>                                        ] 800/3783, 0.4 task/s, elapsed: 2033s, ETA:  7579s[>>>>>>>>>>                                        ] 801/3783, 0.4 task/s, elapsed: 2042s, ETA:  7602s[>>>>>>>>>>                                        ] 802/3783, 0.4 task/s, elapsed: 2042s, ETA:  7590s[>>>>>>>>>>                                        ] 803/3783, 0.4 task/s, elapsed: 2042s, ETA:  7578s[>>>>>>>>>>                                        ] 804/3783, 0.4 task/s, elapsed: 2042s, ETA:  7566s[>>>>>>>>>>                                        ] 805/3783, 0.4 task/s, elapsed: 2042s, ETA:  7554s[>>>>>>>>>>                                        ] 806/3783, 0.4 task/s, elapsed: 2052s, ETA:  7579s[>>>>>>>>>>                                        ] 807/3783, 0.4 task/s, elapsed: 2052s, ETA:  7567s[>>>>>>>>>>                                        ] 808/3783, 0.4 task/s, elapsed: 2052s, ETA:  7556s[>>>>>>>>>>                                        ] 809/3783, 0.4 task/s, elapsed: 2052s, ETA:  7544s[>>>>>>>>>>                                        ] 810/3783, 0.4 task/s, elapsed: 2052s, ETA:  7532s[>>>>>>>>>>                                        ] 811/3783, 0.4 task/s, elapsed: 2062s, ETA:  7557s[>>>>>>>>>>                                        ] 812/3783, 0.4 task/s, elapsed: 2062s, ETA:  7545s[>>>>>>>>>>                                        ] 813/3783, 0.4 task/s, elapsed: 2062s, ETA:  7533s[>>>>>>>>>>                                        ] 814/3783, 0.4 task/s, elapsed: 2062s, ETA:  7521s[>>>>>>>>>>                                        ] 815/3783, 0.4 task/s, elapsed: 2062s, ETA:  7509s[>>>>>>>>>>                                        ] 816/3783, 0.4 task/s, elapsed: 2071s, ETA:  7532s[>>>>>>>>>>                                        ] 817/3783, 0.4 task/s, elapsed: 2071s, ETA:  7520s[>>>>>>>>>>                                        ] 818/3783, 0.4 task/s, elapsed: 2071s, ETA:  7508s[>>>>>>>>>>                                        ] 819/3783, 0.4 task/s, elapsed: 2071s, ETA:  7497s[>>>>>>>>>>                                        ] 820/3783, 0.4 task/s, elapsed: 2071s, ETA:  7485s[>>>>>>>>>>                                        ] 821/3783, 0.4 task/s, elapsed: 2081s, ETA:  7507s[>>>>>>>>>>                                        ] 822/3783, 0.4 task/s, elapsed: 2081s, ETA:  7495s[>>>>>>>>>>                                        ] 823/3783, 0.4 task/s, elapsed: 2081s, ETA:  7484s[>>>>>>>>>>                                        ] 824/3783, 0.4 task/s, elapsed: 2081s, ETA:  7472s[>>>>>>>>>>                                        ] 825/3783, 0.4 task/s, elapsed: 2081s, ETA:  7460s[>>>>>>>>>>                                        ] 826/3783, 0.4 task/s, elapsed: 2090s, ETA:  7482s[>>>>>>>>>>                                        ] 827/3783, 0.4 task/s, elapsed: 2090s, ETA:  7470s[>>>>>>>>>>                                        ] 828/3783, 0.4 task/s, elapsed: 2090s, ETA:  7459s[>>>>>>>>>>                                        ] 829/3783, 0.4 task/s, elapsed: 2090s, ETA:  7447s[>>>>>>>>>>                                        ] 830/3783, 0.4 task/s, elapsed: 2090s, ETA:  7436s[>>>>>>>>>>                                        ] 831/3783, 0.4 task/s, elapsed: 2103s, ETA:  7470s[>>>>>>>>>>                                        ] 832/3783, 0.4 task/s, elapsed: 2103s, ETA:  7458s[>>>>>>>>>>>                                       ] 833/3783, 0.4 task/s, elapsed: 2103s, ETA:  7447s[>>>>>>>>>>>                                       ] 834/3783, 0.4 task/s, elapsed: 2103s, ETA:  7435s[>>>>>>>>>>>                                       ] 835/3783, 0.4 task/s, elapsed: 2103s, ETA:  7424s[>>>>>>>>>>>                                       ] 836/3783, 0.4 task/s, elapsed: 2119s, ETA:  7470s[>>>>>>>>>>>                                       ] 837/3783, 0.4 task/s, elapsed: 2119s, ETA:  7459s[>>>>>>>>>>>                                       ] 838/3783, 0.4 task/s, elapsed: 2119s, ETA:  7447s[>>>>>>>>>>>                                       ] 839/3783, 0.4 task/s, elapsed: 2119s, ETA:  7436s[>>>>>>>>>>>                                       ] 840/3783, 0.4 task/s, elapsed: 2119s, ETA:  7424s[>>>>>>>>>>>                                       ] 841/3783, 0.4 task/s, elapsed: 2137s, ETA:  7475s[>>>>>>>>>>>                                       ] 842/3783, 0.4 task/s, elapsed: 2137s, ETA:  7463s[>>>>>>>>>>>                                       ] 843/3783, 0.4 task/s, elapsed: 2137s, ETA:  7452s[>>>>>>>>>>>                                       ] 844/3783, 0.4 task/s, elapsed: 2137s, ETA:  7440s[>>>>>>>>>>>                                       ] 845/3783, 0.4 task/s, elapsed: 2137s, ETA:  7429s[>>>>>>>>>>>                                       ] 846/3783, 0.4 task/s, elapsed: 2153s, ETA:  7474s[>>>>>>>>>>>                                       ] 847/3783, 0.4 task/s, elapsed: 2153s, ETA:  7463s[>>>>>>>>>>>                                       ] 848/3783, 0.4 task/s, elapsed: 2153s, ETA:  7452s[>>>>>>>>>>>                                       ] 849/3783, 0.4 task/s, elapsed: 2153s, ETA:  7440s[>>>>>>>>>>>                                       ] 850/3783, 0.4 task/s, elapsed: 2153s, ETA:  7429s[>>>>>>>>>>>                                       ] 851/3783, 0.4 task/s, elapsed: 2164s, ETA:  7456s[>>>>>>>>>>>                                       ] 852/3783, 0.4 task/s, elapsed: 2164s, ETA:  7445s[>>>>>>>>>>>                                       ] 853/3783, 0.4 task/s, elapsed: 2164s, ETA:  7433s[>>>>>>>>>>>                                       ] 854/3783, 0.4 task/s, elapsed: 2164s, ETA:  7422s[>>>>>>>>>>>                                       ] 855/3783, 0.4 task/s, elapsed: 2164s, ETA:  7411s[>>>>>>>>>>>                                       ] 856/3783, 0.4 task/s, elapsed: 2180s, ETA:  7453s[>>>>>>>>>>>                                       ] 857/3783, 0.4 task/s, elapsed: 2180s, ETA:  7442s[>>>>>>>>>>>                                       ] 858/3783, 0.4 task/s, elapsed: 2180s, ETA:  7431s[>>>>>>>>>>>                                       ] 859/3783, 0.4 task/s, elapsed: 2180s, ETA:  7419s[>>>>>>>>>>>                                       ] 860/3783, 0.4 task/s, elapsed: 2180s, ETA:  7408s[>>>>>>>>>>>                                       ] 861/3783, 0.4 task/s, elapsed: 2190s, ETA:  7432s[>>>>>>>>>>>                                       ] 862/3783, 0.4 task/s, elapsed: 2190s, ETA:  7421s[>>>>>>>>>>>                                       ] 863/3783, 0.4 task/s, elapsed: 2190s, ETA:  7410s[>>>>>>>>>>>                                       ] 864/3783, 0.4 task/s, elapsed: 2190s, ETA:  7399s[>>>>>>>>>>>                                       ] 865/3783, 0.4 task/s, elapsed: 2190s, ETA:  7387s[>>>>>>>>>>>                                       ] 866/3783, 0.4 task/s, elapsed: 2202s, ETA:  7416s[>>>>>>>>>>>                                       ] 867/3783, 0.4 task/s, elapsed: 2202s, ETA:  7405s[>>>>>>>>>>>                                       ] 868/3783, 0.4 task/s, elapsed: 2202s, ETA:  7394s[>>>>>>>>>>>                                       ] 869/3783, 0.4 task/s, elapsed: 2202s, ETA:  7383s[>>>>>>>>>>>                                       ] 870/3783, 0.4 task/s, elapsed: 2202s, ETA:  7372s[>>>>>>>>>>>                                       ] 871/3783, 0.4 task/s, elapsed: 2217s, ETA:  7414s[>>>>>>>>>>>                                       ] 872/3783, 0.4 task/s, elapsed: 2217s, ETA:  7403s[>>>>>>>>>>>                                       ] 873/3783, 0.4 task/s, elapsed: 2217s, ETA:  7392s[>>>>>>>>>>>                                       ] 874/3783, 0.4 task/s, elapsed: 2217s, ETA:  7381s[>>>>>>>>>>>                                       ] 875/3783, 0.4 task/s, elapsed: 2217s, ETA:  7370s[>>>>>>>>>>>                                       ] 876/3783, 0.4 task/s, elapsed: 2229s, ETA:  7396s[>>>>>>>>>>>                                       ] 877/3783, 0.4 task/s, elapsed: 2229s, ETA:  7385s[>>>>>>>>>>>                                       ] 878/3783, 0.4 task/s, elapsed: 2229s, ETA:  7374s[>>>>>>>>>>>                                       ] 879/3783, 0.4 task/s, elapsed: 2229s, ETA:  7363s[>>>>>>>>>>>                                       ] 880/3783, 0.4 task/s, elapsed: 2229s, ETA:  7352s[>>>>>>>>>>>                                       ] 881/3783, 0.4 task/s, elapsed: 2240s, ETA:  7378s[>>>>>>>>>>>                                       ] 882/3783, 0.4 task/s, elapsed: 2240s, ETA:  7367s[>>>>>>>>>>>                                       ] 883/3783, 0.4 task/s, elapsed: 2240s, ETA:  7356s[>>>>>>>>>>>                                       ] 884/3783, 0.4 task/s, elapsed: 2240s, ETA:  7345s[>>>>>>>>>>>                                       ] 885/3783, 0.4 task/s, elapsed: 2240s, ETA:  7334s[>>>>>>>>>>>                                       ] 886/3783, 0.4 task/s, elapsed: 2252s, ETA:  7364s[>>>>>>>>>>>                                       ] 887/3783, 0.4 task/s, elapsed: 2252s, ETA:  7353s[>>>>>>>>>>>                                       ] 888/3783, 0.4 task/s, elapsed: 2252s, ETA:  7342s[>>>>>>>>>>>                                       ] 889/3783, 0.4 task/s, elapsed: 2252s, ETA:  7331s[>>>>>>>>>>>                                       ] 890/3783, 0.4 task/s, elapsed: 2252s, ETA:  7321s[>>>>>>>>>>>                                       ] 891/3783, 0.4 task/s, elapsed: 2268s, ETA:  7360s[>>>>>>>>>>>                                       ] 892/3783, 0.4 task/s, elapsed: 2268s, ETA:  7349s[>>>>>>>>>>>                                       ] 893/3783, 0.4 task/s, elapsed: 2268s, ETA:  7339s[>>>>>>>>>>>                                       ] 894/3783, 0.4 task/s, elapsed: 2268s, ETA:  7328s[>>>>>>>>>>>                                       ] 895/3783, 0.4 task/s, elapsed: 2268s, ETA:  7317s[>>>>>>>>>>>                                       ] 896/3783, 0.4 task/s, elapsed: 2281s, ETA:  7350s[>>>>>>>>>>>                                       ] 897/3783, 0.4 task/s, elapsed: 2281s, ETA:  7339s[>>>>>>>>>>>                                       ] 898/3783, 0.4 task/s, elapsed: 2281s, ETA:  7328s[>>>>>>>>>>>                                       ] 899/3783, 0.4 task/s, elapsed: 2281s, ETA:  7318s[>>>>>>>>>>>                                       ] 900/3783, 0.4 task/s, elapsed: 2281s, ETA:  7307s[>>>>>>>>>>>                                       ] 901/3783, 0.4 task/s, elapsed: 2294s, ETA:  7337s[>>>>>>>>>>>                                       ] 902/3783, 0.4 task/s, elapsed: 2294s, ETA:  7327s[>>>>>>>>>>>                                       ] 903/3783, 0.4 task/s, elapsed: 2294s, ETA:  7316s[>>>>>>>>>>>                                       ] 904/3783, 0.4 task/s, elapsed: 2294s, ETA:  7305s[>>>>>>>>>>>                                       ] 905/3783, 0.4 task/s, elapsed: 2294s, ETA:  7295s[>>>>>>>>>>>                                       ] 906/3783, 0.4 task/s, elapsed: 2309s, ETA:  7331s[>>>>>>>>>>>                                       ] 907/3783, 0.4 task/s, elapsed: 2309s, ETA:  7320s[>>>>>>>>>>>>                                      ] 908/3783, 0.4 task/s, elapsed: 2309s, ETA:  7310s[>>>>>>>>>>>>                                      ] 909/3783, 0.4 task/s, elapsed: 2309s, ETA:  7299s[>>>>>>>>>>>>                                      ] 910/3783, 0.4 task/s, elapsed: 2309s, ETA:  7289s[>>>>>>>>>>>>                                      ] 911/3783, 0.4 task/s, elapsed: 2324s, ETA:  7326s[>>>>>>>>>>>>                                      ] 912/3783, 0.4 task/s, elapsed: 2324s, ETA:  7316s[>>>>>>>>>>>>                                      ] 913/3783, 0.4 task/s, elapsed: 2324s, ETA:  7305s[>>>>>>>>>>>>                                      ] 914/3783, 0.4 task/s, elapsed: 2324s, ETA:  7294s[>>>>>>>>>>>>                                      ] 915/3783, 0.4 task/s, elapsed: 2324s, ETA:  7284s[>>>>>>>>>>>>                                      ] 916/3783, 0.4 task/s, elapsed: 2338s, ETA:  7318s[>>>>>>>>>>>>                                      ] 917/3783, 0.4 task/s, elapsed: 2338s, ETA:  7308s[>>>>>>>>>>>>                                      ] 918/3783, 0.4 task/s, elapsed: 2338s, ETA:  7297s[>>>>>>>>>>>>                                      ] 919/3783, 0.4 task/s, elapsed: 2338s, ETA:  7287s[>>>>>>>>>>>>                                      ] 920/3783, 0.4 task/s, elapsed: 2338s, ETA:  7276s[>>>>>>>>>>>>                                      ] 921/3783, 0.4 task/s, elapsed: 2348s, ETA:  7298s[>>>>>>>>>>>>                                      ] 922/3783, 0.4 task/s, elapsed: 2348s, ETA:  7287s[>>>>>>>>>>>>                                      ] 923/3783, 0.4 task/s, elapsed: 2348s, ETA:  7277s[>>>>>>>>>>>>                                      ] 924/3783, 0.4 task/s, elapsed: 2348s, ETA:  7266s[>>>>>>>>>>>>                                      ] 925/3783, 0.4 task/s, elapsed: 2348s, ETA:  7256s[>>>>>>>>>>>>                                      ] 926/3783, 0.4 task/s, elapsed: 2359s, ETA:  7277s[>>>>>>>>>>>>                                      ] 927/3783, 0.4 task/s, elapsed: 2359s, ETA:  7266s[>>>>>>>>>>>>                                      ] 928/3783, 0.4 task/s, elapsed: 2359s, ETA:  7256s[>>>>>>>>>>>>                                      ] 929/3783, 0.4 task/s, elapsed: 2359s, ETA:  7246s[>>>>>>>>>>>>                                      ] 930/3783, 0.4 task/s, elapsed: 2359s, ETA:  7235s[>>>>>>>>>>>>                                      ] 931/3783, 0.4 task/s, elapsed: 2370s, ETA:  7260s[>>>>>>>>>>>>                                      ] 932/3783, 0.4 task/s, elapsed: 2370s, ETA:  7250s[>>>>>>>>>>>>                                      ] 933/3783, 0.4 task/s, elapsed: 2370s, ETA:  7240s[>>>>>>>>>>>>                                      ] 934/3783, 0.4 task/s, elapsed: 2370s, ETA:  7229s[>>>>>>>>>>>>                                      ] 935/3783, 0.4 task/s, elapsed: 2370s, ETA:  7219s[>>>>>>>>>>>>                                      ] 936/3783, 0.4 task/s, elapsed: 2382s, ETA:  7244s[>>>>>>>>>>>>                                      ] 937/3783, 0.4 task/s, elapsed: 2382s, ETA:  7234s[>>>>>>>>>>>>                                      ] 938/3783, 0.4 task/s, elapsed: 2382s, ETA:  7223s[>>>>>>>>>>>>                                      ] 939/3783, 0.4 task/s, elapsed: 2382s, ETA:  7213s[>>>>>>>>>>>>                                      ] 940/3783, 0.4 task/s, elapsed: 2382s, ETA:  7203s[>>>>>>>>>>>>                                      ] 941/3783, 0.4 task/s, elapsed: 2392s, ETA:  7224s[>>>>>>>>>>>>                                      ] 942/3783, 0.4 task/s, elapsed: 2392s, ETA:  7214s[>>>>>>>>>>>>                                      ] 943/3783, 0.4 task/s, elapsed: 2392s, ETA:  7203s[>>>>>>>>>>>>                                      ] 944/3783, 0.4 task/s, elapsed: 2392s, ETA:  7193s[>>>>>>>>>>>>                                      ] 945/3783, 0.4 task/s, elapsed: 2392s, ETA:  7183s[>>>>>>>>>>>>                                      ] 946/3783, 0.4 task/s, elapsed: 2402s, ETA:  7204s[>>>>>>>>>>>>                                      ] 947/3783, 0.4 task/s, elapsed: 2402s, ETA:  7194s[>>>>>>>>>>>>                                      ] 948/3783, 0.4 task/s, elapsed: 2402s, ETA:  7184s[>>>>>>>>>>>>                                      ] 949/3783, 0.4 task/s, elapsed: 2402s, ETA:  7174s[>>>>>>>>>>>>                                      ] 950/3783, 0.4 task/s, elapsed: 2402s, ETA:  7164s[>>>>>>>>>>>>                                      ] 951/3783, 0.4 task/s, elapsed: 2413s, ETA:  7186s[>>>>>>>>>>>>                                      ] 952/3783, 0.4 task/s, elapsed: 2413s, ETA:  7176s[>>>>>>>>>>>>                                      ] 953/3783, 0.4 task/s, elapsed: 2413s, ETA:  7166s[>>>>>>>>>>>>                                      ] 954/3783, 0.4 task/s, elapsed: 2413s, ETA:  7156s[>>>>>>>>>>>>                                      ] 955/3783, 0.4 task/s, elapsed: 2413s, ETA:  7146s[>>>>>>>>>>>>                                      ] 956/3783, 0.4 task/s, elapsed: 2423s, ETA:  7165s[>>>>>>>>>>>>                                      ] 957/3783, 0.4 task/s, elapsed: 2423s, ETA:  7155s[>>>>>>>>>>>>                                      ] 958/3783, 0.4 task/s, elapsed: 2423s, ETA:  7145s[>>>>>>>>>>>>                                      ] 959/3783, 0.4 task/s, elapsed: 2423s, ETA:  7135s[>>>>>>>>>>>>                                      ] 960/3783, 0.4 task/s, elapsed: 2423s, ETA:  7125s[>>>>>>>>>>>>                                      ] 961/3783, 0.4 task/s, elapsed: 2433s, ETA:  7144s[>>>>>>>>>>>>                                      ] 962/3783, 0.4 task/s, elapsed: 2433s, ETA:  7134s[>>>>>>>>>>>>                                      ] 963/3783, 0.4 task/s, elapsed: 2433s, ETA:  7124s[>>>>>>>>>>>>                                      ] 964/3783, 0.4 task/s, elapsed: 2433s, ETA:  7114s[>>>>>>>>>>>>                                      ] 965/3783, 0.4 task/s, elapsed: 2433s, ETA:  7104s[>>>>>>>>>>>>                                      ] 966/3783, 0.4 task/s, elapsed: 2441s, ETA:  7120s[>>>>>>>>>>>>                                      ] 967/3783, 0.4 task/s, elapsed: 2441s, ETA:  7110s[>>>>>>>>>>>>                                      ] 968/3783, 0.4 task/s, elapsed: 2441s, ETA:  7100s[>>>>>>>>>>>>                                      ] 969/3783, 0.4 task/s, elapsed: 2441s, ETA:  7090s[>>>>>>>>>>>>                                      ] 970/3783, 0.4 task/s, elapsed: 2441s, ETA:  7080s[>>>>>>>>>>>>                                      ] 971/3783, 0.4 task/s, elapsed: 2452s, ETA:  7102s[>>>>>>>>>>>>                                      ] 972/3783, 0.4 task/s, elapsed: 2452s, ETA:  7092s[>>>>>>>>>>>>                                      ] 973/3783, 0.4 task/s, elapsed: 2452s, ETA:  7083s[>>>>>>>>>>>>                                      ] 974/3783, 0.4 task/s, elapsed: 2452s, ETA:  7073s[>>>>>>>>>>>>                                      ] 975/3783, 0.4 task/s, elapsed: 2452s, ETA:  7063s[>>>>>>>>>>>>                                      ] 976/3783, 0.4 task/s, elapsed: 2465s, ETA:  7089s[>>>>>>>>>>>>                                      ] 977/3783, 0.4 task/s, elapsed: 2465s, ETA:  7079s[>>>>>>>>>>>>                                      ] 978/3783, 0.4 task/s, elapsed: 2465s, ETA:  7069s[>>>>>>>>>>>>                                      ] 979/3783, 0.4 task/s, elapsed: 2465s, ETA:  7060s[>>>>>>>>>>>>                                      ] 980/3783, 0.4 task/s, elapsed: 2465s, ETA:  7050s[>>>>>>>>>>>>                                      ] 981/3783, 0.4 task/s, elapsed: 2477s, ETA:  7074s[>>>>>>>>>>>>                                      ] 982/3783, 0.4 task/s, elapsed: 2477s, ETA:  7065s[>>>>>>>>>>>>                                      ] 983/3783, 0.4 task/s, elapsed: 2477s, ETA:  7055s[>>>>>>>>>>>>>                                     ] 984/3783, 0.4 task/s, elapsed: 2477s, ETA:  7045s[>>>>>>>>>>>>>                                     ] 985/3783, 0.4 task/s, elapsed: 2477s, ETA:  7036s[>>>>>>>>>>>>>                                     ] 986/3783, 0.4 task/s, elapsed: 2488s, ETA:  7058s[>>>>>>>>>>>>>                                     ] 987/3783, 0.4 task/s, elapsed: 2488s, ETA:  7048s[>>>>>>>>>>>>>                                     ] 988/3783, 0.4 task/s, elapsed: 2488s, ETA:  7038s[>>>>>>>>>>>>>                                     ] 989/3783, 0.4 task/s, elapsed: 2488s, ETA:  7029s[>>>>>>>>>>>>>                                     ] 990/3783, 0.4 task/s, elapsed: 2488s, ETA:  7019s[>>>>>>>>>>>>>                                     ] 991/3783, 0.4 task/s, elapsed: 2498s, ETA:  7038s[>>>>>>>>>>>>>                                     ] 992/3783, 0.4 task/s, elapsed: 2498s, ETA:  7028s[>>>>>>>>>>>>>                                     ] 993/3783, 0.4 task/s, elapsed: 2498s, ETA:  7019s[>>>>>>>>>>>>>                                     ] 994/3783, 0.4 task/s, elapsed: 2498s, ETA:  7009s[>>>>>>>>>>>>>                                     ] 995/3783, 0.4 task/s, elapsed: 2498s, ETA:  7000s[>>>>>>>>>>>>>                                     ] 996/3783, 0.4 task/s, elapsed: 2508s, ETA:  7019s[>>>>>>>>>>>>>                                     ] 997/3783, 0.4 task/s, elapsed: 2508s, ETA:  7010s[>>>>>>>>>>>>>                                     ] 998/3783, 0.4 task/s, elapsed: 2508s, ETA:  7000s[>>>>>>>>>>>>>                                     ] 999/3783, 0.4 task/s, elapsed: 2508s, ETA:  6990s[>>>>>>>>>>>>>                                     ] 1000/3783, 0.4 task/s, elapsed: 2508s, ETA:  6981s[>>>>>>>>>>>>>                                     ] 1001/3783, 0.4 task/s, elapsed: 2519s, ETA:  7000s[>>>>>>>>>>>>>                                     ] 1002/3783, 0.4 task/s, elapsed: 2519s, ETA:  6991s[>>>>>>>>>>>>>                                     ] 1003/3783, 0.4 task/s, elapsed: 2519s, ETA:  6981s[>>>>>>>>>>>>>                                     ] 1004/3783, 0.4 task/s, elapsed: 2519s, ETA:  6972s[>>>>>>>>>>>>>                                     ] 1005/3783, 0.4 task/s, elapsed: 2519s, ETA:  6962s[>>>>>>>>>>>>>                                     ] 1006/3783, 0.4 task/s, elapsed: 2529s, ETA:  6981s[>>>>>>>>>>>>>                                     ] 1007/3783, 0.4 task/s, elapsed: 2529s, ETA:  6972s[>>>>>>>>>>>>>                                     ] 1008/3783, 0.4 task/s, elapsed: 2529s, ETA:  6962s[>>>>>>>>>>>>>                                     ] 1009/3783, 0.4 task/s, elapsed: 2529s, ETA:  6953s[>>>>>>>>>>>>>                                     ] 1010/3783, 0.4 task/s, elapsed: 2529s, ETA:  6944s[>>>>>>>>>>>>>                                     ] 1011/3783, 0.4 task/s, elapsed: 2540s, ETA:  6964s[>>>>>>>>>>>>>                                     ] 1012/3783, 0.4 task/s, elapsed: 2540s, ETA:  6955s[>>>>>>>>>>>>>                                     ] 1013/3783, 0.4 task/s, elapsed: 2540s, ETA:  6946s[>>>>>>>>>>>>>                                     ] 1014/3783, 0.4 task/s, elapsed: 2540s, ETA:  6936s[>>>>>>>>>>>>>                                     ] 1015/3783, 0.4 task/s, elapsed: 2540s, ETA:  6927s[>>>>>>>>>>>>>                                     ] 1016/3783, 0.4 task/s, elapsed: 2549s, ETA:  6942s[>>>>>>>>>>>>>                                     ] 1017/3783, 0.4 task/s, elapsed: 2549s, ETA:  6933s[>>>>>>>>>>>>>                                     ] 1018/3783, 0.4 task/s, elapsed: 2549s, ETA:  6923s[>>>>>>>>>>>>>                                     ] 1019/3783, 0.4 task/s, elapsed: 2549s, ETA:  6914s[>>>>>>>>>>>>>                                     ] 1020/3783, 0.4 task/s, elapsed: 2549s, ETA:  6905s[>>>>>>>>>>>>>                                     ] 1021/3783, 0.4 task/s, elapsed: 2560s, ETA:  6924s[>>>>>>>>>>>>>                                     ] 1022/3783, 0.4 task/s, elapsed: 2560s, ETA:  6915s[>>>>>>>>>>>>>                                     ] 1023/3783, 0.4 task/s, elapsed: 2560s, ETA:  6906s[>>>>>>>>>>>>>                                     ] 1024/3783, 0.4 task/s, elapsed: 2560s, ETA:  6896s[>>>>>>>>>>>>>                                     ] 1025/3783, 0.4 task/s, elapsed: 2560s, ETA:  6887s[>>>>>>>>>>>>>                                     ] 1026/3783, 0.4 task/s, elapsed: 2571s, ETA:  6908s[>>>>>>>>>>>>>                                     ] 1027/3783, 0.4 task/s, elapsed: 2571s, ETA:  6899s[>>>>>>>>>>>>>                                     ] 1028/3783, 0.4 task/s, elapsed: 2571s, ETA:  6889s[>>>>>>>>>>>>>                                     ] 1029/3783, 0.4 task/s, elapsed: 2571s, ETA:  6880s[>>>>>>>>>>>>>                                     ] 1030/3783, 0.4 task/s, elapsed: 2571s, ETA:  6871s[>>>>>>>>>>>>>                                     ] 1031/3783, 0.4 task/s, elapsed: 2582s, ETA:  6892s[>>>>>>>>>>>>>                                     ] 1032/3783, 0.4 task/s, elapsed: 2582s, ETA:  6882s[>>>>>>>>>>>>>                                     ] 1033/3783, 0.4 task/s, elapsed: 2582s, ETA:  6873s[>>>>>>>>>>>>>                                     ] 1034/3783, 0.4 task/s, elapsed: 2582s, ETA:  6864s[>>>>>>>>>>>>>                                     ] 1035/3783, 0.4 task/s, elapsed: 2582s, ETA:  6855s[>>>>>>>>>>>>>                                     ] 1036/3783, 0.4 task/s, elapsed: 2593s, ETA:  6874s[>>>>>>>>>>>>>                                     ] 1037/3783, 0.4 task/s, elapsed: 2593s, ETA:  6865s[>>>>>>>>>>>>>                                     ] 1038/3783, 0.4 task/s, elapsed: 2593s, ETA:  6856s[>>>>>>>>>>>>>                                     ] 1039/3783, 0.4 task/s, elapsed: 2593s, ETA:  6847s[>>>>>>>>>>>>>                                     ] 1040/3783, 0.4 task/s, elapsed: 2593s, ETA:  6838s[>>>>>>>>>>>>>                                     ] 1041/3783, 0.4 task/s, elapsed: 2604s, ETA:  6860s[>>>>>>>>>>>>>                                     ] 1042/3783, 0.4 task/s, elapsed: 2604s, ETA:  6851s[>>>>>>>>>>>>>                                     ] 1043/3783, 0.4 task/s, elapsed: 2604s, ETA:  6842s[>>>>>>>>>>>>>                                     ] 1044/3783, 0.4 task/s, elapsed: 2604s, ETA:  6833s[>>>>>>>>>>>>>                                     ] 1045/3783, 0.4 task/s, elapsed: 2604s, ETA:  6824s[>>>>>>>>>>>>>                                     ] 1046/3783, 0.4 task/s, elapsed: 2617s, ETA:  6848s[>>>>>>>>>>>>>                                     ] 1047/3783, 0.4 task/s, elapsed: 2617s, ETA:  6839s[>>>>>>>>>>>>>                                     ] 1048/3783, 0.4 task/s, elapsed: 2617s, ETA:  6830s[>>>>>>>>>>>>>                                     ] 1049/3783, 0.4 task/s, elapsed: 2617s, ETA:  6821s[>>>>>>>>>>>>>                                     ] 1050/3783, 0.4 task/s, elapsed: 2617s, ETA:  6812s[>>>>>>>>>>>>>                                     ] 1051/3783, 0.4 task/s, elapsed: 2635s, ETA:  6849s[>>>>>>>>>>>>>                                     ] 1052/3783, 0.4 task/s, elapsed: 2635s, ETA:  6840s[>>>>>>>>>>>>>                                     ] 1053/3783, 0.4 task/s, elapsed: 2635s, ETA:  6831s[>>>>>>>>>>>>>                                     ] 1054/3783, 0.4 task/s, elapsed: 2635s, ETA:  6822s[>>>>>>>>>>>>>                                     ] 1055/3783, 0.4 task/s, elapsed: 2635s, ETA:  6813s[>>>>>>>>>>>>>                                     ] 1056/3783, 0.4 task/s, elapsed: 2654s, ETA:  6853s[>>>>>>>>>>>>>                                     ] 1057/3783, 0.4 task/s, elapsed: 2654s, ETA:  6844s[>>>>>>>>>>>>>                                     ] 1058/3783, 0.4 task/s, elapsed: 2654s, ETA:  6835s[>>>>>>>>>>>>>                                     ] 1059/3783, 0.4 task/s, elapsed: 2654s, ETA:  6826s[>>>>>>>>>>>>>>                                    ] 1060/3783, 0.4 task/s, elapsed: 2654s, ETA:  6817s[>>>>>>>>>>>>>>                                    ] 1061/3783, 0.4 task/s, elapsed: 2667s, ETA:  6843s[>>>>>>>>>>>>>>                                    ] 1062/3783, 0.4 task/s, elapsed: 2667s, ETA:  6834s[>>>>>>>>>>>>>>                                    ] 1063/3783, 0.4 task/s, elapsed: 2667s, ETA:  6825s[>>>>>>>>>>>>>>                                    ] 1064/3783, 0.4 task/s, elapsed: 2667s, ETA:  6816s[>>>>>>>>>>>>>>                                    ] 1065/3783, 0.4 task/s, elapsed: 2667s, ETA:  6807s[>>>>>>>>>>>>>>                                    ] 1066/3783, 0.4 task/s, elapsed: 2688s, ETA:  6850s[>>>>>>>>>>>>>>                                    ] 1067/3783, 0.4 task/s, elapsed: 2688s, ETA:  6841s[>>>>>>>>>>>>>>                                    ] 1068/3783, 0.4 task/s, elapsed: 2688s, ETA:  6832s[>>>>>>>>>>>>>>                                    ] 1069/3783, 0.4 task/s, elapsed: 2688s, ETA:  6824s[>>>>>>>>>>>>>>                                    ] 1070/3783, 0.4 task/s, elapsed: 2688s, ETA:  6815s[>>>>>>>>>>>>>>                                    ] 1071/3783, 0.4 task/s, elapsed: 2704s, ETA:  6847s[>>>>>>>>>>>>>>                                    ] 1072/3783, 0.4 task/s, elapsed: 2704s, ETA:  6838s[>>>>>>>>>>>>>>                                    ] 1073/3783, 0.4 task/s, elapsed: 2704s, ETA:  6829s[>>>>>>>>>>>>>>                                    ] 1074/3783, 0.4 task/s, elapsed: 2704s, ETA:  6820s[>>>>>>>>>>>>>>                                    ] 1075/3783, 0.4 task/s, elapsed: 2704s, ETA:  6812s[>>>>>>>>>>>>>>                                    ] 1076/3783, 0.4 task/s, elapsed: 2715s, ETA:  6832s[>>>>>>>>>>>>>>                                    ] 1077/3783, 0.4 task/s, elapsed: 2715s, ETA:  6823s[>>>>>>>>>>>>>>                                    ] 1078/3783, 0.4 task/s, elapsed: 2715s, ETA:  6814s[>>>>>>>>>>>>>>                                    ] 1079/3783, 0.4 task/s, elapsed: 2715s, ETA:  6805s[>>>>>>>>>>>>>>                                    ] 1080/3783, 0.4 task/s, elapsed: 2715s, ETA:  6796s[>>>>>>>>>>>>>>                                    ] 1081/3783, 0.4 task/s, elapsed: 2729s, ETA:  6822s[>>>>>>>>>>>>>>                                    ] 1082/3783, 0.4 task/s, elapsed: 2729s, ETA:  6813s[>>>>>>>>>>>>>>                                    ] 1083/3783, 0.4 task/s, elapsed: 2729s, ETA:  6804s[>>>>>>>>>>>>>>                                    ] 1084/3783, 0.4 task/s, elapsed: 2729s, ETA:  6795s[>>>>>>>>>>>>>>                                    ] 1085/3783, 0.4 task/s, elapsed: 2729s, ETA:  6786s[>>>>>>>>>>>>>>                                    ] 1086/3783, 0.4 task/s, elapsed: 2741s, ETA:  6808s[>>>>>>>>>>>>>>                                    ] 1087/3783, 0.4 task/s, elapsed: 2741s, ETA:  6799s[>>>>>>>>>>>>>>                                    ] 1088/3783, 0.4 task/s, elapsed: 2741s, ETA:  6790s[>>>>>>>>>>>>>>                                    ] 1089/3783, 0.4 task/s, elapsed: 2741s, ETA:  6782s[>>>>>>>>>>>>>>                                    ] 1090/3783, 0.4 task/s, elapsed: 2741s, ETA:  6773s[>>>>>>>>>>>>>>                                    ] 1091/3783, 0.4 task/s, elapsed: 2761s, ETA:  6812s[>>>>>>>>>>>>>>                                    ] 1092/3783, 0.4 task/s, elapsed: 2761s, ETA:  6804s[>>>>>>>>>>>>>>                                    ] 1093/3783, 0.4 task/s, elapsed: 2761s, ETA:  6795s[>>>>>>>>>>>>>>                                    ] 1094/3783, 0.4 task/s, elapsed: 2761s, ETA:  6786s[>>>>>>>>>>>>>>                                    ] 1095/3783, 0.4 task/s, elapsed: 2761s, ETA:  6777s[>>>>>>>>>>>>>>                                    ] 1096/3783, 0.4 task/s, elapsed: 2775s, ETA:  6803s[>>>>>>>>>>>>>>                                    ] 1097/3783, 0.4 task/s, elapsed: 2775s, ETA:  6794s[>>>>>>>>>>>>>>                                    ] 1098/3783, 0.4 task/s, elapsed: 2775s, ETA:  6786s[>>>>>>>>>>>>>>                                    ] 1099/3783, 0.4 task/s, elapsed: 2775s, ETA:  6777s[>>>>>>>>>>>>>>                                    ] 1100/3783, 0.4 task/s, elapsed: 2775s, ETA:  6768s[>>>>>>>>>>>>>>                                    ] 1101/3783, 0.4 task/s, elapsed: 2788s, ETA:  6791s[>>>>>>>>>>>>>>                                    ] 1102/3783, 0.4 task/s, elapsed: 2788s, ETA:  6782s[>>>>>>>>>>>>>>                                    ] 1103/3783, 0.4 task/s, elapsed: 2788s, ETA:  6773s[>>>>>>>>>>>>>>                                    ] 1104/3783, 0.4 task/s, elapsed: 2788s, ETA:  6765s[>>>>>>>>>>>>>>                                    ] 1105/3783, 0.4 task/s, elapsed: 2788s, ETA:  6756s[>>>>>>>>>>>>>>                                    ] 1106/3783, 0.4 task/s, elapsed: 2802s, ETA:  6782s[>>>>>>>>>>>>>>                                    ] 1107/3783, 0.4 task/s, elapsed: 2802s, ETA:  6773s[>>>>>>>>>>>>>>                                    ] 1108/3783, 0.4 task/s, elapsed: 2802s, ETA:  6764s[>>>>>>>>>>>>>>                                    ] 1109/3783, 0.4 task/s, elapsed: 2802s, ETA:  6756s[>>>>>>>>>>>>>>                                    ] 1110/3783, 0.4 task/s, elapsed: 2802s, ETA:  6747s[>>>>>>>>>>>>>>                                    ] 1111/3783, 0.4 task/s, elapsed: 2815s, ETA:  6771s[>>>>>>>>>>>>>>                                    ] 1112/3783, 0.4 task/s, elapsed: 2815s, ETA:  6762s[>>>>>>>>>>>>>>                                    ] 1113/3783, 0.4 task/s, elapsed: 2815s, ETA:  6753s[>>>>>>>>>>>>>>                                    ] 1114/3783, 0.4 task/s, elapsed: 2815s, ETA:  6745s[>>>>>>>>>>>>>>                                    ] 1115/3783, 0.4 task/s, elapsed: 2815s, ETA:  6736s[>>>>>>>>>>>>>>                                    ] 1116/3783, 0.4 task/s, elapsed: 2832s, ETA:  6767s[>>>>>>>>>>>>>>                                    ] 1117/3783, 0.4 task/s, elapsed: 2832s, ETA:  6759s[>>>>>>>>>>>>>>                                    ] 1118/3783, 0.4 task/s, elapsed: 2832s, ETA:  6750s[>>>>>>>>>>>>>>                                    ] 1119/3783, 0.4 task/s, elapsed: 2832s, ETA:  6742s[>>>>>>>>>>>>>>                                    ] 1120/3783, 0.4 task/s, elapsed: 2832s, ETA:  6733s[>>>>>>>>>>>>>>                                    ] 1121/3783, 0.4 task/s, elapsed: 2845s, ETA:  6756s[>>>>>>>>>>>>>>                                    ] 1122/3783, 0.4 task/s, elapsed: 2845s, ETA:  6747s[>>>>>>>>>>>>>>                                    ] 1123/3783, 0.4 task/s, elapsed: 2845s, ETA:  6739s[>>>>>>>>>>>>>>                                    ] 1124/3783, 0.4 task/s, elapsed: 2845s, ETA:  6730s[>>>>>>>>>>>>>>                                    ] 1125/3783, 0.4 task/s, elapsed: 2845s, ETA:  6722s[>>>>>>>>>>>>>>                                    ] 1126/3783, 0.4 task/s, elapsed: 2856s, ETA:  6740s[>>>>>>>>>>>>>>                                    ] 1127/3783, 0.4 task/s, elapsed: 2856s, ETA:  6731s[>>>>>>>>>>>>>>                                    ] 1128/3783, 0.4 task/s, elapsed: 2856s, ETA:  6723s[>>>>>>>>>>>>>>                                    ] 1129/3783, 0.4 task/s, elapsed: 2856s, ETA:  6714s[>>>>>>>>>>>>>>                                    ] 1130/3783, 0.4 task/s, elapsed: 2856s, ETA:  6706s[>>>>>>>>>>>>>>                                    ] 1131/3783, 0.4 task/s, elapsed: 2874s, ETA:  6739s[>>>>>>>>>>>>>>                                    ] 1132/3783, 0.4 task/s, elapsed: 2874s, ETA:  6730s[>>>>>>>>>>>>>>                                    ] 1133/3783, 0.4 task/s, elapsed: 2874s, ETA:  6722s[>>>>>>>>>>>>>>                                    ] 1134/3783, 0.4 task/s, elapsed: 2874s, ETA:  6713s[>>>>>>>>>>>>>>>                                   ] 1135/3783, 0.4 task/s, elapsed: 2874s, ETA:  6705s[>>>>>>>>>>>>>>>                                   ] 1136/3783, 0.4 task/s, elapsed: 2892s, ETA:  6738s[>>>>>>>>>>>>>>>                                   ] 1137/3783, 0.4 task/s, elapsed: 2892s, ETA:  6730s[>>>>>>>>>>>>>>>                                   ] 1138/3783, 0.4 task/s, elapsed: 2892s, ETA:  6721s[>>>>>>>>>>>>>>>                                   ] 1139/3783, 0.4 task/s, elapsed: 2892s, ETA:  6713s[>>>>>>>>>>>>>>>                                   ] 1140/3783, 0.4 task/s, elapsed: 2892s, ETA:  6705s[>>>>>>>>>>>>>>>                                   ] 1141/3783, 0.4 task/s, elapsed: 2923s, ETA:  6768s[>>>>>>>>>>>>>>>                                   ] 1142/3783, 0.4 task/s, elapsed: 2923s, ETA:  6759s[>>>>>>>>>>>>>>>                                   ] 1143/3783, 0.4 task/s, elapsed: 2923s, ETA:  6751s[>>>>>>>>>>>>>>>                                   ] 1144/3783, 0.4 task/s, elapsed: 2923s, ETA:  6742s[>>>>>>>>>>>>>>>                                   ] 1145/3783, 0.4 task/s, elapsed: 2923s, ETA:  6734s[>>>>>>>>>>>>>>>                                   ] 1146/3783, 0.4 task/s, elapsed: 2934s, ETA:  6751s[>>>>>>>>>>>>>>>                                   ] 1147/3783, 0.4 task/s, elapsed: 2934s, ETA:  6743s[>>>>>>>>>>>>>>>                                   ] 1148/3783, 0.4 task/s, elapsed: 2934s, ETA:  6734s[>>>>>>>>>>>>>>>                                   ] 1149/3783, 0.4 task/s, elapsed: 2934s, ETA:  6726s[>>>>>>>>>>>>>>>                                   ] 1150/3783, 0.4 task/s, elapsed: 2934s, ETA:  6718s[>>>>>>>>>>>>>>>                                   ] 1151/3783, 0.4 task/s, elapsed: 2951s, ETA:  6747s[>>>>>>>>>>>>>>>                                   ] 1152/3783, 0.4 task/s, elapsed: 2951s, ETA:  6739s[>>>>>>>>>>>>>>>                                   ] 1153/3783, 0.4 task/s, elapsed: 2951s, ETA:  6730s[>>>>>>>>>>>>>>>                                   ] 1154/3783, 0.4 task/s, elapsed: 2951s, ETA:  6722s[>>>>>>>>>>>>>>>                                   ] 1155/3783, 0.4 task/s, elapsed: 2951s, ETA:  6713s[>>>>>>>>>>>>>>>                                   ] 1156/3783, 0.4 task/s, elapsed: 2972s, ETA:  6753s[>>>>>>>>>>>>>>>                                   ] 1157/3783, 0.4 task/s, elapsed: 2972s, ETA:  6744s[>>>>>>>>>>>>>>>                                   ] 1158/3783, 0.4 task/s, elapsed: 2972s, ETA:  6736s[>>>>>>>>>>>>>>>                                   ] 1159/3783, 0.4 task/s, elapsed: 2972s, ETA:  6728s[>>>>>>>>>>>>>>>                                   ] 1160/3783, 0.4 task/s, elapsed: 2972s, ETA:  6719s[>>>>>>>>>>>>>>>                                   ] 1161/3783, 0.4 task/s, elapsed: 2990s, ETA:  6752s[>>>>>>>>>>>>>>>                                   ] 1162/3783, 0.4 task/s, elapsed: 2990s, ETA:  6744s[>>>>>>>>>>>>>>>                                   ] 1163/3783, 0.4 task/s, elapsed: 2990s, ETA:  6736s[>>>>>>>>>>>>>>>                                   ] 1164/3783, 0.4 task/s, elapsed: 2990s, ETA:  6727s[>>>>>>>>>>>>>>>                                   ] 1165/3783, 0.4 task/s, elapsed: 2990s, ETA:  6719s[>>>>>>>>>>>>>>>                                   ] 1166/3783, 0.4 task/s, elapsed: 3011s, ETA:  6758s[>>>>>>>>>>>>>>>                                   ] 1167/3783, 0.4 task/s, elapsed: 3011s, ETA:  6750s[>>>>>>>>>>>>>>>                                   ] 1168/3783, 0.4 task/s, elapsed: 3011s, ETA:  6741s[>>>>>>>>>>>>>>>                                   ] 1169/3783, 0.4 task/s, elapsed: 3011s, ETA:  6733s[>>>>>>>>>>>>>>>                                   ] 1170/3783, 0.4 task/s, elapsed: 3011s, ETA:  6725s[>>>>>>>>>>>>>>>                                   ] 1171/3783, 0.4 task/s, elapsed: 3026s, ETA:  6749s[>>>>>>>>>>>>>>>                                   ] 1172/3783, 0.4 task/s, elapsed: 3026s, ETA:  6740s[>>>>>>>>>>>>>>>                                   ] 1173/3783, 0.4 task/s, elapsed: 3026s, ETA:  6732s[>>>>>>>>>>>>>>>                                   ] 1174/3783, 0.4 task/s, elapsed: 3026s, ETA:  6724s[>>>>>>>>>>>>>>>                                   ] 1175/3783, 0.4 task/s, elapsed: 3026s, ETA:  6715s[>>>>>>>>>>>>>>>                                   ] 1176/3783, 0.4 task/s, elapsed: 3050s, ETA:  6761s[>>>>>>>>>>>>>>>                                   ] 1177/3783, 0.4 task/s, elapsed: 3050s, ETA:  6753s[>>>>>>>>>>>>>>>                                   ] 1178/3783, 0.4 task/s, elapsed: 3050s, ETA:  6744s[>>>>>>>>>>>>>>>                                   ] 1179/3783, 0.4 task/s, elapsed: 3050s, ETA:  6736s[>>>>>>>>>>>>>>>                                   ] 1180/3783, 0.4 task/s, elapsed: 3050s, ETA:  6728s[>>>>>>>>>>>>>>>                                   ] 1181/3783, 0.4 task/s, elapsed: 3072s, ETA:  6769s[>>>>>>>>>>>>>>>                                   ] 1182/3783, 0.4 task/s, elapsed: 3072s, ETA:  6760s[>>>>>>>>>>>>>>>                                   ] 1183/3783, 0.4 task/s, elapsed: 3072s, ETA:  6752s[>>>>>>>>>>>>>>>                                   ] 1184/3783, 0.4 task/s, elapsed: 3072s, ETA:  6744s[>>>>>>>>>>>>>>>                                   ] 1185/3783, 0.4 task/s, elapsed: 3072s, ETA:  6736s[>>>>>>>>>>>>>>>                                   ] 1186/3783, 0.4 task/s, elapsed: 3087s, ETA:  6760s[>>>>>>>>>>>>>>>                                   ] 1187/3783, 0.4 task/s, elapsed: 3087s, ETA:  6751s[>>>>>>>>>>>>>>>                                   ] 1188/3783, 0.4 task/s, elapsed: 3087s, ETA:  6743s[>>>>>>>>>>>>>>>                                   ] 1189/3783, 0.4 task/s, elapsed: 3087s, ETA:  6735s[>>>>>>>>>>>>>>>                                   ] 1190/3783, 0.4 task/s, elapsed: 3087s, ETA:  6727s[>>>>>>>>>>>>>>>                                   ] 1191/3783, 0.4 task/s, elapsed: 3097s, ETA:  6741s[>>>>>>>>>>>>>>>                                   ] 1192/3783, 0.4 task/s, elapsed: 3097s, ETA:  6733s[>>>>>>>>>>>>>>>                                   ] 1193/3783, 0.4 task/s, elapsed: 3097s, ETA:  6724s[>>>>>>>>>>>>>>>                                   ] 1194/3783, 0.4 task/s, elapsed: 3097s, ETA:  6716s[>>>>>>>>>>>>>>>                                   ] 1195/3783, 0.4 task/s, elapsed: 3097s, ETA:  6708s[>>>>>>>>>>>>>>>                                   ] 1196/3783, 0.4 task/s, elapsed: 3107s, ETA:  6720s[>>>>>>>>>>>>>>>                                   ] 1197/3783, 0.4 task/s, elapsed: 3107s, ETA:  6712s[>>>>>>>>>>>>>>>                                   ] 1198/3783, 0.4 task/s, elapsed: 3107s, ETA:  6704s[>>>>>>>>>>>>>>>                                   ] 1199/3783, 0.4 task/s, elapsed: 3107s, ETA:  6696s[>>>>>>>>>>>>>>>                                   ] 1200/3783, 0.4 task/s, elapsed: 3107s, ETA:  6687s[>>>>>>>>>>>>>>>                                   ] 1201/3783, 0.4 task/s, elapsed: 3116s, ETA:  6699s[>>>>>>>>>>>>>>>                                   ] 1202/3783, 0.4 task/s, elapsed: 3116s, ETA:  6691s[>>>>>>>>>>>>>>>                                   ] 1203/3783, 0.4 task/s, elapsed: 3116s, ETA:  6683s[>>>>>>>>>>>>>>>                                   ] 1204/3783, 0.4 task/s, elapsed: 3116s, ETA:  6674s[>>>>>>>>>>>>>>>                                   ] 1205/3783, 0.4 task/s, elapsed: 3116s, ETA:  6666s[>>>>>>>>>>>>>>>                                   ] 1206/3783, 0.4 task/s, elapsed: 3126s, ETA:  6679s[>>>>>>>>>>>>>>>                                   ] 1207/3783, 0.4 task/s, elapsed: 3126s, ETA:  6671s[>>>>>>>>>>>>>>>                                   ] 1208/3783, 0.4 task/s, elapsed: 3126s, ETA:  6663s[>>>>>>>>>>>>>>>                                   ] 1209/3783, 0.4 task/s, elapsed: 3126s, ETA:  6655s[>>>>>>>>>>>>>>>                                   ] 1210/3783, 0.4 task/s, elapsed: 3126s, ETA:  6647s[>>>>>>>>>>>>>>>>                                  ] 1211/3783, 0.4 task/s, elapsed: 3137s, ETA:  6662s[>>>>>>>>>>>>>>>>                                  ] 1212/3783, 0.4 task/s, elapsed: 3137s, ETA:  6653s[>>>>>>>>>>>>>>>>                                  ] 1213/3783, 0.4 task/s, elapsed: 3137s, ETA:  6645s[>>>>>>>>>>>>>>>>                                  ] 1214/3783, 0.4 task/s, elapsed: 3137s, ETA:  6637s[>>>>>>>>>>>>>>>>                                  ] 1215/3783, 0.4 task/s, elapsed: 3137s, ETA:  6629s[>>>>>>>>>>>>>>>>                                  ] 1216/3783, 0.4 task/s, elapsed: 3147s, ETA:  6643s[>>>>>>>>>>>>>>>>                                  ] 1217/3783, 0.4 task/s, elapsed: 3147s, ETA:  6635s[>>>>>>>>>>>>>>>>                                  ] 1218/3783, 0.4 task/s, elapsed: 3147s, ETA:  6627s[>>>>>>>>>>>>>>>>                                  ] 1219/3783, 0.4 task/s, elapsed: 3147s, ETA:  6619s[>>>>>>>>>>>>>>>>                                  ] 1220/3783, 0.4 task/s, elapsed: 3147s, ETA:  6611s[>>>>>>>>>>>>>>>>                                  ] 1221/3783, 0.4 task/s, elapsed: 3156s, ETA:  6622s[>>>>>>>>>>>>>>>>                                  ] 1222/3783, 0.4 task/s, elapsed: 3156s, ETA:  6614s[>>>>>>>>>>>>>>>>                                  ] 1223/3783, 0.4 task/s, elapsed: 3156s, ETA:  6606s[>>>>>>>>>>>>>>>>                                  ] 1224/3783, 0.4 task/s, elapsed: 3156s, ETA:  6598s[>>>>>>>>>>>>>>>>                                  ] 1225/3783, 0.4 task/s, elapsed: 3156s, ETA:  6590s[>>>>>>>>>>>>>>>>                                  ] 1226/3783, 0.4 task/s, elapsed: 3166s, ETA:  6604s[>>>>>>>>>>>>>>>>                                  ] 1227/3783, 0.4 task/s, elapsed: 3166s, ETA:  6596s[>>>>>>>>>>>>>>>>                                  ] 1228/3783, 0.4 task/s, elapsed: 3166s, ETA:  6588s[>>>>>>>>>>>>>>>>                                  ] 1229/3783, 0.4 task/s, elapsed: 3166s, ETA:  6580s[>>>>>>>>>>>>>>>>                                  ] 1230/3783, 0.4 task/s, elapsed: 3166s, ETA:  6572s[>>>>>>>>>>>>>>>>                                  ] 1231/3783, 0.4 task/s, elapsed: 3177s, ETA:  6586s[>>>>>>>>>>>>>>>>                                  ] 1232/3783, 0.4 task/s, elapsed: 3177s, ETA:  6579s[>>>>>>>>>>>>>>>>                                  ] 1233/3783, 0.4 task/s, elapsed: 3177s, ETA:  6571s[>>>>>>>>>>>>>>>>                                  ] 1234/3783, 0.4 task/s, elapsed: 3177s, ETA:  6563s[>>>>>>>>>>>>>>>>                                  ] 1235/3783, 0.4 task/s, elapsed: 3177s, ETA:  6555s[>>>>>>>>>>>>>>>>                                  ] 1236/3783, 0.4 task/s, elapsed: 3187s, ETA:  6567s[>>>>>>>>>>>>>>>>                                  ] 1237/3783, 0.4 task/s, elapsed: 3187s, ETA:  6559s[>>>>>>>>>>>>>>>>                                  ] 1238/3783, 0.4 task/s, elapsed: 3187s, ETA:  6552s[>>>>>>>>>>>>>>>>                                  ] 1239/3783, 0.4 task/s, elapsed: 3187s, ETA:  6544s[>>>>>>>>>>>>>>>>                                  ] 1240/3783, 0.4 task/s, elapsed: 3187s, ETA:  6536s[>>>>>>>>>>>>>>>>                                  ] 1241/3783, 0.4 task/s, elapsed: 3197s, ETA:  6549s[>>>>>>>>>>>>>>>>                                  ] 1242/3783, 0.4 task/s, elapsed: 3197s, ETA:  6541s[>>>>>>>>>>>>>>>>                                  ] 1243/3783, 0.4 task/s, elapsed: 3197s, ETA:  6533s[>>>>>>>>>>>>>>>>                                  ] 1244/3783, 0.4 task/s, elapsed: 3197s, ETA:  6525s[>>>>>>>>>>>>>>>>                                  ] 1245/3783, 0.4 task/s, elapsed: 3197s, ETA:  6518s[>>>>>>>>>>>>>>>>                                  ] 1246/3783, 0.4 task/s, elapsed: 3208s, ETA:  6532s[>>>>>>>>>>>>>>>>                                  ] 1247/3783, 0.4 task/s, elapsed: 3208s, ETA:  6524s[>>>>>>>>>>>>>>>>                                  ] 1248/3783, 0.4 task/s, elapsed: 3208s, ETA:  6517s[>>>>>>>>>>>>>>>>                                  ] 1249/3783, 0.4 task/s, elapsed: 3208s, ETA:  6509s[>>>>>>>>>>>>>>>>                                  ] 1250/3783, 0.4 task/s, elapsed: 3208s, ETA:  6501s[>>>>>>>>>>>>>>>>                                  ] 1251/3783, 0.4 task/s, elapsed: 3219s, ETA:  6516s[>>>>>>>>>>>>>>>>                                  ] 1252/3783, 0.4 task/s, elapsed: 3219s, ETA:  6508s[>>>>>>>>>>>>>>>>                                  ] 1253/3783, 0.4 task/s, elapsed: 3219s, ETA:  6500s[>>>>>>>>>>>>>>>>                                  ] 1254/3783, 0.4 task/s, elapsed: 3219s, ETA:  6493s[>>>>>>>>>>>>>>>>                                  ] 1255/3783, 0.4 task/s, elapsed: 3219s, ETA:  6485s[>>>>>>>>>>>>>>>>                                  ] 1256/3783, 0.4 task/s, elapsed: 3234s, ETA:  6506s[>>>>>>>>>>>>>>>>                                  ] 1257/3783, 0.4 task/s, elapsed: 3234s, ETA:  6499s[>>>>>>>>>>>>>>>>                                  ] 1258/3783, 0.4 task/s, elapsed: 3234s, ETA:  6491s[>>>>>>>>>>>>>>>>                                  ] 1259/3783, 0.4 task/s, elapsed: 3234s, ETA:  6483s[>>>>>>>>>>>>>>>>                                  ] 1260/3783, 0.4 task/s, elapsed: 3234s, ETA:  6475s[>>>>>>>>>>>>>>>>                                  ] 1261/3783, 0.4 task/s, elapsed: 3245s, ETA:  6491s[>>>>>>>>>>>>>>>>                                  ] 1262/3783, 0.4 task/s, elapsed: 3245s, ETA:  6483s[>>>>>>>>>>>>>>>>                                  ] 1263/3783, 0.4 task/s, elapsed: 3245s, ETA:  6475s[>>>>>>>>>>>>>>>>                                  ] 1264/3783, 0.4 task/s, elapsed: 3245s, ETA:  6468s[>>>>>>>>>>>>>>>>                                  ] 1265/3783, 0.4 task/s, elapsed: 3245s, ETA:  6460s[>>>>>>>>>>>>>>>>                                  ] 1266/3783, 0.4 task/s, elapsed: 3257s, ETA:  6475s[>>>>>>>>>>>>>>>>                                  ] 1267/3783, 0.4 task/s, elapsed: 3257s, ETA:  6467s[>>>>>>>>>>>>>>>>                                  ] 1268/3783, 0.4 task/s, elapsed: 3257s, ETA:  6460s[>>>>>>>>>>>>>>>>                                  ] 1269/3783, 0.4 task/s, elapsed: 3257s, ETA:  6452s[>>>>>>>>>>>>>>>>                                  ] 1270/3783, 0.4 task/s, elapsed: 3257s, ETA:  6444s[>>>>>>>>>>>>>>>>                                  ] 1271/3783, 0.4 task/s, elapsed: 3268s, ETA:  6459s[>>>>>>>>>>>>>>>>                                  ] 1272/3783, 0.4 task/s, elapsed: 3268s, ETA:  6451s[>>>>>>>>>>>>>>>>                                  ] 1273/3783, 0.4 task/s, elapsed: 3268s, ETA:  6444s[>>>>>>>>>>>>>>>>                                  ] 1274/3783, 0.4 task/s, elapsed: 3268s, ETA:  6436s[>>>>>>>>>>>>>>>>                                  ] 1275/3783, 0.4 task/s, elapsed: 3268s, ETA:  6429s[>>>>>>>>>>>>>>>>                                  ] 1276/3783, 0.4 task/s, elapsed: 3280s, ETA:  6445s[>>>>>>>>>>>>>>>>                                  ] 1277/3783, 0.4 task/s, elapsed: 3280s, ETA:  6437s[>>>>>>>>>>>>>>>>                                  ] 1278/3783, 0.4 task/s, elapsed: 3280s, ETA:  6430s[>>>>>>>>>>>>>>>>                                  ] 1279/3783, 0.4 task/s, elapsed: 3280s, ETA:  6422s[>>>>>>>>>>>>>>>>                                  ] 1280/3783, 0.4 task/s, elapsed: 3280s, ETA:  6415s[>>>>>>>>>>>>>>>>                                  ] 1281/3783, 0.4 task/s, elapsed: 3292s, ETA:  6430s[>>>>>>>>>>>>>>>>                                  ] 1282/3783, 0.4 task/s, elapsed: 3292s, ETA:  6423s[>>>>>>>>>>>>>>>>                                  ] 1283/3783, 0.4 task/s, elapsed: 3292s, ETA:  6415s[>>>>>>>>>>>>>>>>                                  ] 1284/3783, 0.4 task/s, elapsed: 3292s, ETA:  6408s[>>>>>>>>>>>>>>>>                                  ] 1285/3783, 0.4 task/s, elapsed: 3292s, ETA:  6400s[>>>>>>>>>>>>>>>>                                  ] 1286/3783, 0.4 task/s, elapsed: 3304s, ETA:  6416s[>>>>>>>>>>>>>>>>>                                 ] 1287/3783, 0.4 task/s, elapsed: 3304s, ETA:  6409s[>>>>>>>>>>>>>>>>>                                 ] 1288/3783, 0.4 task/s, elapsed: 3304s, ETA:  6401s[>>>>>>>>>>>>>>>>>                                 ] 1289/3783, 0.4 task/s, elapsed: 3304s, ETA:  6394s[>>>>>>>>>>>>>>>>>                                 ] 1290/3783, 0.4 task/s, elapsed: 3304s, ETA:  6386s[>>>>>>>>>>>>>>>>>                                 ] 1291/3783, 0.4 task/s, elapsed: 3318s, ETA:  6405s[>>>>>>>>>>>>>>>>>                                 ] 1292/3783, 0.4 task/s, elapsed: 3318s, ETA:  6397s[>>>>>>>>>>>>>>>>>                                 ] 1293/3783, 0.4 task/s, elapsed: 3318s, ETA:  6390s[>>>>>>>>>>>>>>>>>                                 ] 1294/3783, 0.4 task/s, elapsed: 3318s, ETA:  6382s[>>>>>>>>>>>>>>>>>                                 ] 1295/3783, 0.4 task/s, elapsed: 3318s, ETA:  6375s[>>>>>>>>>>>>>>>>>                                 ] 1296/3783, 0.4 task/s, elapsed: 3331s, ETA:  6392s[>>>>>>>>>>>>>>>>>                                 ] 1297/3783, 0.4 task/s, elapsed: 3331s, ETA:  6385s[>>>>>>>>>>>>>>>>>                                 ] 1298/3783, 0.4 task/s, elapsed: 3331s, ETA:  6377s[>>>>>>>>>>>>>>>>>                                 ] 1299/3783, 0.4 task/s, elapsed: 3331s, ETA:  6370s[>>>>>>>>>>>>>>>>>                                 ] 1300/3783, 0.4 task/s, elapsed: 3331s, ETA:  6362s[>>>>>>>>>>>>>>>>>                                 ] 1301/3783, 0.4 task/s, elapsed: 3344s, ETA:  6380s[>>>>>>>>>>>>>>>>>                                 ] 1302/3783, 0.4 task/s, elapsed: 3344s, ETA:  6373s[>>>>>>>>>>>>>>>>>                                 ] 1303/3783, 0.4 task/s, elapsed: 3344s, ETA:  6365s[>>>>>>>>>>>>>>>>>                                 ] 1304/3783, 0.4 task/s, elapsed: 3344s, ETA:  6358s[>>>>>>>>>>>>>>>>>                                 ] 1305/3783, 0.4 task/s, elapsed: 3344s, ETA:  6350s[>>>>>>>>>>>>>>>>>                                 ] 1306/3783, 0.4 task/s, elapsed: 3355s, ETA:  6363s[>>>>>>>>>>>>>>>>>                                 ] 1307/3783, 0.4 task/s, elapsed: 3355s, ETA:  6355s[>>>>>>>>>>>>>>>>>                                 ] 1308/3783, 0.4 task/s, elapsed: 3355s, ETA:  6348s[>>>>>>>>>>>>>>>>>                                 ] 1309/3783, 0.4 task/s, elapsed: 3355s, ETA:  6340s[>>>>>>>>>>>>>>>>>                                 ] 1310/3783, 0.4 task/s, elapsed: 3355s, ETA:  6333s[>>>>>>>>>>>>>>>>>                                 ] 1311/3783, 0.4 task/s, elapsed: 3366s, ETA:  6346s[>>>>>>>>>>>>>>>>>                                 ] 1312/3783, 0.4 task/s, elapsed: 3366s, ETA:  6339s[>>>>>>>>>>>>>>>>>                                 ] 1313/3783, 0.4 task/s, elapsed: 3366s, ETA:  6332s[>>>>>>>>>>>>>>>>>                                 ] 1314/3783, 0.4 task/s, elapsed: 3366s, ETA:  6324s[>>>>>>>>>>>>>>>>>                                 ] 1315/3783, 0.4 task/s, elapsed: 3366s, ETA:  6317s[>>>>>>>>>>>>>>>>>                                 ] 1316/3783, 0.4 task/s, elapsed: 3376s, ETA:  6329s[>>>>>>>>>>>>>>>>>                                 ] 1317/3783, 0.4 task/s, elapsed: 3376s, ETA:  6322s[>>>>>>>>>>>>>>>>>                                 ] 1318/3783, 0.4 task/s, elapsed: 3376s, ETA:  6314s[>>>>>>>>>>>>>>>>>                                 ] 1319/3783, 0.4 task/s, elapsed: 3376s, ETA:  6307s[>>>>>>>>>>>>>>>>>                                 ] 1320/3783, 0.4 task/s, elapsed: 3376s, ETA:  6300s[>>>>>>>>>>>>>>>>>                                 ] 1321/3783, 0.4 task/s, elapsed: 3386s, ETA:  6311s[>>>>>>>>>>>>>>>>>                                 ] 1322/3783, 0.4 task/s, elapsed: 3386s, ETA:  6304s[>>>>>>>>>>>>>>>>>                                 ] 1323/3783, 0.4 task/s, elapsed: 3386s, ETA:  6297s[>>>>>>>>>>>>>>>>>                                 ] 1324/3783, 0.4 task/s, elapsed: 3386s, ETA:  6289s[>>>>>>>>>>>>>>>>>                                 ] 1325/3783, 0.4 task/s, elapsed: 3386s, ETA:  6282s[>>>>>>>>>>>>>>>>>                                 ] 1326/3783, 0.4 task/s, elapsed: 3397s, ETA:  6295s[>>>>>>>>>>>>>>>>>                                 ] 1327/3783, 0.4 task/s, elapsed: 3397s, ETA:  6288s[>>>>>>>>>>>>>>>>>                                 ] 1328/3783, 0.4 task/s, elapsed: 3397s, ETA:  6281s[>>>>>>>>>>>>>>>>>                                 ] 1329/3783, 0.4 task/s, elapsed: 3397s, ETA:  6273s[>>>>>>>>>>>>>>>>>                                 ] 1330/3783, 0.4 task/s, elapsed: 3397s, ETA:  6266s[>>>>>>>>>>>>>>>>>                                 ] 1331/3783, 0.4 task/s, elapsed: 3408s, ETA:  6279s[>>>>>>>>>>>>>>>>>                                 ] 1332/3783, 0.4 task/s, elapsed: 3408s, ETA:  6271s[>>>>>>>>>>>>>>>>>                                 ] 1333/3783, 0.4 task/s, elapsed: 3408s, ETA:  6264s[>>>>>>>>>>>>>>>>>                                 ] 1334/3783, 0.4 task/s, elapsed: 3408s, ETA:  6257s[>>>>>>>>>>>>>>>>>                                 ] 1335/3783, 0.4 task/s, elapsed: 3408s, ETA:  6250s[>>>>>>>>>>>>>>>>>                                 ] 1336/3783, 0.4 task/s, elapsed: 3420s, ETA:  6263s[>>>>>>>>>>>>>>>>>                                 ] 1337/3783, 0.4 task/s, elapsed: 3420s, ETA:  6256s[>>>>>>>>>>>>>>>>>                                 ] 1338/3783, 0.4 task/s, elapsed: 3420s, ETA:  6249s[>>>>>>>>>>>>>>>>>                                 ] 1339/3783, 0.4 task/s, elapsed: 3420s, ETA:  6242s[>>>>>>>>>>>>>>>>>                                 ] 1340/3783, 0.4 task/s, elapsed: 3420s, ETA:  6234s[>>>>>>>>>>>>>>>>>                                 ] 1341/3783, 0.4 task/s, elapsed: 3431s, ETA:  6249s[>>>>>>>>>>>>>>>>>                                 ] 1342/3783, 0.4 task/s, elapsed: 3431s, ETA:  6241s[>>>>>>>>>>>>>>>>>                                 ] 1343/3783, 0.4 task/s, elapsed: 3431s, ETA:  6234s[>>>>>>>>>>>>>>>>>                                 ] 1344/3783, 0.4 task/s, elapsed: 3431s, ETA:  6227s[>>>>>>>>>>>>>>>>>                                 ] 1345/3783, 0.4 task/s, elapsed: 3431s, ETA:  6220s[>>>>>>>>>>>>>>>>>                                 ] 1346/3783, 0.4 task/s, elapsed: 3443s, ETA:  6233s[>>>>>>>>>>>>>>>>>                                 ] 1347/3783, 0.4 task/s, elapsed: 3443s, ETA:  6226s[>>>>>>>>>>>>>>>>>                                 ] 1348/3783, 0.4 task/s, elapsed: 3443s, ETA:  6219s[>>>>>>>>>>>>>>>>>                                 ] 1349/3783, 0.4 task/s, elapsed: 3443s, ETA:  6212s[>>>>>>>>>>>>>>>>>                                 ] 1350/3783, 0.4 task/s, elapsed: 3443s, ETA:  6205s[>>>>>>>>>>>>>>>>>                                 ] 1351/3783, 0.4 task/s, elapsed: 3453s, ETA:  6216s[>>>>>>>>>>>>>>>>>                                 ] 1352/3783, 0.4 task/s, elapsed: 3453s, ETA:  6209s[>>>>>>>>>>>>>>>>>                                 ] 1353/3783, 0.4 task/s, elapsed: 3453s, ETA:  6202s[>>>>>>>>>>>>>>>>>                                 ] 1354/3783, 0.4 task/s, elapsed: 3453s, ETA:  6195s[>>>>>>>>>>>>>>>>>                                 ] 1355/3783, 0.4 task/s, elapsed: 3453s, ETA:  6188s[>>>>>>>>>>>>>>>>>                                 ] 1356/3783, 0.4 task/s, elapsed: 3469s, ETA:  6208s[>>>>>>>>>>>>>>>>>                                 ] 1357/3783, 0.4 task/s, elapsed: 3469s, ETA:  6201s[>>>>>>>>>>>>>>>>>                                 ] 1358/3783, 0.4 task/s, elapsed: 3469s, ETA:  6194s[>>>>>>>>>>>>>>>>>                                 ] 1359/3783, 0.4 task/s, elapsed: 3469s, ETA:  6187s[>>>>>>>>>>>>>>>>>                                 ] 1360/3783, 0.4 task/s, elapsed: 3469s, ETA:  6180s[>>>>>>>>>>>>>>>>>                                 ] 1361/3783, 0.4 task/s, elapsed: 3484s, ETA:  6200s[>>>>>>>>>>>>>>>>>>                                ] 1362/3783, 0.4 task/s, elapsed: 3484s, ETA:  6193s[>>>>>>>>>>>>>>>>>>                                ] 1363/3783, 0.4 task/s, elapsed: 3484s, ETA:  6185s[>>>>>>>>>>>>>>>>>>                                ] 1364/3783, 0.4 task/s, elapsed: 3484s, ETA:  6178s[>>>>>>>>>>>>>>>>>>                                ] 1365/3783, 0.4 task/s, elapsed: 3484s, ETA:  6171s[>>>>>>>>>>>>>>>>>>                                ] 1366/3783, 0.4 task/s, elapsed: 3494s, ETA:  6183s[>>>>>>>>>>>>>>>>>>                                ] 1367/3783, 0.4 task/s, elapsed: 3494s, ETA:  6175s[>>>>>>>>>>>>>>>>>>                                ] 1368/3783, 0.4 task/s, elapsed: 3494s, ETA:  6168s[>>>>>>>>>>>>>>>>>>                                ] 1369/3783, 0.4 task/s, elapsed: 3494s, ETA:  6161s[>>>>>>>>>>>>>>>>>>                                ] 1370/3783, 0.4 task/s, elapsed: 3494s, ETA:  6154s[>>>>>>>>>>>>>>>>>>                                ] 1371/3783, 0.4 task/s, elapsed: 3504s, ETA:  6164s[>>>>>>>>>>>>>>>>>>                                ] 1372/3783, 0.4 task/s, elapsed: 3504s, ETA:  6157s[>>>>>>>>>>>>>>>>>>                                ] 1373/3783, 0.4 task/s, elapsed: 3504s, ETA:  6150s[>>>>>>>>>>>>>>>>>>                                ] 1374/3783, 0.4 task/s, elapsed: 3504s, ETA:  6143s[>>>>>>>>>>>>>>>>>>                                ] 1375/3783, 0.4 task/s, elapsed: 3504s, ETA:  6136s[>>>>>>>>>>>>>>>>>>                                ] 1376/3783, 0.4 task/s, elapsed: 3515s, ETA:  6149s[>>>>>>>>>>>>>>>>>>                                ] 1377/3783, 0.4 task/s, elapsed: 3515s, ETA:  6142s[>>>>>>>>>>>>>>>>>>                                ] 1378/3783, 0.4 task/s, elapsed: 3515s, ETA:  6135s[>>>>>>>>>>>>>>>>>>                                ] 1379/3783, 0.4 task/s, elapsed: 3515s, ETA:  6128s[>>>>>>>>>>>>>>>>>>                                ] 1380/3783, 0.4 task/s, elapsed: 3515s, ETA:  6121s[>>>>>>>>>>>>>>>>>>                                ] 1381/3783, 0.4 task/s, elapsed: 3527s, ETA:  6135s[>>>>>>>>>>>>>>>>>>                                ] 1382/3783, 0.4 task/s, elapsed: 3527s, ETA:  6128s[>>>>>>>>>>>>>>>>>>                                ] 1383/3783, 0.4 task/s, elapsed: 3527s, ETA:  6121s[>>>>>>>>>>>>>>>>>>                                ] 1384/3783, 0.4 task/s, elapsed: 3527s, ETA:  6114s[>>>>>>>>>>>>>>>>>>                                ] 1385/3783, 0.4 task/s, elapsed: 3527s, ETA:  6107s[>>>>>>>>>>>>>>>>>>                                ] 1386/3783, 0.4 task/s, elapsed: 3538s, ETA:  6118s[>>>>>>>>>>>>>>>>>>                                ] 1387/3783, 0.4 task/s, elapsed: 3538s, ETA:  6111s[>>>>>>>>>>>>>>>>>>                                ] 1388/3783, 0.4 task/s, elapsed: 3538s, ETA:  6104s[>>>>>>>>>>>>>>>>>>                                ] 1389/3783, 0.4 task/s, elapsed: 3538s, ETA:  6097s[>>>>>>>>>>>>>>>>>>                                ] 1390/3783, 0.4 task/s, elapsed: 3538s, ETA:  6090s[>>>>>>>>>>>>>>>>>>                                ] 1391/3783, 0.4 task/s, elapsed: 3548s, ETA:  6101s[>>>>>>>>>>>>>>>>>>                                ] 1392/3783, 0.4 task/s, elapsed: 3548s, ETA:  6094s[>>>>>>>>>>>>>>>>>>                                ] 1393/3783, 0.4 task/s, elapsed: 3548s, ETA:  6087s[>>>>>>>>>>>>>>>>>>                                ] 1394/3783, 0.4 task/s, elapsed: 3548s, ETA:  6080s[>>>>>>>>>>>>>>>>>>                                ] 1395/3783, 0.4 task/s, elapsed: 3548s, ETA:  6073s[>>>>>>>>>>>>>>>>>>                                ] 1396/3783, 0.4 task/s, elapsed: 3559s, ETA:  6085s[>>>>>>>>>>>>>>>>>>                                ] 1397/3783, 0.4 task/s, elapsed: 3559s, ETA:  6078s[>>>>>>>>>>>>>>>>>>                                ] 1398/3783, 0.4 task/s, elapsed: 3559s, ETA:  6071s[>>>>>>>>>>>>>>>>>>                                ] 1399/3783, 0.4 task/s, elapsed: 3559s, ETA:  6064s[>>>>>>>>>>>>>>>>>>                                ] 1400/3783, 0.4 task/s, elapsed: 3559s, ETA:  6057s[>>>>>>>>>>>>>>>>>>                                ] 1401/3783, 0.4 task/s, elapsed: 3570s, ETA:  6069s[>>>>>>>>>>>>>>>>>>                                ] 1402/3783, 0.4 task/s, elapsed: 3570s, ETA:  6062s[>>>>>>>>>>>>>>>>>>                                ] 1403/3783, 0.4 task/s, elapsed: 3570s, ETA:  6055s[>>>>>>>>>>>>>>>>>>                                ] 1404/3783, 0.4 task/s, elapsed: 3570s, ETA:  6048s[>>>>>>>>>>>>>>>>>>                                ] 1405/3783, 0.4 task/s, elapsed: 3570s, ETA:  6042s[>>>>>>>>>>>>>>>>>>                                ] 1406/3783, 0.4 task/s, elapsed: 3579s, ETA:  6051s[>>>>>>>>>>>>>>>>>>                                ] 1407/3783, 0.4 task/s, elapsed: 3579s, ETA:  6044s[>>>>>>>>>>>>>>>>>>                                ] 1408/3783, 0.4 task/s, elapsed: 3579s, ETA:  6038s[>>>>>>>>>>>>>>>>>>                                ] 1409/3783, 0.4 task/s, elapsed: 3579s, ETA:  6031s[>>>>>>>>>>>>>>>>>>                                ] 1410/3783, 0.4 task/s, elapsed: 3579s, ETA:  6024s[>>>>>>>>>>>>>>>>>>                                ] 1411/3783, 0.4 task/s, elapsed: 3592s, ETA:  6038s[>>>>>>>>>>>>>>>>>>                                ] 1412/3783, 0.4 task/s, elapsed: 3592s, ETA:  6031s[>>>>>>>>>>>>>>>>>>                                ] 1413/3783, 0.4 task/s, elapsed: 3592s, ETA:  6024s[>>>>>>>>>>>>>>>>>>                                ] 1414/3783, 0.4 task/s, elapsed: 3592s, ETA:  6017s[>>>>>>>>>>>>>>>>>>                                ] 1415/3783, 0.4 task/s, elapsed: 3592s, ETA:  6011s[>>>>>>>>>>>>>>>>>>                                ] 1416/3783, 0.4 task/s, elapsed: 3602s, ETA:  6021s[>>>>>>>>>>>>>>>>>>                                ] 1417/3783, 0.4 task/s, elapsed: 3602s, ETA:  6014s[>>>>>>>>>>>>>>>>>>                                ] 1418/3783, 0.4 task/s, elapsed: 3602s, ETA:  6008s[>>>>>>>>>>>>>>>>>>                                ] 1419/3783, 0.4 task/s, elapsed: 3602s, ETA:  6001s[>>>>>>>>>>>>>>>>>>                                ] 1420/3783, 0.4 task/s, elapsed: 3602s, ETA:  5994s[>>>>>>>>>>>>>>>>>>                                ] 1421/3783, 0.4 task/s, elapsed: 3615s, ETA:  6009s[>>>>>>>>>>>>>>>>>>                                ] 1422/3783, 0.4 task/s, elapsed: 3615s, ETA:  6002s[>>>>>>>>>>>>>>>>>>                                ] 1423/3783, 0.4 task/s, elapsed: 3615s, ETA:  5995s[>>>>>>>>>>>>>>>>>>                                ] 1424/3783, 0.4 task/s, elapsed: 3615s, ETA:  5988s[>>>>>>>>>>>>>>>>>>                                ] 1425/3783, 0.4 task/s, elapsed: 3615s, ETA:  5981s[>>>>>>>>>>>>>>>>>>                                ] 1426/3783, 0.4 task/s, elapsed: 3625s, ETA:  5991s[>>>>>>>>>>>>>>>>>>                                ] 1427/3783, 0.4 task/s, elapsed: 3625s, ETA:  5984s[>>>>>>>>>>>>>>>>>>                                ] 1428/3783, 0.4 task/s, elapsed: 3625s, ETA:  5978s[>>>>>>>>>>>>>>>>>>                                ] 1429/3783, 0.4 task/s, elapsed: 3625s, ETA:  5971s[>>>>>>>>>>>>>>>>>>                                ] 1430/3783, 0.4 task/s, elapsed: 3625s, ETA:  5964s[>>>>>>>>>>>>>>>>>>                                ] 1431/3783, 0.4 task/s, elapsed: 3637s, ETA:  5978s[>>>>>>>>>>>>>>>>>>                                ] 1432/3783, 0.4 task/s, elapsed: 3637s, ETA:  5971s[>>>>>>>>>>>>>>>>>>                                ] 1433/3783, 0.4 task/s, elapsed: 3637s, ETA:  5964s[>>>>>>>>>>>>>>>>>>                                ] 1434/3783, 0.4 task/s, elapsed: 3637s, ETA:  5958s[>>>>>>>>>>>>>>>>>>                                ] 1435/3783, 0.4 task/s, elapsed: 3637s, ETA:  5951s[>>>>>>>>>>>>>>>>>>                                ] 1436/3783, 0.4 task/s, elapsed: 3650s, ETA:  5966s[>>>>>>>>>>>>>>>>>>                                ] 1437/3783, 0.4 task/s, elapsed: 3650s, ETA:  5959s[>>>>>>>>>>>>>>>>>>>                               ] 1438/3783, 0.4 task/s, elapsed: 3650s, ETA:  5952s[>>>>>>>>>>>>>>>>>>>                               ] 1439/3783, 0.4 task/s, elapsed: 3650s, ETA:  5946s[>>>>>>>>>>>>>>>>>>>                               ] 1440/3783, 0.4 task/s, elapsed: 3650s, ETA:  5939s[>>>>>>>>>>>>>>>>>>>                               ] 1441/3783, 0.4 task/s, elapsed: 3663s, ETA:  5954s[>>>>>>>>>>>>>>>>>>>                               ] 1442/3783, 0.4 task/s, elapsed: 3663s, ETA:  5947s[>>>>>>>>>>>>>>>>>>>                               ] 1443/3783, 0.4 task/s, elapsed: 3663s, ETA:  5940s[>>>>>>>>>>>>>>>>>>>                               ] 1444/3783, 0.4 task/s, elapsed: 3663s, ETA:  5934s[>>>>>>>>>>>>>>>>>>>                               ] 1445/3783, 0.4 task/s, elapsed: 3663s, ETA:  5927s[>>>>>>>>>>>>>>>>>>>                               ] 1446/3783, 0.4 task/s, elapsed: 3677s, ETA:  5942s[>>>>>>>>>>>>>>>>>>>                               ] 1447/3783, 0.4 task/s, elapsed: 3677s, ETA:  5935s[>>>>>>>>>>>>>>>>>>>                               ] 1448/3783, 0.4 task/s, elapsed: 3677s, ETA:  5929s[>>>>>>>>>>>>>>>>>>>                               ] 1449/3783, 0.4 task/s, elapsed: 3677s, ETA:  5922s[>>>>>>>>>>>>>>>>>>>                               ] 1450/3783, 0.4 task/s, elapsed: 3677s, ETA:  5916s[>>>>>>>>>>>>>>>>>>>                               ] 1451/3783, 0.4 task/s, elapsed: 3693s, ETA:  5934s[>>>>>>>>>>>>>>>>>>>                               ] 1452/3783, 0.4 task/s, elapsed: 3693s, ETA:  5928s[>>>>>>>>>>>>>>>>>>>                               ] 1453/3783, 0.4 task/s, elapsed: 3693s, ETA:  5921s[>>>>>>>>>>>>>>>>>>>                               ] 1454/3783, 0.4 task/s, elapsed: 3693s, ETA:  5915s[>>>>>>>>>>>>>>>>>>>                               ] 1455/3783, 0.4 task/s, elapsed: 3693s, ETA:  5908s[>>>>>>>>>>>>>>>>>>>                               ] 1456/3783, 0.4 task/s, elapsed: 3706s, ETA:  5924s[>>>>>>>>>>>>>>>>>>>                               ] 1457/3783, 0.4 task/s, elapsed: 3706s, ETA:  5917s[>>>>>>>>>>>>>>>>>>>                               ] 1458/3783, 0.4 task/s, elapsed: 3706s, ETA:  5910s[>>>>>>>>>>>>>>>>>>>                               ] 1459/3783, 0.4 task/s, elapsed: 3706s, ETA:  5904s[>>>>>>>>>>>>>>>>>>>                               ] 1460/3783, 0.4 task/s, elapsed: 3706s, ETA:  5897s[>>>>>>>>>>>>>>>>>>>                               ] 1461/3783, 0.4 task/s, elapsed: 3719s, ETA:  5910s[>>>>>>>>>>>>>>>>>>>                               ] 1462/3783, 0.4 task/s, elapsed: 3719s, ETA:  5903s[>>>>>>>>>>>>>>>>>>>                               ] 1463/3783, 0.4 task/s, elapsed: 3719s, ETA:  5897s[>>>>>>>>>>>>>>>>>>>                               ] 1464/3783, 0.4 task/s, elapsed: 3719s, ETA:  5890s[>>>>>>>>>>>>>>>>>>>                               ] 1465/3783, 0.4 task/s, elapsed: 3719s, ETA:  5884s[>>>>>>>>>>>>>>>>>>>                               ] 1466/3783, 0.4 task/s, elapsed: 3730s, ETA:  5896s[>>>>>>>>>>>>>>>>>>>                               ] 1467/3783, 0.4 task/s, elapsed: 3730s, ETA:  5889s[>>>>>>>>>>>>>>>>>>>                               ] 1468/3783, 0.4 task/s, elapsed: 3730s, ETA:  5883s[>>>>>>>>>>>>>>>>>>>                               ] 1469/3783, 0.4 task/s, elapsed: 3730s, ETA:  5876s[>>>>>>>>>>>>>>>>>>>                               ] 1470/3783, 0.4 task/s, elapsed: 3730s, ETA:  5870s[>>>>>>>>>>>>>>>>>>>                               ] 1471/3783, 0.4 task/s, elapsed: 3745s, ETA:  5887s[>>>>>>>>>>>>>>>>>>>                               ] 1472/3783, 0.4 task/s, elapsed: 3745s, ETA:  5880s[>>>>>>>>>>>>>>>>>>>                               ] 1473/3783, 0.4 task/s, elapsed: 3745s, ETA:  5874s[>>>>>>>>>>>>>>>>>>>                               ] 1474/3783, 0.4 task/s, elapsed: 3745s, ETA:  5867s[>>>>>>>>>>>>>>>>>>>                               ] 1475/3783, 0.4 task/s, elapsed: 3745s, ETA:  5861s[>>>>>>>>>>>>>>>>>>>                               ] 1476/3783, 0.4 task/s, elapsed: 3759s, ETA:  5876s[>>>>>>>>>>>>>>>>>>>                               ] 1477/3783, 0.4 task/s, elapsed: 3759s, ETA:  5869s[>>>>>>>>>>>>>>>>>>>                               ] 1478/3783, 0.4 task/s, elapsed: 3759s, ETA:  5863s[>>>>>>>>>>>>>>>>>>>                               ] 1479/3783, 0.4 task/s, elapsed: 3759s, ETA:  5856s[>>>>>>>>>>>>>>>>>>>                               ] 1480/3783, 0.4 task/s, elapsed: 3759s, ETA:  5850s[>>>>>>>>>>>>>>>>>>>                               ] 1481/3783, 0.4 task/s, elapsed: 3777s, ETA:  5870s[>>>>>>>>>>>>>>>>>>>                               ] 1482/3783, 0.4 task/s, elapsed: 3777s, ETA:  5864s[>>>>>>>>>>>>>>>>>>>                               ] 1483/3783, 0.4 task/s, elapsed: 3777s, ETA:  5857s[>>>>>>>>>>>>>>>>>>>                               ] 1484/3783, 0.4 task/s, elapsed: 3777s, ETA:  5851s[>>>>>>>>>>>>>>>>>>>                               ] 1485/3783, 0.4 task/s, elapsed: 3777s, ETA:  5844s[>>>>>>>>>>>>>>>>>>>                               ] 1486/3783, 0.4 task/s, elapsed: 3789s, ETA:  5856s[>>>>>>>>>>>>>>>>>>>                               ] 1487/3783, 0.4 task/s, elapsed: 3789s, ETA:  5850s[>>>>>>>>>>>>>>>>>>>                               ] 1488/3783, 0.4 task/s, elapsed: 3789s, ETA:  5843s[>>>>>>>>>>>>>>>>>>>                               ] 1489/3783, 0.4 task/s, elapsed: 3789s, ETA:  5837s[>>>>>>>>>>>>>>>>>>>                               ] 1490/3783, 0.4 task/s, elapsed: 3789s, ETA:  5830s[>>>>>>>>>>>>>>>>>>>                               ] 1491/3783, 0.4 task/s, elapsed: 3801s, ETA:  5843s[>>>>>>>>>>>>>>>>>>>                               ] 1492/3783, 0.4 task/s, elapsed: 3801s, ETA:  5836s[>>>>>>>>>>>>>>>>>>>                               ] 1493/3783, 0.4 task/s, elapsed: 3801s, ETA:  5830s[>>>>>>>>>>>>>>>>>>>                               ] 1494/3783, 0.4 task/s, elapsed: 3801s, ETA:  5823s[>>>>>>>>>>>>>>>>>>>                               ] 1495/3783, 0.4 task/s, elapsed: 3801s, ETA:  5817s[>>>>>>>>>>>>>>>>>>>                               ] 1496/3783, 0.4 task/s, elapsed: 3816s, ETA:  5834s[>>>>>>>>>>>>>>>>>>>                               ] 1497/3783, 0.4 task/s, elapsed: 3816s, ETA:  5827s[>>>>>>>>>>>>>>>>>>>                               ] 1498/3783, 0.4 task/s, elapsed: 3816s, ETA:  5821s[>>>>>>>>>>>>>>>>>>>                               ] 1499/3783, 0.4 task/s, elapsed: 3816s, ETA:  5815s[>>>>>>>>>>>>>>>>>>>                               ] 1500/3783, 0.4 task/s, elapsed: 3816s, ETA:  5808s[>>>>>>>>>>>>>>>>>>>                               ] 1501/3783, 0.4 task/s, elapsed: 3829s, ETA:  5821s[>>>>>>>>>>>>>>>>>>>                               ] 1502/3783, 0.4 task/s, elapsed: 3829s, ETA:  5814s[>>>>>>>>>>>>>>>>>>>                               ] 1503/3783, 0.4 task/s, elapsed: 3829s, ETA:  5808s[>>>>>>>>>>>>>>>>>>>                               ] 1504/3783, 0.4 task/s, elapsed: 3829s, ETA:  5801s[>>>>>>>>>>>>>>>>>>>                               ] 1505/3783, 0.4 task/s, elapsed: 3829s, ETA:  5795s[>>>>>>>>>>>>>>>>>>>                               ] 1506/3783, 0.4 task/s, elapsed: 3839s, ETA:  5805s[>>>>>>>>>>>>>>>>>>>                               ] 1507/3783, 0.4 task/s, elapsed: 3839s, ETA:  5798s[>>>>>>>>>>>>>>>>>>>                               ] 1508/3783, 0.4 task/s, elapsed: 3839s, ETA:  5792s[>>>>>>>>>>>>>>>>>>>                               ] 1509/3783, 0.4 task/s, elapsed: 3839s, ETA:  5785s[>>>>>>>>>>>>>>>>>>>                               ] 1510/3783, 0.4 task/s, elapsed: 3839s, ETA:  5779s[>>>>>>>>>>>>>>>>>>>                               ] 1511/3783, 0.4 task/s, elapsed: 3850s, ETA:  5789s[>>>>>>>>>>>>>>>>>>>                               ] 1512/3783, 0.4 task/s, elapsed: 3850s, ETA:  5783s[>>>>>>>>>>>>>>>>>>>                               ] 1513/3783, 0.4 task/s, elapsed: 3850s, ETA:  5776s[>>>>>>>>>>>>>>>>>>>>                              ] 1514/3783, 0.4 task/s, elapsed: 3850s, ETA:  5770s[>>>>>>>>>>>>>>>>>>>>                              ] 1515/3783, 0.4 task/s, elapsed: 3850s, ETA:  5764s[>>>>>>>>>>>>>>>>>>>>                              ] 1516/3783, 0.4 task/s, elapsed: 3860s, ETA:  5772s[>>>>>>>>>>>>>>>>>>>>                              ] 1517/3783, 0.4 task/s, elapsed: 3860s, ETA:  5766s[>>>>>>>>>>>>>>>>>>>>                              ] 1518/3783, 0.4 task/s, elapsed: 3860s, ETA:  5760s[>>>>>>>>>>>>>>>>>>>>                              ] 1519/3783, 0.4 task/s, elapsed: 3860s, ETA:  5753s[>>>>>>>>>>>>>>>>>>>>                              ] 1520/3783, 0.4 task/s, elapsed: 3860s, ETA:  5747s[>>>>>>>>>>>>>>>>>>>>                              ] 1521/3783, 0.4 task/s, elapsed: 3872s, ETA:  5758s[>>>>>>>>>>>>>>>>>>>>                              ] 1522/3783, 0.4 task/s, elapsed: 3872s, ETA:  5752s[>>>>>>>>>>>>>>>>>>>>                              ] 1523/3783, 0.4 task/s, elapsed: 3872s, ETA:  5745s[>>>>>>>>>>>>>>>>>>>>                              ] 1524/3783, 0.4 task/s, elapsed: 3872s, ETA:  5739s[>>>>>>>>>>>>>>>>>>>>                              ] 1525/3783, 0.4 task/s, elapsed: 3872s, ETA:  5733s[>>>>>>>>>>>>>>>>>>>>                              ] 1526/3783, 0.4 task/s, elapsed: 3882s, ETA:  5741s[>>>>>>>>>>>>>>>>>>>>                              ] 1527/3783, 0.4 task/s, elapsed: 3882s, ETA:  5735s[>>>>>>>>>>>>>>>>>>>>                              ] 1528/3783, 0.4 task/s, elapsed: 3882s, ETA:  5729s[>>>>>>>>>>>>>>>>>>>>                              ] 1529/3783, 0.4 task/s, elapsed: 3882s, ETA:  5723s[>>>>>>>>>>>>>>>>>>>>                              ] 1530/3783, 0.4 task/s, elapsed: 3882s, ETA:  5716s[>>>>>>>>>>>>>>>>>>>>                              ] 1531/3783, 0.4 task/s, elapsed: 3892s, ETA:  5725s[>>>>>>>>>>>>>>>>>>>>                              ] 1532/3783, 0.4 task/s, elapsed: 3892s, ETA:  5718s[>>>>>>>>>>>>>>>>>>>>                              ] 1533/3783, 0.4 task/s, elapsed: 3892s, ETA:  5712s[>>>>>>>>>>>>>>>>>>>>                              ] 1534/3783, 0.4 task/s, elapsed: 3892s, ETA:  5706s[>>>>>>>>>>>>>>>>>>>>                              ] 1535/3783, 0.4 task/s, elapsed: 3892s, ETA:  5700s[>>>>>>>>>>>>>>>>>>>>                              ] 1536/3783, 0.4 task/s, elapsed: 3903s, ETA:  5709s[>>>>>>>>>>>>>>>>>>>>                              ] 1537/3783, 0.4 task/s, elapsed: 3903s, ETA:  5703s[>>>>>>>>>>>>>>>>>>>>                              ] 1538/3783, 0.4 task/s, elapsed: 3903s, ETA:  5696s[>>>>>>>>>>>>>>>>>>>>                              ] 1539/3783, 0.4 task/s, elapsed: 3903s, ETA:  5690s[>>>>>>>>>>>>>>>>>>>>                              ] 1540/3783, 0.4 task/s, elapsed: 3903s, ETA:  5684s[>>>>>>>>>>>>>>>>>>>>                              ] 1541/3783, 0.4 task/s, elapsed: 3915s, ETA:  5696s[>>>>>>>>>>>>>>>>>>>>                              ] 1542/3783, 0.4 task/s, elapsed: 3915s, ETA:  5689s[>>>>>>>>>>>>>>>>>>>>                              ] 1543/3783, 0.4 task/s, elapsed: 3915s, ETA:  5683s[>>>>>>>>>>>>>>>>>>>>                              ] 1544/3783, 0.4 task/s, elapsed: 3915s, ETA:  5677s[>>>>>>>>>>>>>>>>>>>>                              ] 1545/3783, 0.4 task/s, elapsed: 3915s, ETA:  5671s[>>>>>>>>>>>>>>>>>>>>                              ] 1546/3783, 0.4 task/s, elapsed: 3926s, ETA:  5681s[>>>>>>>>>>>>>>>>>>>>                              ] 1547/3783, 0.4 task/s, elapsed: 3926s, ETA:  5674s[>>>>>>>>>>>>>>>>>>>>                              ] 1548/3783, 0.4 task/s, elapsed: 3926s, ETA:  5668s[>>>>>>>>>>>>>>>>>>>>                              ] 1549/3783, 0.4 task/s, elapsed: 3926s, ETA:  5662s[>>>>>>>>>>>>>>>>>>>>                              ] 1550/3783, 0.4 task/s, elapsed: 3926s, ETA:  5656s[>>>>>>>>>>>>>>>>>>>>                              ] 1551/3783, 0.4 task/s, elapsed: 3936s, ETA:  5664s[>>>>>>>>>>>>>>>>>>>>                              ] 1552/3783, 0.4 task/s, elapsed: 3936s, ETA:  5658s[>>>>>>>>>>>>>>>>>>>>                              ] 1553/3783, 0.4 task/s, elapsed: 3936s, ETA:  5652s[>>>>>>>>>>>>>>>>>>>>                              ] 1554/3783, 0.4 task/s, elapsed: 3936s, ETA:  5646s[>>>>>>>>>>>>>>>>>>>>                              ] 1555/3783, 0.4 task/s, elapsed: 3936s, ETA:  5640s[>>>>>>>>>>>>>>>>>>>>                              ] 1556/3783, 0.4 task/s, elapsed: 3946s, ETA:  5648s[>>>>>>>>>>>>>>>>>>>>                              ] 1557/3783, 0.4 task/s, elapsed: 3946s, ETA:  5642s[>>>>>>>>>>>>>>>>>>>>                              ] 1558/3783, 0.4 task/s, elapsed: 3946s, ETA:  5636s[>>>>>>>>>>>>>>>>>>>>                              ] 1559/3783, 0.4 task/s, elapsed: 3946s, ETA:  5630s[>>>>>>>>>>>>>>>>>>>>                              ] 1560/3783, 0.4 task/s, elapsed: 3946s, ETA:  5624s[>>>>>>>>>>>>>>>>>>>>                              ] 1561/3783, 0.4 task/s, elapsed: 3957s, ETA:  5633s[>>>>>>>>>>>>>>>>>>>>                              ] 1562/3783, 0.4 task/s, elapsed: 3957s, ETA:  5627s[>>>>>>>>>>>>>>>>>>>>                              ] 1563/3783, 0.4 task/s, elapsed: 3957s, ETA:  5620s[>>>>>>>>>>>>>>>>>>>>                              ] 1564/3783, 0.4 task/s, elapsed: 3957s, ETA:  5614s[>>>>>>>>>>>>>>>>>>>>                              ] 1565/3783, 0.4 task/s, elapsed: 3957s, ETA:  5608s[>>>>>>>>>>>>>>>>>>>>                              ] 1566/3783, 0.4 task/s, elapsed: 3968s, ETA:  5618s[>>>>>>>>>>>>>>>>>>>>                              ] 1567/3783, 0.4 task/s, elapsed: 3968s, ETA:  5612s[>>>>>>>>>>>>>>>>>>>>                              ] 1568/3783, 0.4 task/s, elapsed: 3968s, ETA:  5605s[>>>>>>>>>>>>>>>>>>>>                              ] 1569/3783, 0.4 task/s, elapsed: 3968s, ETA:  5599s[>>>>>>>>>>>>>>>>>>>>                              ] 1570/3783, 0.4 task/s, elapsed: 3968s, ETA:  5593s[>>>>>>>>>>>>>>>>>>>>                              ] 1571/3783, 0.4 task/s, elapsed: 3979s, ETA:  5602s[>>>>>>>>>>>>>>>>>>>>                              ] 1572/3783, 0.4 task/s, elapsed: 3979s, ETA:  5596s[>>>>>>>>>>>>>>>>>>>>                              ] 1573/3783, 0.4 task/s, elapsed: 3979s, ETA:  5590s[>>>>>>>>>>>>>>>>>>>>                              ] 1574/3783, 0.4 task/s, elapsed: 3979s, ETA:  5584s[>>>>>>>>>>>>>>>>>>>>                              ] 1575/3783, 0.4 task/s, elapsed: 3979s, ETA:  5578s[>>>>>>>>>>>>>>>>>>>>                              ] 1576/3783, 0.4 task/s, elapsed: 3989s, ETA:  5586s[>>>>>>>>>>>>>>>>>>>>                              ] 1577/3783, 0.4 task/s, elapsed: 3989s, ETA:  5579s[>>>>>>>>>>>>>>>>>>>>                              ] 1578/3783, 0.4 task/s, elapsed: 3989s, ETA:  5573s[>>>>>>>>>>>>>>>>>>>>                              ] 1579/3783, 0.4 task/s, elapsed: 3989s, ETA:  5567s[>>>>>>>>>>>>>>>>>>>>                              ] 1580/3783, 0.4 task/s, elapsed: 3989s, ETA:  5561s[>>>>>>>>>>>>>>>>>>>>                              ] 1581/3783, 0.4 task/s, elapsed: 3999s, ETA:  5570s[>>>>>>>>>>>>>>>>>>>>                              ] 1582/3783, 0.4 task/s, elapsed: 3999s, ETA:  5564s[>>>>>>>>>>>>>>>>>>>>                              ] 1583/3783, 0.4 task/s, elapsed: 3999s, ETA:  5558s[>>>>>>>>>>>>>>>>>>>>                              ] 1584/3783, 0.4 task/s, elapsed: 3999s, ETA:  5552s[>>>>>>>>>>>>>>>>>>>>                              ] 1585/3783, 0.4 task/s, elapsed: 3999s, ETA:  5546s[>>>>>>>>>>>>>>>>>>>>                              ] 1586/3783, 0.4 task/s, elapsed: 4010s, ETA:  5555s[>>>>>>>>>>>>>>>>>>>>                              ] 1587/3783, 0.4 task/s, elapsed: 4010s, ETA:  5549s[>>>>>>>>>>>>>>>>>>>>                              ] 1588/3783, 0.4 task/s, elapsed: 4010s, ETA:  5543s[>>>>>>>>>>>>>>>>>>>>>                             ] 1589/3783, 0.4 task/s, elapsed: 4010s, ETA:  5537s[>>>>>>>>>>>>>>>>>>>>>                             ] 1590/3783, 0.4 task/s, elapsed: 4010s, ETA:  5531s[>>>>>>>>>>>>>>>>>>>>>                             ] 1591/3783, 0.4 task/s, elapsed: 4021s, ETA:  5540s[>>>>>>>>>>>>>>>>>>>>>                             ] 1592/3783, 0.4 task/s, elapsed: 4021s, ETA:  5534s[>>>>>>>>>>>>>>>>>>>>>                             ] 1593/3783, 0.4 task/s, elapsed: 4021s, ETA:  5528s[>>>>>>>>>>>>>>>>>>>>>                             ] 1594/3783, 0.4 task/s, elapsed: 4021s, ETA:  5522s[>>>>>>>>>>>>>>>>>>>>>                             ] 1595/3783, 0.4 task/s, elapsed: 4021s, ETA:  5516s[>>>>>>>>>>>>>>>>>>>>>                             ] 1596/3783, 0.4 task/s, elapsed: 4032s, ETA:  5525s[>>>>>>>>>>>>>>>>>>>>>                             ] 1597/3783, 0.4 task/s, elapsed: 4032s, ETA:  5519s[>>>>>>>>>>>>>>>>>>>>>                             ] 1598/3783, 0.4 task/s, elapsed: 4032s, ETA:  5513s[>>>>>>>>>>>>>>>>>>>>>                             ] 1599/3783, 0.4 task/s, elapsed: 4032s, ETA:  5508s[>>>>>>>>>>>>>>>>>>>>>                             ] 1600/3783, 0.4 task/s, elapsed: 4032s, ETA:  5502s[>>>>>>>>>>>>>>>>>>>>>                             ] 1601/3783, 0.4 task/s, elapsed: 4046s, ETA:  5514s[>>>>>>>>>>>>>>>>>>>>>                             ] 1602/3783, 0.4 task/s, elapsed: 4046s, ETA:  5508s[>>>>>>>>>>>>>>>>>>>>>                             ] 1603/3783, 0.4 task/s, elapsed: 4046s, ETA:  5503s[>>>>>>>>>>>>>>>>>>>>>                             ] 1604/3783, 0.4 task/s, elapsed: 4046s, ETA:  5497s[>>>>>>>>>>>>>>>>>>>>>                             ] 1605/3783, 0.4 task/s, elapsed: 4046s, ETA:  5491s[>>>>>>>>>>>>>>>>>>>>>                             ] 1606/3783, 0.4 task/s, elapsed: 4057s, ETA:  5499s[>>>>>>>>>>>>>>>>>>>>>                             ] 1607/3783, 0.4 task/s, elapsed: 4057s, ETA:  5493s[>>>>>>>>>>>>>>>>>>>>>                             ] 1608/3783, 0.4 task/s, elapsed: 4057s, ETA:  5487s[>>>>>>>>>>>>>>>>>>>>>                             ] 1609/3783, 0.4 task/s, elapsed: 4057s, ETA:  5481s[>>>>>>>>>>>>>>>>>>>>>                             ] 1610/3783, 0.4 task/s, elapsed: 4057s, ETA:  5475s[>>>>>>>>>>>>>>>>>>>>>                             ] 1611/3783, 0.4 task/s, elapsed: 4067s, ETA:  5483s[>>>>>>>>>>>>>>>>>>>>>                             ] 1612/3783, 0.4 task/s, elapsed: 4067s, ETA:  5477s[>>>>>>>>>>>>>>>>>>>>>                             ] 1613/3783, 0.4 task/s, elapsed: 4067s, ETA:  5471s[>>>>>>>>>>>>>>>>>>>>>                             ] 1614/3783, 0.4 task/s, elapsed: 4067s, ETA:  5466s[>>>>>>>>>>>>>>>>>>>>>                             ] 1615/3783, 0.4 task/s, elapsed: 4067s, ETA:  5460s[>>>>>>>>>>>>>>>>>>>>>                             ] 1616/3783, 0.4 task/s, elapsed: 4088s, ETA:  5482s[>>>>>>>>>>>>>>>>>>>>>                             ] 1617/3783, 0.4 task/s, elapsed: 4088s, ETA:  5476s[>>>>>>>>>>>>>>>>>>>>>                             ] 1618/3783, 0.4 task/s, elapsed: 4088s, ETA:  5470s[>>>>>>>>>>>>>>>>>>>>>                             ] 1619/3783, 0.4 task/s, elapsed: 4088s, ETA:  5464s[>>>>>>>>>>>>>>>>>>>>>                             ] 1620/3783, 0.4 task/s, elapsed: 4088s, ETA:  5458s[>>>>>>>>>>>>>>>>>>>>>                             ] 1621/3783, 0.4 task/s, elapsed: 4100s, ETA:  5469s[>>>>>>>>>>>>>>>>>>>>>                             ] 1622/3783, 0.4 task/s, elapsed: 4100s, ETA:  5463s[>>>>>>>>>>>>>>>>>>>>>                             ] 1623/3783, 0.4 task/s, elapsed: 4100s, ETA:  5457s[>>>>>>>>>>>>>>>>>>>>>                             ] 1624/3783, 0.4 task/s, elapsed: 4100s, ETA:  5451s[>>>>>>>>>>>>>>>>>>>>>                             ] 1625/3783, 0.4 task/s, elapsed: 4100s, ETA:  5445s[>>>>>>>>>>>>>>>>>>>>>                             ] 1626/3783, 0.4 task/s, elapsed: 4111s, ETA:  5454s[>>>>>>>>>>>>>>>>>>>>>                             ] 1627/3783, 0.4 task/s, elapsed: 4111s, ETA:  5448s[>>>>>>>>>>>>>>>>>>>>>                             ] 1628/3783, 0.4 task/s, elapsed: 4111s, ETA:  5442s[>>>>>>>>>>>>>>>>>>>>>                             ] 1629/3783, 0.4 task/s, elapsed: 4111s, ETA:  5436s[>>>>>>>>>>>>>>>>>>>>>                             ] 1630/3783, 0.4 task/s, elapsed: 4111s, ETA:  5430s[>>>>>>>>>>>>>>>>>>>>>                             ] 1631/3783, 0.4 task/s, elapsed: 4122s, ETA:  5439s[>>>>>>>>>>>>>>>>>>>>>                             ] 1632/3783, 0.4 task/s, elapsed: 4122s, ETA:  5433s[>>>>>>>>>>>>>>>>>>>>>                             ] 1633/3783, 0.4 task/s, elapsed: 4122s, ETA:  5427s[>>>>>>>>>>>>>>>>>>>>>                             ] 1634/3783, 0.4 task/s, elapsed: 4122s, ETA:  5422s[>>>>>>>>>>>>>>>>>>>>>                             ] 1635/3783, 0.4 task/s, elapsed: 4122s, ETA:  5416s[>>>>>>>>>>>>>>>>>>>>>                             ] 1636/3783, 0.4 task/s, elapsed: 4134s, ETA:  5426s[>>>>>>>>>>>>>>>>>>>>>                             ] 1637/3783, 0.4 task/s, elapsed: 4134s, ETA:  5420s[>>>>>>>>>>>>>>>>>>>>>                             ] 1638/3783, 0.4 task/s, elapsed: 4134s, ETA:  5414s[>>>>>>>>>>>>>>>>>>>>>                             ] 1639/3783, 0.4 task/s, elapsed: 4134s, ETA:  5408s[>>>>>>>>>>>>>>>>>>>>>                             ] 1640/3783, 0.4 task/s, elapsed: 4134s, ETA:  5402s[>>>>>>>>>>>>>>>>>>>>>                             ] 1641/3783, 0.4 task/s, elapsed: 4146s, ETA:  5411s[>>>>>>>>>>>>>>>>>>>>>                             ] 1642/3783, 0.4 task/s, elapsed: 4146s, ETA:  5406s[>>>>>>>>>>>>>>>>>>>>>                             ] 1643/3783, 0.4 task/s, elapsed: 4146s, ETA:  5400s[>>>>>>>>>>>>>>>>>>>>>                             ] 1644/3783, 0.4 task/s, elapsed: 4146s, ETA:  5394s[>>>>>>>>>>>>>>>>>>>>>                             ] 1645/3783, 0.4 task/s, elapsed: 4146s, ETA:  5388s[>>>>>>>>>>>>>>>>>>>>>                             ] 1646/3783, 0.4 task/s, elapsed: 4157s, ETA:  5397s[>>>>>>>>>>>>>>>>>>>>>                             ] 1647/3783, 0.4 task/s, elapsed: 4157s, ETA:  5392s[>>>>>>>>>>>>>>>>>>>>>                             ] 1648/3783, 0.4 task/s, elapsed: 4157s, ETA:  5386s[>>>>>>>>>>>>>>>>>>>>>                             ] 1649/3783, 0.4 task/s, elapsed: 4157s, ETA:  5380s[>>>>>>>>>>>>>>>>>>>>>                             ] 1650/3783, 0.4 task/s, elapsed: 4157s, ETA:  5374s[>>>>>>>>>>>>>>>>>>>>>                             ] 1651/3783, 0.4 task/s, elapsed: 4170s, ETA:  5385s[>>>>>>>>>>>>>>>>>>>>>                             ] 1652/3783, 0.4 task/s, elapsed: 4170s, ETA:  5380s[>>>>>>>>>>>>>>>>>>>>>                             ] 1653/3783, 0.4 task/s, elapsed: 4170s, ETA:  5374s[>>>>>>>>>>>>>>>>>>>>>                             ] 1654/3783, 0.4 task/s, elapsed: 4170s, ETA:  5368s[>>>>>>>>>>>>>>>>>>>>>                             ] 1655/3783, 0.4 task/s, elapsed: 4170s, ETA:  5362s[>>>>>>>>>>>>>>>>>>>>>                             ] 1656/3783, 0.4 task/s, elapsed: 4182s, ETA:  5372s[>>>>>>>>>>>>>>>>>>>>>                             ] 1657/3783, 0.4 task/s, elapsed: 4182s, ETA:  5366s[>>>>>>>>>>>>>>>>>>>>>                             ] 1658/3783, 0.4 task/s, elapsed: 4182s, ETA:  5360s[>>>>>>>>>>>>>>>>>>>>>                             ] 1659/3783, 0.4 task/s, elapsed: 4182s, ETA:  5354s[>>>>>>>>>>>>>>>>>>>>>                             ] 1660/3783, 0.4 task/s, elapsed: 4182s, ETA:  5349s[>>>>>>>>>>>>>>>>>>>>>                             ] 1661/3783, 0.4 task/s, elapsed: 4194s, ETA:  5358s[>>>>>>>>>>>>>>>>>>>>>                             ] 1662/3783, 0.4 task/s, elapsed: 4194s, ETA:  5353s[>>>>>>>>>>>>>>>>>>>>>                             ] 1663/3783, 0.4 task/s, elapsed: 4194s, ETA:  5347s[>>>>>>>>>>>>>>>>>>>>>                             ] 1664/3783, 0.4 task/s, elapsed: 4194s, ETA:  5341s[>>>>>>>>>>>>>>>>>>>>>>                            ] 1665/3783, 0.4 task/s, elapsed: 4194s, ETA:  5336s[>>>>>>>>>>>>>>>>>>>>>>                            ] 1666/3783, 0.4 task/s, elapsed: 4206s, ETA:  5345s[>>>>>>>>>>>>>>>>>>>>>>                            ] 1667/3783, 0.4 task/s, elapsed: 4206s, ETA:  5339s[>>>>>>>>>>>>>>>>>>>>>>                            ] 1668/3783, 0.4 task/s, elapsed: 4206s, ETA:  5333s[>>>>>>>>>>>>>>>>>>>>>>                            ] 1669/3783, 0.4 task/s, elapsed: 4206s, ETA:  5328s[>>>>>>>>>>>>>>>>>>>>>>                            ] 1670/3783, 0.4 task/s, elapsed: 4206s, ETA:  5322s[>>>>>>>>>>>>>>>>>>>>>>                            ] 1671/3783, 0.4 task/s, elapsed: 4218s, ETA:  5331s[>>>>>>>>>>>>>>>>>>>>>>                            ] 1672/3783, 0.4 task/s, elapsed: 4218s, ETA:  5325s[>>>>>>>>>>>>>>>>>>>>>>                            ] 1673/3783, 0.4 task/s, elapsed: 4218s, ETA:  5319s[>>>>>>>>>>>>>>>>>>>>>>                            ] 1674/3783, 0.4 task/s, elapsed: 4218s, ETA:  5314s[>>>>>>>>>>>>>>>>>>>>>>                            ] 1675/3783, 0.4 task/s, elapsed: 4218s, ETA:  5308s[>>>>>>>>>>>>>>>>>>>>>>                            ] 1676/3783, 0.4 task/s, elapsed: 4230s, ETA:  5318s[>>>>>>>>>>>>>>>>>>>>>>                            ] 1677/3783, 0.4 task/s, elapsed: 4230s, ETA:  5312s[>>>>>>>>>>>>>>>>>>>>>>                            ] 1678/3783, 0.4 task/s, elapsed: 4230s, ETA:  5307s[>>>>>>>>>>>>>>>>>>>>>>                            ] 1679/3783, 0.4 task/s, elapsed: 4230s, ETA:  5301s[>>>>>>>>>>>>>>>>>>>>>>                            ] 1680/3783, 0.4 task/s, elapsed: 4230s, ETA:  5295s[>>>>>>>>>>>>>>>>>>>>>>                            ] 1681/3783, 0.4 task/s, elapsed: 4244s, ETA:  5307s[>>>>>>>>>>>>>>>>>>>>>>                            ] 1682/3783, 0.4 task/s, elapsed: 4244s, ETA:  5302s[>>>>>>>>>>>>>>>>>>>>>>                            ] 1683/3783, 0.4 task/s, elapsed: 4244s, ETA:  5296s[>>>>>>>>>>>>>>>>>>>>>>                            ] 1684/3783, 0.4 task/s, elapsed: 4244s, ETA:  5290s[>>>>>>>>>>>>>>>>>>>>>>                            ] 1685/3783, 0.4 task/s, elapsed: 4244s, ETA:  5285s[>>>>>>>>>>>>>>>>>>>>>>                            ] 1686/3783, 0.4 task/s, elapsed: 4255s, ETA:  5292s[>>>>>>>>>>>>>>>>>>>>>>                            ] 1687/3783, 0.4 task/s, elapsed: 4255s, ETA:  5287s[>>>>>>>>>>>>>>>>>>>>>>                            ] 1688/3783, 0.4 task/s, elapsed: 4255s, ETA:  5281s[>>>>>>>>>>>>>>>>>>>>>>                            ] 1689/3783, 0.4 task/s, elapsed: 4255s, ETA:  5275s[>>>>>>>>>>>>>>>>>>>>>>                            ] 1690/3783, 0.4 task/s, elapsed: 4255s, ETA:  5270s[>>>>>>>>>>>>>>>>>>>>>>                            ] 1691/3783, 0.4 task/s, elapsed: 4265s, ETA:  5277s[>>>>>>>>>>>>>>>>>>>>>>                            ] 1692/3783, 0.4 task/s, elapsed: 4265s, ETA:  5271s[>>>>>>>>>>>>>>>>>>>>>>                            ] 1693/3783, 0.4 task/s, elapsed: 4265s, ETA:  5266s[>>>>>>>>>>>>>>>>>>>>>>                            ] 1694/3783, 0.4 task/s, elapsed: 4265s, ETA:  5260s[>>>>>>>>>>>>>>>>>>>>>>                            ] 1695/3783, 0.4 task/s, elapsed: 4265s, ETA:  5254s[>>>>>>>>>>>>>>>>>>>>>>                            ] 1696/3783, 0.4 task/s, elapsed: 4275s, ETA:  5261s[>>>>>>>>>>>>>>>>>>>>>>                            ] 1697/3783, 0.4 task/s, elapsed: 4275s, ETA:  5255s[>>>>>>>>>>>>>>>>>>>>>>                            ] 1698/3783, 0.4 task/s, elapsed: 4275s, ETA:  5249s[>>>>>>>>>>>>>>>>>>>>>>                            ] 1699/3783, 0.4 task/s, elapsed: 4275s, ETA:  5244s[>>>>>>>>>>>>>>>>>>>>>>                            ] 1700/3783, 0.4 task/s, elapsed: 4275s, ETA:  5238s[>>>>>>>>>>>>>>>>>>>>>>                            ] 1701/3783, 0.4 task/s, elapsed: 4287s, ETA:  5248s[>>>>>>>>>>>>>>>>>>>>>>                            ] 1702/3783, 0.4 task/s, elapsed: 4287s, ETA:  5242s[>>>>>>>>>>>>>>>>>>>>>>                            ] 1703/3783, 0.4 task/s, elapsed: 4287s, ETA:  5237s[>>>>>>>>>>>>>>>>>>>>>>                            ] 1704/3783, 0.4 task/s, elapsed: 4287s, ETA:  5231s[>>>>>>>>>>>>>>>>>>>>>>                            ] 1705/3783, 0.4 task/s, elapsed: 4287s, ETA:  5225s[>>>>>>>>>>>>>>>>>>>>>>                            ] 1706/3783, 0.4 task/s, elapsed: 4298s, ETA:  5233s[>>>>>>>>>>>>>>>>>>>>>>                            ] 1707/3783, 0.4 task/s, elapsed: 4298s, ETA:  5227s[>>>>>>>>>>>>>>>>>>>>>>                            ] 1708/3783, 0.4 task/s, elapsed: 4298s, ETA:  5221s[>>>>>>>>>>>>>>>>>>>>>>                            ] 1709/3783, 0.4 task/s, elapsed: 4298s, ETA:  5216s[>>>>>>>>>>>>>>>>>>>>>>                            ] 1710/3783, 0.4 task/s, elapsed: 4298s, ETA:  5210s[>>>>>>>>>>>>>>>>>>>>>>                            ] 1711/3783, 0.4 task/s, elapsed: 4308s, ETA:  5217s[>>>>>>>>>>>>>>>>>>>>>>                            ] 1712/3783, 0.4 task/s, elapsed: 4308s, ETA:  5211s[>>>>>>>>>>>>>>>>>>>>>>                            ] 1713/3783, 0.4 task/s, elapsed: 4308s, ETA:  5206s[>>>>>>>>>>>>>>>>>>>>>>                            ] 1714/3783, 0.4 task/s, elapsed: 4308s, ETA:  5200s[>>>>>>>>>>>>>>>>>>>>>>                            ] 1715/3783, 0.4 task/s, elapsed: 4308s, ETA:  5195s[>>>>>>>>>>>>>>>>>>>>>>                            ] 1716/3783, 0.4 task/s, elapsed: 4318s, ETA:  5201s[>>>>>>>>>>>>>>>>>>>>>>                            ] 1717/3783, 0.4 task/s, elapsed: 4318s, ETA:  5196s[>>>>>>>>>>>>>>>>>>>>>>                            ] 1718/3783, 0.4 task/s, elapsed: 4318s, ETA:  5190s[>>>>>>>>>>>>>>>>>>>>>>                            ] 1719/3783, 0.4 task/s, elapsed: 4318s, ETA:  5185s[>>>>>>>>>>>>>>>>>>>>>>                            ] 1720/3783, 0.4 task/s, elapsed: 4318s, ETA:  5179s[>>>>>>>>>>>>>>>>>>>>>>                            ] 1721/3783, 0.4 task/s, elapsed: 4328s, ETA:  5186s[>>>>>>>>>>>>>>>>>>>>>>                            ] 1722/3783, 0.4 task/s, elapsed: 4328s, ETA:  5180s[>>>>>>>>>>>>>>>>>>>>>>                            ] 1723/3783, 0.4 task/s, elapsed: 4328s, ETA:  5175s[>>>>>>>>>>>>>>>>>>>>>>                            ] 1724/3783, 0.4 task/s, elapsed: 4328s, ETA:  5169s[>>>>>>>>>>>>>>>>>>>>>>                            ] 1725/3783, 0.4 task/s, elapsed: 4328s, ETA:  5163s[>>>>>>>>>>>>>>>>>>>>>>                            ] 1726/3783, 0.4 task/s, elapsed: 4338s, ETA:  5170s[>>>>>>>>>>>>>>>>>>>>>>                            ] 1727/3783, 0.4 task/s, elapsed: 4338s, ETA:  5164s[>>>>>>>>>>>>>>>>>>>>>>                            ] 1728/3783, 0.4 task/s, elapsed: 4338s, ETA:  5159s[>>>>>>>>>>>>>>>>>>>>>>                            ] 1729/3783, 0.4 task/s, elapsed: 4338s, ETA:  5153s[>>>>>>>>>>>>>>>>>>>>>>                            ] 1730/3783, 0.4 task/s, elapsed: 4338s, ETA:  5148s[>>>>>>>>>>>>>>>>>>>>>>                            ] 1731/3783, 0.4 task/s, elapsed: 4348s, ETA:  5154s[>>>>>>>>>>>>>>>>>>>>>>                            ] 1732/3783, 0.4 task/s, elapsed: 4348s, ETA:  5149s[>>>>>>>>>>>>>>>>>>>>>>                            ] 1733/3783, 0.4 task/s, elapsed: 4348s, ETA:  5143s[>>>>>>>>>>>>>>>>>>>>>>                            ] 1734/3783, 0.4 task/s, elapsed: 4348s, ETA:  5138s[>>>>>>>>>>>>>>>>>>>>>>                            ] 1735/3783, 0.4 task/s, elapsed: 4348s, ETA:  5132s[>>>>>>>>>>>>>>>>>>>>>>                            ] 1736/3783, 0.4 task/s, elapsed: 4358s, ETA:  5139s[>>>>>>>>>>>>>>>>>>>>>>                            ] 1737/3783, 0.4 task/s, elapsed: 4358s, ETA:  5133s[>>>>>>>>>>>>>>>>>>>>>>                            ] 1738/3783, 0.4 task/s, elapsed: 4358s, ETA:  5128s[>>>>>>>>>>>>>>>>>>>>>>                            ] 1739/3783, 0.4 task/s, elapsed: 4358s, ETA:  5123s[>>>>>>>>>>>>>>>>>>>>>>                            ] 1740/3783, 0.4 task/s, elapsed: 4358s, ETA:  5117s[>>>>>>>>>>>>>>>>>>>>>>>                           ] 1741/3783, 0.4 task/s, elapsed: 4368s, ETA:  5124s[>>>>>>>>>>>>>>>>>>>>>>>                           ] 1742/3783, 0.4 task/s, elapsed: 4368s, ETA:  5118s[>>>>>>>>>>>>>>>>>>>>>>>                           ] 1743/3783, 0.4 task/s, elapsed: 4368s, ETA:  5113s[>>>>>>>>>>>>>>>>>>>>>>>                           ] 1744/3783, 0.4 task/s, elapsed: 4368s, ETA:  5107s[>>>>>>>>>>>>>>>>>>>>>>>                           ] 1745/3783, 0.4 task/s, elapsed: 4368s, ETA:  5102s[>>>>>>>>>>>>>>>>>>>>>>>                           ] 1746/3783, 0.4 task/s, elapsed: 4378s, ETA:  5108s[>>>>>>>>>>>>>>>>>>>>>>>                           ] 1747/3783, 0.4 task/s, elapsed: 4378s, ETA:  5103s[>>>>>>>>>>>>>>>>>>>>>>>                           ] 1748/3783, 0.4 task/s, elapsed: 4378s, ETA:  5097s[>>>>>>>>>>>>>>>>>>>>>>>                           ] 1749/3783, 0.4 task/s, elapsed: 4378s, ETA:  5092s[>>>>>>>>>>>>>>>>>>>>>>>                           ] 1750/3783, 0.4 task/s, elapsed: 4378s, ETA:  5086s[>>>>>>>>>>>>>>>>>>>>>>>                           ] 1751/3783, 0.4 task/s, elapsed: 4388s, ETA:  5092s[>>>>>>>>>>>>>>>>>>>>>>>                           ] 1752/3783, 0.4 task/s, elapsed: 4388s, ETA:  5087s[>>>>>>>>>>>>>>>>>>>>>>>                           ] 1753/3783, 0.4 task/s, elapsed: 4388s, ETA:  5082s[>>>>>>>>>>>>>>>>>>>>>>>                           ] 1754/3783, 0.4 task/s, elapsed: 4388s, ETA:  5076s[>>>>>>>>>>>>>>>>>>>>>>>                           ] 1755/3783, 0.4 task/s, elapsed: 4388s, ETA:  5071s[>>>>>>>>>>>>>>>>>>>>>>>                           ] 1756/3783, 0.4 task/s, elapsed: 4398s, ETA:  5077s[>>>>>>>>>>>>>>>>>>>>>>>                           ] 1757/3783, 0.4 task/s, elapsed: 4398s, ETA:  5071s[>>>>>>>>>>>>>>>>>>>>>>>                           ] 1758/3783, 0.4 task/s, elapsed: 4398s, ETA:  5066s[>>>>>>>>>>>>>>>>>>>>>>>                           ] 1759/3783, 0.4 task/s, elapsed: 4398s, ETA:  5061s[>>>>>>>>>>>>>>>>>>>>>>>                           ] 1760/3783, 0.4 task/s, elapsed: 4398s, ETA:  5055s[>>>>>>>>>>>>>>>>>>>>>>>                           ] 1761/3783, 0.4 task/s, elapsed: 4408s, ETA:  5062s[>>>>>>>>>>>>>>>>>>>>>>>                           ] 1762/3783, 0.4 task/s, elapsed: 4408s, ETA:  5056s[>>>>>>>>>>>>>>>>>>>>>>>                           ] 1763/3783, 0.4 task/s, elapsed: 4408s, ETA:  5051s[>>>>>>>>>>>>>>>>>>>>>>>                           ] 1764/3783, 0.4 task/s, elapsed: 4408s, ETA:  5046s[>>>>>>>>>>>>>>>>>>>>>>>                           ] 1765/3783, 0.4 task/s, elapsed: 4408s, ETA:  5040s[>>>>>>>>>>>>>>>>>>>>>>>                           ] 1766/3783, 0.4 task/s, elapsed: 4420s, ETA:  5048s[>>>>>>>>>>>>>>>>>>>>>>>                           ] 1767/3783, 0.4 task/s, elapsed: 4420s, ETA:  5043s[>>>>>>>>>>>>>>>>>>>>>>>                           ] 1768/3783, 0.4 task/s, elapsed: 4420s, ETA:  5037s[>>>>>>>>>>>>>>>>>>>>>>>                           ] 1769/3783, 0.4 task/s, elapsed: 4420s, ETA:  5032s[>>>>>>>>>>>>>>>>>>>>>>>                           ] 1770/3783, 0.4 task/s, elapsed: 4420s, ETA:  5027s[>>>>>>>>>>>>>>>>>>>>>>>                           ] 1771/3783, 0.4 task/s, elapsed: 4430s, ETA:  5033s[>>>>>>>>>>>>>>>>>>>>>>>                           ] 1772/3783, 0.4 task/s, elapsed: 4430s, ETA:  5028s[>>>>>>>>>>>>>>>>>>>>>>>                           ] 1773/3783, 0.4 task/s, elapsed: 4430s, ETA:  5022s[>>>>>>>>>>>>>>>>>>>>>>>                           ] 1774/3783, 0.4 task/s, elapsed: 4430s, ETA:  5017s[>>>>>>>>>>>>>>>>>>>>>>>                           ] 1775/3783, 0.4 task/s, elapsed: 4430s, ETA:  5012s[>>>>>>>>>>>>>>>>>>>>>>>                           ] 1776/3783, 0.4 task/s, elapsed: 4442s, ETA:  5019s[>>>>>>>>>>>>>>>>>>>>>>>                           ] 1777/3783, 0.4 task/s, elapsed: 4442s, ETA:  5014s[>>>>>>>>>>>>>>>>>>>>>>>                           ] 1778/3783, 0.4 task/s, elapsed: 4442s, ETA:  5009s[>>>>>>>>>>>>>>>>>>>>>>>                           ] 1779/3783, 0.4 task/s, elapsed: 4442s, ETA:  5003s[>>>>>>>>>>>>>>>>>>>>>>>                           ] 1780/3783, 0.4 task/s, elapsed: 4442s, ETA:  4998s[>>>>>>>>>>>>>>>>>>>>>>>                           ] 1781/3783, 0.4 task/s, elapsed: 4452s, ETA:  5005s[>>>>>>>>>>>>>>>>>>>>>>>                           ] 1782/3783, 0.4 task/s, elapsed: 4452s, ETA:  4999s[>>>>>>>>>>>>>>>>>>>>>>>                           ] 1783/3783, 0.4 task/s, elapsed: 4452s, ETA:  4994s[>>>>>>>>>>>>>>>>>>>>>>>                           ] 1784/3783, 0.4 task/s, elapsed: 4452s, ETA:  4989s[>>>>>>>>>>>>>>>>>>>>>>>                           ] 1785/3783, 0.4 task/s, elapsed: 4452s, ETA:  4983s[>>>>>>>>>>>>>>>>>>>>>>>                           ] 1786/3783, 0.4 task/s, elapsed: 4467s, ETA:  4995s[>>>>>>>>>>>>>>>>>>>>>>>                           ] 1787/3783, 0.4 task/s, elapsed: 4467s, ETA:  4990s[>>>>>>>>>>>>>>>>>>>>>>>                           ] 1788/3783, 0.4 task/s, elapsed: 4467s, ETA:  4985s[>>>>>>>>>>>>>>>>>>>>>>>                           ] 1789/3783, 0.4 task/s, elapsed: 4467s, ETA:  4979s[>>>>>>>>>>>>>>>>>>>>>>>                           ] 1790/3783, 0.4 task/s, elapsed: 4467s, ETA:  4974s[>>>>>>>>>>>>>>>>>>>>>>>                           ] 1791/3783, 0.4 task/s, elapsed: 4479s, ETA:  4982s[>>>>>>>>>>>>>>>>>>>>>>>                           ] 1792/3783, 0.4 task/s, elapsed: 4479s, ETA:  4976s[>>>>>>>>>>>>>>>>>>>>>>>                           ] 1793/3783, 0.4 task/s, elapsed: 4479s, ETA:  4971s[>>>>>>>>>>>>>>>>>>>>>>>                           ] 1794/3783, 0.4 task/s, elapsed: 4479s, ETA:  4966s[>>>>>>>>>>>>>>>>>>>>>>>                           ] 1795/3783, 0.4 task/s, elapsed: 4479s, ETA:  4961s[>>>>>>>>>>>>>>>>>>>>>>>                           ] 1796/3783, 0.4 task/s, elapsed: 4490s, ETA:  4967s[>>>>>>>>>>>>>>>>>>>>>>>                           ] 1797/3783, 0.4 task/s, elapsed: 4490s, ETA:  4962s[>>>>>>>>>>>>>>>>>>>>>>>                           ] 1798/3783, 0.4 task/s, elapsed: 4490s, ETA:  4957s[>>>>>>>>>>>>>>>>>>>>>>>                           ] 1799/3783, 0.4 task/s, elapsed: 4490s, ETA:  4951s[>>>>>>>>>>>>>>>>>>>>>>>                           ] 1800/3783, 0.4 task/s, elapsed: 4490s, ETA:  4946s[>>>>>>>>>>>>>>>>>>>>>>>                           ] 1801/3783, 0.4 task/s, elapsed: 4503s, ETA:  4955s[>>>>>>>>>>>>>>>>>>>>>>>                           ] 1802/3783, 0.4 task/s, elapsed: 4503s, ETA:  4950s[>>>>>>>>>>>>>>>>>>>>>>>                           ] 1803/3783, 0.4 task/s, elapsed: 4503s, ETA:  4945s[>>>>>>>>>>>>>>>>>>>>>>>                           ] 1804/3783, 0.4 task/s, elapsed: 4503s, ETA:  4939s[>>>>>>>>>>>>>>>>>>>>>>>                           ] 1805/3783, 0.4 task/s, elapsed: 4503s, ETA:  4934s[>>>>>>>>>>>>>>>>>>>>>>>                           ] 1806/3783, 0.4 task/s, elapsed: 4515s, ETA:  4943s[>>>>>>>>>>>>>>>>>>>>>>>                           ] 1807/3783, 0.4 task/s, elapsed: 4515s, ETA:  4938s[>>>>>>>>>>>>>>>>>>>>>>>                           ] 1808/3783, 0.4 task/s, elapsed: 4515s, ETA:  4933s[>>>>>>>>>>>>>>>>>>>>>>>                           ] 1809/3783, 0.4 task/s, elapsed: 4515s, ETA:  4927s[>>>>>>>>>>>>>>>>>>>>>>>                           ] 1810/3783, 0.4 task/s, elapsed: 4515s, ETA:  4922s[>>>>>>>>>>>>>>>>>>>>>>>                           ] 1811/3783, 0.4 task/s, elapsed: 4526s, ETA:  4928s[>>>>>>>>>>>>>>>>>>>>>>>                           ] 1812/3783, 0.4 task/s, elapsed: 4526s, ETA:  4923s[>>>>>>>>>>>>>>>>>>>>>>>                           ] 1813/3783, 0.4 task/s, elapsed: 4526s, ETA:  4917s[>>>>>>>>>>>>>>>>>>>>>>>                           ] 1814/3783, 0.4 task/s, elapsed: 4526s, ETA:  4912s[>>>>>>>>>>>>>>>>>>>>>>>                           ] 1815/3783, 0.4 task/s, elapsed: 4526s, ETA:  4907s[>>>>>>>>>>>>>>>>>>>>>>>>                          ] 1816/3783, 0.4 task/s, elapsed: 4536s, ETA:  4913s[>>>>>>>>>>>>>>>>>>>>>>>>                          ] 1817/3783, 0.4 task/s, elapsed: 4536s, ETA:  4908s[>>>>>>>>>>>>>>>>>>>>>>>>                          ] 1818/3783, 0.4 task/s, elapsed: 4536s, ETA:  4903s[>>>>>>>>>>>>>>>>>>>>>>>>                          ] 1819/3783, 0.4 task/s, elapsed: 4536s, ETA:  4898s[>>>>>>>>>>>>>>>>>>>>>>>>                          ] 1820/3783, 0.4 task/s, elapsed: 4536s, ETA:  4892s[>>>>>>>>>>>>>>>>>>>>>>>>                          ] 1821/3783, 0.4 task/s, elapsed: 4549s, ETA:  4902s[>>>>>>>>>>>>>>>>>>>>>>>>                          ] 1822/3783, 0.4 task/s, elapsed: 4549s, ETA:  4896s[>>>>>>>>>>>>>>>>>>>>>>>>                          ] 1823/3783, 0.4 task/s, elapsed: 4549s, ETA:  4891s[>>>>>>>>>>>>>>>>>>>>>>>>                          ] 1824/3783, 0.4 task/s, elapsed: 4549s, ETA:  4886s[>>>>>>>>>>>>>>>>>>>>>>>>                          ] 1825/3783, 0.4 task/s, elapsed: 4549s, ETA:  4881s[>>>>>>>>>>>>>>>>>>>>>>>>                          ] 1826/3783, 0.4 task/s, elapsed: 4560s, ETA:  4887s[>>>>>>>>>>>>>>>>>>>>>>>>                          ] 1827/3783, 0.4 task/s, elapsed: 4560s, ETA:  4882s[>>>>>>>>>>>>>>>>>>>>>>>>                          ] 1828/3783, 0.4 task/s, elapsed: 4560s, ETA:  4877s[>>>>>>>>>>>>>>>>>>>>>>>>                          ] 1829/3783, 0.4 task/s, elapsed: 4560s, ETA:  4872s[>>>>>>>>>>>>>>>>>>>>>>>>                          ] 1830/3783, 0.4 task/s, elapsed: 4560s, ETA:  4867s[>>>>>>>>>>>>>>>>>>>>>>>>                          ] 1831/3783, 0.4 task/s, elapsed: 4569s, ETA:  4871s[>>>>>>>>>>>>>>>>>>>>>>>>                          ] 1832/3783, 0.4 task/s, elapsed: 4569s, ETA:  4866s[>>>>>>>>>>>>>>>>>>>>>>>>                          ] 1833/3783, 0.4 task/s, elapsed: 4569s, ETA:  4861s[>>>>>>>>>>>>>>>>>>>>>>>>                          ] 1834/3783, 0.4 task/s, elapsed: 4569s, ETA:  4856s[>>>>>>>>>>>>>>>>>>>>>>>>                          ] 1835/3783, 0.4 task/s, elapsed: 4570s, ETA:  4851s[>>>>>>>>>>>>>>>>>>>>>>>>                          ] 1836/3783, 0.4 task/s, elapsed: 4579s, ETA:  4856s[>>>>>>>>>>>>>>>>>>>>>>>>                          ] 1837/3783, 0.4 task/s, elapsed: 4579s, ETA:  4851s[>>>>>>>>>>>>>>>>>>>>>>>>                          ] 1838/3783, 0.4 task/s, elapsed: 4579s, ETA:  4846s[>>>>>>>>>>>>>>>>>>>>>>>>                          ] 1839/3783, 0.4 task/s, elapsed: 4579s, ETA:  4841s[>>>>>>>>>>>>>>>>>>>>>>>>                          ] 1840/3783, 0.4 task/s, elapsed: 4579s, ETA:  4836s[>>>>>>>>>>>>>>>>>>>>>>>>                          ] 1841/3783, 0.4 task/s, elapsed: 4589s, ETA:  4840s[>>>>>>>>>>>>>>>>>>>>>>>>                          ] 1842/3783, 0.4 task/s, elapsed: 4589s, ETA:  4835s[>>>>>>>>>>>>>>>>>>>>>>>>                          ] 1843/3783, 0.4 task/s, elapsed: 4589s, ETA:  4830s[>>>>>>>>>>>>>>>>>>>>>>>>                          ] 1844/3783, 0.4 task/s, elapsed: 4589s, ETA:  4825s[>>>>>>>>>>>>>>>>>>>>>>>>                          ] 1845/3783, 0.4 task/s, elapsed: 4589s, ETA:  4820s[>>>>>>>>>>>>>>>>>>>>>>>>                          ] 1846/3783, 0.4 task/s, elapsed: 4598s, ETA:  4825s[>>>>>>>>>>>>>>>>>>>>>>>>                          ] 1847/3783, 0.4 task/s, elapsed: 4598s, ETA:  4820s[>>>>>>>>>>>>>>>>>>>>>>>>                          ] 1848/3783, 0.4 task/s, elapsed: 4598s, ETA:  4814s[>>>>>>>>>>>>>>>>>>>>>>>>                          ] 1849/3783, 0.4 task/s, elapsed: 4598s, ETA:  4809s[>>>>>>>>>>>>>>>>>>>>>>>>                          ] 1850/3783, 0.4 task/s, elapsed: 4598s, ETA:  4804s[>>>>>>>>>>>>>>>>>>>>>>>>                          ] 1851/3783, 0.4 task/s, elapsed: 4607s, ETA:  4809s[>>>>>>>>>>>>>>>>>>>>>>>>                          ] 1852/3783, 0.4 task/s, elapsed: 4607s, ETA:  4804s[>>>>>>>>>>>>>>>>>>>>>>>>                          ] 1853/3783, 0.4 task/s, elapsed: 4607s, ETA:  4799s[>>>>>>>>>>>>>>>>>>>>>>>>                          ] 1854/3783, 0.4 task/s, elapsed: 4607s, ETA:  4794s[>>>>>>>>>>>>>>>>>>>>>>>>                          ] 1855/3783, 0.4 task/s, elapsed: 4607s, ETA:  4789s[>>>>>>>>>>>>>>>>>>>>>>>>                          ] 1856/3783, 0.4 task/s, elapsed: 4617s, ETA:  4794s[>>>>>>>>>>>>>>>>>>>>>>>>                          ] 1857/3783, 0.4 task/s, elapsed: 4617s, ETA:  4789s[>>>>>>>>>>>>>>>>>>>>>>>>                          ] 1858/3783, 0.4 task/s, elapsed: 4617s, ETA:  4784s[>>>>>>>>>>>>>>>>>>>>>>>>                          ] 1859/3783, 0.4 task/s, elapsed: 4617s, ETA:  4779s[>>>>>>>>>>>>>>>>>>>>>>>>                          ] 1860/3783, 0.4 task/s, elapsed: 4617s, ETA:  4774s[>>>>>>>>>>>>>>>>>>>>>>>>                          ] 1861/3783, 0.4 task/s, elapsed: 4628s, ETA:  4779s[>>>>>>>>>>>>>>>>>>>>>>>>                          ] 1862/3783, 0.4 task/s, elapsed: 4628s, ETA:  4774s[>>>>>>>>>>>>>>>>>>>>>>>>                          ] 1863/3783, 0.4 task/s, elapsed: 4628s, ETA:  4769s[>>>>>>>>>>>>>>>>>>>>>>>>                          ] 1864/3783, 0.4 task/s, elapsed: 4628s, ETA:  4764s[>>>>>>>>>>>>>>>>>>>>>>>>                          ] 1865/3783, 0.4 task/s, elapsed: 4628s, ETA:  4759s[>>>>>>>>>>>>>>>>>>>>>>>>                          ] 1866/3783, 0.4 task/s, elapsed: 4640s, ETA:  4767s[>>>>>>>>>>>>>>>>>>>>>>>>                          ] 1867/3783, 0.4 task/s, elapsed: 4640s, ETA:  4762s[>>>>>>>>>>>>>>>>>>>>>>>>                          ] 1868/3783, 0.4 task/s, elapsed: 4640s, ETA:  4757s[>>>>>>>>>>>>>>>>>>>>>>>>                          ] 1869/3783, 0.4 task/s, elapsed: 4640s, ETA:  4752s[>>>>>>>>>>>>>>>>>>>>>>>>                          ] 1870/3783, 0.4 task/s, elapsed: 4640s, ETA:  4747s[>>>>>>>>>>>>>>>>>>>>>>>>                          ] 1871/3783, 0.4 task/s, elapsed: 4652s, ETA:  4754s[>>>>>>>>>>>>>>>>>>>>>>>>                          ] 1872/3783, 0.4 task/s, elapsed: 4652s, ETA:  4749s[>>>>>>>>>>>>>>>>>>>>>>>>                          ] 1873/3783, 0.4 task/s, elapsed: 4652s, ETA:  4744s[>>>>>>>>>>>>>>>>>>>>>>>>                          ] 1874/3783, 0.4 task/s, elapsed: 4652s, ETA:  4739s[>>>>>>>>>>>>>>>>>>>>>>>>                          ] 1875/3783, 0.4 task/s, elapsed: 4652s, ETA:  4734s[>>>>>>>>>>>>>>>>>>>>>>>>                          ] 1876/3783, 0.4 task/s, elapsed: 4664s, ETA:  4741s[>>>>>>>>>>>>>>>>>>>>>>>>                          ] 1877/3783, 0.4 task/s, elapsed: 4664s, ETA:  4736s[>>>>>>>>>>>>>>>>>>>>>>>>                          ] 1878/3783, 0.4 task/s, elapsed: 4664s, ETA:  4731s[>>>>>>>>>>>>>>>>>>>>>>>>                          ] 1879/3783, 0.4 task/s, elapsed: 4664s, ETA:  4726s[>>>>>>>>>>>>>>>>>>>>>>>>                          ] 1880/3783, 0.4 task/s, elapsed: 4664s, ETA:  4721s[>>>>>>>>>>>>>>>>>>>>>>>>                          ] 1881/3783, 0.4 task/s, elapsed: 4676s, ETA:  4728s[>>>>>>>>>>>>>>>>>>>>>>>>                          ] 1882/3783, 0.4 task/s, elapsed: 4676s, ETA:  4723s[>>>>>>>>>>>>>>>>>>>>>>>>                          ] 1883/3783, 0.4 task/s, elapsed: 4676s, ETA:  4718s[>>>>>>>>>>>>>>>>>>>>>>>>                          ] 1884/3783, 0.4 task/s, elapsed: 4676s, ETA:  4713s[>>>>>>>>>>>>>>>>>>>>>>>>                          ] 1885/3783, 0.4 task/s, elapsed: 4676s, ETA:  4708s[>>>>>>>>>>>>>>>>>>>>>>>>                          ] 1886/3783, 0.4 task/s, elapsed: 4687s, ETA:  4715s[>>>>>>>>>>>>>>>>>>>>>>>>                          ] 1887/3783, 0.4 task/s, elapsed: 4687s, ETA:  4710s[>>>>>>>>>>>>>>>>>>>>>>>>                          ] 1888/3783, 0.4 task/s, elapsed: 4687s, ETA:  4705s[>>>>>>>>>>>>>>>>>>>>>>>>                          ] 1889/3783, 0.4 task/s, elapsed: 4687s, ETA:  4700s[>>>>>>>>>>>>>>>>>>>>>>>>                          ] 1890/3783, 0.4 task/s, elapsed: 4687s, ETA:  4695s[>>>>>>>>>>>>>>>>>>>>>>>>                          ] 1891/3783, 0.4 task/s, elapsed: 4699s, ETA:  4701s[>>>>>>>>>>>>>>>>>>>>>>>>>                         ] 1892/3783, 0.4 task/s, elapsed: 4699s, ETA:  4697s[>>>>>>>>>>>>>>>>>>>>>>>>>                         ] 1893/3783, 0.4 task/s, elapsed: 4699s, ETA:  4692s[>>>>>>>>>>>>>>>>>>>>>>>>>                         ] 1894/3783, 0.4 task/s, elapsed: 4699s, ETA:  4687s[>>>>>>>>>>>>>>>>>>>>>>>>>                         ] 1895/3783, 0.4 task/s, elapsed: 4699s, ETA:  4682s[>>>>>>>>>>>>>>>>>>>>>>>>>                         ] 1896/3783, 0.4 task/s, elapsed: 4714s, ETA:  4691s[>>>>>>>>>>>>>>>>>>>>>>>>>                         ] 1897/3783, 0.4 task/s, elapsed: 4714s, ETA:  4686s[>>>>>>>>>>>>>>>>>>>>>>>>>                         ] 1898/3783, 0.4 task/s, elapsed: 4714s, ETA:  4681s[>>>>>>>>>>>>>>>>>>>>>>>>>                         ] 1899/3783, 0.4 task/s, elapsed: 4714s, ETA:  4676s[>>>>>>>>>>>>>>>>>>>>>>>>>                         ] 1900/3783, 0.4 task/s, elapsed: 4714s, ETA:  4672s[>>>>>>>>>>>>>>>>>>>>>>>>>                         ] 1901/3783, 0.4 task/s, elapsed: 4731s, ETA:  4684s[>>>>>>>>>>>>>>>>>>>>>>>>>                         ] 1902/3783, 0.4 task/s, elapsed: 4731s, ETA:  4679s[>>>>>>>>>>>>>>>>>>>>>>>>>                         ] 1903/3783, 0.4 task/s, elapsed: 4731s, ETA:  4674s[>>>>>>>>>>>>>>>>>>>>>>>>>                         ] 1904/3783, 0.4 task/s, elapsed: 4731s, ETA:  4669s[>>>>>>>>>>>>>>>>>>>>>>>>>                         ] 1905/3783, 0.4 task/s, elapsed: 4731s, ETA:  4664s[>>>>>>>>>>>>>>>>>>>>>>>>>                         ] 1906/3783, 0.4 task/s, elapsed: 4758s, ETA:  4685s[>>>>>>>>>>>>>>>>>>>>>>>>>                         ] 1907/3783, 0.4 task/s, elapsed: 4758s, ETA:  4680s[>>>>>>>>>>>>>>>>>>>>>>>>>                         ] 1908/3783, 0.4 task/s, elapsed: 4758s, ETA:  4676s[>>>>>>>>>>>>>>>>>>>>>>>>>                         ] 1909/3783, 0.4 task/s, elapsed: 4758s, ETA:  4671s[>>>>>>>>>>>>>>>>>>>>>>>>>                         ] 1910/3783, 0.4 task/s, elapsed: 4758s, ETA:  4666s[>>>>>>>>>>>>>>>>>>>>>>>>>                         ] 1911/3783, 0.4 task/s, elapsed: 4783s, ETA:  4685s[>>>>>>>>>>>>>>>>>>>>>>>>>                         ] 1912/3783, 0.4 task/s, elapsed: 4783s, ETA:  4680s[>>>>>>>>>>>>>>>>>>>>>>>>>                         ] 1913/3783, 0.4 task/s, elapsed: 4783s, ETA:  4675s[>>>>>>>>>>>>>>>>>>>>>>>>>                         ] 1914/3783, 0.4 task/s, elapsed: 4783s, ETA:  4670s[>>>>>>>>>>>>>>>>>>>>>>>>>                         ] 1915/3783, 0.4 task/s, elapsed: 4783s, ETA:  4665s[>>>>>>>>>>>>>>>>>>>>>>>>>                         ] 1916/3783, 0.4 task/s, elapsed: 4796s, ETA:  4674s[>>>>>>>>>>>>>>>>>>>>>>>>>                         ] 1917/3783, 0.4 task/s, elapsed: 4796s, ETA:  4669s[>>>>>>>>>>>>>>>>>>>>>>>>>                         ] 1918/3783, 0.4 task/s, elapsed: 4796s, ETA:  4664s[>>>>>>>>>>>>>>>>>>>>>>>>>                         ] 1919/3783, 0.4 task/s, elapsed: 4796s, ETA:  4659s[>>>>>>>>>>>>>>>>>>>>>>>>>                         ] 1920/3783, 0.4 task/s, elapsed: 4796s, ETA:  4654s[>>>>>>>>>>>>>>>>>>>>>>>>>                         ] 1921/3783, 0.4 task/s, elapsed: 4822s, ETA:  4674s[>>>>>>>>>>>>>>>>>>>>>>>>>                         ] 1922/3783, 0.4 task/s, elapsed: 4822s, ETA:  4669s[>>>>>>>>>>>>>>>>>>>>>>>>>                         ] 1923/3783, 0.4 task/s, elapsed: 4822s, ETA:  4664s[>>>>>>>>>>>>>>>>>>>>>>>>>                         ] 1924/3783, 0.4 task/s, elapsed: 4822s, ETA:  4659s[>>>>>>>>>>>>>>>>>>>>>>>>>                         ] 1925/3783, 0.4 task/s, elapsed: 4822s, ETA:  4654s[>>>>>>>>>>>>>>>>>>>>>>>>>                         ] 1926/3783, 0.4 task/s, elapsed: 4836s, ETA:  4662s[>>>>>>>>>>>>>>>>>>>>>>>>>                         ] 1927/3783, 0.4 task/s, elapsed: 4836s, ETA:  4657s[>>>>>>>>>>>>>>>>>>>>>>>>>                         ] 1928/3783, 0.4 task/s, elapsed: 4836s, ETA:  4653s[>>>>>>>>>>>>>>>>>>>>>>>>>                         ] 1929/3783, 0.4 task/s, elapsed: 4836s, ETA:  4648s[>>>>>>>>>>>>>>>>>>>>>>>>>                         ] 1930/3783, 0.4 task/s, elapsed: 4836s, ETA:  4643s[>>>>>>>>>>>>>>>>>>>>>>>>>                         ] 1931/3783, 0.4 task/s, elapsed: 4857s, ETA:  4658s[>>>>>>>>>>>>>>>>>>>>>>>>>                         ] 1932/3783, 0.4 task/s, elapsed: 4857s, ETA:  4653s[>>>>>>>>>>>>>>>>>>>>>>>>>                         ] 1933/3783, 0.4 task/s, elapsed: 4857s, ETA:  4648s[>>>>>>>>>>>>>>>>>>>>>>>>>                         ] 1934/3783, 0.4 task/s, elapsed: 4857s, ETA:  4643s[>>>>>>>>>>>>>>>>>>>>>>>>>                         ] 1935/3783, 0.4 task/s, elapsed: 4857s, ETA:  4638s[>>>>>>>>>>>>>>>>>>>>>>>>>                         ] 1936/3783, 0.4 task/s, elapsed: 4868s, ETA:  4644s[>>>>>>>>>>>>>>>>>>>>>>>>>                         ] 1937/3783, 0.4 task/s, elapsed: 4868s, ETA:  4640s[>>>>>>>>>>>>>>>>>>>>>>>>>                         ] 1938/3783, 0.4 task/s, elapsed: 4868s, ETA:  4635s[>>>>>>>>>>>>>>>>>>>>>>>>>                         ] 1939/3783, 0.4 task/s, elapsed: 4868s, ETA:  4630s[>>>>>>>>>>>>>>>>>>>>>>>>>                         ] 1940/3783, 0.4 task/s, elapsed: 4868s, ETA:  4625s[>>>>>>>>>>>>>>>>>>>>>>>>>                         ] 1941/3783, 0.4 task/s, elapsed: 4880s, ETA:  4631s[>>>>>>>>>>>>>>>>>>>>>>>>>                         ] 1942/3783, 0.4 task/s, elapsed: 4880s, ETA:  4627s[>>>>>>>>>>>>>>>>>>>>>>>>>                         ] 1943/3783, 0.4 task/s, elapsed: 4880s, ETA:  4622s[>>>>>>>>>>>>>>>>>>>>>>>>>                         ] 1944/3783, 0.4 task/s, elapsed: 4880s, ETA:  4617s[>>>>>>>>>>>>>>>>>>>>>>>>>                         ] 1945/3783, 0.4 task/s, elapsed: 4880s, ETA:  4612s[>>>>>>>>>>>>>>>>>>>>>>>>>                         ] 1946/3783, 0.4 task/s, elapsed: 4891s, ETA:  4617s[>>>>>>>>>>>>>>>>>>>>>>>>>                         ] 1947/3783, 0.4 task/s, elapsed: 4891s, ETA:  4612s[>>>>>>>>>>>>>>>>>>>>>>>>>                         ] 1948/3783, 0.4 task/s, elapsed: 4891s, ETA:  4607s[>>>>>>>>>>>>>>>>>>>>>>>>>                         ] 1949/3783, 0.4 task/s, elapsed: 4891s, ETA:  4602s[>>>>>>>>>>>>>>>>>>>>>>>>>                         ] 1950/3783, 0.4 task/s, elapsed: 4891s, ETA:  4597s[>>>>>>>>>>>>>>>>>>>>>>>>>                         ] 1951/3783, 0.4 task/s, elapsed: 4901s, ETA:  4602s[>>>>>>>>>>>>>>>>>>>>>>>>>                         ] 1952/3783, 0.4 task/s, elapsed: 4901s, ETA:  4597s[>>>>>>>>>>>>>>>>>>>>>>>>>                         ] 1953/3783, 0.4 task/s, elapsed: 4901s, ETA:  4592s[>>>>>>>>>>>>>>>>>>>>>>>>>                         ] 1954/3783, 0.4 task/s, elapsed: 4901s, ETA:  4588s[>>>>>>>>>>>>>>>>>>>>>>>>>                         ] 1955/3783, 0.4 task/s, elapsed: 4901s, ETA:  4583s[>>>>>>>>>>>>>>>>>>>>>>>>>                         ] 1956/3783, 0.4 task/s, elapsed: 4911s, ETA:  4587s[>>>>>>>>>>>>>>>>>>>>>>>>>                         ] 1957/3783, 0.4 task/s, elapsed: 4911s, ETA:  4583s[>>>>>>>>>>>>>>>>>>>>>>>>>                         ] 1958/3783, 0.4 task/s, elapsed: 4911s, ETA:  4578s[>>>>>>>>>>>>>>>>>>>>>>>>>                         ] 1959/3783, 0.4 task/s, elapsed: 4911s, ETA:  4573s[>>>>>>>>>>>>>>>>>>>>>>>>>                         ] 1960/3783, 0.4 task/s, elapsed: 4911s, ETA:  4568s[>>>>>>>>>>>>>>>>>>>>>>>>>                         ] 1961/3783, 0.4 task/s, elapsed: 4922s, ETA:  4573s[>>>>>>>>>>>>>>>>>>>>>>>>>                         ] 1962/3783, 0.4 task/s, elapsed: 4922s, ETA:  4568s[>>>>>>>>>>>>>>>>>>>>>>>>>                         ] 1963/3783, 0.4 task/s, elapsed: 4922s, ETA:  4563s[>>>>>>>>>>>>>>>>>>>>>>>>>                         ] 1964/3783, 0.4 task/s, elapsed: 4922s, ETA:  4558s[>>>>>>>>>>>>>>>>>>>>>>>>>                         ] 1965/3783, 0.4 task/s, elapsed: 4922s, ETA:  4554s[>>>>>>>>>>>>>>>>>>>>>>>>>                         ] 1966/3783, 0.4 task/s, elapsed: 4933s, ETA:  4559s[>>>>>>>>>>>>>>>>>>>>>>>>>                         ] 1967/3783, 0.4 task/s, elapsed: 4933s, ETA:  4554s[>>>>>>>>>>>>>>>>>>>>>>>>>>                        ] 1968/3783, 0.4 task/s, elapsed: 4933s, ETA:  4550s[>>>>>>>>>>>>>>>>>>>>>>>>>>                        ] 1969/3783, 0.4 task/s, elapsed: 4933s, ETA:  4545s[>>>>>>>>>>>>>>>>>>>>>>>>>>                        ] 1970/3783, 0.4 task/s, elapsed: 4933s, ETA:  4540s[>>>>>>>>>>>>>>>>>>>>>>>>>>                        ] 1971/3783, 0.4 task/s, elapsed: 4949s, ETA:  4550s[>>>>>>>>>>>>>>>>>>>>>>>>>>                        ] 1972/3783, 0.4 task/s, elapsed: 4949s, ETA:  4545s[>>>>>>>>>>>>>>>>>>>>>>>>>>                        ] 1973/3783, 0.4 task/s, elapsed: 4949s, ETA:  4540s[>>>>>>>>>>>>>>>>>>>>>>>>>>                        ] 1974/3783, 0.4 task/s, elapsed: 4949s, ETA:  4535s[>>>>>>>>>>>>>>>>>>>>>>>>>>                        ] 1975/3783, 0.4 task/s, elapsed: 4949s, ETA:  4531s[>>>>>>>>>>>>>>>>>>>>>>>>>>                        ] 1976/3783, 0.4 task/s, elapsed: 4964s, ETA:  4539s[>>>>>>>>>>>>>>>>>>>>>>>>>>                        ] 1977/3783, 0.4 task/s, elapsed: 4964s, ETA:  4535s[>>>>>>>>>>>>>>>>>>>>>>>>>>                        ] 1978/3783, 0.4 task/s, elapsed: 4964s, ETA:  4530s[>>>>>>>>>>>>>>>>>>>>>>>>>>                        ] 1979/3783, 0.4 task/s, elapsed: 4964s, ETA:  4525s[>>>>>>>>>>>>>>>>>>>>>>>>>>                        ] 1980/3783, 0.4 task/s, elapsed: 4964s, ETA:  4520s[>>>>>>>>>>>>>>>>>>>>>>>>>>                        ] 1981/3783, 0.4 task/s, elapsed: 4976s, ETA:  4526s[>>>>>>>>>>>>>>>>>>>>>>>>>>                        ] 1982/3783, 0.4 task/s, elapsed: 4976s, ETA:  4521s[>>>>>>>>>>>>>>>>>>>>>>>>>>                        ] 1983/3783, 0.4 task/s, elapsed: 4976s, ETA:  4516s[>>>>>>>>>>>>>>>>>>>>>>>>>>                        ] 1984/3783, 0.4 task/s, elapsed: 4976s, ETA:  4512s[>>>>>>>>>>>>>>>>>>>>>>>>>>                        ] 1985/3783, 0.4 task/s, elapsed: 4976s, ETA:  4507s[>>>>>>>>>>>>>>>>>>>>>>>>>>                        ] 1986/3783, 0.4 task/s, elapsed: 4993s, ETA:  4518s[>>>>>>>>>>>>>>>>>>>>>>>>>>                        ] 1987/3783, 0.4 task/s, elapsed: 4993s, ETA:  4513s[>>>>>>>>>>>>>>>>>>>>>>>>>>                        ] 1988/3783, 0.4 task/s, elapsed: 4993s, ETA:  4508s[>>>>>>>>>>>>>>>>>>>>>>>>>>                        ] 1989/3783, 0.4 task/s, elapsed: 4993s, ETA:  4504s[>>>>>>>>>>>>>>>>>>>>>>>>>>                        ] 1990/3783, 0.4 task/s, elapsed: 4993s, ETA:  4499s[>>>>>>>>>>>>>>>>>>>>>>>>>>                        ] 1991/3783, 0.4 task/s, elapsed: 5012s, ETA:  4511s[>>>>>>>>>>>>>>>>>>>>>>>>>>                        ] 1992/3783, 0.4 task/s, elapsed: 5012s, ETA:  4506s[>>>>>>>>>>>>>>>>>>>>>>>>>>                        ] 1993/3783, 0.4 task/s, elapsed: 5012s, ETA:  4502s[>>>>>>>>>>>>>>>>>>>>>>>>>>                        ] 1994/3783, 0.4 task/s, elapsed: 5012s, ETA:  4497s[>>>>>>>>>>>>>>>>>>>>>>>>>>                        ] 1995/3783, 0.4 task/s, elapsed: 5012s, ETA:  4492s[>>>>>>>>>>>>>>>>>>>>>>>>>>                        ] 1996/3783, 0.4 task/s, elapsed: 5028s, ETA:  4501s[>>>>>>>>>>>>>>>>>>>>>>>>>>                        ] 1997/3783, 0.4 task/s, elapsed: 5028s, ETA:  4497s[>>>>>>>>>>>>>>>>>>>>>>>>>>                        ] 1998/3783, 0.4 task/s, elapsed: 5028s, ETA:  4492s[>>>>>>>>>>>>>>>>>>>>>>>>>>                        ] 1999/3783, 0.4 task/s, elapsed: 5028s, ETA:  4487s[>>>>>>>>>>>>>>>>>>>>>>>>>>                        ] 2000/3783, 0.4 task/s, elapsed: 5028s, ETA:  4482s[>>>>>>>>>>>>>>>>>>>>>>>>>>                        ] 2001/3783, 0.4 task/s, elapsed: 5037s, ETA:  4486s[>>>>>>>>>>>>>>>>>>>>>>>>>>                        ] 2002/3783, 0.4 task/s, elapsed: 5037s, ETA:  4481s[>>>>>>>>>>>>>>>>>>>>>>>>>>                        ] 2003/3783, 0.4 task/s, elapsed: 5037s, ETA:  4476s[>>>>>>>>>>>>>>>>>>>>>>>>>>                        ] 2004/3783, 0.4 task/s, elapsed: 5037s, ETA:  4472s[>>>>>>>>>>>>>>>>>>>>>>>>>>                        ] 2005/3783, 0.4 task/s, elapsed: 5037s, ETA:  4467s[>>>>>>>>>>>>>>>>>>>>>>>>>>                        ] 2006/3783, 0.4 task/s, elapsed: 5046s, ETA:  4470s[>>>>>>>>>>>>>>>>>>>>>>>>>>                        ] 2007/3783, 0.4 task/s, elapsed: 5046s, ETA:  4465s[>>>>>>>>>>>>>>>>>>>>>>>>>>                        ] 2008/3783, 0.4 task/s, elapsed: 5046s, ETA:  4460s[>>>>>>>>>>>>>>>>>>>>>>>>>>                        ] 2009/3783, 0.4 task/s, elapsed: 5046s, ETA:  4456s[>>>>>>>>>>>>>>>>>>>>>>>>>>                        ] 2010/3783, 0.4 task/s, elapsed: 5046s, ETA:  4451s[>>>>>>>>>>>>>>>>>>>>>>>>>>                        ] 2011/3783, 0.4 task/s, elapsed: 5056s, ETA:  4455s[>>>>>>>>>>>>>>>>>>>>>>>>>>                        ] 2012/3783, 0.4 task/s, elapsed: 5056s, ETA:  4450s[>>>>>>>>>>>>>>>>>>>>>>>>>>                        ] 2013/3783, 0.4 task/s, elapsed: 5056s, ETA:  4446s[>>>>>>>>>>>>>>>>>>>>>>>>>>                        ] 2014/3783, 0.4 task/s, elapsed: 5056s, ETA:  4441s[>>>>>>>>>>>>>>>>>>>>>>>>>>                        ] 2015/3783, 0.4 task/s, elapsed: 5056s, ETA:  4436s[>>>>>>>>>>>>>>>>>>>>>>>>>>                        ] 2016/3783, 0.4 task/s, elapsed: 5067s, ETA:  4441s[>>>>>>>>>>>>>>>>>>>>>>>>>>                        ] 2017/3783, 0.4 task/s, elapsed: 5067s, ETA:  4436s[>>>>>>>>>>>>>>>>>>>>>>>>>>                        ] 2018/3783, 0.4 task/s, elapsed: 5067s, ETA:  4432s[>>>>>>>>>>>>>>>>>>>>>>>>>>                        ] 2019/3783, 0.4 task/s, elapsed: 5067s, ETA:  4427s[>>>>>>>>>>>>>>>>>>>>>>>>>>                        ] 2020/3783, 0.4 task/s, elapsed: 5067s, ETA:  4422s[>>>>>>>>>>>>>>>>>>>>>>>>>>                        ] 2021/3783, 0.4 task/s, elapsed: 5077s, ETA:  4427s[>>>>>>>>>>>>>>>>>>>>>>>>>>                        ] 2022/3783, 0.4 task/s, elapsed: 5077s, ETA:  4422s[>>>>>>>>>>>>>>>>>>>>>>>>>>                        ] 2023/3783, 0.4 task/s, elapsed: 5077s, ETA:  4417s[>>>>>>>>>>>>>>>>>>>>>>>>>>                        ] 2024/3783, 0.4 task/s, elapsed: 5077s, ETA:  4413s[>>>>>>>>>>>>>>>>>>>>>>>>>>                        ] 2025/3783, 0.4 task/s, elapsed: 5077s, ETA:  4408s[>>>>>>>>>>>>>>>>>>>>>>>>>>                        ] 2026/3783, 0.4 task/s, elapsed: 5090s, ETA:  4414s[>>>>>>>>>>>>>>>>>>>>>>>>>>                        ] 2027/3783, 0.4 task/s, elapsed: 5090s, ETA:  4410s[>>>>>>>>>>>>>>>>>>>>>>>>>>                        ] 2028/3783, 0.4 task/s, elapsed: 5090s, ETA:  4405s[>>>>>>>>>>>>>>>>>>>>>>>>>>                        ] 2029/3783, 0.4 task/s, elapsed: 5090s, ETA:  4400s[>>>>>>>>>>>>>>>>>>>>>>>>>>                        ] 2030/3783, 0.4 task/s, elapsed: 5090s, ETA:  4396s[>>>>>>>>>>>>>>>>>>>>>>>>>>                        ] 2031/3783, 0.4 task/s, elapsed: 5100s, ETA:  4399s[>>>>>>>>>>>>>>>>>>>>>>>>>>                        ] 2032/3783, 0.4 task/s, elapsed: 5100s, ETA:  4394s[>>>>>>>>>>>>>>>>>>>>>>>>>>                        ] 2033/3783, 0.4 task/s, elapsed: 5100s, ETA:  4390s[>>>>>>>>>>>>>>>>>>>>>>>>>>                        ] 2034/3783, 0.4 task/s, elapsed: 5100s, ETA:  4385s[>>>>>>>>>>>>>>>>>>>>>>>>>>                        ] 2035/3783, 0.4 task/s, elapsed: 5100s, ETA:  4380s[>>>>>>>>>>>>>>>>>>>>>>>>>>                        ] 2036/3783, 0.4 task/s, elapsed: 5110s, ETA:  4384s[>>>>>>>>>>>>>>>>>>>>>>>>>>                        ] 2037/3783, 0.4 task/s, elapsed: 5110s, ETA:  4380s[>>>>>>>>>>>>>>>>>>>>>>>>>>                        ] 2038/3783, 0.4 task/s, elapsed: 5110s, ETA:  4375s[>>>>>>>>>>>>>>>>>>>>>>>>>>                        ] 2039/3783, 0.4 task/s, elapsed: 5110s, ETA:  4370s[>>>>>>>>>>>>>>>>>>>>>>>>>>                        ] 2040/3783, 0.4 task/s, elapsed: 5110s, ETA:  4366s[>>>>>>>>>>>>>>>>>>>>>>>>>>                        ] 2041/3783, 0.4 task/s, elapsed: 5121s, ETA:  4371s[>>>>>>>>>>>>>>>>>>>>>>>>>>                        ] 2042/3783, 0.4 task/s, elapsed: 5121s, ETA:  4366s[>>>>>>>>>>>>>>>>>>>>>>>>>>>                       ] 2043/3783, 0.4 task/s, elapsed: 5121s, ETA:  4362s[>>>>>>>>>>>>>>>>>>>>>>>>>>>                       ] 2044/3783, 0.4 task/s, elapsed: 5121s, ETA:  4357s[>>>>>>>>>>>>>>>>>>>>>>>>>>>                       ] 2045/3783, 0.4 task/s, elapsed: 5121s, ETA:  4352s[>>>>>>>>>>>>>>>>>>>>>>>>>>>                       ] 2046/3783, 0.4 task/s, elapsed: 5131s, ETA:  4356s[>>>>>>>>>>>>>>>>>>>>>>>>>>>                       ] 2047/3783, 0.4 task/s, elapsed: 5131s, ETA:  4352s[>>>>>>>>>>>>>>>>>>>>>>>>>>>                       ] 2048/3783, 0.4 task/s, elapsed: 5131s, ETA:  4347s[>>>>>>>>>>>>>>>>>>>>>>>>>>>                       ] 2049/3783, 0.4 task/s, elapsed: 5131s, ETA:  4342s[>>>>>>>>>>>>>>>>>>>>>>>>>>>                       ] 2050/3783, 0.4 task/s, elapsed: 5131s, ETA:  4338s[>>>>>>>>>>>>>>>>>>>>>>>>>>>                       ] 2051/3783, 0.4 task/s, elapsed: 5141s, ETA:  4342s[>>>>>>>>>>>>>>>>>>>>>>>>>>>                       ] 2052/3783, 0.4 task/s, elapsed: 5141s, ETA:  4337s[>>>>>>>>>>>>>>>>>>>>>>>>>>>                       ] 2053/3783, 0.4 task/s, elapsed: 5141s, ETA:  4332s[>>>>>>>>>>>>>>>>>>>>>>>>>>>                       ] 2054/3783, 0.4 task/s, elapsed: 5141s, ETA:  4328s[>>>>>>>>>>>>>>>>>>>>>>>>>>>                       ] 2055/3783, 0.4 task/s, elapsed: 5141s, ETA:  4323s[>>>>>>>>>>>>>>>>>>>>>>>>>>>                       ] 2056/3783, 0.4 task/s, elapsed: 5151s, ETA:  4327s[>>>>>>>>>>>>>>>>>>>>>>>>>>>                       ] 2057/3783, 0.4 task/s, elapsed: 5151s, ETA:  4322s[>>>>>>>>>>>>>>>>>>>>>>>>>>>                       ] 2058/3783, 0.4 task/s, elapsed: 5151s, ETA:  4318s[>>>>>>>>>>>>>>>>>>>>>>>>>>>                       ] 2059/3783, 0.4 task/s, elapsed: 5151s, ETA:  4313s[>>>>>>>>>>>>>>>>>>>>>>>>>>>                       ] 2060/3783, 0.4 task/s, elapsed: 5151s, ETA:  4309s[>>>>>>>>>>>>>>>>>>>>>>>>>>>                       ] 2061/3783, 0.4 task/s, elapsed: 5162s, ETA:  4313s[>>>>>>>>>>>>>>>>>>>>>>>>>>>                       ] 2062/3783, 0.4 task/s, elapsed: 5162s, ETA:  4308s[>>>>>>>>>>>>>>>>>>>>>>>>>>>                       ] 2063/3783, 0.4 task/s, elapsed: 5162s, ETA:  4304s[>>>>>>>>>>>>>>>>>>>>>>>>>>>                       ] 2064/3783, 0.4 task/s, elapsed: 5162s, ETA:  4299s[>>>>>>>>>>>>>>>>>>>>>>>>>>>                       ] 2065/3783, 0.4 task/s, elapsed: 5162s, ETA:  4295s[>>>>>>>>>>>>>>>>>>>>>>>>>>>                       ] 2066/3783, 0.4 task/s, elapsed: 5173s, ETA:  4299s[>>>>>>>>>>>>>>>>>>>>>>>>>>>                       ] 2067/3783, 0.4 task/s, elapsed: 5173s, ETA:  4294s[>>>>>>>>>>>>>>>>>>>>>>>>>>>                       ] 2068/3783, 0.4 task/s, elapsed: 5173s, ETA:  4290s[>>>>>>>>>>>>>>>>>>>>>>>>>>>                       ] 2069/3783, 0.4 task/s, elapsed: 5173s, ETA:  4285s[>>>>>>>>>>>>>>>>>>>>>>>>>>>                       ] 2070/3783, 0.4 task/s, elapsed: 5173s, ETA:  4280s[>>>>>>>>>>>>>>>>>>>>>>>>>>>                       ] 2071/3783, 0.4 task/s, elapsed: 5183s, ETA:  4285s[>>>>>>>>>>>>>>>>>>>>>>>>>>>                       ] 2072/3783, 0.4 task/s, elapsed: 5183s, ETA:  4280s[>>>>>>>>>>>>>>>>>>>>>>>>>>>                       ] 2073/3783, 0.4 task/s, elapsed: 5183s, ETA:  4276s[>>>>>>>>>>>>>>>>>>>>>>>>>>>                       ] 2074/3783, 0.4 task/s, elapsed: 5183s, ETA:  4271s[>>>>>>>>>>>>>>>>>>>>>>>>>>>                       ] 2075/3783, 0.4 task/s, elapsed: 5183s, ETA:  4266s[>>>>>>>>>>>>>>>>>>>>>>>>>>>                       ] 2076/3783, 0.4 task/s, elapsed: 5194s, ETA:  4271s[>>>>>>>>>>>>>>>>>>>>>>>>>>>                       ] 2077/3783, 0.4 task/s, elapsed: 5194s, ETA:  4266s[>>>>>>>>>>>>>>>>>>>>>>>>>>>                       ] 2078/3783, 0.4 task/s, elapsed: 5194s, ETA:  4262s[>>>>>>>>>>>>>>>>>>>>>>>>>>>                       ] 2079/3783, 0.4 task/s, elapsed: 5194s, ETA:  4257s[>>>>>>>>>>>>>>>>>>>>>>>>>>>                       ] 2080/3783, 0.4 task/s, elapsed: 5194s, ETA:  4253s[>>>>>>>>>>>>>>>>>>>>>>>>>>>                       ] 2081/3783, 0.4 task/s, elapsed: 5204s, ETA:  4257s[>>>>>>>>>>>>>>>>>>>>>>>>>>>                       ] 2082/3783, 0.4 task/s, elapsed: 5204s, ETA:  4252s[>>>>>>>>>>>>>>>>>>>>>>>>>>>                       ] 2083/3783, 0.4 task/s, elapsed: 5204s, ETA:  4248s[>>>>>>>>>>>>>>>>>>>>>>>>>>>                       ] 2084/3783, 0.4 task/s, elapsed: 5204s, ETA:  4243s[>>>>>>>>>>>>>>>>>>>>>>>>>>>                       ] 2085/3783, 0.4 task/s, elapsed: 5204s, ETA:  4238s[>>>>>>>>>>>>>>>>>>>>>>>>>>>                       ] 2086/3783, 0.4 task/s, elapsed: 5215s, ETA:  4242s[>>>>>>>>>>>>>>>>>>>>>>>>>>>                       ] 2087/3783, 0.4 task/s, elapsed: 5215s, ETA:  4238s[>>>>>>>>>>>>>>>>>>>>>>>>>>>                       ] 2088/3783, 0.4 task/s, elapsed: 5215s, ETA:  4233s[>>>>>>>>>>>>>>>>>>>>>>>>>>>                       ] 2089/3783, 0.4 task/s, elapsed: 5215s, ETA:  4229s[>>>>>>>>>>>>>>>>>>>>>>>>>>>                       ] 2090/3783, 0.4 task/s, elapsed: 5215s, ETA:  4224s[>>>>>>>>>>>>>>>>>>>>>>>>>>>                       ] 2091/3783, 0.4 task/s, elapsed: 5225s, ETA:  4228s[>>>>>>>>>>>>>>>>>>>>>>>>>>>                       ] 2092/3783, 0.4 task/s, elapsed: 5225s, ETA:  4223s[>>>>>>>>>>>>>>>>>>>>>>>>>>>                       ] 2093/3783, 0.4 task/s, elapsed: 5225s, ETA:  4219s[>>>>>>>>>>>>>>>>>>>>>>>>>>>                       ] 2094/3783, 0.4 task/s, elapsed: 5225s, ETA:  4214s[>>>>>>>>>>>>>>>>>>>>>>>>>>>                       ] 2095/3783, 0.4 task/s, elapsed: 5225s, ETA:  4210s[>>>>>>>>>>>>>>>>>>>>>>>>>>>                       ] 2096/3783, 0.4 task/s, elapsed: 5235s, ETA:  4213s[>>>>>>>>>>>>>>>>>>>>>>>>>>>                       ] 2097/3783, 0.4 task/s, elapsed: 5235s, ETA:  4209s[>>>>>>>>>>>>>>>>>>>>>>>>>>>                       ] 2098/3783, 0.4 task/s, elapsed: 5235s, ETA:  4204s[>>>>>>>>>>>>>>>>>>>>>>>>>>>                       ] 2099/3783, 0.4 task/s, elapsed: 5235s, ETA:  4200s[>>>>>>>>>>>>>>>>>>>>>>>>>>>                       ] 2100/3783, 0.4 task/s, elapsed: 5235s, ETA:  4195s[>>>>>>>>>>>>>>>>>>>>>>>>>>>                       ] 2101/3783, 0.4 task/s, elapsed: 5245s, ETA:  4199s[>>>>>>>>>>>>>>>>>>>>>>>>>>>                       ] 2102/3783, 0.4 task/s, elapsed: 5245s, ETA:  4194s[>>>>>>>>>>>>>>>>>>>>>>>>>>>                       ] 2103/3783, 0.4 task/s, elapsed: 5245s, ETA:  4190s[>>>>>>>>>>>>>>>>>>>>>>>>>>>                       ] 2104/3783, 0.4 task/s, elapsed: 5245s, ETA:  4185s[>>>>>>>>>>>>>>>>>>>>>>>>>>>                       ] 2105/3783, 0.4 task/s, elapsed: 5245s, ETA:  4181s[>>>>>>>>>>>>>>>>>>>>>>>>>>>                       ] 2106/3783, 0.4 task/s, elapsed: 5255s, ETA:  4185s[>>>>>>>>>>>>>>>>>>>>>>>>>>>                       ] 2107/3783, 0.4 task/s, elapsed: 5255s, ETA:  4180s[>>>>>>>>>>>>>>>>>>>>>>>>>>>                       ] 2108/3783, 0.4 task/s, elapsed: 5255s, ETA:  4176s[>>>>>>>>>>>>>>>>>>>>>>>>>>>                       ] 2109/3783, 0.4 task/s, elapsed: 5255s, ETA:  4171s[>>>>>>>>>>>>>>>>>>>>>>>>>>>                       ] 2110/3783, 0.4 task/s, elapsed: 5255s, ETA:  4167s[>>>>>>>>>>>>>>>>>>>>>>>>>>>                       ] 2111/3783, 0.4 task/s, elapsed: 5267s, ETA:  4171s[>>>>>>>>>>>>>>>>>>>>>>>>>>>                       ] 2112/3783, 0.4 task/s, elapsed: 5267s, ETA:  4167s[>>>>>>>>>>>>>>>>>>>>>>>>>>>                       ] 2113/3783, 0.4 task/s, elapsed: 5267s, ETA:  4163s[>>>>>>>>>>>>>>>>>>>>>>>>>>>                       ] 2114/3783, 0.4 task/s, elapsed: 5267s, ETA:  4158s[>>>>>>>>>>>>>>>>>>>>>>>>>>>                       ] 2115/3783, 0.4 task/s, elapsed: 5267s, ETA:  4154s[>>>>>>>>>>>>>>>>>>>>>>>>>>>                       ] 2116/3783, 0.4 task/s, elapsed: 5280s, ETA:  4160s[>>>>>>>>>>>>>>>>>>>>>>>>>>>                       ] 2117/3783, 0.4 task/s, elapsed: 5280s, ETA:  4156s[>>>>>>>>>>>>>>>>>>>>>>>>>>>                       ] 2118/3783, 0.4 task/s, elapsed: 5280s, ETA:  4151s[>>>>>>>>>>>>>>>>>>>>>>>>>>>>                      ] 2119/3783, 0.4 task/s, elapsed: 5280s, ETA:  4147s[>>>>>>>>>>>>>>>>>>>>>>>>>>>>                      ] 2120/3783, 0.4 task/s, elapsed: 5280s, ETA:  4142s[>>>>>>>>>>>>>>>>>>>>>>>>>>>>                      ] 2121/3783, 0.4 task/s, elapsed: 5295s, ETA:  4149s[>>>>>>>>>>>>>>>>>>>>>>>>>>>>                      ] 2122/3783, 0.4 task/s, elapsed: 5295s, ETA:  4145s[>>>>>>>>>>>>>>>>>>>>>>>>>>>>                      ] 2123/3783, 0.4 task/s, elapsed: 5295s, ETA:  4140s[>>>>>>>>>>>>>>>>>>>>>>>>>>>>                      ] 2124/3783, 0.4 task/s, elapsed: 5295s, ETA:  4136s[>>>>>>>>>>>>>>>>>>>>>>>>>>>>                      ] 2125/3783, 0.4 task/s, elapsed: 5295s, ETA:  4131s[>>>>>>>>>>>>>>>>>>>>>>>>>>>>                      ] 2126/3783, 0.4 task/s, elapsed: 5313s, ETA:  4141s[>>>>>>>>>>>>>>>>>>>>>>>>>>>>                      ] 2127/3783, 0.4 task/s, elapsed: 5313s, ETA:  4136s[>>>>>>>>>>>>>>>>>>>>>>>>>>>>                      ] 2128/3783, 0.4 task/s, elapsed: 5313s, ETA:  4132s[>>>>>>>>>>>>>>>>>>>>>>>>>>>>                      ] 2129/3783, 0.4 task/s, elapsed: 5313s, ETA:  4127s[>>>>>>>>>>>>>>>>>>>>>>>>>>>>                      ] 2130/3783, 0.4 task/s, elapsed: 5313s, ETA:  4123s[>>>>>>>>>>>>>>>>>>>>>>>>>>>>                      ] 2131/3783, 0.4 task/s, elapsed: 5352s, ETA:  4149s[>>>>>>>>>>>>>>>>>>>>>>>>>>>>                      ] 2132/3783, 0.4 task/s, elapsed: 5352s, ETA:  4145s[>>>>>>>>>>>>>>>>>>>>>>>>>>>>                      ] 2133/3783, 0.4 task/s, elapsed: 5352s, ETA:  4140s[>>>>>>>>>>>>>>>>>>>>>>>>>>>>                      ] 2134/3783, 0.4 task/s, elapsed: 5352s, ETA:  4136s[>>>>>>>>>>>>>>>>>>>>>>>>>>>>                      ] 2135/3783, 0.4 task/s, elapsed: 5352s, ETA:  4131s[>>>>>>>>>>>>>>>>>>>>>>>>>>>>                      ] 2136/3783, 0.4 task/s, elapsed: 5374s, ETA:  4144s[>>>>>>>>>>>>>>>>>>>>>>>>>>>>                      ] 2137/3783, 0.4 task/s, elapsed: 5374s, ETA:  4139s[>>>>>>>>>>>>>>>>>>>>>>>>>>>>                      ] 2138/3783, 0.4 task/s, elapsed: 5374s, ETA:  4135s[>>>>>>>>>>>>>>>>>>>>>>>>>>>>                      ] 2139/3783, 0.4 task/s, elapsed: 5374s, ETA:  4130s[>>>>>>>>>>>>>>>>>>>>>>>>>>>>                      ] 2140/3783, 0.4 task/s, elapsed: 5374s, ETA:  4126s[>>>>>>>>>>>>>>>>>>>>>>>>>>>>                      ] 2141/3783, 0.4 task/s, elapsed: 5394s, ETA:  4137s[>>>>>>>>>>>>>>>>>>>>>>>>>>>>                      ] 2142/3783, 0.4 task/s, elapsed: 5394s, ETA:  4132s[>>>>>>>>>>>>>>>>>>>>>>>>>>>>                      ] 2143/3783, 0.4 task/s, elapsed: 5394s, ETA:  4128s[>>>>>>>>>>>>>>>>>>>>>>>>>>>>                      ] 2144/3783, 0.4 task/s, elapsed: 5394s, ETA:  4123s[>>>>>>>>>>>>>>>>>>>>>>>>>>>>                      ] 2145/3783, 0.4 task/s, elapsed: 5394s, ETA:  4119s[>>>>>>>>>>>>>>>>>>>>>>>>>>>>                      ] 2146/3783, 0.4 task/s, elapsed: 5422s, ETA:  4136s[>>>>>>>>>>>>>>>>>>>>>>>>>>>>                      ] 2147/3783, 0.4 task/s, elapsed: 5422s, ETA:  4132s[>>>>>>>>>>>>>>>>>>>>>>>>>>>>                      ] 2148/3783, 0.4 task/s, elapsed: 5422s, ETA:  4127s[>>>>>>>>>>>>>>>>>>>>>>>>>>>>                      ] 2149/3783, 0.4 task/s, elapsed: 5422s, ETA:  4123s[>>>>>>>>>>>>>>>>>>>>>>>>>>>>                      ] 2150/3783, 0.4 task/s, elapsed: 5422s, ETA:  4118s[>>>>>>>>>>>>>>>>>>>>>>>>>>>>                      ] 2151/3783, 0.4 task/s, elapsed: 5442s, ETA:  4129s[>>>>>>>>>>>>>>>>>>>>>>>>>>>>                      ] 2152/3783, 0.4 task/s, elapsed: 5442s, ETA:  4125s[>>>>>>>>>>>>>>>>>>>>>>>>>>>>                      ] 2153/3783, 0.4 task/s, elapsed: 5442s, ETA:  4120s[>>>>>>>>>>>>>>>>>>>>>>>>>>>>                      ] 2154/3783, 0.4 task/s, elapsed: 5442s, ETA:  4116s[>>>>>>>>>>>>>>>>>>>>>>>>>>>>                      ] 2155/3783, 0.4 task/s, elapsed: 5442s, ETA:  4111s[>>>>>>>>>>>>>>>>>>>>>>>>>>>>                      ] 2156/3783, 0.4 task/s, elapsed: 5453s, ETA:  4115s[>>>>>>>>>>>>>>>>>>>>>>>>>>>>                      ] 2157/3783, 0.4 task/s, elapsed: 5453s, ETA:  4110s[>>>>>>>>>>>>>>>>>>>>>>>>>>>>                      ] 2158/3783, 0.4 task/s, elapsed: 5453s, ETA:  4106s[>>>>>>>>>>>>>>>>>>>>>>>>>>>>                      ] 2159/3783, 0.4 task/s, elapsed: 5453s, ETA:  4102s[>>>>>>>>>>>>>>>>>>>>>>>>>>>>                      ] 2160/3783, 0.4 task/s, elapsed: 5453s, ETA:  4097s[>>>>>>>>>>>>>>>>>>>>>>>>>>>>                      ] 2161/3783, 0.4 task/s, elapsed: 5463s, ETA:  4101s[>>>>>>>>>>>>>>>>>>>>>>>>>>>>                      ] 2162/3783, 0.4 task/s, elapsed: 5463s, ETA:  4096s[>>>>>>>>>>>>>>>>>>>>>>>>>>>>                      ] 2163/3783, 0.4 task/s, elapsed: 5463s, ETA:  4092s[>>>>>>>>>>>>>>>>>>>>>>>>>>>>                      ] 2164/3783, 0.4 task/s, elapsed: 5463s, ETA:  4087s[>>>>>>>>>>>>>>>>>>>>>>>>>>>>                      ] 2165/3783, 0.4 task/s, elapsed: 5463s, ETA:  4083s[>>>>>>>>>>>>>>>>>>>>>>>>>>>>                      ] 2166/3783, 0.4 task/s, elapsed: 5474s, ETA:  4086s[>>>>>>>>>>>>>>>>>>>>>>>>>>>>                      ] 2167/3783, 0.4 task/s, elapsed: 5474s, ETA:  4082s[>>>>>>>>>>>>>>>>>>>>>>>>>>>>                      ] 2168/3783, 0.4 task/s, elapsed: 5474s, ETA:  4077s[>>>>>>>>>>>>>>>>>>>>>>>>>>>>                      ] 2169/3783, 0.4 task/s, elapsed: 5474s, ETA:  4073s[>>>>>>>>>>>>>>>>>>>>>>>>>>>>                      ] 2170/3783, 0.4 task/s, elapsed: 5474s, ETA:  4069s[>>>>>>>>>>>>>>>>>>>>>>>>>>>>                      ] 2171/3783, 0.4 task/s, elapsed: 5484s, ETA:  4072s[>>>>>>>>>>>>>>>>>>>>>>>>>>>>                      ] 2172/3783, 0.4 task/s, elapsed: 5484s, ETA:  4067s[>>>>>>>>>>>>>>>>>>>>>>>>>>>>                      ] 2173/3783, 0.4 task/s, elapsed: 5484s, ETA:  4063s[>>>>>>>>>>>>>>>>>>>>>>>>>>>>                      ] 2174/3783, 0.4 task/s, elapsed: 5484s, ETA:  4059s[>>>>>>>>>>>>>>>>>>>>>>>>>>>>                      ] 2175/3783, 0.4 task/s, elapsed: 5484s, ETA:  4054s[>>>>>>>>>>>>>>>>>>>>>>>>>>>>                      ] 2176/3783, 0.4 task/s, elapsed: 5494s, ETA:  4057s[>>>>>>>>>>>>>>>>>>>>>>>>>>>>                      ] 2177/3783, 0.4 task/s, elapsed: 5494s, ETA:  4053s[>>>>>>>>>>>>>>>>>>>>>>>>>>>>                      ] 2178/3783, 0.4 task/s, elapsed: 5494s, ETA:  4049s[>>>>>>>>>>>>>>>>>>>>>>>>>>>>                      ] 2179/3783, 0.4 task/s, elapsed: 5494s, ETA:  4044s[>>>>>>>>>>>>>>>>>>>>>>>>>>>>                      ] 2180/3783, 0.4 task/s, elapsed: 5494s, ETA:  4040s[>>>>>>>>>>>>>>>>>>>>>>>>>>>>                      ] 2181/3783, 0.4 task/s, elapsed: 5508s, ETA:  4046s[>>>>>>>>>>>>>>>>>>>>>>>>>>>>                      ] 2182/3783, 0.4 task/s, elapsed: 5508s, ETA:  4042s[>>>>>>>>>>>>>>>>>>>>>>>>>>>>                      ] 2183/3783, 0.4 task/s, elapsed: 5508s, ETA:  4037s[>>>>>>>>>>>>>>>>>>>>>>>>>>>>                      ] 2184/3783, 0.4 task/s, elapsed: 5508s, ETA:  4033s[>>>>>>>>>>>>>>>>>>>>>>>>>>>>                      ] 2185/3783, 0.4 task/s, elapsed: 5508s, ETA:  4029s[>>>>>>>>>>>>>>>>>>>>>>>>>>>>                      ] 2186/3783, 0.4 task/s, elapsed: 5530s, ETA:  4040s[>>>>>>>>>>>>>>>>>>>>>>>>>>>>                      ] 2187/3783, 0.4 task/s, elapsed: 5530s, ETA:  4036s[>>>>>>>>>>>>>>>>>>>>>>>>>>>>                      ] 2188/3783, 0.4 task/s, elapsed: 5530s, ETA:  4031s[>>>>>>>>>>>>>>>>>>>>>>>>>>>>                      ] 2189/3783, 0.4 task/s, elapsed: 5530s, ETA:  4027s[>>>>>>>>>>>>>>>>>>>>>>>>>>>>                      ] 2190/3783, 0.4 task/s, elapsed: 5530s, ETA:  4022s[>>>>>>>>>>>>>>>>>>>>>>>>>>>>                      ] 2191/3783, 0.4 task/s, elapsed: 5541s, ETA:  4026s[>>>>>>>>>>>>>>>>>>>>>>>>>>>>                      ] 2192/3783, 0.4 task/s, elapsed: 5541s, ETA:  4022s[>>>>>>>>>>>>>>>>>>>>>>>>>>>>                      ] 2193/3783, 0.4 task/s, elapsed: 5541s, ETA:  4017s[>>>>>>>>>>>>>>>>>>>>>>>>>>>>                      ] 2194/3783, 0.4 task/s, elapsed: 5541s, ETA:  4013s[>>>>>>>>>>>>>>>>>>>>>>>>>>>>>                     ] 2195/3783, 0.4 task/s, elapsed: 5541s, ETA:  4009s[>>>>>>>>>>>>>>>>>>>>>>>>>>>>>                     ] 2196/3783, 0.4 task/s, elapsed: 5551s, ETA:  4012s[>>>>>>>>>>>>>>>>>>>>>>>>>>>>>                     ] 2197/3783, 0.4 task/s, elapsed: 5551s, ETA:  4008s[>>>>>>>>>>>>>>>>>>>>>>>>>>>>>                     ] 2198/3783, 0.4 task/s, elapsed: 5551s, ETA:  4003s[>>>>>>>>>>>>>>>>>>>>>>>>>>>>>                     ] 2199/3783, 0.4 task/s, elapsed: 5551s, ETA:  3999s[>>>>>>>>>>>>>>>>>>>>>>>>>>>>>                     ] 2200/3783, 0.4 task/s, elapsed: 5551s, ETA:  3994s[>>>>>>>>>>>>>>>>>>>>>>>>>>>>>                     ] 2201/3783, 0.4 task/s, elapsed: 5562s, ETA:  3998s[>>>>>>>>>>>>>>>>>>>>>>>>>>>>>                     ] 2202/3783, 0.4 task/s, elapsed: 5562s, ETA:  3994s[>>>>>>>>>>>>>>>>>>>>>>>>>>>>>                     ] 2203/3783, 0.4 task/s, elapsed: 5562s, ETA:  3989s[>>>>>>>>>>>>>>>>>>>>>>>>>>>>>                     ] 2204/3783, 0.4 task/s, elapsed: 5562s, ETA:  3985s[>>>>>>>>>>>>>>>>>>>>>>>>>>>>>                     ] 2205/3783, 0.4 task/s, elapsed: 5562s, ETA:  3981s[>>>>>>>>>>>>>>>>>>>>>>>>>>>>>                     ] 2206/3783, 0.4 task/s, elapsed: 5573s, ETA:  3984s[>>>>>>>>>>>>>>>>>>>>>>>>>>>>>                     ] 2207/3783, 0.4 task/s, elapsed: 5573s, ETA:  3980s[>>>>>>>>>>>>>>>>>>>>>>>>>>>>>                     ] 2208/3783, 0.4 task/s, elapsed: 5573s, ETA:  3976s[>>>>>>>>>>>>>>>>>>>>>>>>>>>>>                     ] 2209/3783, 0.4 task/s, elapsed: 5573s, ETA:  3971s[>>>>>>>>>>>>>>>>>>>>>>>>>>>>>                     ] 2210/3783, 0.4 task/s, elapsed: 5573s, ETA:  3967s[>>>>>>>>>>>>>>>>>>>>>>>>>>>>>                     ] 2211/3783, 0.4 task/s, elapsed: 5584s, ETA:  3970s[>>>>>>>>>>>>>>>>>>>>>>>>>>>>>                     ] 2212/3783, 0.4 task/s, elapsed: 5584s, ETA:  3966s[>>>>>>>>>>>>>>>>>>>>>>>>>>>>>                     ] 2213/3783, 0.4 task/s, elapsed: 5584s, ETA:  3961s[>>>>>>>>>>>>>>>>>>>>>>>>>>>>>                     ] 2214/3783, 0.4 task/s, elapsed: 5584s, ETA:  3957s[>>>>>>>>>>>>>>>>>>>>>>>>>>>>>                     ] 2215/3783, 0.4 task/s, elapsed: 5584s, ETA:  3953s[>>>>>>>>>>>>>>>>>>>>>>>>>>>>>                     ] 2216/3783, 0.4 task/s, elapsed: 5594s, ETA:  3956s[>>>>>>>>>>>>>>>>>>>>>>>>>>>>>                     ] 2217/3783, 0.4 task/s, elapsed: 5594s, ETA:  3952s[>>>>>>>>>>>>>>>>>>>>>>>>>>>>>                     ] 2218/3783, 0.4 task/s, elapsed: 5594s, ETA:  3947s[>>>>>>>>>>>>>>>>>>>>>>>>>>>>>                     ] 2219/3783, 0.4 task/s, elapsed: 5594s, ETA:  3943s[>>>>>>>>>>>>>>>>>>>>>>>>>>>>>                     ] 2220/3783, 0.4 task/s, elapsed: 5594s, ETA:  3939s[>>>>>>>>>>>>>>>>>>>>>>>>>>>>>                     ] 2221/3783, 0.4 task/s, elapsed: 5604s, ETA:  3941s[>>>>>>>>>>>>>>>>>>>>>>>>>>>>>                     ] 2222/3783, 0.4 task/s, elapsed: 5604s, ETA:  3937s[>>>>>>>>>>>>>>>>>>>>>>>>>>>>>                     ] 2223/3783, 0.4 task/s, elapsed: 5604s, ETA:  3933s[>>>>>>>>>>>>>>>>>>>>>>>>>>>>>                     ] 2224/3783, 0.4 task/s, elapsed: 5604s, ETA:  3929s[>>>>>>>>>>>>>>>>>>>>>>>>>>>>>                     ] 2225/3783, 0.4 task/s, elapsed: 5604s, ETA:  3924s[>>>>>>>>>>>>>>>>>>>>>>>>>>>>>                     ] 2226/3783, 0.4 task/s, elapsed: 5614s, ETA:  3927s[>>>>>>>>>>>>>>>>>>>>>>>>>>>>>                     ] 2227/3783, 0.4 task/s, elapsed: 5614s, ETA:  3923s[>>>>>>>>>>>>>>>>>>>>>>>>>>>>>                     ] 2228/3783, 0.4 task/s, elapsed: 5614s, ETA:  3919s[>>>>>>>>>>>>>>>>>>>>>>>>>>>>>                     ] 2229/3783, 0.4 task/s, elapsed: 5614s, ETA:  3914s[>>>>>>>>>>>>>>>>>>>>>>>>>>>>>                     ] 2230/3783, 0.4 task/s, elapsed: 5614s, ETA:  3910s[>>>>>>>>>>>>>>>>>>>>>>>>>>>>>                     ] 2231/3783, 0.4 task/s, elapsed: 5625s, ETA:  3913s[>>>>>>>>>>>>>>>>>>>>>>>>>>>>>                     ] 2232/3783, 0.4 task/s, elapsed: 5625s, ETA:  3909s[>>>>>>>>>>>>>>>>>>>>>>>>>>>>>                     ] 2233/3783, 0.4 task/s, elapsed: 5625s, ETA:  3905s[>>>>>>>>>>>>>>>>>>>>>>>>>>>>>                     ] 2234/3783, 0.4 task/s, elapsed: 5625s, ETA:  3900s[>>>>>>>>>>>>>>>>>>>>>>>>>>>>>                     ] 2235/3783, 0.4 task/s, elapsed: 5625s, ETA:  3896s[>>>>>>>>>>>>>>>>>>>>>>>>>>>>>                     ] 2236/3783, 0.4 task/s, elapsed: 5636s, ETA:  3899s[>>>>>>>>>>>>>>>>>>>>>>>>>>>>>                     ] 2237/3783, 0.4 task/s, elapsed: 5636s, ETA:  3895s[>>>>>>>>>>>>>>>>>>>>>>>>>>>>>                     ] 2238/3783, 0.4 task/s, elapsed: 5636s, ETA:  3891s[>>>>>>>>>>>>>>>>>>>>>>>>>>>>>                     ] 2239/3783, 0.4 task/s, elapsed: 5636s, ETA:  3886s[>>>>>>>>>>>>>>>>>>>>>>>>>>>>>                     ] 2240/3783, 0.4 task/s, elapsed: 5636s, ETA:  3882s[>>>>>>>>>>>>>>>>>>>>>>>>>>>>>                     ] 2241/3783, 0.4 task/s, elapsed: 5647s, ETA:  3885s[>>>>>>>>>>>>>>>>>>>>>>>>>>>>>                     ] 2242/3783, 0.4 task/s, elapsed: 5647s, ETA:  3881s[>>>>>>>>>>>>>>>>>>>>>>>>>>>>>                     ] 2243/3783, 0.4 task/s, elapsed: 5647s, ETA:  3877s[>>>>>>>>>>>>>>>>>>>>>>>>>>>>>                     ] 2244/3783, 0.4 task/s, elapsed: 5647s, ETA:  3873s[>>>>>>>>>>>>>>>>>>>>>>>>>>>>>                     ] 2245/3783, 0.4 task/s, elapsed: 5647s, ETA:  3868s[>>>>>>>>>>>>>>>>>>>>>>>>>>>>>                     ] 2246/3783, 0.4 task/s, elapsed: 5657s, ETA:  3871s[>>>>>>>>>>>>>>>>>>>>>>>>>>>>>                     ] 2247/3783, 0.4 task/s, elapsed: 5657s, ETA:  3867s[>>>>>>>>>>>>>>>>>>>>>>>>>>>>>                     ] 2248/3783, 0.4 task/s, elapsed: 5657s, ETA:  3863s[>>>>>>>>>>>>>>>>>>>>>>>>>>>>>                     ] 2249/3783, 0.4 task/s, elapsed: 5657s, ETA:  3858s[>>>>>>>>>>>>>>>>>>>>>>>>>>>>>                     ] 2250/3783, 0.4 task/s, elapsed: 5657s, ETA:  3854s[>>>>>>>>>>>>>>>>>>>>>>>>>>>>>                     ] 2251/3783, 0.4 task/s, elapsed: 5667s, ETA:  3857s[>>>>>>>>>>>>>>>>>>>>>>>>>>>>>                     ] 2252/3783, 0.4 task/s, elapsed: 5667s, ETA:  3853s[>>>>>>>>>>>>>>>>>>>>>>>>>>>>>                     ] 2253/3783, 0.4 task/s, elapsed: 5667s, ETA:  3848s[>>>>>>>>>>>>>>>>>>>>>>>>>>>>>                     ] 2254/3783, 0.4 task/s, elapsed: 5667s, ETA:  3844s[>>>>>>>>>>>>>>>>>>>>>>>>>>>>>                     ] 2255/3783, 0.4 task/s, elapsed: 5667s, ETA:  3840s[>>>>>>>>>>>>>>>>>>>>>>>>>>>>>                     ] 2256/3783, 0.4 task/s, elapsed: 5677s, ETA:  3842s[>>>>>>>>>>>>>>>>>>>>>>>>>>>>>                     ] 2257/3783, 0.4 task/s, elapsed: 5677s, ETA:  3838s[>>>>>>>>>>>>>>>>>>>>>>>>>>>>>                     ] 2258/3783, 0.4 task/s, elapsed: 5677s, ETA:  3834s[>>>>>>>>>>>>>>>>>>>>>>>>>>>>>                     ] 2259/3783, 0.4 task/s, elapsed: 5677s, ETA:  3830s[>>>>>>>>>>>>>>>>>>>>>>>>>>>>>                     ] 2260/3783, 0.4 task/s, elapsed: 5677s, ETA:  3826s[>>>>>>>>>>>>>>>>>>>>>>>>>>>>>                     ] 2261/3783, 0.4 task/s, elapsed: 5688s, ETA:  3829s[>>>>>>>>>>>>>>>>>>>>>>>>>>>>>                     ] 2262/3783, 0.4 task/s, elapsed: 5688s, ETA:  3825s[>>>>>>>>>>>>>>>>>>>>>>>>>>>>>                     ] 2263/3783, 0.4 task/s, elapsed: 5688s, ETA:  3820s[>>>>>>>>>>>>>>>>>>>>>>>>>>>>>                     ] 2264/3783, 0.4 task/s, elapsed: 5688s, ETA:  3816s[>>>>>>>>>>>>>>>>>>>>>>>>>>>>>                     ] 2265/3783, 0.4 task/s, elapsed: 5688s, ETA:  3812s[>>>>>>>>>>>>>>>>>>>>>>>>>>>>>                     ] 2266/3783, 0.4 task/s, elapsed: 5699s, ETA:  3815s[>>>>>>>>>>>>>>>>>>>>>>>>>>>>>                     ] 2267/3783, 0.4 task/s, elapsed: 5699s, ETA:  3811s[>>>>>>>>>>>>>>>>>>>>>>>>>>>>>                     ] 2268/3783, 0.4 task/s, elapsed: 5699s, ETA:  3807s[>>>>>>>>>>>>>>>>>>>>>>>>>>>>>                     ] 2269/3783, 0.4 task/s, elapsed: 5699s, ETA:  3803s[>>>>>>>>>>>>>>>>>>>>>>>>>>>>>>                    ] 2270/3783, 0.4 task/s, elapsed: 5699s, ETA:  3798s[>>>>>>>>>>>>>>>>>>>>>>>>>>>>>>                    ] 2271/3783, 0.4 task/s, elapsed: 5709s, ETA:  3801s[>>>>>>>>>>>>>>>>>>>>>>>>>>>>>>                    ] 2272/3783, 0.4 task/s, elapsed: 5709s, ETA:  3797s[>>>>>>>>>>>>>>>>>>>>>>>>>>>>>>                    ] 2273/3783, 0.4 task/s, elapsed: 5709s, ETA:  3793s[>>>>>>>>>>>>>>>>>>>>>>>>>>>>>>                    ] 2274/3783, 0.4 task/s, elapsed: 5709s, ETA:  3789s[>>>>>>>>>>>>>>>>>>>>>>>>>>>>>>                    ] 2275/3783, 0.4 task/s, elapsed: 5709s, ETA:  3785s[>>>>>>>>>>>>>>>>>>>>>>>>>>>>>>                    ] 2276/3783, 0.4 task/s, elapsed: 5720s, ETA:  3787s[>>>>>>>>>>>>>>>>>>>>>>>>>>>>>>                    ] 2277/3783, 0.4 task/s, elapsed: 5720s, ETA:  3783s[>>>>>>>>>>>>>>>>>>>>>>>>>>>>>>                    ] 2278/3783, 0.4 task/s, elapsed: 5720s, ETA:  3779s[>>>>>>>>>>>>>>>>>>>>>>>>>>>>>>                    ] 2279/3783, 0.4 task/s, elapsed: 5720s, ETA:  3775s[>>>>>>>>>>>>>>>>>>>>>>>>>>>>>>                    ] 2280/3783, 0.4 task/s, elapsed: 5720s, ETA:  3770s[>>>>>>>>>>>>>>>>>>>>>>>>>>>>>>                    ] 2281/3783, 0.4 task/s, elapsed: 5730s, ETA:  3773s[>>>>>>>>>>>>>>>>>>>>>>>>>>>>>>                    ] 2282/3783, 0.4 task/s, elapsed: 5730s, ETA:  3769s[>>>>>>>>>>>>>>>>>>>>>>>>>>>>>>                    ] 2283/3783, 0.4 task/s, elapsed: 5730s, ETA:  3765s[>>>>>>>>>>>>>>>>>>>>>>>>>>>>>>                    ] 2284/3783, 0.4 task/s, elapsed: 5730s, ETA:  3761s[>>>>>>>>>>>>>>>>>>>>>>>>>>>>>>                    ] 2285/3783, 0.4 task/s, elapsed: 5730s, ETA:  3757s[>>>>>>>>>>>>>>>>>>>>>>>>>>>>>>                    ] 2286/3783, 0.4 task/s, elapsed: 5741s, ETA:  3760s[>>>>>>>>>>>>>>>>>>>>>>>>>>>>>>                    ] 2287/3783, 0.4 task/s, elapsed: 5741s, ETA:  3756s[>>>>>>>>>>>>>>>>>>>>>>>>>>>>>>                    ] 2288/3783, 0.4 task/s, elapsed: 5741s, ETA:  3751s[>>>>>>>>>>>>>>>>>>>>>>>>>>>>>>                    ] 2289/3783, 0.4 task/s, elapsed: 5741s, ETA:  3747s[>>>>>>>>>>>>>>>>>>>>>>>>>>>>>>                    ] 2290/3783, 0.4 task/s, elapsed: 5741s, ETA:  3743s[>>>>>>>>>>>>>>>>>>>>>>>>>>>>>>                    ] 2291/3783, 0.4 task/s, elapsed: 5752s, ETA:  3746s[>>>>>>>>>>>>>>>>>>>>>>>>>>>>>>                    ] 2292/3783, 0.4 task/s, elapsed: 5752s, ETA:  3742s[>>>>>>>>>>>>>>>>>>>>>>>>>>>>>>                    ] 2293/3783, 0.4 task/s, elapsed: 5752s, ETA:  3738s[>>>>>>>>>>>>>>>>>>>>>>>>>>>>>>                    ] 2294/3783, 0.4 task/s, elapsed: 5752s, ETA:  3734s[>>>>>>>>>>>>>>>>>>>>>>>>>>>>>>                    ] 2295/3783, 0.4 task/s, elapsed: 5752s, ETA:  3730s[>>>>>>>>>>>>>>>>>>>>>>>>>>>>>>                    ] 2296/3783, 0.4 task/s, elapsed: 5762s, ETA:  3732s[>>>>>>>>>>>>>>>>>>>>>>>>>>>>>>                    ] 2297/3783, 0.4 task/s, elapsed: 5762s, ETA:  3728s[>>>>>>>>>>>>>>>>>>>>>>>>>>>>>>                    ] 2298/3783, 0.4 task/s, elapsed: 5762s, ETA:  3724s[>>>>>>>>>>>>>>>>>>>>>>>>>>>>>>                    ] 2299/3783, 0.4 task/s, elapsed: 5762s, ETA:  3719s[>>>>>>>>>>>>>>>>>>>>>>>>>>>>>>                    ] 2300/3783, 0.4 task/s, elapsed: 5762s, ETA:  3715s[>>>>>>>>>>>>>>>>>>>>>>>>>>>>>>                    ] 2301/3783, 0.4 task/s, elapsed: 5772s, ETA:  3718s[>>>>>>>>>>>>>>>>>>>>>>>>>>>>>>                    ] 2302/3783, 0.4 task/s, elapsed: 5772s, ETA:  3714s[>>>>>>>>>>>>>>>>>>>>>>>>>>>>>>                    ] 2303/3783, 0.4 task/s, elapsed: 5772s, ETA:  3710s[>>>>>>>>>>>>>>>>>>>>>>>>>>>>>>                    ] 2304/3783, 0.4 task/s, elapsed: 5772s, ETA:  3705s[>>>>>>>>>>>>>>>>>>>>>>>>>>>>>>                    ] 2305/3783, 0.4 task/s, elapsed: 5772s, ETA:  3701s[>>>>>>>>>>>>>>>>>>>>>>>>>>>>>>                    ] 2306/3783, 0.4 task/s, elapsed: 5782s, ETA:  3704s[>>>>>>>>>>>>>>>>>>>>>>>>>>>>>>                    ] 2307/3783, 0.4 task/s, elapsed: 5782s, ETA:  3700s[>>>>>>>>>>>>>>>>>>>>>>>>>>>>>>                    ] 2308/3783, 0.4 task/s, elapsed: 5782s, ETA:  3695s[>>>>>>>>>>>>>>>>>>>>>>>>>>>>>>                    ] 2309/3783, 0.4 task/s, elapsed: 5782s, ETA:  3691s[>>>>>>>>>>>>>>>>>>>>>>>>>>>>>>                    ] 2310/3783, 0.4 task/s, elapsed: 5782s, ETA:  3687s[>>>>>>>>>>>>>>>>>>>>>>>>>>>>>>                    ] 2311/3783, 0.4 task/s, elapsed: 5793s, ETA:  3690s[>>>>>>>>>>>>>>>>>>>>>>>>>>>>>>                    ] 2312/3783, 0.4 task/s, elapsed: 5793s, ETA:  3686s[>>>>>>>>>>>>>>>>>>>>>>>>>>>>>>                    ] 2313/3783, 0.4 task/s, elapsed: 5793s, ETA:  3682s[>>>>>>>>>>>>>>>>>>>>>>>>>>>>>>                    ] 2314/3783, 0.4 task/s, elapsed: 5793s, ETA:  3678s[>>>>>>>>>>>>>>>>>>>>>>>>>>>>>>                    ] 2315/3783, 0.4 task/s, elapsed: 5793s, ETA:  3673s[>>>>>>>>>>>>>>>>>>>>>>>>>>>>>>                    ] 2316/3783, 0.4 task/s, elapsed: 5803s, ETA:  3676s[>>>>>>>>>>>>>>>>>>>>>>>>>>>>>>                    ] 2317/3783, 0.4 task/s, elapsed: 5803s, ETA:  3672s[>>>>>>>>>>>>>>>>>>>>>>>>>>>>>>                    ] 2318/3783, 0.4 task/s, elapsed: 5803s, ETA:  3667s[>>>>>>>>>>>>>>>>>>>>>>>>>>>>>>                    ] 2319/3783, 0.4 task/s, elapsed: 5803s, ETA:  3663s[>>>>>>>>>>>>>>>>>>>>>>>>>>>>>>                    ] 2320/3783, 0.4 task/s, elapsed: 5803s, ETA:  3659s[>>>>>>>>>>>>>>>>>>>>>>>>>>>>>>                    ] 2321/3783, 0.4 task/s, elapsed: 5813s, ETA:  3661s[>>>>>>>>>>>>>>>>>>>>>>>>>>>>>>                    ] 2322/3783, 0.4 task/s, elapsed: 5813s, ETA:  3657s[>>>>>>>>>>>>>>>>>>>>>>>>>>>>>>                    ] 2323/3783, 0.4 task/s, elapsed: 5813s, ETA:  3653s[>>>>>>>>>>>>>>>>>>>>>>>>>>>>>>                    ] 2324/3783, 0.4 task/s, elapsed: 5813s, ETA:  3649s[>>>>>>>>>>>>>>>>>>>>>>>>>>>>>>                    ] 2325/3783, 0.4 task/s, elapsed: 5813s, ETA:  3645s[>>>>>>>>>>>>>>>>>>>>>>>>>>>>>>                    ] 2326/3783, 0.4 task/s, elapsed: 5823s, ETA:  3647s[>>>>>>>>>>>>>>>>>>>>>>>>>>>>>>                    ] 2327/3783, 0.4 task/s, elapsed: 5823s, ETA:  3643s[>>>>>>>>>>>>>>>>>>>>>>>>>>>>>>                    ] 2328/3783, 0.4 task/s, elapsed: 5823s, ETA:  3639s[>>>>>>>>>>>>>>>>>>>>>>>>>>>>>>                    ] 2329/3783, 0.4 task/s, elapsed: 5823s, ETA:  3635s[>>>>>>>>>>>>>>>>>>>>>>>>>>>>>>                    ] 2330/3783, 0.4 task/s, elapsed: 5823s, ETA:  3631s[>>>>>>>>>>>>>>>>>>>>>>>>>>>>>>                    ] 2331/3783, 0.4 task/s, elapsed: 5833s, ETA:  3633s[>>>>>>>>>>>>>>>>>>>>>>>>>>>>>>                    ] 2332/3783, 0.4 task/s, elapsed: 5833s, ETA:  3629s[>>>>>>>>>>>>>>>>>>>>>>>>>>>>>>                    ] 2333/3783, 0.4 task/s, elapsed: 5833s, ETA:  3625s[>>>>>>>>>>>>>>>>>>>>>>>>>>>>>>                    ] 2334/3783, 0.4 task/s, elapsed: 5833s, ETA:  3621s[>>>>>>>>>>>>>>>>>>>>>>>>>>>>>>                    ] 2335/3783, 0.4 task/s, elapsed: 5833s, ETA:  3617s[>>>>>>>>>>>>>>>>>>>>>>>>>>>>>>                    ] 2336/3783, 0.4 task/s, elapsed: 5842s, ETA:  3619s[>>>>>>>>>>>>>>>>>>>>>>>>>>>>>>                    ] 2337/3783, 0.4 task/s, elapsed: 5842s, ETA:  3615s[>>>>>>>>>>>>>>>>>>>>>>>>>>>>>>                    ] 2338/3783, 0.4 task/s, elapsed: 5842s, ETA:  3611s[>>>>>>>>>>>>>>>>>>>>>>>>>>>>>>                    ] 2339/3783, 0.4 task/s, elapsed: 5842s, ETA:  3607s[>>>>>>>>>>>>>>>>>>>>>>>>>>>>>>                    ] 2340/3783, 0.4 task/s, elapsed: 5842s, ETA:  3603s[>>>>>>>>>>>>>>>>>>>>>>>>>>>>>>                    ] 2341/3783, 0.4 task/s, elapsed: 5852s, ETA:  3605s[>>>>>>>>>>>>>>>>>>>>>>>>>>>>>>                    ] 2342/3783, 0.4 task/s, elapsed: 5852s, ETA:  3601s[>>>>>>>>>>>>>>>>>>>>>>>>>>>>>>                    ] 2343/3783, 0.4 task/s, elapsed: 5852s, ETA:  3597s[>>>>>>>>>>>>>>>>>>>>>>>>>>>>>>                    ] 2344/3783, 0.4 task/s, elapsed: 5852s, ETA:  3593s[>>>>>>>>>>>>>>>>>>>>>>>>>>>>>>                    ] 2345/3783, 0.4 task/s, elapsed: 5852s, ETA:  3589s[>>>>>>>>>>>>>>>>>>>>>>>>>>>>>>>                   ] 2346/3783, 0.4 task/s, elapsed: 5862s, ETA:  3591s[>>>>>>>>>>>>>>>>>>>>>>>>>>>>>>>                   ] 2347/3783, 0.4 task/s, elapsed: 5862s, ETA:  3587s[>>>>>>>>>>>>>>>>>>>>>>>>>>>>>>>                   ] 2348/3783, 0.4 task/s, elapsed: 5862s, ETA:  3583s[>>>>>>>>>>>>>>>>>>>>>>>>>>>>>>>                   ] 2349/3783, 0.4 task/s, elapsed: 5862s, ETA:  3579s[>>>>>>>>>>>>>>>>>>>>>>>>>>>>>>>                   ] 2350/3783, 0.4 task/s, elapsed: 5862s, ETA:  3575s[>>>>>>>>>>>>>>>>>>>>>>>>>>>>>>>                   ] 2351/3783, 0.4 task/s, elapsed: 5874s, ETA:  3578s[>>>>>>>>>>>>>>>>>>>>>>>>>>>>>>>                   ] 2352/3783, 0.4 task/s, elapsed: 5874s, ETA:  3574s[>>>>>>>>>>>>>>>>>>>>>>>>>>>>>>>                   ] 2353/3783, 0.4 task/s, elapsed: 5874s, ETA:  3570s[>>>>>>>>>>>>>>>>>>>>>>>>>>>>>>>                   ] 2354/3783, 0.4 task/s, elapsed: 5874s, ETA:  3566s[>>>>>>>>>>>>>>>>>>>>>>>>>>>>>>>                   ] 2355/3783, 0.4 task/s, elapsed: 5874s, ETA:  3562s[>>>>>>>>>>>>>>>>>>>>>>>>>>>>>>>                   ] 2356/3783, 0.4 task/s, elapsed: 5885s, ETA:  3564s[>>>>>>>>>>>>>>>>>>>>>>>>>>>>>>>                   ] 2357/3783, 0.4 task/s, elapsed: 5885s, ETA:  3560s[>>>>>>>>>>>>>>>>>>>>>>>>>>>>>>>                   ] 2358/3783, 0.4 task/s, elapsed: 5885s, ETA:  3556s[>>>>>>>>>>>>>>>>>>>>>>>>>>>>>>>                   ] 2359/3783, 0.4 task/s, elapsed: 5885s, ETA:  3552s[>>>>>>>>>>>>>>>>>>>>>>>>>>>>>>>                   ] 2360/3783, 0.4 task/s, elapsed: 5885s, ETA:  3548s[>>>>>>>>>>>>>>>>>>>>>>>>>>>>>>>                   ] 2361/3783, 0.4 task/s, elapsed: 5895s, ETA:  3551s[>>>>>>>>>>>>>>>>>>>>>>>>>>>>>>>                   ] 2362/3783, 0.4 task/s, elapsed: 5895s, ETA:  3547s[>>>>>>>>>>>>>>>>>>>>>>>>>>>>>>>                   ] 2363/3783, 0.4 task/s, elapsed: 5895s, ETA:  3543s[>>>>>>>>>>>>>>>>>>>>>>>>>>>>>>>                   ] 2364/3783, 0.4 task/s, elapsed: 5895s, ETA:  3539s[>>>>>>>>>>>>>>>>>>>>>>>>>>>>>>>                   ] 2365/3783, 0.4 task/s, elapsed: 5895s, ETA:  3535s[>>>>>>>>>>>>>>>>>>>>>>>>>>>>>>>                   ] 2366/3783, 0.4 task/s, elapsed: 5908s, ETA:  3538s[>>>>>>>>>>>>>>>>>>>>>>>>>>>>>>>                   ] 2367/3783, 0.4 task/s, elapsed: 5908s, ETA:  3534s[>>>>>>>>>>>>>>>>>>>>>>>>>>>>>>>                   ] 2368/3783, 0.4 task/s, elapsed: 5908s, ETA:  3530s[>>>>>>>>>>>>>>>>>>>>>>>>>>>>>>>                   ] 2369/3783, 0.4 task/s, elapsed: 5908s, ETA:  3526s[>>>>>>>>>>>>>>>>>>>>>>>>>>>>>>>                   ] 2370/3783, 0.4 task/s, elapsed: 5908s, ETA:  3522s[>>>>>>>>>>>>>>>>>>>>>>>>>>>>>>>                   ] 2371/3783, 0.4 task/s, elapsed: 5918s, ETA:  3525s[>>>>>>>>>>>>>>>>>>>>>>>>>>>>>>>                   ] 2372/3783, 0.4 task/s, elapsed: 5918s, ETA:  3521s[>>>>>>>>>>>>>>>>>>>>>>>>>>>>>>>                   ] 2373/3783, 0.4 task/s, elapsed: 5918s, ETA:  3517s[>>>>>>>>>>>>>>>>>>>>>>>>>>>>>>>                   ] 2374/3783, 0.4 task/s, elapsed: 5918s, ETA:  3513s[>>>>>>>>>>>>>>>>>>>>>>>>>>>>>>>                   ] 2375/3783, 0.4 task/s, elapsed: 5918s, ETA:  3509s[>>>>>>>>>>>>>>>>>>>>>>>>>>>>>>>                   ] 2376/3783, 0.4 task/s, elapsed: 5928s, ETA:  3511s[>>>>>>>>>>>>>>>>>>>>>>>>>>>>>>>                   ] 2377/3783, 0.4 task/s, elapsed: 5928s, ETA:  3507s[>>>>>>>>>>>>>>>>>>>>>>>>>>>>>>>                   ] 2378/3783, 0.4 task/s, elapsed: 5928s, ETA:  3503s[>>>>>>>>>>>>>>>>>>>>>>>>>>>>>>>                   ] 2379/3783, 0.4 task/s, elapsed: 5928s, ETA:  3499s[>>>>>>>>>>>>>>>>>>>>>>>>>>>>>>>                   ] 2380/3783, 0.4 task/s, elapsed: 5928s, ETA:  3495s[>>>>>>>>>>>>>>>>>>>>>>>>>>>>>>>                   ] 2381/3783, 0.4 task/s, elapsed: 5939s, ETA:  3497s[>>>>>>>>>>>>>>>>>>>>>>>>>>>>>>>                   ] 2382/3783, 0.4 task/s, elapsed: 5939s, ETA:  3493s[>>>>>>>>>>>>>>>>>>>>>>>>>>>>>>>                   ] 2383/3783, 0.4 task/s, elapsed: 5939s, ETA:  3489s[>>>>>>>>>>>>>>>>>>>>>>>>>>>>>>>                   ] 2384/3783, 0.4 task/s, elapsed: 5939s, ETA:  3485s[>>>>>>>>>>>>>>>>>>>>>>>>>>>>>>>                   ] 2385/3783, 0.4 task/s, elapsed: 5939s, ETA:  3481s[>>>>>>>>>>>>>>>>>>>>>>>>>>>>>>>                   ] 2386/3783, 0.4 task/s, elapsed: 5949s, ETA:  3483s[>>>>>>>>>>>>>>>>>>>>>>>>>>>>>>>                   ] 2387/3783, 0.4 task/s, elapsed: 5949s, ETA:  3479s[>>>>>>>>>>>>>>>>>>>>>>>>>>>>>>>                   ] 2388/3783, 0.4 task/s, elapsed: 5949s, ETA:  3475s[>>>>>>>>>>>>>>>>>>>>>>>>>>>>>>>                   ] 2389/3783, 0.4 task/s, elapsed: 5949s, ETA:  3471s[>>>>>>>>>>>>>>>>>>>>>>>>>>>>>>>                   ] 2390/3783, 0.4 task/s, elapsed: 5949s, ETA:  3467s[>>>>>>>>>>>>>>>>>>>>>>>>>>>>>>>                   ] 2391/3783, 0.4 task/s, elapsed: 5959s, ETA:  3469s[>>>>>>>>>>>>>>>>>>>>>>>>>>>>>>>                   ] 2392/3783, 0.4 task/s, elapsed: 5959s, ETA:  3465s[>>>>>>>>>>>>>>>>>>>>>>>>>>>>>>>                   ] 2393/3783, 0.4 task/s, elapsed: 5959s, ETA:  3461s[>>>>>>>>>>>>>>>>>>>>>>>>>>>>>>>                   ] 2394/3783, 0.4 task/s, elapsed: 5959s, ETA:  3458s[>>>>>>>>>>>>>>>>>>>>>>>>>>>>>>>                   ] 2395/3783, 0.4 task/s, elapsed: 5959s, ETA:  3454s[>>>>>>>>>>>>>>>>>>>>>>>>>>>>>>>                   ] 2396/3783, 0.4 task/s, elapsed: 5970s, ETA:  3456s[>>>>>>>>>>>>>>>>>>>>>>>>>>>>>>>                   ] 2397/3783, 0.4 task/s, elapsed: 5970s, ETA:  3452s[>>>>>>>>>>>>>>>>>>>>>>>>>>>>>>>                   ] 2398/3783, 0.4 task/s, elapsed: 5970s, ETA:  3448s[>>>>>>>>>>>>>>>>>>>>>>>>>>>>>>>                   ] 2399/3783, 0.4 task/s, elapsed: 5970s, ETA:  3444s[>>>>>>>>>>>>>>>>>>>>>>>>>>>>>>>                   ] 2400/3783, 0.4 task/s, elapsed: 5970s, ETA:  3440s[>>>>>>>>>>>>>>>>>>>>>>>>>>>>>>>                   ] 2401/3783, 0.4 task/s, elapsed: 5980s, ETA:  3442s[>>>>>>>>>>>>>>>>>>>>>>>>>>>>>>>                   ] 2402/3783, 0.4 task/s, elapsed: 5980s, ETA:  3438s[>>>>>>>>>>>>>>>>>>>>>>>>>>>>>>>                   ] 2403/3783, 0.4 task/s, elapsed: 5980s, ETA:  3434s[>>>>>>>>>>>>>>>>>>>>>>>>>>>>>>>                   ] 2404/3783, 0.4 task/s, elapsed: 5980s, ETA:  3430s[>>>>>>>>>>>>>>>>>>>>>>>>>>>>>>>                   ] 2405/3783, 0.4 task/s, elapsed: 5980s, ETA:  3426s[>>>>>>>>>>>>>>>>>>>>>>>>>>>>>>>                   ] 2406/3783, 0.4 task/s, elapsed: 5990s, ETA:  3428s[>>>>>>>>>>>>>>>>>>>>>>>>>>>>>>>                   ] 2407/3783, 0.4 task/s, elapsed: 5990s, ETA:  3425s[>>>>>>>>>>>>>>>>>>>>>>>>>>>>>>>                   ] 2408/3783, 0.4 task/s, elapsed: 5990s, ETA:  3421s[>>>>>>>>>>>>>>>>>>>>>>>>>>>>>>>                   ] 2409/3783, 0.4 task/s, elapsed: 5990s, ETA:  3417s[>>>>>>>>>>>>>>>>>>>>>>>>>>>>>>>                   ] 2410/3783, 0.4 task/s, elapsed: 5990s, ETA:  3413s[>>>>>>>>>>>>>>>>>>>>>>>>>>>>>>>                   ] 2411/3783, 0.4 task/s, elapsed: 6001s, ETA:  3415s[>>>>>>>>>>>>>>>>>>>>>>>>>>>>>>>                   ] 2412/3783, 0.4 task/s, elapsed: 6001s, ETA:  3411s[>>>>>>>>>>>>>>>>>>>>>>>>>>>>>>>                   ] 2413/3783, 0.4 task/s, elapsed: 6001s, ETA:  3407s[>>>>>>>>>>>>>>>>>>>>>>>>>>>>>>>                   ] 2414/3783, 0.4 task/s, elapsed: 6001s, ETA:  3403s[>>>>>>>>>>>>>>>>>>>>>>>>>>>>>>>                   ] 2415/3783, 0.4 task/s, elapsed: 6001s, ETA:  3399s[>>>>>>>>>>>>>>>>>>>>>>>>>>>>>>>                   ] 2416/3783, 0.4 task/s, elapsed: 6011s, ETA:  3401s[>>>>>>>>>>>>>>>>>>>>>>>>>>>>>>>                   ] 2417/3783, 0.4 task/s, elapsed: 6011s, ETA:  3397s[>>>>>>>>>>>>>>>>>>>>>>>>>>>>>>>                   ] 2418/3783, 0.4 task/s, elapsed: 6011s, ETA:  3393s[>>>>>>>>>>>>>>>>>>>>>>>>>>>>>>>                   ] 2419/3783, 0.4 task/s, elapsed: 6011s, ETA:  3389s[>>>>>>>>>>>>>>>>>>>>>>>>>>>>>>>                   ] 2420/3783, 0.4 task/s, elapsed: 6011s, ETA:  3385s[>>>>>>>>>>>>>>>>>>>>>>>>>>>>>>>                   ] 2421/3783, 0.4 task/s, elapsed: 6021s, ETA:  3387s[>>>>>>>>>>>>>>>>>>>>>>>>>>>>>>>>                  ] 2422/3783, 0.4 task/s, elapsed: 6021s, ETA:  3383s[>>>>>>>>>>>>>>>>>>>>>>>>>>>>>>>>                  ] 2423/3783, 0.4 task/s, elapsed: 6021s, ETA:  3379s[>>>>>>>>>>>>>>>>>>>>>>>>>>>>>>>>                  ] 2424/3783, 0.4 task/s, elapsed: 6021s, ETA:  3376s[>>>>>>>>>>>>>>>>>>>>>>>>>>>>>>>>                  ] 2425/3783, 0.4 task/s, elapsed: 6021s, ETA:  3372s[>>>>>>>>>>>>>>>>>>>>>>>>>>>>>>>>                  ] 2426/3783, 0.4 task/s, elapsed: 6031s, ETA:  3374s[>>>>>>>>>>>>>>>>>>>>>>>>>>>>>>>>                  ] 2427/3783, 0.4 task/s, elapsed: 6031s, ETA:  3370s[>>>>>>>>>>>>>>>>>>>>>>>>>>>>>>>>                  ] 2428/3783, 0.4 task/s, elapsed: 6031s, ETA:  3366s[>>>>>>>>>>>>>>>>>>>>>>>>>>>>>>>>                  ] 2429/3783, 0.4 task/s, elapsed: 6031s, ETA:  3362s[>>>>>>>>>>>>>>>>>>>>>>>>>>>>>>>>                  ] 2430/3783, 0.4 task/s, elapsed: 6031s, ETA:  3358s[>>>>>>>>>>>>>>>>>>>>>>>>>>>>>>>>                  ] 2431/3783, 0.4 task/s, elapsed: 6041s, ETA:  3360s[>>>>>>>>>>>>>>>>>>>>>>>>>>>>>>>>                  ] 2432/3783, 0.4 task/s, elapsed: 6041s, ETA:  3356s[>>>>>>>>>>>>>>>>>>>>>>>>>>>>>>>>                  ] 2433/3783, 0.4 task/s, elapsed: 6041s, ETA:  3352s[>>>>>>>>>>>>>>>>>>>>>>>>>>>>>>>>                  ] 2434/3783, 0.4 task/s, elapsed: 6041s, ETA:  3348s[>>>>>>>>>>>>>>>>>>>>>>>>>>>>>>>>                  ] 2435/3783, 0.4 task/s, elapsed: 6041s, ETA:  3344s[>>>>>>>>>>>>>>>>>>>>>>>>>>>>>>>>                  ] 2436/3783, 0.4 task/s, elapsed: 6052s, ETA:  3346s[>>>>>>>>>>>>>>>>>>>>>>>>>>>>>>>>                  ] 2437/3783, 0.4 task/s, elapsed: 6052s, ETA:  3343s[>>>>>>>>>>>>>>>>>>>>>>>>>>>>>>>>                  ] 2438/3783, 0.4 task/s, elapsed: 6052s, ETA:  3339s[>>>>>>>>>>>>>>>>>>>>>>>>>>>>>>>>                  ] 2439/3783, 0.4 task/s, elapsed: 6052s, ETA:  3335s[>>>>>>>>>>>>>>>>>>>>>>>>>>>>>>>>                  ] 2440/3783, 0.4 task/s, elapsed: 6052s, ETA:  3331s[>>>>>>>>>>>>>>>>>>>>>>>>>>>>>>>>                  ] 2441/3783, 0.4 task/s, elapsed: 6064s, ETA:  3334s[>>>>>>>>>>>>>>>>>>>>>>>>>>>>>>>>                  ] 2442/3783, 0.4 task/s, elapsed: 6064s, ETA:  3330s[>>>>>>>>>>>>>>>>>>>>>>>>>>>>>>>>                  ] 2443/3783, 0.4 task/s, elapsed: 6064s, ETA:  3326s[>>>>>>>>>>>>>>>>>>>>>>>>>>>>>>>>                  ] 2444/3783, 0.4 task/s, elapsed: 6064s, ETA:  3322s[>>>>>>>>>>>>>>>>>>>>>>>>>>>>>>>>                  ] 2445/3783, 0.4 task/s, elapsed: 6064s, ETA:  3318s[>>>>>>>>>>>>>>>>>>>>>>>>>>>>>>>>                  ] 2446/3783, 0.4 task/s, elapsed: 6075s, ETA:  3321s[>>>>>>>>>>>>>>>>>>>>>>>>>>>>>>>>                  ] 2447/3783, 0.4 task/s, elapsed: 6075s, ETA:  3317s[>>>>>>>>>>>>>>>>>>>>>>>>>>>>>>>>                  ] 2448/3783, 0.4 task/s, elapsed: 6075s, ETA:  3313s[>>>>>>>>>>>>>>>>>>>>>>>>>>>>>>>>                  ] 2449/3783, 0.4 task/s, elapsed: 6075s, ETA:  3309s[>>>>>>>>>>>>>>>>>>>>>>>>>>>>>>>>                  ] 2450/3783, 0.4 task/s, elapsed: 6075s, ETA:  3305s[>>>>>>>>>>>>>>>>>>>>>>>>>>>>>>>>                  ] 2451/3783, 0.4 task/s, elapsed: 6086s, ETA:  3307s[>>>>>>>>>>>>>>>>>>>>>>>>>>>>>>>>                  ] 2452/3783, 0.4 task/s, elapsed: 6086s, ETA:  3303s[>>>>>>>>>>>>>>>>>>>>>>>>>>>>>>>>                  ] 2453/3783, 0.4 task/s, elapsed: 6086s, ETA:  3300s[>>>>>>>>>>>>>>>>>>>>>>>>>>>>>>>>                  ] 2454/3783, 0.4 task/s, elapsed: 6086s, ETA:  3296s[>>>>>>>>>>>>>>>>>>>>>>>>>>>>>>>>                  ] 2455/3783, 0.4 task/s, elapsed: 6086s, ETA:  3292s[>>>>>>>>>>>>>>>>>>>>>>>>>>>>>>>>                  ] 2456/3783, 0.4 task/s, elapsed: 6096s, ETA:  3294s[>>>>>>>>>>>>>>>>>>>>>>>>>>>>>>>>                  ] 2457/3783, 0.4 task/s, elapsed: 6096s, ETA:  3290s[>>>>>>>>>>>>>>>>>>>>>>>>>>>>>>>>                  ] 2458/3783, 0.4 task/s, elapsed: 6096s, ETA:  3286s[>>>>>>>>>>>>>>>>>>>>>>>>>>>>>>>>                  ] 2459/3783, 0.4 task/s, elapsed: 6096s, ETA:  3282s[>>>>>>>>>>>>>>>>>>>>>>>>>>>>>>>>                  ] 2460/3783, 0.4 task/s, elapsed: 6096s, ETA:  3279s[>>>>>>>>>>>>>>>>>>>>>>>>>>>>>>>>                  ] 2461/3783, 0.4 task/s, elapsed: 6107s, ETA:  3281s[>>>>>>>>>>>>>>>>>>>>>>>>>>>>>>>>                  ] 2462/3783, 0.4 task/s, elapsed: 6107s, ETA:  3277s[>>>>>>>>>>>>>>>>>>>>>>>>>>>>>>>>                  ] 2463/3783, 0.4 task/s, elapsed: 6107s, ETA:  3273s[>>>>>>>>>>>>>>>>>>>>>>>>>>>>>>>>                  ] 2464/3783, 0.4 task/s, elapsed: 6107s, ETA:  3269s[>>>>>>>>>>>>>>>>>>>>>>>>>>>>>>>>                  ] 2465/3783, 0.4 task/s, elapsed: 6107s, ETA:  3266s[>>>>>>>>>>>>>>>>>>>>>>>>>>>>>>>>                  ] 2466/3783, 0.4 task/s, elapsed: 6117s, ETA:  3267s[>>>>>>>>>>>>>>>>>>>>>>>>>>>>>>>>                  ] 2467/3783, 0.4 task/s, elapsed: 6117s, ETA:  3263s[>>>>>>>>>>>>>>>>>>>>>>>>>>>>>>>>                  ] 2468/3783, 0.4 task/s, elapsed: 6117s, ETA:  3260s[>>>>>>>>>>>>>>>>>>>>>>>>>>>>>>>>                  ] 2469/3783, 0.4 task/s, elapsed: 6117s, ETA:  3256s[>>>>>>>>>>>>>>>>>>>>>>>>>>>>>>>>                  ] 2470/3783, 0.4 task/s, elapsed: 6117s, ETA:  3252s[>>>>>>>>>>>>>>>>>>>>>>>>>>>>>>>>                  ] 2471/3783, 0.4 task/s, elapsed: 6128s, ETA:  3253s[>>>>>>>>>>>>>>>>>>>>>>>>>>>>>>>>                  ] 2472/3783, 0.4 task/s, elapsed: 6128s, ETA:  3250s[>>>>>>>>>>>>>>>>>>>>>>>>>>>>>>>>                  ] 2473/3783, 0.4 task/s, elapsed: 6128s, ETA:  3246s[>>>>>>>>>>>>>>>>>>>>>>>>>>>>>>>>                  ] 2474/3783, 0.4 task/s, elapsed: 6128s, ETA:  3242s[>>>>>>>>>>>>>>>>>>>>>>>>>>>>>>>>                  ] 2475/3783, 0.4 task/s, elapsed: 6128s, ETA:  3238s[>>>>>>>>>>>>>>>>>>>>>>>>>>>>>>>>                  ] 2476/3783, 0.4 task/s, elapsed: 6139s, ETA:  3240s[>>>>>>>>>>>>>>>>>>>>>>>>>>>>>>>>                  ] 2477/3783, 0.4 task/s, elapsed: 6139s, ETA:  3237s[>>>>>>>>>>>>>>>>>>>>>>>>>>>>>>>>                  ] 2478/3783, 0.4 task/s, elapsed: 6139s, ETA:  3233s[>>>>>>>>>>>>>>>>>>>>>>>>>>>>>>>>                  ] 2479/3783, 0.4 task/s, elapsed: 6139s, ETA:  3229s[>>>>>>>>>>>>>>>>>>>>>>>>>>>>>>>>                  ] 2480/3783, 0.4 task/s, elapsed: 6139s, ETA:  3225s[>>>>>>>>>>>>>>>>>>>>>>>>>>>>>>>>                  ] 2481/3783, 0.4 task/s, elapsed: 6150s, ETA:  3228s[>>>>>>>>>>>>>>>>>>>>>>>>>>>>>>>>                  ] 2482/3783, 0.4 task/s, elapsed: 6150s, ETA:  3224s[>>>>>>>>>>>>>>>>>>>>>>>>>>>>>>>>                  ] 2483/3783, 0.4 task/s, elapsed: 6150s, ETA:  3220s[>>>>>>>>>>>>>>>>>>>>>>>>>>>>>>>>                  ] 2484/3783, 0.4 task/s, elapsed: 6150s, ETA:  3216s[>>>>>>>>>>>>>>>>>>>>>>>>>>>>>>>>                  ] 2485/3783, 0.4 task/s, elapsed: 6150s, ETA:  3213s[>>>>>>>>>>>>>>>>>>>>>>>>>>>>>>>>                  ] 2486/3783, 0.4 task/s, elapsed: 6161s, ETA:  3214s[>>>>>>>>>>>>>>>>>>>>>>>>>>>>>>>>                  ] 2487/3783, 0.4 task/s, elapsed: 6161s, ETA:  3211s[>>>>>>>>>>>>>>>>>>>>>>>>>>>>>>>>                  ] 2488/3783, 0.4 task/s, elapsed: 6161s, ETA:  3207s[>>>>>>>>>>>>>>>>>>>>>>>>>>>>>>>>                  ] 2489/3783, 0.4 task/s, elapsed: 6161s, ETA:  3203s[>>>>>>>>>>>>>>>>>>>>>>>>>>>>>>>>                  ] 2490/3783, 0.4 task/s, elapsed: 6161s, ETA:  3199s[>>>>>>>>>>>>>>>>>>>>>>>>>>>>>>>>                  ] 2491/3783, 0.4 task/s, elapsed: 6171s, ETA:  3201s[>>>>>>>>>>>>>>>>>>>>>>>>>>>>>>>>                  ] 2492/3783, 0.4 task/s, elapsed: 6171s, ETA:  3197s[>>>>>>>>>>>>>>>>>>>>>>>>>>>>>>>>                  ] 2493/3783, 0.4 task/s, elapsed: 6171s, ETA:  3193s[>>>>>>>>>>>>>>>>>>>>>>>>>>>>>>>>                  ] 2494/3783, 0.4 task/s, elapsed: 6171s, ETA:  3189s[>>>>>>>>>>>>>>>>>>>>>>>>>>>>>>>>                  ] 2495/3783, 0.4 task/s, elapsed: 6171s, ETA:  3186s[>>>>>>>>>>>>>>>>>>>>>>>>>>>>>>>>                  ] 2496/3783, 0.4 task/s, elapsed: 6181s, ETA:  3187s[>>>>>>>>>>>>>>>>>>>>>>>>>>>>>>>>>                 ] 2497/3783, 0.4 task/s, elapsed: 6181s, ETA:  3183s[>>>>>>>>>>>>>>>>>>>>>>>>>>>>>>>>>                 ] 2498/3783, 0.4 task/s, elapsed: 6181s, ETA:  3179s[>>>>>>>>>>>>>>>>>>>>>>>>>>>>>>>>>                 ] 2499/3783, 0.4 task/s, elapsed: 6181s, ETA:  3176s[>>>>>>>>>>>>>>>>>>>>>>>>>>>>>>>>>                 ] 2500/3783, 0.4 task/s, elapsed: 6181s, ETA:  3172s[>>>>>>>>>>>>>>>>>>>>>>>>>>>>>>>>>                 ] 2501/3783, 0.4 task/s, elapsed: 6192s, ETA:  3174s[>>>>>>>>>>>>>>>>>>>>>>>>>>>>>>>>>                 ] 2502/3783, 0.4 task/s, elapsed: 6192s, ETA:  3170s[>>>>>>>>>>>>>>>>>>>>>>>>>>>>>>>>>                 ] 2503/3783, 0.4 task/s, elapsed: 6192s, ETA:  3167s[>>>>>>>>>>>>>>>>>>>>>>>>>>>>>>>>>                 ] 2504/3783, 0.4 task/s, elapsed: 6192s, ETA:  3163s[>>>>>>>>>>>>>>>>>>>>>>>>>>>>>>>>>                 ] 2505/3783, 0.4 task/s, elapsed: 6192s, ETA:  3159s[>>>>>>>>>>>>>>>>>>>>>>>>>>>>>>>>>                 ] 2506/3783, 0.4 task/s, elapsed: 6205s, ETA:  3162s[>>>>>>>>>>>>>>>>>>>>>>>>>>>>>>>>>                 ] 2507/3783, 0.4 task/s, elapsed: 6205s, ETA:  3158s[>>>>>>>>>>>>>>>>>>>>>>>>>>>>>>>>>                 ] 2508/3783, 0.4 task/s, elapsed: 6205s, ETA:  3154s[>>>>>>>>>>>>>>>>>>>>>>>>>>>>>>>>>                 ] 2509/3783, 0.4 task/s, elapsed: 6205s, ETA:  3151s[>>>>>>>>>>>>>>>>>>>>>>>>>>>>>>>>>                 ] 2510/3783, 0.4 task/s, elapsed: 6205s, ETA:  3147s[>>>>>>>>>>>>>>>>>>>>>>>>>>>>>>>>>                 ] 2511/3783, 0.4 task/s, elapsed: 6215s, ETA:  3148s[>>>>>>>>>>>>>>>>>>>>>>>>>>>>>>>>>                 ] 2512/3783, 0.4 task/s, elapsed: 6215s, ETA:  3145s[>>>>>>>>>>>>>>>>>>>>>>>>>>>>>>>>>                 ] 2513/3783, 0.4 task/s, elapsed: 6215s, ETA:  3141s[>>>>>>>>>>>>>>>>>>>>>>>>>>>>>>>>>                 ] 2514/3783, 0.4 task/s, elapsed: 6215s, ETA:  3137s[>>>>>>>>>>>>>>>>>>>>>>>>>>>>>>>>>                 ] 2515/3783, 0.4 task/s, elapsed: 6215s, ETA:  3133s[>>>>>>>>>>>>>>>>>>>>>>>>>>>>>>>>>                 ] 2516/3783, 0.4 task/s, elapsed: 6225s, ETA:  3135s[>>>>>>>>>>>>>>>>>>>>>>>>>>>>>>>>>                 ] 2517/3783, 0.4 task/s, elapsed: 6225s, ETA:  3131s[>>>>>>>>>>>>>>>>>>>>>>>>>>>>>>>>>                 ] 2518/3783, 0.4 task/s, elapsed: 6225s, ETA:  3128s[>>>>>>>>>>>>>>>>>>>>>>>>>>>>>>>>>                 ] 2519/3783, 0.4 task/s, elapsed: 6225s, ETA:  3124s[>>>>>>>>>>>>>>>>>>>>>>>>>>>>>>>>>                 ] 2520/3783, 0.4 task/s, elapsed: 6225s, ETA:  3120s[>>>>>>>>>>>>>>>>>>>>>>>>>>>>>>>>>                 ] 2521/3783, 0.4 task/s, elapsed: 6238s, ETA:  3123s[>>>>>>>>>>>>>>>>>>>>>>>>>>>>>>>>>                 ] 2522/3783, 0.4 task/s, elapsed: 6238s, ETA:  3119s[>>>>>>>>>>>>>>>>>>>>>>>>>>>>>>>>>                 ] 2523/3783, 0.4 task/s, elapsed: 6238s, ETA:  3115s[>>>>>>>>>>>>>>>>>>>>>>>>>>>>>>>>>                 ] 2524/3783, 0.4 task/s, elapsed: 6238s, ETA:  3112s[>>>>>>>>>>>>>>>>>>>>>>>>>>>>>>>>>                 ] 2525/3783, 0.4 task/s, elapsed: 6238s, ETA:  3108s[>>>>>>>>>>>>>>>>>>>>>>>>>>>>>>>>>                 ] 2526/3783, 0.4 task/s, elapsed: 6250s, ETA:  3110s[>>>>>>>>>>>>>>>>>>>>>>>>>>>>>>>>>                 ] 2527/3783, 0.4 task/s, elapsed: 6250s, ETA:  3106s[>>>>>>>>>>>>>>>>>>>>>>>>>>>>>>>>>                 ] 2528/3783, 0.4 task/s, elapsed: 6250s, ETA:  3103s[>>>>>>>>>>>>>>>>>>>>>>>>>>>>>>>>>                 ] 2529/3783, 0.4 task/s, elapsed: 6250s, ETA:  3099s[>>>>>>>>>>>>>>>>>>>>>>>>>>>>>>>>>                 ] 2530/3783, 0.4 task/s, elapsed: 6250s, ETA:  3095s[>>>>>>>>>>>>>>>>>>>>>>>>>>>>>>>>>                 ] 2531/3783, 0.4 task/s, elapsed: 6260s, ETA:  3097s[>>>>>>>>>>>>>>>>>>>>>>>>>>>>>>>>>                 ] 2532/3783, 0.4 task/s, elapsed: 6260s, ETA:  3093s[>>>>>>>>>>>>>>>>>>>>>>>>>>>>>>>>>                 ] 2533/3783, 0.4 task/s, elapsed: 6260s, ETA:  3089s[>>>>>>>>>>>>>>>>>>>>>>>>>>>>>>>>>                 ] 2534/3783, 0.4 task/s, elapsed: 6260s, ETA:  3085s[>>>>>>>>>>>>>>>>>>>>>>>>>>>>>>>>>                 ] 2535/3783, 0.4 task/s, elapsed: 6260s, ETA:  3082s[>>>>>>>>>>>>>>>>>>>>>>>>>>>>>>>>>                 ] 2536/3783, 0.4 task/s, elapsed: 6275s, ETA:  3086s[>>>>>>>>>>>>>>>>>>>>>>>>>>>>>>>>>                 ] 2537/3783, 0.4 task/s, elapsed: 6275s, ETA:  3082s[>>>>>>>>>>>>>>>>>>>>>>>>>>>>>>>>>                 ] 2538/3783, 0.4 task/s, elapsed: 6275s, ETA:  3078s[>>>>>>>>>>>>>>>>>>>>>>>>>>>>>>>>>                 ] 2539/3783, 0.4 task/s, elapsed: 6275s, ETA:  3075s[>>>>>>>>>>>>>>>>>>>>>>>>>>>>>>>>>                 ] 2540/3783, 0.4 task/s, elapsed: 6275s, ETA:  3071s[>>>>>>>>>>>>>>>>>>>>>>>>>>>>>>>>>                 ] 2541/3783, 0.4 task/s, elapsed: 6286s, ETA:  3073s[>>>>>>>>>>>>>>>>>>>>>>>>>>>>>>>>>                 ] 2542/3783, 0.4 task/s, elapsed: 6286s, ETA:  3069s[>>>>>>>>>>>>>>>>>>>>>>>>>>>>>>>>>                 ] 2543/3783, 0.4 task/s, elapsed: 6286s, ETA:  3065s[>>>>>>>>>>>>>>>>>>>>>>>>>>>>>>>>>                 ] 2544/3783, 0.4 task/s, elapsed: 6286s, ETA:  3062s[>>>>>>>>>>>>>>>>>>>>>>>>>>>>>>>>>                 ] 2545/3783, 0.4 task/s, elapsed: 6286s, ETA:  3058s[>>>>>>>>>>>>>>>>>>>>>>>>>>>>>>>>>                 ] 2546/3783, 0.4 task/s, elapsed: 6299s, ETA:  3060s[>>>>>>>>>>>>>>>>>>>>>>>>>>>>>>>>>                 ] 2547/3783, 0.4 task/s, elapsed: 6299s, ETA:  3057s[>>>>>>>>>>>>>>>>>>>>>>>>>>>>>>>>>                 ] 2548/3783, 0.4 task/s, elapsed: 6299s, ETA:  3053s[>>>>>>>>>>>>>>>>>>>>>>>>>>>>>>>>>                 ] 2549/3783, 0.4 task/s, elapsed: 6299s, ETA:  3049s[>>>>>>>>>>>>>>>>>>>>>>>>>>>>>>>>>                 ] 2550/3783, 0.4 task/s, elapsed: 6299s, ETA:  3046s[>>>>>>>>>>>>>>>>>>>>>>>>>>>>>>>>>                 ] 2551/3783, 0.4 task/s, elapsed: 6314s, ETA:  3049s[>>>>>>>>>>>>>>>>>>>>>>>>>>>>>>>>>                 ] 2552/3783, 0.4 task/s, elapsed: 6314s, ETA:  3046s[>>>>>>>>>>>>>>>>>>>>>>>>>>>>>>>>>                 ] 2553/3783, 0.4 task/s, elapsed: 6314s, ETA:  3042s[>>>>>>>>>>>>>>>>>>>>>>>>>>>>>>>>>                 ] 2554/3783, 0.4 task/s, elapsed: 6314s, ETA:  3038s[>>>>>>>>>>>>>>>>>>>>>>>>>>>>>>>>>                 ] 2555/3783, 0.4 task/s, elapsed: 6314s, ETA:  3035s[>>>>>>>>>>>>>>>>>>>>>>>>>>>>>>>>>                 ] 2556/3783, 0.4 task/s, elapsed: 6328s, ETA:  3038s[>>>>>>>>>>>>>>>>>>>>>>>>>>>>>>>>>                 ] 2557/3783, 0.4 task/s, elapsed: 6328s, ETA:  3034s[>>>>>>>>>>>>>>>>>>>>>>>>>>>>>>>>>                 ] 2558/3783, 0.4 task/s, elapsed: 6328s, ETA:  3031s[>>>>>>>>>>>>>>>>>>>>>>>>>>>>>>>>>                 ] 2559/3783, 0.4 task/s, elapsed: 6328s, ETA:  3027s[>>>>>>>>>>>>>>>>>>>>>>>>>>>>>>>>>                 ] 2560/3783, 0.4 task/s, elapsed: 6328s, ETA:  3023s[>>>>>>>>>>>>>>>>>>>>>>>>>>>>>>>>>                 ] 2561/3783, 0.4 task/s, elapsed: 6342s, ETA:  3026s[>>>>>>>>>>>>>>>>>>>>>>>>>>>>>>>>>                 ] 2562/3783, 0.4 task/s, elapsed: 6342s, ETA:  3023s[>>>>>>>>>>>>>>>>>>>>>>>>>>>>>>>>>                 ] 2563/3783, 0.4 task/s, elapsed: 6342s, ETA:  3019s[>>>>>>>>>>>>>>>>>>>>>>>>>>>>>>>>>                 ] 2564/3783, 0.4 task/s, elapsed: 6342s, ETA:  3015s[>>>>>>>>>>>>>>>>>>>>>>>>>>>>>>>>>                 ] 2565/3783, 0.4 task/s, elapsed: 6342s, ETA:  3012s[>>>>>>>>>>>>>>>>>>>>>>>>>>>>>>>>>                 ] 2566/3783, 0.4 task/s, elapsed: 6355s, ETA:  3014s[>>>>>>>>>>>>>>>>>>>>>>>>>>>>>>>>>                 ] 2567/3783, 0.4 task/s, elapsed: 6355s, ETA:  3011s[>>>>>>>>>>>>>>>>>>>>>>>>>>>>>>>>>                 ] 2568/3783, 0.4 task/s, elapsed: 6355s, ETA:  3007s[>>>>>>>>>>>>>>>>>>>>>>>>>>>>>>>>>                 ] 2569/3783, 0.4 task/s, elapsed: 6355s, ETA:  3003s[>>>>>>>>>>>>>>>>>>>>>>>>>>>>>>>>>                 ] 2570/3783, 0.4 task/s, elapsed: 6355s, ETA:  3000s[>>>>>>>>>>>>>>>>>>>>>>>>>>>>>>>>>                 ] 2571/3783, 0.4 task/s, elapsed: 6367s, ETA:  3002s[>>>>>>>>>>>>>>>>>>>>>>>>>>>>>>>>>                 ] 2572/3783, 0.4 task/s, elapsed: 6367s, ETA:  2998s[>>>>>>>>>>>>>>>>>>>>>>>>>>>>>>>>>>                ] 2573/3783, 0.4 task/s, elapsed: 6367s, ETA:  2994s[>>>>>>>>>>>>>>>>>>>>>>>>>>>>>>>>>>                ] 2574/3783, 0.4 task/s, elapsed: 6367s, ETA:  2991s[>>>>>>>>>>>>>>>>>>>>>>>>>>>>>>>>>>                ] 2575/3783, 0.4 task/s, elapsed: 6367s, ETA:  2987s[>>>>>>>>>>>>>>>>>>>>>>>>>>>>>>>>>>                ] 2576/3783, 0.4 task/s, elapsed: 6379s, ETA:  2989s[>>>>>>>>>>>>>>>>>>>>>>>>>>>>>>>>>>                ] 2577/3783, 0.4 task/s, elapsed: 6379s, ETA:  2985s[>>>>>>>>>>>>>>>>>>>>>>>>>>>>>>>>>>                ] 2578/3783, 0.4 task/s, elapsed: 6379s, ETA:  2982s[>>>>>>>>>>>>>>>>>>>>>>>>>>>>>>>>>>                ] 2579/3783, 0.4 task/s, elapsed: 6379s, ETA:  2978s[>>>>>>>>>>>>>>>>>>>>>>>>>>>>>>>>>>                ] 2580/3783, 0.4 task/s, elapsed: 6379s, ETA:  2974s[>>>>>>>>>>>>>>>>>>>>>>>>>>>>>>>>>>                ] 2581/3783, 0.4 task/s, elapsed: 6390s, ETA:  2976s[>>>>>>>>>>>>>>>>>>>>>>>>>>>>>>>>>>                ] 2582/3783, 0.4 task/s, elapsed: 6390s, ETA:  2972s[>>>>>>>>>>>>>>>>>>>>>>>>>>>>>>>>>>                ] 2583/3783, 0.4 task/s, elapsed: 6390s, ETA:  2969s[>>>>>>>>>>>>>>>>>>>>>>>>>>>>>>>>>>                ] 2584/3783, 0.4 task/s, elapsed: 6390s, ETA:  2965s[>>>>>>>>>>>>>>>>>>>>>>>>>>>>>>>>>>                ] 2585/3783, 0.4 task/s, elapsed: 6390s, ETA:  2961s[>>>>>>>>>>>>>>>>>>>>>>>>>>>>>>>>>>                ] 2586/3783, 0.4 task/s, elapsed: 6402s, ETA:  2963s[>>>>>>>>>>>>>>>>>>>>>>>>>>>>>>>>>>                ] 2587/3783, 0.4 task/s, elapsed: 6402s, ETA:  2960s[>>>>>>>>>>>>>>>>>>>>>>>>>>>>>>>>>>                ] 2588/3783, 0.4 task/s, elapsed: 6402s, ETA:  2956s[>>>>>>>>>>>>>>>>>>>>>>>>>>>>>>>>>>                ] 2589/3783, 0.4 task/s, elapsed: 6402s, ETA:  2953s[>>>>>>>>>>>>>>>>>>>>>>>>>>>>>>>>>>                ] 2590/3783, 0.4 task/s, elapsed: 6402s, ETA:  2949s[>>>>>>>>>>>>>>>>>>>>>>>>>>>>>>>>>>                ] 2591/3783, 0.4 task/s, elapsed: 6418s, ETA:  2953s[>>>>>>>>>>>>>>>>>>>>>>>>>>>>>>>>>>                ] 2592/3783, 0.4 task/s, elapsed: 6418s, ETA:  2949s[>>>>>>>>>>>>>>>>>>>>>>>>>>>>>>>>>>                ] 2593/3783, 0.4 task/s, elapsed: 6418s, ETA:  2945s[>>>>>>>>>>>>>>>>>>>>>>>>>>>>>>>>>>                ] 2594/3783, 0.4 task/s, elapsed: 6418s, ETA:  2942s[>>>>>>>>>>>>>>>>>>>>>>>>>>>>>>>>>>                ] 2595/3783, 0.4 task/s, elapsed: 6418s, ETA:  2938s[>>>>>>>>>>>>>>>>>>>>>>>>>>>>>>>>>>                ] 2596/3783, 0.4 task/s, elapsed: 6433s, ETA:  2941s[>>>>>>>>>>>>>>>>>>>>>>>>>>>>>>>>>>                ] 2597/3783, 0.4 task/s, elapsed: 6433s, ETA:  2938s[>>>>>>>>>>>>>>>>>>>>>>>>>>>>>>>>>>                ] 2598/3783, 0.4 task/s, elapsed: 6433s, ETA:  2934s[>>>>>>>>>>>>>>>>>>>>>>>>>>>>>>>>>>                ] 2599/3783, 0.4 task/s, elapsed: 6433s, ETA:  2930s[>>>>>>>>>>>>>>>>>>>>>>>>>>>>>>>>>>                ] 2600/3783, 0.4 task/s, elapsed: 6433s, ETA:  2927s[>>>>>>>>>>>>>>>>>>>>>>>>>>>>>>>>>>                ] 2601/3783, 0.4 task/s, elapsed: 6442s, ETA:  2928s[>>>>>>>>>>>>>>>>>>>>>>>>>>>>>>>>>>                ] 2602/3783, 0.4 task/s, elapsed: 6442s, ETA:  2924s[>>>>>>>>>>>>>>>>>>>>>>>>>>>>>>>>>>                ] 2603/3783, 0.4 task/s, elapsed: 6442s, ETA:  2920s[>>>>>>>>>>>>>>>>>>>>>>>>>>>>>>>>>>                ] 2604/3783, 0.4 task/s, elapsed: 6442s, ETA:  2917s[>>>>>>>>>>>>>>>>>>>>>>>>>>>>>>>>>>                ] 2605/3783, 0.4 task/s, elapsed: 6442s, ETA:  2913s[>>>>>>>>>>>>>>>>>>>>>>>>>>>>>>>>>>                ] 2606/3783, 0.4 task/s, elapsed: 6456s, ETA:  2916s[>>>>>>>>>>>>>>>>>>>>>>>>>>>>>>>>>>                ] 2607/3783, 0.4 task/s, elapsed: 6456s, ETA:  2912s[>>>>>>>>>>>>>>>>>>>>>>>>>>>>>>>>>>                ] 2608/3783, 0.4 task/s, elapsed: 6456s, ETA:  2909s[>>>>>>>>>>>>>>>>>>>>>>>>>>>>>>>>>>                ] 2609/3783, 0.4 task/s, elapsed: 6456s, ETA:  2905s[>>>>>>>>>>>>>>>>>>>>>>>>>>>>>>>>>>                ] 2610/3783, 0.4 task/s, elapsed: 6456s, ETA:  2902s[>>>>>>>>>>>>>>>>>>>>>>>>>>>>>>>>>>                ] 2611/3783, 0.4 task/s, elapsed: 6474s, ETA:  2906s[>>>>>>>>>>>>>>>>>>>>>>>>>>>>>>>>>>                ] 2612/3783, 0.4 task/s, elapsed: 6474s, ETA:  2903s[>>>>>>>>>>>>>>>>>>>>>>>>>>>>>>>>>>                ] 2613/3783, 0.4 task/s, elapsed: 6474s, ETA:  2899s[>>>>>>>>>>>>>>>>>>>>>>>>>>>>>>>>>>                ] 2614/3783, 0.4 task/s, elapsed: 6474s, ETA:  2895s[>>>>>>>>>>>>>>>>>>>>>>>>>>>>>>>>>>                ] 2615/3783, 0.4 task/s, elapsed: 6474s, ETA:  2892s[>>>>>>>>>>>>>>>>>>>>>>>>>>>>>>>>>>                ] 2616/3783, 0.4 task/s, elapsed: 6493s, ETA:  2896s[>>>>>>>>>>>>>>>>>>>>>>>>>>>>>>>>>>                ] 2617/3783, 0.4 task/s, elapsed: 6493s, ETA:  2893s[>>>>>>>>>>>>>>>>>>>>>>>>>>>>>>>>>>                ] 2618/3783, 0.4 task/s, elapsed: 6493s, ETA:  2889s[>>>>>>>>>>>>>>>>>>>>>>>>>>>>>>>>>>                ] 2619/3783, 0.4 task/s, elapsed: 6493s, ETA:  2886s[>>>>>>>>>>>>>>>>>>>>>>>>>>>>>>>>>>                ] 2620/3783, 0.4 task/s, elapsed: 6493s, ETA:  2882s[>>>>>>>>>>>>>>>>>>>>>>>>>>>>>>>>>>                ] 2621/3783, 0.4 task/s, elapsed: 6502s, ETA:  2883s[>>>>>>>>>>>>>>>>>>>>>>>>>>>>>>>>>>                ] 2622/3783, 0.4 task/s, elapsed: 6502s, ETA:  2879s[>>>>>>>>>>>>>>>>>>>>>>>>>>>>>>>>>>                ] 2623/3783, 0.4 task/s, elapsed: 6502s, ETA:  2876s[>>>>>>>>>>>>>>>>>>>>>>>>>>>>>>>>>>                ] 2624/3783, 0.4 task/s, elapsed: 6502s, ETA:  2872s[>>>>>>>>>>>>>>>>>>>>>>>>>>>>>>>>>>                ] 2625/3783, 0.4 task/s, elapsed: 6502s, ETA:  2868s[>>>>>>>>>>>>>>>>>>>>>>>>>>>>>>>>>>                ] 2626/3783, 0.4 task/s, elapsed: 6512s, ETA:  2869s[>>>>>>>>>>>>>>>>>>>>>>>>>>>>>>>>>>                ] 2627/3783, 0.4 task/s, elapsed: 6512s, ETA:  2866s[>>>>>>>>>>>>>>>>>>>>>>>>>>>>>>>>>>                ] 2628/3783, 0.4 task/s, elapsed: 6512s, ETA:  2862s[>>>>>>>>>>>>>>>>>>>>>>>>>>>>>>>>>>                ] 2629/3783, 0.4 task/s, elapsed: 6512s, ETA:  2859s[>>>>>>>>>>>>>>>>>>>>>>>>>>>>>>>>>>                ] 2630/3783, 0.4 task/s, elapsed: 6512s, ETA:  2855s[>>>>>>>>>>>>>>>>>>>>>>>>>>>>>>>>>>                ] 2631/3783, 0.4 task/s, elapsed: 6522s, ETA:  2856s[>>>>>>>>>>>>>>>>>>>>>>>>>>>>>>>>>>                ] 2632/3783, 0.4 task/s, elapsed: 6522s, ETA:  2852s[>>>>>>>>>>>>>>>>>>>>>>>>>>>>>>>>>>                ] 2633/3783, 0.4 task/s, elapsed: 6522s, ETA:  2849s[>>>>>>>>>>>>>>>>>>>>>>>>>>>>>>>>>>                ] 2634/3783, 0.4 task/s, elapsed: 6522s, ETA:  2845s[>>>>>>>>>>>>>>>>>>>>>>>>>>>>>>>>>>                ] 2635/3783, 0.4 task/s, elapsed: 6522s, ETA:  2842s[>>>>>>>>>>>>>>>>>>>>>>>>>>>>>>>>>>                ] 2636/3783, 0.4 task/s, elapsed: 6532s, ETA:  2842s[>>>>>>>>>>>>>>>>>>>>>>>>>>>>>>>>>>                ] 2637/3783, 0.4 task/s, elapsed: 6532s, ETA:  2839s[>>>>>>>>>>>>>>>>>>>>>>>>>>>>>>>>>>                ] 2638/3783, 0.4 task/s, elapsed: 6532s, ETA:  2835s[>>>>>>>>>>>>>>>>>>>>>>>>>>>>>>>>>>                ] 2639/3783, 0.4 task/s, elapsed: 6532s, ETA:  2832s[>>>>>>>>>>>>>>>>>>>>>>>>>>>>>>>>>>                ] 2640/3783, 0.4 task/s, elapsed: 6532s, ETA:  2828s[>>>>>>>>>>>>>>>>>>>>>>>>>>>>>>>>>>                ] 2641/3783, 0.4 task/s, elapsed: 6542s, ETA:  2829s[>>>>>>>>>>>>>>>>>>>>>>>>>>>>>>>>>>                ] 2642/3783, 0.4 task/s, elapsed: 6542s, ETA:  2825s[>>>>>>>>>>>>>>>>>>>>>>>>>>>>>>>>>>                ] 2643/3783, 0.4 task/s, elapsed: 6542s, ETA:  2822s[>>>>>>>>>>>>>>>>>>>>>>>>>>>>>>>>>>                ] 2644/3783, 0.4 task/s, elapsed: 6542s, ETA:  2818s[>>>>>>>>>>>>>>>>>>>>>>>>>>>>>>>>>>                ] 2645/3783, 0.4 task/s, elapsed: 6542s, ETA:  2815s[>>>>>>>>>>>>>>>>>>>>>>>>>>>>>>>>>>                ] 2646/3783, 0.4 task/s, elapsed: 6552s, ETA:  2815s[>>>>>>>>>>>>>>>>>>>>>>>>>>>>>>>>>>                ] 2647/3783, 0.4 task/s, elapsed: 6552s, ETA:  2812s[>>>>>>>>>>>>>>>>>>>>>>>>>>>>>>>>>>                ] 2648/3783, 0.4 task/s, elapsed: 6552s, ETA:  2808s[>>>>>>>>>>>>>>>>>>>>>>>>>>>>>>>>>>>               ] 2649/3783, 0.4 task/s, elapsed: 6552s, ETA:  2805s[>>>>>>>>>>>>>>>>>>>>>>>>>>>>>>>>>>>               ] 2650/3783, 0.4 task/s, elapsed: 6552s, ETA:  2801s[>>>>>>>>>>>>>>>>>>>>>>>>>>>>>>>>>>>               ] 2651/3783, 0.4 task/s, elapsed: 6563s, ETA:  2803s[>>>>>>>>>>>>>>>>>>>>>>>>>>>>>>>>>>>               ] 2652/3783, 0.4 task/s, elapsed: 6563s, ETA:  2799s[>>>>>>>>>>>>>>>>>>>>>>>>>>>>>>>>>>>               ] 2653/3783, 0.4 task/s, elapsed: 6563s, ETA:  2795s[>>>>>>>>>>>>>>>>>>>>>>>>>>>>>>>>>>>               ] 2654/3783, 0.4 task/s, elapsed: 6563s, ETA:  2792s[>>>>>>>>>>>>>>>>>>>>>>>>>>>>>>>>>>>               ] 2655/3783, 0.4 task/s, elapsed: 6563s, ETA:  2788s[>>>>>>>>>>>>>>>>>>>>>>>>>>>>>>>>>>>               ] 2656/3783, 0.4 task/s, elapsed: 6577s, ETA:  2791s[>>>>>>>>>>>>>>>>>>>>>>>>>>>>>>>>>>>               ] 2657/3783, 0.4 task/s, elapsed: 6577s, ETA:  2787s[>>>>>>>>>>>>>>>>>>>>>>>>>>>>>>>>>>>               ] 2658/3783, 0.4 task/s, elapsed: 6577s, ETA:  2784s[>>>>>>>>>>>>>>>>>>>>>>>>>>>>>>>>>>>               ] 2659/3783, 0.4 task/s, elapsed: 6577s, ETA:  2780s[>>>>>>>>>>>>>>>>>>>>>>>>>>>>>>>>>>>               ] 2660/3783, 0.4 task/s, elapsed: 6577s, ETA:  2777s[>>>>>>>>>>>>>>>>>>>>>>>>>>>>>>>>>>>               ] 2661/3783, 0.4 task/s, elapsed: 6593s, ETA:  2780s[>>>>>>>>>>>>>>>>>>>>>>>>>>>>>>>>>>>               ] 2662/3783, 0.4 task/s, elapsed: 6593s, ETA:  2776s[>>>>>>>>>>>>>>>>>>>>>>>>>>>>>>>>>>>               ] 2663/3783, 0.4 task/s, elapsed: 6593s, ETA:  2773s[>>>>>>>>>>>>>>>>>>>>>>>>>>>>>>>>>>>               ] 2664/3783, 0.4 task/s, elapsed: 6593s, ETA:  2769s[>>>>>>>>>>>>>>>>>>>>>>>>>>>>>>>>>>>               ] 2665/3783, 0.4 task/s, elapsed: 6593s, ETA:  2766s[>>>>>>>>>>>>>>>>>>>>>>>>>>>>>>>>>>>               ] 2666/3783, 0.4 task/s, elapsed: 6612s, ETA:  2770s[>>>>>>>>>>>>>>>>>>>>>>>>>>>>>>>>>>>               ] 2667/3783, 0.4 task/s, elapsed: 6612s, ETA:  2767s[>>>>>>>>>>>>>>>>>>>>>>>>>>>>>>>>>>>               ] 2668/3783, 0.4 task/s, elapsed: 6612s, ETA:  2763s[>>>>>>>>>>>>>>>>>>>>>>>>>>>>>>>>>>>               ] 2669/3783, 0.4 task/s, elapsed: 6612s, ETA:  2760s[>>>>>>>>>>>>>>>>>>>>>>>>>>>>>>>>>>>               ] 2670/3783, 0.4 task/s, elapsed: 6612s, ETA:  2756s[>>>>>>>>>>>>>>>>>>>>>>>>>>>>>>>>>>>               ] 2671/3783, 0.4 task/s, elapsed: 6630s, ETA:  2760s[>>>>>>>>>>>>>>>>>>>>>>>>>>>>>>>>>>>               ] 2672/3783, 0.4 task/s, elapsed: 6630s, ETA:  2757s[>>>>>>>>>>>>>>>>>>>>>>>>>>>>>>>>>>>               ] 2673/3783, 0.4 task/s, elapsed: 6630s, ETA:  2753s[>>>>>>>>>>>>>>>>>>>>>>>>>>>>>>>>>>>               ] 2674/3783, 0.4 task/s, elapsed: 6630s, ETA:  2750s[>>>>>>>>>>>>>>>>>>>>>>>>>>>>>>>>>>>               ] 2675/3783, 0.4 task/s, elapsed: 6630s, ETA:  2746s[>>>>>>>>>>>>>>>>>>>>>>>>>>>>>>>>>>>               ] 2676/3783, 0.4 task/s, elapsed: 6646s, ETA:  2749s[>>>>>>>>>>>>>>>>>>>>>>>>>>>>>>>>>>>               ] 2677/3783, 0.4 task/s, elapsed: 6646s, ETA:  2746s[>>>>>>>>>>>>>>>>>>>>>>>>>>>>>>>>>>>               ] 2678/3783, 0.4 task/s, elapsed: 6646s, ETA:  2742s[>>>>>>>>>>>>>>>>>>>>>>>>>>>>>>>>>>>               ] 2679/3783, 0.4 task/s, elapsed: 6646s, ETA:  2739s[>>>>>>>>>>>>>>>>>>>>>>>>>>>>>>>>>>>               ] 2680/3783, 0.4 task/s, elapsed: 6646s, ETA:  2735s[>>>>>>>>>>>>>>>>>>>>>>>>>>>>>>>>>>>               ] 2681/3783, 0.4 task/s, elapsed: 6659s, ETA:  2737s[>>>>>>>>>>>>>>>>>>>>>>>>>>>>>>>>>>>               ] 2682/3783, 0.4 task/s, elapsed: 6659s, ETA:  2734s[>>>>>>>>>>>>>>>>>>>>>>>>>>>>>>>>>>>               ] 2683/3783, 0.4 task/s, elapsed: 6659s, ETA:  2730s[>>>>>>>>>>>>>>>>>>>>>>>>>>>>>>>>>>>               ] 2684/3783, 0.4 task/s, elapsed: 6659s, ETA:  2727s[>>>>>>>>>>>>>>>>>>>>>>>>>>>>>>>>>>>               ] 2685/3783, 0.4 task/s, elapsed: 6659s, ETA:  2723s[>>>>>>>>>>>>>>>>>>>>>>>>>>>>>>>>>>>               ] 2686/3783, 0.4 task/s, elapsed: 6670s, ETA:  2724s[>>>>>>>>>>>>>>>>>>>>>>>>>>>>>>>>>>>               ] 2687/3783, 0.4 task/s, elapsed: 6670s, ETA:  2720s[>>>>>>>>>>>>>>>>>>>>>>>>>>>>>>>>>>>               ] 2688/3783, 0.4 task/s, elapsed: 6670s, ETA:  2717s[>>>>>>>>>>>>>>>>>>>>>>>>>>>>>>>>>>>               ] 2689/3783, 0.4 task/s, elapsed: 6670s, ETA:  2713s[>>>>>>>>>>>>>>>>>>>>>>>>>>>>>>>>>>>               ] 2690/3783, 0.4 task/s, elapsed: 6670s, ETA:  2710s[>>>>>>>>>>>>>>>>>>>>>>>>>>>>>>>>>>>               ] 2691/3783, 0.4 task/s, elapsed: 6680s, ETA:  2711s[>>>>>>>>>>>>>>>>>>>>>>>>>>>>>>>>>>>               ] 2692/3783, 0.4 task/s, elapsed: 6680s, ETA:  2707s[>>>>>>>>>>>>>>>>>>>>>>>>>>>>>>>>>>>               ] 2693/3783, 0.4 task/s, elapsed: 6680s, ETA:  2704s[>>>>>>>>>>>>>>>>>>>>>>>>>>>>>>>>>>>               ] 2694/3783, 0.4 task/s, elapsed: 6680s, ETA:  2700s[>>>>>>>>>>>>>>>>>>>>>>>>>>>>>>>>>>>               ] 2695/3783, 0.4 task/s, elapsed: 6680s, ETA:  2697s[>>>>>>>>>>>>>>>>>>>>>>>>>>>>>>>>>>>               ] 2696/3783, 0.4 task/s, elapsed: 6690s, ETA:  2697s[>>>>>>>>>>>>>>>>>>>>>>>>>>>>>>>>>>>               ] 2697/3783, 0.4 task/s, elapsed: 6690s, ETA:  2694s[>>>>>>>>>>>>>>>>>>>>>>>>>>>>>>>>>>>               ] 2698/3783, 0.4 task/s, elapsed: 6690s, ETA:  2690s[>>>>>>>>>>>>>>>>>>>>>>>>>>>>>>>>>>>               ] 2699/3783, 0.4 task/s, elapsed: 6690s, ETA:  2687s[>>>>>>>>>>>>>>>>>>>>>>>>>>>>>>>>>>>               ] 2700/3783, 0.4 task/s, elapsed: 6690s, ETA:  2684s[>>>>>>>>>>>>>>>>>>>>>>>>>>>>>>>>>>>               ] 2701/3783, 0.4 task/s, elapsed: 6700s, ETA:  2684s[>>>>>>>>>>>>>>>>>>>>>>>>>>>>>>>>>>>               ] 2702/3783, 0.4 task/s, elapsed: 6700s, ETA:  2681s[>>>>>>>>>>>>>>>>>>>>>>>>>>>>>>>>>>>               ] 2703/3783, 0.4 task/s, elapsed: 6700s, ETA:  2677s[>>>>>>>>>>>>>>>>>>>>>>>>>>>>>>>>>>>               ] 2704/3783, 0.4 task/s, elapsed: 6700s, ETA:  2674s[>>>>>>>>>>>>>>>>>>>>>>>>>>>>>>>>>>>               ] 2705/3783, 0.4 task/s, elapsed: 6700s, ETA:  2670s[>>>>>>>>>>>>>>>>>>>>>>>>>>>>>>>>>>>               ] 2706/3783, 0.4 task/s, elapsed: 6711s, ETA:  2671s[>>>>>>>>>>>>>>>>>>>>>>>>>>>>>>>>>>>               ] 2707/3783, 0.4 task/s, elapsed: 6711s, ETA:  2667s[>>>>>>>>>>>>>>>>>>>>>>>>>>>>>>>>>>>               ] 2708/3783, 0.4 task/s, elapsed: 6711s, ETA:  2664s[>>>>>>>>>>>>>>>>>>>>>>>>>>>>>>>>>>>               ] 2709/3783, 0.4 task/s, elapsed: 6711s, ETA:  2661s[>>>>>>>>>>>>>>>>>>>>>>>>>>>>>>>>>>>               ] 2710/3783, 0.4 task/s, elapsed: 6711s, ETA:  2657s[>>>>>>>>>>>>>>>>>>>>>>>>>>>>>>>>>>>               ] 2711/3783, 0.4 task/s, elapsed: 6721s, ETA:  2658s[>>>>>>>>>>>>>>>>>>>>>>>>>>>>>>>>>>>               ] 2712/3783, 0.4 task/s, elapsed: 6721s, ETA:  2654s[>>>>>>>>>>>>>>>>>>>>>>>>>>>>>>>>>>>               ] 2713/3783, 0.4 task/s, elapsed: 6721s, ETA:  2651s[>>>>>>>>>>>>>>>>>>>>>>>>>>>>>>>>>>>               ] 2714/3783, 0.4 task/s, elapsed: 6721s, ETA:  2647s[>>>>>>>>>>>>>>>>>>>>>>>>>>>>>>>>>>>               ] 2715/3783, 0.4 task/s, elapsed: 6721s, ETA:  2644s[>>>>>>>>>>>>>>>>>>>>>>>>>>>>>>>>>>>               ] 2716/3783, 0.4 task/s, elapsed: 6736s, ETA:  2646s[>>>>>>>>>>>>>>>>>>>>>>>>>>>>>>>>>>>               ] 2717/3783, 0.4 task/s, elapsed: 6736s, ETA:  2643s[>>>>>>>>>>>>>>>>>>>>>>>>>>>>>>>>>>>               ] 2718/3783, 0.4 task/s, elapsed: 6736s, ETA:  2639s[>>>>>>>>>>>>>>>>>>>>>>>>>>>>>>>>>>>               ] 2719/3783, 0.4 task/s, elapsed: 6736s, ETA:  2636s[>>>>>>>>>>>>>>>>>>>>>>>>>>>>>>>>>>>               ] 2720/3783, 0.4 task/s, elapsed: 6736s, ETA:  2632s[>>>>>>>>>>>>>>>>>>>>>>>>>>>>>>>>>>>               ] 2721/3783, 0.4 task/s, elapsed: 6745s, ETA:  2633s[>>>>>>>>>>>>>>>>>>>>>>>>>>>>>>>>>>>               ] 2722/3783, 0.4 task/s, elapsed: 6745s, ETA:  2629s[>>>>>>>>>>>>>>>>>>>>>>>>>>>>>>>>>>>               ] 2723/3783, 0.4 task/s, elapsed: 6745s, ETA:  2626s[>>>>>>>>>>>>>>>>>>>>>>>>>>>>>>>>>>>>              ] 2724/3783, 0.4 task/s, elapsed: 6745s, ETA:  2622s[>>>>>>>>>>>>>>>>>>>>>>>>>>>>>>>>>>>>              ] 2725/3783, 0.4 task/s, elapsed: 6745s, ETA:  2619s[>>>>>>>>>>>>>>>>>>>>>>>>>>>>>>>>>>>>              ] 2726/3783, 0.4 task/s, elapsed: 6759s, ETA:  2621s[>>>>>>>>>>>>>>>>>>>>>>>>>>>>>>>>>>>>              ] 2727/3783, 0.4 task/s, elapsed: 6759s, ETA:  2617s[>>>>>>>>>>>>>>>>>>>>>>>>>>>>>>>>>>>>              ] 2728/3783, 0.4 task/s, elapsed: 6759s, ETA:  2614s[>>>>>>>>>>>>>>>>>>>>>>>>>>>>>>>>>>>>              ] 2729/3783, 0.4 task/s, elapsed: 6759s, ETA:  2611s[>>>>>>>>>>>>>>>>>>>>>>>>>>>>>>>>>>>>              ] 2730/3783, 0.4 task/s, elapsed: 6759s, ETA:  2607s[>>>>>>>>>>>>>>>>>>>>>>>>>>>>>>>>>>>>              ] 2731/3783, 0.4 task/s, elapsed: 6771s, ETA:  2608s[>>>>>>>>>>>>>>>>>>>>>>>>>>>>>>>>>>>>              ] 2732/3783, 0.4 task/s, elapsed: 6771s, ETA:  2605s[>>>>>>>>>>>>>>>>>>>>>>>>>>>>>>>>>>>>              ] 2733/3783, 0.4 task/s, elapsed: 6771s, ETA:  2602s[>>>>>>>>>>>>>>>>>>>>>>>>>>>>>>>>>>>>              ] 2734/3783, 0.4 task/s, elapsed: 6771s, ETA:  2598s[>>>>>>>>>>>>>>>>>>>>>>>>>>>>>>>>>>>>              ] 2735/3783, 0.4 task/s, elapsed: 6771s, ETA:  2595s[>>>>>>>>>>>>>>>>>>>>>>>>>>>>>>>>>>>>              ] 2736/3783, 0.4 task/s, elapsed: 6786s, ETA:  2597s[>>>>>>>>>>>>>>>>>>>>>>>>>>>>>>>>>>>>              ] 2737/3783, 0.4 task/s, elapsed: 6786s, ETA:  2593s[>>>>>>>>>>>>>>>>>>>>>>>>>>>>>>>>>>>>              ] 2738/3783, 0.4 task/s, elapsed: 6786s, ETA:  2590s[>>>>>>>>>>>>>>>>>>>>>>>>>>>>>>>>>>>>              ] 2739/3783, 0.4 task/s, elapsed: 6786s, ETA:  2587s[>>>>>>>>>>>>>>>>>>>>>>>>>>>>>>>>>>>>              ] 2740/3783, 0.4 task/s, elapsed: 6786s, ETA:  2583s[>>>>>>>>>>>>>>>>>>>>>>>>>>>>>>>>>>>>              ] 2741/3783, 0.4 task/s, elapsed: 6798s, ETA:  2584s[>>>>>>>>>>>>>>>>>>>>>>>>>>>>>>>>>>>>              ] 2742/3783, 0.4 task/s, elapsed: 6798s, ETA:  2581s[>>>>>>>>>>>>>>>>>>>>>>>>>>>>>>>>>>>>              ] 2743/3783, 0.4 task/s, elapsed: 6798s, ETA:  2577s[>>>>>>>>>>>>>>>>>>>>>>>>>>>>>>>>>>>>              ] 2744/3783, 0.4 task/s, elapsed: 6798s, ETA:  2574s[>>>>>>>>>>>>>>>>>>>>>>>>>>>>>>>>>>>>              ] 2745/3783, 0.4 task/s, elapsed: 6798s, ETA:  2571s[>>>>>>>>>>>>>>>>>>>>>>>>>>>>>>>>>>>>              ] 2746/3783, 0.4 task/s, elapsed: 6808s, ETA:  2571s[>>>>>>>>>>>>>>>>>>>>>>>>>>>>>>>>>>>>              ] 2747/3783, 0.4 task/s, elapsed: 6808s, ETA:  2568s[>>>>>>>>>>>>>>>>>>>>>>>>>>>>>>>>>>>>              ] 2748/3783, 0.4 task/s, elapsed: 6808s, ETA:  2564s[>>>>>>>>>>>>>>>>>>>>>>>>>>>>>>>>>>>>              ] 2749/3783, 0.4 task/s, elapsed: 6808s, ETA:  2561s[>>>>>>>>>>>>>>>>>>>>>>>>>>>>>>>>>>>>              ] 2750/3783, 0.4 task/s, elapsed: 6808s, ETA:  2557s[>>>>>>>>>>>>>>>>>>>>>>>>>>>>>>>>>>>>              ] 2751/3783, 0.4 task/s, elapsed: 6818s, ETA:  2558s[>>>>>>>>>>>>>>>>>>>>>>>>>>>>>>>>>>>>              ] 2752/3783, 0.4 task/s, elapsed: 6818s, ETA:  2554s[>>>>>>>>>>>>>>>>>>>>>>>>>>>>>>>>>>>>              ] 2753/3783, 0.4 task/s, elapsed: 6818s, ETA:  2551s[>>>>>>>>>>>>>>>>>>>>>>>>>>>>>>>>>>>>              ] 2754/3783, 0.4 task/s, elapsed: 6818s, ETA:  2548s[>>>>>>>>>>>>>>>>>>>>>>>>>>>>>>>>>>>>              ] 2755/3783, 0.4 task/s, elapsed: 6818s, ETA:  2544s[>>>>>>>>>>>>>>>>>>>>>>>>>>>>>>>>>>>>              ] 2756/3783, 0.4 task/s, elapsed: 6828s, ETA:  2544s[>>>>>>>>>>>>>>>>>>>>>>>>>>>>>>>>>>>>              ] 2757/3783, 0.4 task/s, elapsed: 6828s, ETA:  2541s[>>>>>>>>>>>>>>>>>>>>>>>>>>>>>>>>>>>>              ] 2758/3783, 0.4 task/s, elapsed: 6828s, ETA:  2538s[>>>>>>>>>>>>>>>>>>>>>>>>>>>>>>>>>>>>              ] 2759/3783, 0.4 task/s, elapsed: 6828s, ETA:  2534s[>>>>>>>>>>>>>>>>>>>>>>>>>>>>>>>>>>>>              ] 2760/3783, 0.4 task/s, elapsed: 6828s, ETA:  2531s[>>>>>>>>>>>>>>>>>>>>>>>>>>>>>>>>>>>>              ] 2761/3783, 0.4 task/s, elapsed: 6837s, ETA:  2531s[>>>>>>>>>>>>>>>>>>>>>>>>>>>>>>>>>>>>              ] 2762/3783, 0.4 task/s, elapsed: 6837s, ETA:  2527s[>>>>>>>>>>>>>>>>>>>>>>>>>>>>>>>>>>>>              ] 2763/3783, 0.4 task/s, elapsed: 6837s, ETA:  2524s[>>>>>>>>>>>>>>>>>>>>>>>>>>>>>>>>>>>>              ] 2764/3783, 0.4 task/s, elapsed: 6837s, ETA:  2521s[>>>>>>>>>>>>>>>>>>>>>>>>>>>>>>>>>>>>              ] 2765/3783, 0.4 task/s, elapsed: 6837s, ETA:  2517s[>>>>>>>>>>>>>>>>>>>>>>>>>>>>>>>>>>>>              ] 2766/3783, 0.4 task/s, elapsed: 6846s, ETA:  2517s[>>>>>>>>>>>>>>>>>>>>>>>>>>>>>>>>>>>>              ] 2767/3783, 0.4 task/s, elapsed: 6846s, ETA:  2514s[>>>>>>>>>>>>>>>>>>>>>>>>>>>>>>>>>>>>              ] 2768/3783, 0.4 task/s, elapsed: 6846s, ETA:  2511s[>>>>>>>>>>>>>>>>>>>>>>>>>>>>>>>>>>>>              ] 2769/3783, 0.4 task/s, elapsed: 6846s, ETA:  2507s[>>>>>>>>>>>>>>>>>>>>>>>>>>>>>>>>>>>>              ] 2770/3783, 0.4 task/s, elapsed: 6846s, ETA:  2504s[>>>>>>>>>>>>>>>>>>>>>>>>>>>>>>>>>>>>              ] 2771/3783, 0.4 task/s, elapsed: 6856s, ETA:  2504s[>>>>>>>>>>>>>>>>>>>>>>>>>>>>>>>>>>>>              ] 2772/3783, 0.4 task/s, elapsed: 6856s, ETA:  2501s[>>>>>>>>>>>>>>>>>>>>>>>>>>>>>>>>>>>>              ] 2773/3783, 0.4 task/s, elapsed: 6856s, ETA:  2497s[>>>>>>>>>>>>>>>>>>>>>>>>>>>>>>>>>>>>              ] 2774/3783, 0.4 task/s, elapsed: 6856s, ETA:  2494s[>>>>>>>>>>>>>>>>>>>>>>>>>>>>>>>>>>>>              ] 2775/3783, 0.4 task/s, elapsed: 6856s, ETA:  2490s[>>>>>>>>>>>>>>>>>>>>>>>>>>>>>>>>>>>>              ] 2776/3783, 0.4 task/s, elapsed: 6865s, ETA:  2490s[>>>>>>>>>>>>>>>>>>>>>>>>>>>>>>>>>>>>              ] 2777/3783, 0.4 task/s, elapsed: 6865s, ETA:  2487s[>>>>>>>>>>>>>>>>>>>>>>>>>>>>>>>>>>>>              ] 2778/3783, 0.4 task/s, elapsed: 6865s, ETA:  2484s[>>>>>>>>>>>>>>>>>>>>>>>>>>>>>>>>>>>>              ] 2779/3783, 0.4 task/s, elapsed: 6865s, ETA:  2480s[>>>>>>>>>>>>>>>>>>>>>>>>>>>>>>>>>>>>              ] 2780/3783, 0.4 task/s, elapsed: 6865s, ETA:  2477s[>>>>>>>>>>>>>>>>>>>>>>>>>>>>>>>>>>>>              ] 2781/3783, 0.4 task/s, elapsed: 6876s, ETA:  2477s[>>>>>>>>>>>>>>>>>>>>>>>>>>>>>>>>>>>>              ] 2782/3783, 0.4 task/s, elapsed: 6876s, ETA:  2474s[>>>>>>>>>>>>>>>>>>>>>>>>>>>>>>>>>>>>              ] 2783/3783, 0.4 task/s, elapsed: 6876s, ETA:  2471s[>>>>>>>>>>>>>>>>>>>>>>>>>>>>>>>>>>>>              ] 2784/3783, 0.4 task/s, elapsed: 6876s, ETA:  2467s[>>>>>>>>>>>>>>>>>>>>>>>>>>>>>>>>>>>>              ] 2785/3783, 0.4 task/s, elapsed: 6876s, ETA:  2464s[>>>>>>>>>>>>>>>>>>>>>>>>>>>>>>>>>>>>              ] 2786/3783, 0.4 task/s, elapsed: 6887s, ETA:  2464s[>>>>>>>>>>>>>>>>>>>>>>>>>>>>>>>>>>>>              ] 2787/3783, 0.4 task/s, elapsed: 6887s, ETA:  2461s[>>>>>>>>>>>>>>>>>>>>>>>>>>>>>>>>>>>>              ] 2788/3783, 0.4 task/s, elapsed: 6887s, ETA:  2458s[>>>>>>>>>>>>>>>>>>>>>>>>>>>>>>>>>>>>              ] 2789/3783, 0.4 task/s, elapsed: 6887s, ETA:  2454s[>>>>>>>>>>>>>>>>>>>>>>>>>>>>>>>>>>>>              ] 2790/3783, 0.4 task/s, elapsed: 6887s, ETA:  2451s[>>>>>>>>>>>>>>>>>>>>>>>>>>>>>>>>>>>>              ] 2791/3783, 0.4 task/s, elapsed: 6897s, ETA:  2451s[>>>>>>>>>>>>>>>>>>>>>>>>>>>>>>>>>>>>              ] 2792/3783, 0.4 task/s, elapsed: 6897s, ETA:  2448s[>>>>>>>>>>>>>>>>>>>>>>>>>>>>>>>>>>>>              ] 2793/3783, 0.4 task/s, elapsed: 6897s, ETA:  2445s[>>>>>>>>>>>>>>>>>>>>>>>>>>>>>>>>>>>>              ] 2794/3783, 0.4 task/s, elapsed: 6897s, ETA:  2441s[>>>>>>>>>>>>>>>>>>>>>>>>>>>>>>>>>>>>              ] 2795/3783, 0.4 task/s, elapsed: 6897s, ETA:  2438s[>>>>>>>>>>>>>>>>>>>>>>>>>>>>>>>>>>>>              ] 2796/3783, 0.4 task/s, elapsed: 6910s, ETA:  2439s[>>>>>>>>>>>>>>>>>>>>>>>>>>>>>>>>>>>>              ] 2797/3783, 0.4 task/s, elapsed: 6910s, ETA:  2436s[>>>>>>>>>>>>>>>>>>>>>>>>>>>>>>>>>>>>              ] 2798/3783, 0.4 task/s, elapsed: 6910s, ETA:  2433s[>>>>>>>>>>>>>>>>>>>>>>>>>>>>>>>>>>>>              ] 2799/3783, 0.4 task/s, elapsed: 6910s, ETA:  2429s[>>>>>>>>>>>>>>>>>>>>>>>>>>>>>>>>>>>>>             ] 2800/3783, 0.4 task/s, elapsed: 6910s, ETA:  2426s[>>>>>>>>>>>>>>>>>>>>>>>>>>>>>>>>>>>>>             ] 2801/3783, 0.4 task/s, elapsed: 6921s, ETA:  2426s[>>>>>>>>>>>>>>>>>>>>>>>>>>>>>>>>>>>>>             ] 2802/3783, 0.4 task/s, elapsed: 6921s, ETA:  2423s[>>>>>>>>>>>>>>>>>>>>>>>>>>>>>>>>>>>>>             ] 2803/3783, 0.4 task/s, elapsed: 6921s, ETA:  2420s[>>>>>>>>>>>>>>>>>>>>>>>>>>>>>>>>>>>>>             ] 2804/3783, 0.4 task/s, elapsed: 6921s, ETA:  2416s[>>>>>>>>>>>>>>>>>>>>>>>>>>>>>>>>>>>>>             ] 2805/3783, 0.4 task/s, elapsed: 6921s, ETA:  2413s[>>>>>>>>>>>>>>>>>>>>>>>>>>>>>>>>>>>>>             ] 2806/3783, 0.4 task/s, elapsed: 6931s, ETA:  2413s[>>>>>>>>>>>>>>>>>>>>>>>>>>>>>>>>>>>>>             ] 2807/3783, 0.4 task/s, elapsed: 6931s, ETA:  2410s[>>>>>>>>>>>>>>>>>>>>>>>>>>>>>>>>>>>>>             ] 2808/3783, 0.4 task/s, elapsed: 6931s, ETA:  2407s[>>>>>>>>>>>>>>>>>>>>>>>>>>>>>>>>>>>>>             ] 2809/3783, 0.4 task/s, elapsed: 6931s, ETA:  2403s[>>>>>>>>>>>>>>>>>>>>>>>>>>>>>>>>>>>>>             ] 2810/3783, 0.4 task/s, elapsed: 6931s, ETA:  2400s[>>>>>>>>>>>>>>>>>>>>>>>>>>>>>>>>>>>>>             ] 2811/3783, 0.4 task/s, elapsed: 6941s, ETA:  2400s[>>>>>>>>>>>>>>>>>>>>>>>>>>>>>>>>>>>>>             ] 2812/3783, 0.4 task/s, elapsed: 6941s, ETA:  2397s[>>>>>>>>>>>>>>>>>>>>>>>>>>>>>>>>>>>>>             ] 2813/3783, 0.4 task/s, elapsed: 6941s, ETA:  2394s[>>>>>>>>>>>>>>>>>>>>>>>>>>>>>>>>>>>>>             ] 2814/3783, 0.4 task/s, elapsed: 6941s, ETA:  2390s[>>>>>>>>>>>>>>>>>>>>>>>>>>>>>>>>>>>>>             ] 2815/3783, 0.4 task/s, elapsed: 6941s, ETA:  2387s[>>>>>>>>>>>>>>>>>>>>>>>>>>>>>>>>>>>>>             ] 2816/3783, 0.4 task/s, elapsed: 6953s, ETA:  2388s[>>>>>>>>>>>>>>>>>>>>>>>>>>>>>>>>>>>>>             ] 2817/3783, 0.4 task/s, elapsed: 6953s, ETA:  2384s[>>>>>>>>>>>>>>>>>>>>>>>>>>>>>>>>>>>>>             ] 2818/3783, 0.4 task/s, elapsed: 6953s, ETA:  2381s[>>>>>>>>>>>>>>>>>>>>>>>>>>>>>>>>>>>>>             ] 2819/3783, 0.4 task/s, elapsed: 6953s, ETA:  2378s[>>>>>>>>>>>>>>>>>>>>>>>>>>>>>>>>>>>>>             ] 2820/3783, 0.4 task/s, elapsed: 6953s, ETA:  2374s[>>>>>>>>>>>>>>>>>>>>>>>>>>>>>>>>>>>>>             ] 2821/3783, 0.4 task/s, elapsed: 6964s, ETA:  2375s[>>>>>>>>>>>>>>>>>>>>>>>>>>>>>>>>>>>>>             ] 2822/3783, 0.4 task/s, elapsed: 6964s, ETA:  2372s[>>>>>>>>>>>>>>>>>>>>>>>>>>>>>>>>>>>>>             ] 2823/3783, 0.4 task/s, elapsed: 6964s, ETA:  2368s[>>>>>>>>>>>>>>>>>>>>>>>>>>>>>>>>>>>>>             ] 2824/3783, 0.4 task/s, elapsed: 6964s, ETA:  2365s[>>>>>>>>>>>>>>>>>>>>>>>>>>>>>>>>>>>>>             ] 2825/3783, 0.4 task/s, elapsed: 6964s, ETA:  2362s[>>>>>>>>>>>>>>>>>>>>>>>>>>>>>>>>>>>>>             ] 2826/3783, 0.4 task/s, elapsed: 6979s, ETA:  2363s[>>>>>>>>>>>>>>>>>>>>>>>>>>>>>>>>>>>>>             ] 2827/3783, 0.4 task/s, elapsed: 6979s, ETA:  2360s[>>>>>>>>>>>>>>>>>>>>>>>>>>>>>>>>>>>>>             ] 2828/3783, 0.4 task/s, elapsed: 6979s, ETA:  2357s[>>>>>>>>>>>>>>>>>>>>>>>>>>>>>>>>>>>>>             ] 2829/3783, 0.4 task/s, elapsed: 6979s, ETA:  2354s[>>>>>>>>>>>>>>>>>>>>>>>>>>>>>>>>>>>>>             ] 2830/3783, 0.4 task/s, elapsed: 6979s, ETA:  2350s[>>>>>>>>>>>>>>>>>>>>>>>>>>>>>>>>>>>>>             ] 2831/3783, 0.4 task/s, elapsed: 6993s, ETA:  2352s[>>>>>>>>>>>>>>>>>>>>>>>>>>>>>>>>>>>>>             ] 2832/3783, 0.4 task/s, elapsed: 6993s, ETA:  2348s[>>>>>>>>>>>>>>>>>>>>>>>>>>>>>>>>>>>>>             ] 2833/3783, 0.4 task/s, elapsed: 6993s, ETA:  2345s[>>>>>>>>>>>>>>>>>>>>>>>>>>>>>>>>>>>>>             ] 2834/3783, 0.4 task/s, elapsed: 6993s, ETA:  2342s[>>>>>>>>>>>>>>>>>>>>>>>>>>>>>>>>>>>>>             ] 2835/3783, 0.4 task/s, elapsed: 6993s, ETA:  2338s[>>>>>>>>>>>>>>>>>>>>>>>>>>>>>>>>>>>>>             ] 2836/3783, 0.4 task/s, elapsed: 7008s, ETA:  2340s[>>>>>>>>>>>>>>>>>>>>>>>>>>>>>>>>>>>>>             ] 2837/3783, 0.4 task/s, elapsed: 7008s, ETA:  2337s[>>>>>>>>>>>>>>>>>>>>>>>>>>>>>>>>>>>>>             ] 2838/3783, 0.4 task/s, elapsed: 7008s, ETA:  2334s[>>>>>>>>>>>>>>>>>>>>>>>>>>>>>>>>>>>>>             ] 2839/3783, 0.4 task/s, elapsed: 7008s, ETA:  2330s[>>>>>>>>>>>>>>>>>>>>>>>>>>>>>>>>>>>>>             ] 2840/3783, 0.4 task/s, elapsed: 7008s, ETA:  2327s[>>>>>>>>>>>>>>>>>>>>>>>>>>>>>>>>>>>>>             ] 2841/3783, 0.4 task/s, elapsed: 7023s, ETA:  2329s[>>>>>>>>>>>>>>>>>>>>>>>>>>>>>>>>>>>>>             ] 2842/3783, 0.4 task/s, elapsed: 7023s, ETA:  2325s[>>>>>>>>>>>>>>>>>>>>>>>>>>>>>>>>>>>>>             ] 2843/3783, 0.4 task/s, elapsed: 7023s, ETA:  2322s[>>>>>>>>>>>>>>>>>>>>>>>>>>>>>>>>>>>>>             ] 2844/3783, 0.4 task/s, elapsed: 7023s, ETA:  2319s[>>>>>>>>>>>>>>>>>>>>>>>>>>>>>>>>>>>>>             ] 2845/3783, 0.4 task/s, elapsed: 7023s, ETA:  2315s[>>>>>>>>>>>>>>>>>>>>>>>>>>>>>>>>>>>>>             ] 2846/3783, 0.4 task/s, elapsed: 7032s, ETA:  2315s[>>>>>>>>>>>>>>>>>>>>>>>>>>>>>>>>>>>>>             ] 2847/3783, 0.4 task/s, elapsed: 7032s, ETA:  2312s[>>>>>>>>>>>>>>>>>>>>>>>>>>>>>>>>>>>>>             ] 2848/3783, 0.4 task/s, elapsed: 7032s, ETA:  2309s[>>>>>>>>>>>>>>>>>>>>>>>>>>>>>>>>>>>>>             ] 2849/3783, 0.4 task/s, elapsed: 7032s, ETA:  2305s[>>>>>>>>>>>>>>>>>>>>>>>>>>>>>>>>>>>>>             ] 2850/3783, 0.4 task/s, elapsed: 7032s, ETA:  2302s[>>>>>>>>>>>>>>>>>>>>>>>>>>>>>>>>>>>>>             ] 2851/3783, 0.4 task/s, elapsed: 7041s, ETA:  2302s[>>>>>>>>>>>>>>>>>>>>>>>>>>>>>>>>>>>>>             ] 2852/3783, 0.4 task/s, elapsed: 7041s, ETA:  2298s[>>>>>>>>>>>>>>>>>>>>>>>>>>>>>>>>>>>>>             ] 2853/3783, 0.4 task/s, elapsed: 7041s, ETA:  2295s[>>>>>>>>>>>>>>>>>>>>>>>>>>>>>>>>>>>>>             ] 2854/3783, 0.4 task/s, elapsed: 7041s, ETA:  2292s[>>>>>>>>>>>>>>>>>>>>>>>>>>>>>>>>>>>>>             ] 2855/3783, 0.4 task/s, elapsed: 7041s, ETA:  2289s[>>>>>>>>>>>>>>>>>>>>>>>>>>>>>>>>>>>>>             ] 2856/3783, 0.4 task/s, elapsed: 7058s, ETA:  2291s[>>>>>>>>>>>>>>>>>>>>>>>>>>>>>>>>>>>>>             ] 2857/3783, 0.4 task/s, elapsed: 7058s, ETA:  2288s[>>>>>>>>>>>>>>>>>>>>>>>>>>>>>>>>>>>>>             ] 2858/3783, 0.4 task/s, elapsed: 7058s, ETA:  2284s[>>>>>>>>>>>>>>>>>>>>>>>>>>>>>>>>>>>>>             ] 2859/3783, 0.4 task/s, elapsed: 7058s, ETA:  2281s[>>>>>>>>>>>>>>>>>>>>>>>>>>>>>>>>>>>>>             ] 2860/3783, 0.4 task/s, elapsed: 7058s, ETA:  2278s[>>>>>>>>>>>>>>>>>>>>>>>>>>>>>>>>>>>>>             ] 2861/3783, 0.4 task/s, elapsed: 7074s, ETA:  2280s[>>>>>>>>>>>>>>>>>>>>>>>>>>>>>>>>>>>>>             ] 2862/3783, 0.4 task/s, elapsed: 7074s, ETA:  2277s[>>>>>>>>>>>>>>>>>>>>>>>>>>>>>>>>>>>>>             ] 2863/3783, 0.4 task/s, elapsed: 7074s, ETA:  2273s[>>>>>>>>>>>>>>>>>>>>>>>>>>>>>>>>>>>>>             ] 2864/3783, 0.4 task/s, elapsed: 7074s, ETA:  2270s[>>>>>>>>>>>>>>>>>>>>>>>>>>>>>>>>>>>>>             ] 2865/3783, 0.4 task/s, elapsed: 7074s, ETA:  2267s[>>>>>>>>>>>>>>>>>>>>>>>>>>>>>>>>>>>>>             ] 2866/3783, 0.4 task/s, elapsed: 7089s, ETA:  2268s[>>>>>>>>>>>>>>>>>>>>>>>>>>>>>>>>>>>>>             ] 2867/3783, 0.4 task/s, elapsed: 7089s, ETA:  2265s[>>>>>>>>>>>>>>>>>>>>>>>>>>>>>>>>>>>>>             ] 2868/3783, 0.4 task/s, elapsed: 7089s, ETA:  2262s[>>>>>>>>>>>>>>>>>>>>>>>>>>>>>>>>>>>>>             ] 2869/3783, 0.4 task/s, elapsed: 7089s, ETA:  2258s[>>>>>>>>>>>>>>>>>>>>>>>>>>>>>>>>>>>>>             ] 2870/3783, 0.4 task/s, elapsed: 7089s, ETA:  2255s[>>>>>>>>>>>>>>>>>>>>>>>>>>>>>>>>>>>>>             ] 2871/3783, 0.4 task/s, elapsed: 7107s, ETA:  2258s[>>>>>>>>>>>>>>>>>>>>>>>>>>>>>>>>>>>>>             ] 2872/3783, 0.4 task/s, elapsed: 7107s, ETA:  2255s[>>>>>>>>>>>>>>>>>>>>>>>>>>>>>>>>>>>>>             ] 2873/3783, 0.4 task/s, elapsed: 7107s, ETA:  2251s[>>>>>>>>>>>>>>>>>>>>>>>>>>>>>>>>>>>>>             ] 2874/3783, 0.4 task/s, elapsed: 7107s, ETA:  2248s[>>>>>>>>>>>>>>>>>>>>>>>>>>>>>>>>>>>>>             ] 2875/3783, 0.4 task/s, elapsed: 7107s, ETA:  2245s[>>>>>>>>>>>>>>>>>>>>>>>>>>>>>>>>>>>>>>            ] 2876/3783, 0.4 task/s, elapsed: 7119s, ETA:  2245s[>>>>>>>>>>>>>>>>>>>>>>>>>>>>>>>>>>>>>>            ] 2877/3783, 0.4 task/s, elapsed: 7119s, ETA:  2242s[>>>>>>>>>>>>>>>>>>>>>>>>>>>>>>>>>>>>>>            ] 2878/3783, 0.4 task/s, elapsed: 7119s, ETA:  2239s[>>>>>>>>>>>>>>>>>>>>>>>>>>>>>>>>>>>>>>            ] 2879/3783, 0.4 task/s, elapsed: 7119s, ETA:  2235s[>>>>>>>>>>>>>>>>>>>>>>>>>>>>>>>>>>>>>>            ] 2880/3783, 0.4 task/s, elapsed: 7119s, ETA:  2232s[>>>>>>>>>>>>>>>>>>>>>>>>>>>>>>>>>>>>>>            ] 2881/3783, 0.4 task/s, elapsed: 7134s, ETA:  2233s[>>>>>>>>>>>>>>>>>>>>>>>>>>>>>>>>>>>>>>            ] 2882/3783, 0.4 task/s, elapsed: 7134s, ETA:  2230s[>>>>>>>>>>>>>>>>>>>>>>>>>>>>>>>>>>>>>>            ] 2883/3783, 0.4 task/s, elapsed: 7134s, ETA:  2227s[>>>>>>>>>>>>>>>>>>>>>>>>>>>>>>>>>>>>>>            ] 2884/3783, 0.4 task/s, elapsed: 7134s, ETA:  2224s[>>>>>>>>>>>>>>>>>>>>>>>>>>>>>>>>>>>>>>            ] 2885/3783, 0.4 task/s, elapsed: 7134s, ETA:  2220s[>>>>>>>>>>>>>>>>>>>>>>>>>>>>>>>>>>>>>>            ] 2886/3783, 0.4 task/s, elapsed: 7148s, ETA:  2222s[>>>>>>>>>>>>>>>>>>>>>>>>>>>>>>>>>>>>>>            ] 2887/3783, 0.4 task/s, elapsed: 7148s, ETA:  2219s[>>>>>>>>>>>>>>>>>>>>>>>>>>>>>>>>>>>>>>            ] 2888/3783, 0.4 task/s, elapsed: 7148s, ETA:  2215s[>>>>>>>>>>>>>>>>>>>>>>>>>>>>>>>>>>>>>>            ] 2889/3783, 0.4 task/s, elapsed: 7148s, ETA:  2212s[>>>>>>>>>>>>>>>>>>>>>>>>>>>>>>>>>>>>>>            ] 2890/3783, 0.4 task/s, elapsed: 7148s, ETA:  2209s[>>>>>>>>>>>>>>>>>>>>>>>>>>>>>>>>>>>>>>            ] 2891/3783, 0.4 task/s, elapsed: 7162s, ETA:  2210s[>>>>>>>>>>>>>>>>>>>>>>>>>>>>>>>>>>>>>>            ] 2892/3783, 0.4 task/s, elapsed: 7162s, ETA:  2206s[>>>>>>>>>>>>>>>>>>>>>>>>>>>>>>>>>>>>>>            ] 2893/3783, 0.4 task/s, elapsed: 7162s, ETA:  2203s[>>>>>>>>>>>>>>>>>>>>>>>>>>>>>>>>>>>>>>            ] 2894/3783, 0.4 task/s, elapsed: 7162s, ETA:  2200s[>>>>>>>>>>>>>>>>>>>>>>>>>>>>>>>>>>>>>>            ] 2895/3783, 0.4 task/s, elapsed: 7162s, ETA:  2197s[>>>>>>>>>>>>>>>>>>>>>>>>>>>>>>>>>>>>>>            ] 2896/3783, 0.4 task/s, elapsed: 7173s, ETA:  2197s[>>>>>>>>>>>>>>>>>>>>>>>>>>>>>>>>>>>>>>            ] 2897/3783, 0.4 task/s, elapsed: 7173s, ETA:  2194s[>>>>>>>>>>>>>>>>>>>>>>>>>>>>>>>>>>>>>>            ] 2898/3783, 0.4 task/s, elapsed: 7173s, ETA:  2190s[>>>>>>>>>>>>>>>>>>>>>>>>>>>>>>>>>>>>>>            ] 2899/3783, 0.4 task/s, elapsed: 7173s, ETA:  2187s[>>>>>>>>>>>>>>>>>>>>>>>>>>>>>>>>>>>>>>            ] 2900/3783, 0.4 task/s, elapsed: 7173s, ETA:  2184s[>>>>>>>>>>>>>>>>>>>>>>>>>>>>>>>>>>>>>>            ] 2901/3783, 0.4 task/s, elapsed: 7183s, ETA:  2184s[>>>>>>>>>>>>>>>>>>>>>>>>>>>>>>>>>>>>>>            ] 2902/3783, 0.4 task/s, elapsed: 7183s, ETA:  2181s[>>>>>>>>>>>>>>>>>>>>>>>>>>>>>>>>>>>>>>            ] 2903/3783, 0.4 task/s, elapsed: 7183s, ETA:  2178s[>>>>>>>>>>>>>>>>>>>>>>>>>>>>>>>>>>>>>>            ] 2904/3783, 0.4 task/s, elapsed: 7183s, ETA:  2174s[>>>>>>>>>>>>>>>>>>>>>>>>>>>>>>>>>>>>>>            ] 2905/3783, 0.4 task/s, elapsed: 7183s, ETA:  2171s[>>>>>>>>>>>>>>>>>>>>>>>>>>>>>>>>>>>>>>            ] 2906/3783, 0.4 task/s, elapsed: 7195s, ETA:  2171s[>>>>>>>>>>>>>>>>>>>>>>>>>>>>>>>>>>>>>>            ] 2907/3783, 0.4 task/s, elapsed: 7195s, ETA:  2168s[>>>>>>>>>>>>>>>>>>>>>>>>>>>>>>>>>>>>>>            ] 2908/3783, 0.4 task/s, elapsed: 7195s, ETA:  2165s[>>>>>>>>>>>>>>>>>>>>>>>>>>>>>>>>>>>>>>            ] 2909/3783, 0.4 task/s, elapsed: 7195s, ETA:  2162s[>>>>>>>>>>>>>>>>>>>>>>>>>>>>>>>>>>>>>>            ] 2910/3783, 0.4 task/s, elapsed: 7195s, ETA:  2159s[>>>>>>>>>>>>>>>>>>>>>>>>>>>>>>>>>>>>>>            ] 2911/3783, 0.4 task/s, elapsed: 7205s, ETA:  2158s[>>>>>>>>>>>>>>>>>>>>>>>>>>>>>>>>>>>>>>            ] 2912/3783, 0.4 task/s, elapsed: 7205s, ETA:  2155s[>>>>>>>>>>>>>>>>>>>>>>>>>>>>>>>>>>>>>>            ] 2913/3783, 0.4 task/s, elapsed: 7205s, ETA:  2152s[>>>>>>>>>>>>>>>>>>>>>>>>>>>>>>>>>>>>>>            ] 2914/3783, 0.4 task/s, elapsed: 7205s, ETA:  2149s[>>>>>>>>>>>>>>>>>>>>>>>>>>>>>>>>>>>>>>            ] 2915/3783, 0.4 task/s, elapsed: 7205s, ETA:  2146s[>>>>>>>>>>>>>>>>>>>>>>>>>>>>>>>>>>>>>>            ] 2916/3783, 0.4 task/s, elapsed: 7217s, ETA:  2146s[>>>>>>>>>>>>>>>>>>>>>>>>>>>>>>>>>>>>>>            ] 2917/3783, 0.4 task/s, elapsed: 7217s, ETA:  2143s[>>>>>>>>>>>>>>>>>>>>>>>>>>>>>>>>>>>>>>            ] 2918/3783, 0.4 task/s, elapsed: 7217s, ETA:  2139s[>>>>>>>>>>>>>>>>>>>>>>>>>>>>>>>>>>>>>>            ] 2919/3783, 0.4 task/s, elapsed: 7217s, ETA:  2136s[>>>>>>>>>>>>>>>>>>>>>>>>>>>>>>>>>>>>>>            ] 2920/3783, 0.4 task/s, elapsed: 7217s, ETA:  2133s[>>>>>>>>>>>>>>>>>>>>>>>>>>>>>>>>>>>>>>            ] 2921/3783, 0.4 task/s, elapsed: 7227s, ETA:  2133s[>>>>>>>>>>>>>>>>>>>>>>>>>>>>>>>>>>>>>>            ] 2922/3783, 0.4 task/s, elapsed: 7227s, ETA:  2130s[>>>>>>>>>>>>>>>>>>>>>>>>>>>>>>>>>>>>>>            ] 2923/3783, 0.4 task/s, elapsed: 7227s, ETA:  2126s[>>>>>>>>>>>>>>>>>>>>>>>>>>>>>>>>>>>>>>            ] 2924/3783, 0.4 task/s, elapsed: 7227s, ETA:  2123s[>>>>>>>>>>>>>>>>>>>>>>>>>>>>>>>>>>>>>>            ] 2925/3783, 0.4 task/s, elapsed: 7227s, ETA:  2120s[>>>>>>>>>>>>>>>>>>>>>>>>>>>>>>>>>>>>>>            ] 2926/3783, 0.4 task/s, elapsed: 7237s, ETA:  2120s[>>>>>>>>>>>>>>>>>>>>>>>>>>>>>>>>>>>>>>            ] 2927/3783, 0.4 task/s, elapsed: 7237s, ETA:  2117s[>>>>>>>>>>>>>>>>>>>>>>>>>>>>>>>>>>>>>>            ] 2928/3783, 0.4 task/s, elapsed: 7237s, ETA:  2113s[>>>>>>>>>>>>>>>>>>>>>>>>>>>>>>>>>>>>>>            ] 2929/3783, 0.4 task/s, elapsed: 7237s, ETA:  2110s[>>>>>>>>>>>>>>>>>>>>>>>>>>>>>>>>>>>>>>            ] 2930/3783, 0.4 task/s, elapsed: 7237s, ETA:  2107s[>>>>>>>>>>>>>>>>>>>>>>>>>>>>>>>>>>>>>>            ] 2931/3783, 0.4 task/s, elapsed: 7248s, ETA:  2107s[>>>>>>>>>>>>>>>>>>>>>>>>>>>>>>>>>>>>>>            ] 2932/3783, 0.4 task/s, elapsed: 7248s, ETA:  2104s[>>>>>>>>>>>>>>>>>>>>>>>>>>>>>>>>>>>>>>            ] 2933/3783, 0.4 task/s, elapsed: 7248s, ETA:  2101s[>>>>>>>>>>>>>>>>>>>>>>>>>>>>>>>>>>>>>>            ] 2934/3783, 0.4 task/s, elapsed: 7248s, ETA:  2097s[>>>>>>>>>>>>>>>>>>>>>>>>>>>>>>>>>>>>>>            ] 2935/3783, 0.4 task/s, elapsed: 7248s, ETA:  2094s[>>>>>>>>>>>>>>>>>>>>>>>>>>>>>>>>>>>>>>            ] 2936/3783, 0.4 task/s, elapsed: 7261s, ETA:  2095s[>>>>>>>>>>>>>>>>>>>>>>>>>>>>>>>>>>>>>>            ] 2937/3783, 0.4 task/s, elapsed: 7261s, ETA:  2092s[>>>>>>>>>>>>>>>>>>>>>>>>>>>>>>>>>>>>>>            ] 2938/3783, 0.4 task/s, elapsed: 7261s, ETA:  2088s[>>>>>>>>>>>>>>>>>>>>>>>>>>>>>>>>>>>>>>            ] 2939/3783, 0.4 task/s, elapsed: 7261s, ETA:  2085s[>>>>>>>>>>>>>>>>>>>>>>>>>>>>>>>>>>>>>>            ] 2940/3783, 0.4 task/s, elapsed: 7261s, ETA:  2082s[>>>>>>>>>>>>>>>>>>>>>>>>>>>>>>>>>>>>>>            ] 2941/3783, 0.4 task/s, elapsed: 7272s, ETA:  2082s[>>>>>>>>>>>>>>>>>>>>>>>>>>>>>>>>>>>>>>            ] 2942/3783, 0.4 task/s, elapsed: 7272s, ETA:  2079s[>>>>>>>>>>>>>>>>>>>>>>>>>>>>>>>>>>>>>>            ] 2943/3783, 0.4 task/s, elapsed: 7272s, ETA:  2076s[>>>>>>>>>>>>>>>>>>>>>>>>>>>>>>>>>>>>>>            ] 2944/3783, 0.4 task/s, elapsed: 7272s, ETA:  2072s[>>>>>>>>>>>>>>>>>>>>>>>>>>>>>>>>>>>>>>            ] 2945/3783, 0.4 task/s, elapsed: 7272s, ETA:  2069s[>>>>>>>>>>>>>>>>>>>>>>>>>>>>>>>>>>>>>>            ] 2946/3783, 0.4 task/s, elapsed: 7284s, ETA:  2070s[>>>>>>>>>>>>>>>>>>>>>>>>>>>>>>>>>>>>>>            ] 2947/3783, 0.4 task/s, elapsed: 7284s, ETA:  2066s[>>>>>>>>>>>>>>>>>>>>>>>>>>>>>>>>>>>>>>            ] 2948/3783, 0.4 task/s, elapsed: 7284s, ETA:  2063s[>>>>>>>>>>>>>>>>>>>>>>>>>>>>>>>>>>>>>>            ] 2949/3783, 0.4 task/s, elapsed: 7284s, ETA:  2060s[>>>>>>>>>>>>>>>>>>>>>>>>>>>>>>>>>>>>>>            ] 2950/3783, 0.4 task/s, elapsed: 7284s, ETA:  2057s[>>>>>>>>>>>>>>>>>>>>>>>>>>>>>>>>>>>>>>>           ] 2951/3783, 0.4 task/s, elapsed: 7302s, ETA:  2059s[>>>>>>>>>>>>>>>>>>>>>>>>>>>>>>>>>>>>>>>           ] 2952/3783, 0.4 task/s, elapsed: 7302s, ETA:  2056s[>>>>>>>>>>>>>>>>>>>>>>>>>>>>>>>>>>>>>>>           ] 2953/3783, 0.4 task/s, elapsed: 7302s, ETA:  2052s[>>>>>>>>>>>>>>>>>>>>>>>>>>>>>>>>>>>>>>>           ] 2954/3783, 0.4 task/s, elapsed: 7302s, ETA:  2049s[>>>>>>>>>>>>>>>>>>>>>>>>>>>>>>>>>>>>>>>           ] 2955/3783, 0.4 task/s, elapsed: 7302s, ETA:  2046s[>>>>>>>>>>>>>>>>>>>>>>>>>>>>>>>>>>>>>>>           ] 2956/3783, 0.4 task/s, elapsed: 7335s, ETA:  2052s[>>>>>>>>>>>>>>>>>>>>>>>>>>>>>>>>>>>>>>>           ] 2957/3783, 0.4 task/s, elapsed: 7335s, ETA:  2049s[>>>>>>>>>>>>>>>>>>>>>>>>>>>>>>>>>>>>>>>           ] 2958/3783, 0.4 task/s, elapsed: 7335s, ETA:  2046s[>>>>>>>>>>>>>>>>>>>>>>>>>>>>>>>>>>>>>>>           ] 2959/3783, 0.4 task/s, elapsed: 7335s, ETA:  2043s[>>>>>>>>>>>>>>>>>>>>>>>>>>>>>>>>>>>>>>>           ] 2960/3783, 0.4 task/s, elapsed: 7335s, ETA:  2040s[>>>>>>>>>>>>>>>>>>>>>>>>>>>>>>>>>>>>>>>           ] 2961/3783, 0.4 task/s, elapsed: 7359s, ETA:  2043s[>>>>>>>>>>>>>>>>>>>>>>>>>>>>>>>>>>>>>>>           ] 2962/3783, 0.4 task/s, elapsed: 7359s, ETA:  2040s[>>>>>>>>>>>>>>>>>>>>>>>>>>>>>>>>>>>>>>>           ] 2963/3783, 0.4 task/s, elapsed: 7359s, ETA:  2037s[>>>>>>>>>>>>>>>>>>>>>>>>>>>>>>>>>>>>>>>           ] 2964/3783, 0.4 task/s, elapsed: 7359s, ETA:  2033s[>>>>>>>>>>>>>>>>>>>>>>>>>>>>>>>>>>>>>>>           ] 2965/3783, 0.4 task/s, elapsed: 7359s, ETA:  2030s[>>>>>>>>>>>>>>>>>>>>>>>>>>>>>>>>>>>>>>>           ] 2966/3783, 0.4 task/s, elapsed: 7374s, ETA:  2031s[>>>>>>>>>>>>>>>>>>>>>>>>>>>>>>>>>>>>>>>           ] 2967/3783, 0.4 task/s, elapsed: 7374s, ETA:  2028s[>>>>>>>>>>>>>>>>>>>>>>>>>>>>>>>>>>>>>>>           ] 2968/3783, 0.4 task/s, elapsed: 7374s, ETA:  2025s[>>>>>>>>>>>>>>>>>>>>>>>>>>>>>>>>>>>>>>>           ] 2969/3783, 0.4 task/s, elapsed: 7374s, ETA:  2022s[>>>>>>>>>>>>>>>>>>>>>>>>>>>>>>>>>>>>>>>           ] 2970/3783, 0.4 task/s, elapsed: 7374s, ETA:  2019s[>>>>>>>>>>>>>>>>>>>>>>>>>>>>>>>>>>>>>>>           ] 2971/3783, 0.4 task/s, elapsed: 7385s, ETA:  2018s[>>>>>>>>>>>>>>>>>>>>>>>>>>>>>>>>>>>>>>>           ] 2972/3783, 0.4 task/s, elapsed: 7385s, ETA:  2015s[>>>>>>>>>>>>>>>>>>>>>>>>>>>>>>>>>>>>>>>           ] 2973/3783, 0.4 task/s, elapsed: 7385s, ETA:  2012s[>>>>>>>>>>>>>>>>>>>>>>>>>>>>>>>>>>>>>>>           ] 2974/3783, 0.4 task/s, elapsed: 7385s, ETA:  2009s[>>>>>>>>>>>>>>>>>>>>>>>>>>>>>>>>>>>>>>>           ] 2975/3783, 0.4 task/s, elapsed: 7385s, ETA:  2006s[>>>>>>>>>>>>>>>>>>>>>>>>>>>>>>>>>>>>>>>           ] 2976/3783, 0.4 task/s, elapsed: 7396s, ETA:  2005s[>>>>>>>>>>>>>>>>>>>>>>>>>>>>>>>>>>>>>>>           ] 2977/3783, 0.4 task/s, elapsed: 7396s, ETA:  2002s[>>>>>>>>>>>>>>>>>>>>>>>>>>>>>>>>>>>>>>>           ] 2978/3783, 0.4 task/s, elapsed: 7396s, ETA:  1999s[>>>>>>>>>>>>>>>>>>>>>>>>>>>>>>>>>>>>>>>           ] 2979/3783, 0.4 task/s, elapsed: 7396s, ETA:  1996s[>>>>>>>>>>>>>>>>>>>>>>>>>>>>>>>>>>>>>>>           ] 2980/3783, 0.4 task/s, elapsed: 7396s, ETA:  1993s[>>>>>>>>>>>>>>>>>>>>>>>>>>>>>>>>>>>>>>>           ] 2981/3783, 0.4 task/s, elapsed: 7407s, ETA:  1993s[>>>>>>>>>>>>>>>>>>>>>>>>>>>>>>>>>>>>>>>           ] 2982/3783, 0.4 task/s, elapsed: 7407s, ETA:  1990s[>>>>>>>>>>>>>>>>>>>>>>>>>>>>>>>>>>>>>>>           ] 2983/3783, 0.4 task/s, elapsed: 7407s, ETA:  1986s[>>>>>>>>>>>>>>>>>>>>>>>>>>>>>>>>>>>>>>>           ] 2984/3783, 0.4 task/s, elapsed: 7407s, ETA:  1983s[>>>>>>>>>>>>>>>>>>>>>>>>>>>>>>>>>>>>>>>           ] 2985/3783, 0.4 task/s, elapsed: 7407s, ETA:  1980s[>>>>>>>>>>>>>>>>>>>>>>>>>>>>>>>>>>>>>>>           ] 2986/3783, 0.4 task/s, elapsed: 7417s, ETA:  1980s[>>>>>>>>>>>>>>>>>>>>>>>>>>>>>>>>>>>>>>>           ] 2987/3783, 0.4 task/s, elapsed: 7417s, ETA:  1977s[>>>>>>>>>>>>>>>>>>>>>>>>>>>>>>>>>>>>>>>           ] 2988/3783, 0.4 task/s, elapsed: 7417s, ETA:  1973s[>>>>>>>>>>>>>>>>>>>>>>>>>>>>>>>>>>>>>>>           ] 2989/3783, 0.4 task/s, elapsed: 7417s, ETA:  1970s[>>>>>>>>>>>>>>>>>>>>>>>>>>>>>>>>>>>>>>>           ] 2990/3783, 0.4 task/s, elapsed: 7417s, ETA:  1967s[>>>>>>>>>>>>>>>>>>>>>>>>>>>>>>>>>>>>>>>           ] 2991/3783, 0.4 task/s, elapsed: 7428s, ETA:  1967s[>>>>>>>>>>>>>>>>>>>>>>>>>>>>>>>>>>>>>>>           ] 2992/3783, 0.4 task/s, elapsed: 7428s, ETA:  1964s[>>>>>>>>>>>>>>>>>>>>>>>>>>>>>>>>>>>>>>>           ] 2993/3783, 0.4 task/s, elapsed: 7428s, ETA:  1961s[>>>>>>>>>>>>>>>>>>>>>>>>>>>>>>>>>>>>>>>           ] 2994/3783, 0.4 task/s, elapsed: 7428s, ETA:  1957s[>>>>>>>>>>>>>>>>>>>>>>>>>>>>>>>>>>>>>>>           ] 2995/3783, 0.4 task/s, elapsed: 7428s, ETA:  1954s[>>>>>>>>>>>>>>>>>>>>>>>>>>>>>>>>>>>>>>>           ] 2996/3783, 0.4 task/s, elapsed: 7439s, ETA:  1954s[>>>>>>>>>>>>>>>>>>>>>>>>>>>>>>>>>>>>>>>           ] 2997/3783, 0.4 task/s, elapsed: 7439s, ETA:  1951s[>>>>>>>>>>>>>>>>>>>>>>>>>>>>>>>>>>>>>>>           ] 2998/3783, 0.4 task/s, elapsed: 7439s, ETA:  1948s[>>>>>>>>>>>>>>>>>>>>>>>>>>>>>>>>>>>>>>>           ] 2999/3783, 0.4 task/s, elapsed: 7439s, ETA:  1945s[>>>>>>>>>>>>>>>>>>>>>>>>>>>>>>>>>>>>>>>           ] 3000/3783, 0.4 task/s, elapsed: 7439s, ETA:  1942s[>>>>>>>>>>>>>>>>>>>>>>>>>>>>>>>>>>>>>>>           ] 3001/3783, 0.4 task/s, elapsed: 7450s, ETA:  1941s[>>>>>>>>>>>>>>>>>>>>>>>>>>>>>>>>>>>>>>>           ] 3002/3783, 0.4 task/s, elapsed: 7450s, ETA:  1938s[>>>>>>>>>>>>>>>>>>>>>>>>>>>>>>>>>>>>>>>           ] 3003/3783, 0.4 task/s, elapsed: 7450s, ETA:  1935s[>>>>>>>>>>>>>>>>>>>>>>>>>>>>>>>>>>>>>>>           ] 3004/3783, 0.4 task/s, elapsed: 7450s, ETA:  1932s[>>>>>>>>>>>>>>>>>>>>>>>>>>>>>>>>>>>>>>>           ] 3005/3783, 0.4 task/s, elapsed: 7450s, ETA:  1929s[>>>>>>>>>>>>>>>>>>>>>>>>>>>>>>>>>>>>>>>           ] 3006/3783, 0.4 task/s, elapsed: 7460s, ETA:  1928s[>>>>>>>>>>>>>>>>>>>>>>>>>>>>>>>>>>>>>>>           ] 3007/3783, 0.4 task/s, elapsed: 7460s, ETA:  1925s[>>>>>>>>>>>>>>>>>>>>>>>>>>>>>>>>>>>>>>>           ] 3008/3783, 0.4 task/s, elapsed: 7460s, ETA:  1922s[>>>>>>>>>>>>>>>>>>>>>>>>>>>>>>>>>>>>>>>           ] 3009/3783, 0.4 task/s, elapsed: 7460s, ETA:  1919s[>>>>>>>>>>>>>>>>>>>>>>>>>>>>>>>>>>>>>>>           ] 3010/3783, 0.4 task/s, elapsed: 7460s, ETA:  1916s[>>>>>>>>>>>>>>>>>>>>>>>>>>>>>>>>>>>>>>>           ] 3011/3783, 0.4 task/s, elapsed: 7470s, ETA:  1915s[>>>>>>>>>>>>>>>>>>>>>>>>>>>>>>>>>>>>>>>           ] 3012/3783, 0.4 task/s, elapsed: 7470s, ETA:  1912s[>>>>>>>>>>>>>>>>>>>>>>>>>>>>>>>>>>>>>>>           ] 3013/3783, 0.4 task/s, elapsed: 7470s, ETA:  1909s[>>>>>>>>>>>>>>>>>>>>>>>>>>>>>>>>>>>>>>>           ] 3014/3783, 0.4 task/s, elapsed: 7470s, ETA:  1906s[>>>>>>>>>>>>>>>>>>>>>>>>>>>>>>>>>>>>>>>           ] 3015/3783, 0.4 task/s, elapsed: 7470s, ETA:  1903s[>>>>>>>>>>>>>>>>>>>>>>>>>>>>>>>>>>>>>>>           ] 3016/3783, 0.4 task/s, elapsed: 7480s, ETA:  1902s[>>>>>>>>>>>>>>>>>>>>>>>>>>>>>>>>>>>>>>>           ] 3017/3783, 0.4 task/s, elapsed: 7480s, ETA:  1899s[>>>>>>>>>>>>>>>>>>>>>>>>>>>>>>>>>>>>>>>           ] 3018/3783, 0.4 task/s, elapsed: 7480s, ETA:  1896s[>>>>>>>>>>>>>>>>>>>>>>>>>>>>>>>>>>>>>>>           ] 3019/3783, 0.4 task/s, elapsed: 7480s, ETA:  1893s[>>>>>>>>>>>>>>>>>>>>>>>>>>>>>>>>>>>>>>>           ] 3020/3783, 0.4 task/s, elapsed: 7480s, ETA:  1890s[>>>>>>>>>>>>>>>>>>>>>>>>>>>>>>>>>>>>>>>           ] 3021/3783, 0.4 task/s, elapsed: 7490s, ETA:  1889s[>>>>>>>>>>>>>>>>>>>>>>>>>>>>>>>>>>>>>>>           ] 3022/3783, 0.4 task/s, elapsed: 7490s, ETA:  1886s[>>>>>>>>>>>>>>>>>>>>>>>>>>>>>>>>>>>>>>>           ] 3023/3783, 0.4 task/s, elapsed: 7490s, ETA:  1883s[>>>>>>>>>>>>>>>>>>>>>>>>>>>>>>>>>>>>>>>           ] 3024/3783, 0.4 task/s, elapsed: 7490s, ETA:  1880s[>>>>>>>>>>>>>>>>>>>>>>>>>>>>>>>>>>>>>>>           ] 3025/3783, 0.4 task/s, elapsed: 7490s, ETA:  1877s[>>>>>>>>>>>>>>>>>>>>>>>>>>>>>>>>>>>>>>>           ] 3026/3783, 0.4 task/s, elapsed: 7500s, ETA:  1876s[>>>>>>>>>>>>>>>>>>>>>>>>>>>>>>>>>>>>>>>>          ] 3027/3783, 0.4 task/s, elapsed: 7500s, ETA:  1873s[>>>>>>>>>>>>>>>>>>>>>>>>>>>>>>>>>>>>>>>>          ] 3028/3783, 0.4 task/s, elapsed: 7500s, ETA:  1870s[>>>>>>>>>>>>>>>>>>>>>>>>>>>>>>>>>>>>>>>>          ] 3029/3783, 0.4 task/s, elapsed: 7500s, ETA:  1867s[>>>>>>>>>>>>>>>>>>>>>>>>>>>>>>>>>>>>>>>>          ] 3030/3783, 0.4 task/s, elapsed: 7500s, ETA:  1864s[>>>>>>>>>>>>>>>>>>>>>>>>>>>>>>>>>>>>>>>>          ] 3031/3783, 0.4 task/s, elapsed: 7510s, ETA:  1863s[>>>>>>>>>>>>>>>>>>>>>>>>>>>>>>>>>>>>>>>>          ] 3032/3783, 0.4 task/s, elapsed: 7510s, ETA:  1860s[>>>>>>>>>>>>>>>>>>>>>>>>>>>>>>>>>>>>>>>>          ] 3033/3783, 0.4 task/s, elapsed: 7510s, ETA:  1857s[>>>>>>>>>>>>>>>>>>>>>>>>>>>>>>>>>>>>>>>>          ] 3034/3783, 0.4 task/s, elapsed: 7510s, ETA:  1854s[>>>>>>>>>>>>>>>>>>>>>>>>>>>>>>>>>>>>>>>>          ] 3035/3783, 0.4 task/s, elapsed: 7510s, ETA:  1851s[>>>>>>>>>>>>>>>>>>>>>>>>>>>>>>>>>>>>>>>>          ] 3036/3783, 0.4 task/s, elapsed: 7520s, ETA:  1850s[>>>>>>>>>>>>>>>>>>>>>>>>>>>>>>>>>>>>>>>>          ] 3037/3783, 0.4 task/s, elapsed: 7520s, ETA:  1847s[>>>>>>>>>>>>>>>>>>>>>>>>>>>>>>>>>>>>>>>>          ] 3038/3783, 0.4 task/s, elapsed: 7520s, ETA:  1844s[>>>>>>>>>>>>>>>>>>>>>>>>>>>>>>>>>>>>>>>>          ] 3039/3783, 0.4 task/s, elapsed: 7520s, ETA:  1841s[>>>>>>>>>>>>>>>>>>>>>>>>>>>>>>>>>>>>>>>>          ] 3040/3783, 0.4 task/s, elapsed: 7520s, ETA:  1838s[>>>>>>>>>>>>>>>>>>>>>>>>>>>>>>>>>>>>>>>>          ] 3041/3783, 0.4 task/s, elapsed: 7530s, ETA:  1837s[>>>>>>>>>>>>>>>>>>>>>>>>>>>>>>>>>>>>>>>>          ] 3042/3783, 0.4 task/s, elapsed: 7530s, ETA:  1834s[>>>>>>>>>>>>>>>>>>>>>>>>>>>>>>>>>>>>>>>>          ] 3043/3783, 0.4 task/s, elapsed: 7530s, ETA:  1831s[>>>>>>>>>>>>>>>>>>>>>>>>>>>>>>>>>>>>>>>>          ] 3044/3783, 0.4 task/s, elapsed: 7530s, ETA:  1828s[>>>>>>>>>>>>>>>>>>>>>>>>>>>>>>>>>>>>>>>>          ] 3045/3783, 0.4 task/s, elapsed: 7530s, ETA:  1825s[>>>>>>>>>>>>>>>>>>>>>>>>>>>>>>>>>>>>>>>>          ] 3046/3783, 0.4 task/s, elapsed: 7540s, ETA:  1824s[>>>>>>>>>>>>>>>>>>>>>>>>>>>>>>>>>>>>>>>>          ] 3047/3783, 0.4 task/s, elapsed: 7540s, ETA:  1821s[>>>>>>>>>>>>>>>>>>>>>>>>>>>>>>>>>>>>>>>>          ] 3048/3783, 0.4 task/s, elapsed: 7540s, ETA:  1818s[>>>>>>>>>>>>>>>>>>>>>>>>>>>>>>>>>>>>>>>>          ] 3049/3783, 0.4 task/s, elapsed: 7540s, ETA:  1815s[>>>>>>>>>>>>>>>>>>>>>>>>>>>>>>>>>>>>>>>>          ] 3050/3783, 0.4 task/s, elapsed: 7540s, ETA:  1812s[>>>>>>>>>>>>>>>>>>>>>>>>>>>>>>>>>>>>>>>>          ] 3051/3783, 0.4 task/s, elapsed: 7551s, ETA:  1812s[>>>>>>>>>>>>>>>>>>>>>>>>>>>>>>>>>>>>>>>>          ] 3052/3783, 0.4 task/s, elapsed: 7551s, ETA:  1809s[>>>>>>>>>>>>>>>>>>>>>>>>>>>>>>>>>>>>>>>>          ] 3053/3783, 0.4 task/s, elapsed: 7551s, ETA:  1805s[>>>>>>>>>>>>>>>>>>>>>>>>>>>>>>>>>>>>>>>>          ] 3054/3783, 0.4 task/s, elapsed: 7551s, ETA:  1802s[>>>>>>>>>>>>>>>>>>>>>>>>>>>>>>>>>>>>>>>>          ] 3055/3783, 0.4 task/s, elapsed: 7551s, ETA:  1799s[>>>>>>>>>>>>>>>>>>>>>>>>>>>>>>>>>>>>>>>>          ] 3056/3783, 0.4 task/s, elapsed: 7560s, ETA:  1799s[>>>>>>>>>>>>>>>>>>>>>>>>>>>>>>>>>>>>>>>>          ] 3057/3783, 0.4 task/s, elapsed: 7560s, ETA:  1795s[>>>>>>>>>>>>>>>>>>>>>>>>>>>>>>>>>>>>>>>>          ] 3058/3783, 0.4 task/s, elapsed: 7560s, ETA:  1792s[>>>>>>>>>>>>>>>>>>>>>>>>>>>>>>>>>>>>>>>>          ] 3059/3783, 0.4 task/s, elapsed: 7560s, ETA:  1789s[>>>>>>>>>>>>>>>>>>>>>>>>>>>>>>>>>>>>>>>>          ] 3060/3783, 0.4 task/s, elapsed: 7560s, ETA:  1786s[>>>>>>>>>>>>>>>>>>>>>>>>>>>>>>>>>>>>>>>>          ] 3061/3783, 0.4 task/s, elapsed: 7570s, ETA:  1786s[>>>>>>>>>>>>>>>>>>>>>>>>>>>>>>>>>>>>>>>>          ] 3062/3783, 0.4 task/s, elapsed: 7570s, ETA:  1783s[>>>>>>>>>>>>>>>>>>>>>>>>>>>>>>>>>>>>>>>>          ] 3063/3783, 0.4 task/s, elapsed: 7570s, ETA:  1780s[>>>>>>>>>>>>>>>>>>>>>>>>>>>>>>>>>>>>>>>>          ] 3064/3783, 0.4 task/s, elapsed: 7570s, ETA:  1776s[>>>>>>>>>>>>>>>>>>>>>>>>>>>>>>>>>>>>>>>>          ] 3065/3783, 0.4 task/s, elapsed: 7570s, ETA:  1773s[>>>>>>>>>>>>>>>>>>>>>>>>>>>>>>>>>>>>>>>>          ] 3066/3783, 0.4 task/s, elapsed: 7579s, ETA:  1772s[>>>>>>>>>>>>>>>>>>>>>>>>>>>>>>>>>>>>>>>>          ] 3067/3783, 0.4 task/s, elapsed: 7579s, ETA:  1769s[>>>>>>>>>>>>>>>>>>>>>>>>>>>>>>>>>>>>>>>>          ] 3068/3783, 0.4 task/s, elapsed: 7579s, ETA:  1766s[>>>>>>>>>>>>>>>>>>>>>>>>>>>>>>>>>>>>>>>>          ] 3069/3783, 0.4 task/s, elapsed: 7579s, ETA:  1763s[>>>>>>>>>>>>>>>>>>>>>>>>>>>>>>>>>>>>>>>>          ] 3070/3783, 0.4 task/s, elapsed: 7579s, ETA:  1760s[>>>>>>>>>>>>>>>>>>>>>>>>>>>>>>>>>>>>>>>>          ] 3071/3783, 0.4 task/s, elapsed: 7590s, ETA:  1760s[>>>>>>>>>>>>>>>>>>>>>>>>>>>>>>>>>>>>>>>>          ] 3072/3783, 0.4 task/s, elapsed: 7590s, ETA:  1757s[>>>>>>>>>>>>>>>>>>>>>>>>>>>>>>>>>>>>>>>>          ] 3073/3783, 0.4 task/s, elapsed: 7590s, ETA:  1754s[>>>>>>>>>>>>>>>>>>>>>>>>>>>>>>>>>>>>>>>>          ] 3074/3783, 0.4 task/s, elapsed: 7590s, ETA:  1751s[>>>>>>>>>>>>>>>>>>>>>>>>>>>>>>>>>>>>>>>>          ] 3075/3783, 0.4 task/s, elapsed: 7590s, ETA:  1747s[>>>>>>>>>>>>>>>>>>>>>>>>>>>>>>>>>>>>>>>>          ] 3076/3783, 0.4 task/s, elapsed: 7600s, ETA:  1747s[>>>>>>>>>>>>>>>>>>>>>>>>>>>>>>>>>>>>>>>>          ] 3077/3783, 0.4 task/s, elapsed: 7600s, ETA:  1744s[>>>>>>>>>>>>>>>>>>>>>>>>>>>>>>>>>>>>>>>>          ] 3078/3783, 0.4 task/s, elapsed: 7600s, ETA:  1741s[>>>>>>>>>>>>>>>>>>>>>>>>>>>>>>>>>>>>>>>>          ] 3079/3783, 0.4 task/s, elapsed: 7600s, ETA:  1738s[>>>>>>>>>>>>>>>>>>>>>>>>>>>>>>>>>>>>>>>>          ] 3080/3783, 0.4 task/s, elapsed: 7600s, ETA:  1735s[>>>>>>>>>>>>>>>>>>>>>>>>>>>>>>>>>>>>>>>>          ] 3081/3783, 0.4 task/s, elapsed: 7610s, ETA:  1734s[>>>>>>>>>>>>>>>>>>>>>>>>>>>>>>>>>>>>>>>>          ] 3082/3783, 0.4 task/s, elapsed: 7610s, ETA:  1731s[>>>>>>>>>>>>>>>>>>>>>>>>>>>>>>>>>>>>>>>>          ] 3083/3783, 0.4 task/s, elapsed: 7610s, ETA:  1728s[>>>>>>>>>>>>>>>>>>>>>>>>>>>>>>>>>>>>>>>>          ] 3084/3783, 0.4 task/s, elapsed: 7610s, ETA:  1725s[>>>>>>>>>>>>>>>>>>>>>>>>>>>>>>>>>>>>>>>>          ] 3085/3783, 0.4 task/s, elapsed: 7610s, ETA:  1722s[>>>>>>>>>>>>>>>>>>>>>>>>>>>>>>>>>>>>>>>>          ] 3086/3783, 0.4 task/s, elapsed: 7620s, ETA:  1721s[>>>>>>>>>>>>>>>>>>>>>>>>>>>>>>>>>>>>>>>>          ] 3087/3783, 0.4 task/s, elapsed: 7620s, ETA:  1718s[>>>>>>>>>>>>>>>>>>>>>>>>>>>>>>>>>>>>>>>>          ] 3088/3783, 0.4 task/s, elapsed: 7620s, ETA:  1715s[>>>>>>>>>>>>>>>>>>>>>>>>>>>>>>>>>>>>>>>>          ] 3089/3783, 0.4 task/s, elapsed: 7620s, ETA:  1712s[>>>>>>>>>>>>>>>>>>>>>>>>>>>>>>>>>>>>>>>>          ] 3090/3783, 0.4 task/s, elapsed: 7620s, ETA:  1709s[>>>>>>>>>>>>>>>>>>>>>>>>>>>>>>>>>>>>>>>>          ] 3091/3783, 0.4 task/s, elapsed: 7630s, ETA:  1708s[>>>>>>>>>>>>>>>>>>>>>>>>>>>>>>>>>>>>>>>>          ] 3092/3783, 0.4 task/s, elapsed: 7630s, ETA:  1705s[>>>>>>>>>>>>>>>>>>>>>>>>>>>>>>>>>>>>>>>>          ] 3093/3783, 0.4 task/s, elapsed: 7630s, ETA:  1702s[>>>>>>>>>>>>>>>>>>>>>>>>>>>>>>>>>>>>>>>>          ] 3094/3783, 0.4 task/s, elapsed: 7630s, ETA:  1699s[>>>>>>>>>>>>>>>>>>>>>>>>>>>>>>>>>>>>>>>>          ] 3095/3783, 0.4 task/s, elapsed: 7630s, ETA:  1696s[>>>>>>>>>>>>>>>>>>>>>>>>>>>>>>>>>>>>>>>>          ] 3096/3783, 0.4 task/s, elapsed: 7639s, ETA:  1695s[>>>>>>>>>>>>>>>>>>>>>>>>>>>>>>>>>>>>>>>>          ] 3097/3783, 0.4 task/s, elapsed: 7639s, ETA:  1692s[>>>>>>>>>>>>>>>>>>>>>>>>>>>>>>>>>>>>>>>>          ] 3098/3783, 0.4 task/s, elapsed: 7639s, ETA:  1689s[>>>>>>>>>>>>>>>>>>>>>>>>>>>>>>>>>>>>>>>>          ] 3099/3783, 0.4 task/s, elapsed: 7639s, ETA:  1686s[>>>>>>>>>>>>>>>>>>>>>>>>>>>>>>>>>>>>>>>>          ] 3100/3783, 0.4 task/s, elapsed: 7639s, ETA:  1683s[>>>>>>>>>>>>>>>>>>>>>>>>>>>>>>>>>>>>>>>>          ] 3101/3783, 0.4 task/s, elapsed: 7649s, ETA:  1682s[>>>>>>>>>>>>>>>>>>>>>>>>>>>>>>>>>>>>>>>>          ] 3102/3783, 0.4 task/s, elapsed: 7649s, ETA:  1679s[>>>>>>>>>>>>>>>>>>>>>>>>>>>>>>>>>>>>>>>>>         ] 3103/3783, 0.4 task/s, elapsed: 7649s, ETA:  1676s[>>>>>>>>>>>>>>>>>>>>>>>>>>>>>>>>>>>>>>>>>         ] 3104/3783, 0.4 task/s, elapsed: 7649s, ETA:  1673s[>>>>>>>>>>>>>>>>>>>>>>>>>>>>>>>>>>>>>>>>>         ] 3105/3783, 0.4 task/s, elapsed: 7649s, ETA:  1670s[>>>>>>>>>>>>>>>>>>>>>>>>>>>>>>>>>>>>>>>>>         ] 3106/3783, 0.4 task/s, elapsed: 7659s, ETA:  1669s[>>>>>>>>>>>>>>>>>>>>>>>>>>>>>>>>>>>>>>>>>         ] 3107/3783, 0.4 task/s, elapsed: 7659s, ETA:  1666s[>>>>>>>>>>>>>>>>>>>>>>>>>>>>>>>>>>>>>>>>>         ] 3108/3783, 0.4 task/s, elapsed: 7659s, ETA:  1663s[>>>>>>>>>>>>>>>>>>>>>>>>>>>>>>>>>>>>>>>>>         ] 3109/3783, 0.4 task/s, elapsed: 7659s, ETA:  1660s[>>>>>>>>>>>>>>>>>>>>>>>>>>>>>>>>>>>>>>>>>         ] 3110/3783, 0.4 task/s, elapsed: 7659s, ETA:  1657s[>>>>>>>>>>>>>>>>>>>>>>>>>>>>>>>>>>>>>>>>>         ] 3111/3783, 0.4 task/s, elapsed: 7669s, ETA:  1657s[>>>>>>>>>>>>>>>>>>>>>>>>>>>>>>>>>>>>>>>>>         ] 3112/3783, 0.4 task/s, elapsed: 7669s, ETA:  1654s[>>>>>>>>>>>>>>>>>>>>>>>>>>>>>>>>>>>>>>>>>         ] 3113/3783, 0.4 task/s, elapsed: 7669s, ETA:  1651s[>>>>>>>>>>>>>>>>>>>>>>>>>>>>>>>>>>>>>>>>>         ] 3114/3783, 0.4 task/s, elapsed: 7669s, ETA:  1648s[>>>>>>>>>>>>>>>>>>>>>>>>>>>>>>>>>>>>>>>>>         ] 3115/3783, 0.4 task/s, elapsed: 7669s, ETA:  1645s[>>>>>>>>>>>>>>>>>>>>>>>>>>>>>>>>>>>>>>>>>         ] 3116/3783, 0.4 task/s, elapsed: 7680s, ETA:  1644s[>>>>>>>>>>>>>>>>>>>>>>>>>>>>>>>>>>>>>>>>>         ] 3117/3783, 0.4 task/s, elapsed: 7680s, ETA:  1641s[>>>>>>>>>>>>>>>>>>>>>>>>>>>>>>>>>>>>>>>>>         ] 3118/3783, 0.4 task/s, elapsed: 7680s, ETA:  1638s[>>>>>>>>>>>>>>>>>>>>>>>>>>>>>>>>>>>>>>>>>         ] 3119/3783, 0.4 task/s, elapsed: 7680s, ETA:  1635s[>>>>>>>>>>>>>>>>>>>>>>>>>>>>>>>>>>>>>>>>>         ] 3120/3783, 0.4 task/s, elapsed: 7680s, ETA:  1632s[>>>>>>>>>>>>>>>>>>>>>>>>>>>>>>>>>>>>>>>>>         ] 3121/3783, 0.4 task/s, elapsed: 7690s, ETA:  1631s[>>>>>>>>>>>>>>>>>>>>>>>>>>>>>>>>>>>>>>>>>         ] 3122/3783, 0.4 task/s, elapsed: 7690s, ETA:  1628s[>>>>>>>>>>>>>>>>>>>>>>>>>>>>>>>>>>>>>>>>>         ] 3123/3783, 0.4 task/s, elapsed: 7690s, ETA:  1625s[>>>>>>>>>>>>>>>>>>>>>>>>>>>>>>>>>>>>>>>>>         ] 3124/3783, 0.4 task/s, elapsed: 7690s, ETA:  1622s[>>>>>>>>>>>>>>>>>>>>>>>>>>>>>>>>>>>>>>>>>         ] 3125/3783, 0.4 task/s, elapsed: 7690s, ETA:  1619s[>>>>>>>>>>>>>>>>>>>>>>>>>>>>>>>>>>>>>>>>>         ] 3126/3783, 0.4 task/s, elapsed: 7700s, ETA:  1618s[>>>>>>>>>>>>>>>>>>>>>>>>>>>>>>>>>>>>>>>>>         ] 3127/3783, 0.4 task/s, elapsed: 7700s, ETA:  1615s[>>>>>>>>>>>>>>>>>>>>>>>>>>>>>>>>>>>>>>>>>         ] 3128/3783, 0.4 task/s, elapsed: 7700s, ETA:  1612s[>>>>>>>>>>>>>>>>>>>>>>>>>>>>>>>>>>>>>>>>>         ] 3129/3783, 0.4 task/s, elapsed: 7700s, ETA:  1609s[>>>>>>>>>>>>>>>>>>>>>>>>>>>>>>>>>>>>>>>>>         ] 3130/3783, 0.4 task/s, elapsed: 7700s, ETA:  1606s[>>>>>>>>>>>>>>>>>>>>>>>>>>>>>>>>>>>>>>>>>         ] 3131/3783, 0.4 task/s, elapsed: 7710s, ETA:  1606s[>>>>>>>>>>>>>>>>>>>>>>>>>>>>>>>>>>>>>>>>>         ] 3132/3783, 0.4 task/s, elapsed: 7710s, ETA:  1603s[>>>>>>>>>>>>>>>>>>>>>>>>>>>>>>>>>>>>>>>>>         ] 3133/3783, 0.4 task/s, elapsed: 7710s, ETA:  1600s[>>>>>>>>>>>>>>>>>>>>>>>>>>>>>>>>>>>>>>>>>         ] 3134/3783, 0.4 task/s, elapsed: 7710s, ETA:  1597s[>>>>>>>>>>>>>>>>>>>>>>>>>>>>>>>>>>>>>>>>>         ] 3135/3783, 0.4 task/s, elapsed: 7710s, ETA:  1594s[>>>>>>>>>>>>>>>>>>>>>>>>>>>>>>>>>>>>>>>>>         ] 3136/3783, 0.4 task/s, elapsed: 7721s, ETA:  1593s[>>>>>>>>>>>>>>>>>>>>>>>>>>>>>>>>>>>>>>>>>         ] 3137/3783, 0.4 task/s, elapsed: 7721s, ETA:  1590s[>>>>>>>>>>>>>>>>>>>>>>>>>>>>>>>>>>>>>>>>>         ] 3138/3783, 0.4 task/s, elapsed: 7721s, ETA:  1587s[>>>>>>>>>>>>>>>>>>>>>>>>>>>>>>>>>>>>>>>>>         ] 3139/3783, 0.4 task/s, elapsed: 7721s, ETA:  1584s[>>>>>>>>>>>>>>>>>>>>>>>>>>>>>>>>>>>>>>>>>         ] 3140/3783, 0.4 task/s, elapsed: 7721s, ETA:  1581s[>>>>>>>>>>>>>>>>>>>>>>>>>>>>>>>>>>>>>>>>>         ] 3141/3783, 0.4 task/s, elapsed: 7731s, ETA:  1580s[>>>>>>>>>>>>>>>>>>>>>>>>>>>>>>>>>>>>>>>>>         ] 3142/3783, 0.4 task/s, elapsed: 7731s, ETA:  1577s[>>>>>>>>>>>>>>>>>>>>>>>>>>>>>>>>>>>>>>>>>         ] 3143/3783, 0.4 task/s, elapsed: 7731s, ETA:  1574s[>>>>>>>>>>>>>>>>>>>>>>>>>>>>>>>>>>>>>>>>>         ] 3144/3783, 0.4 task/s, elapsed: 7731s, ETA:  1571s[>>>>>>>>>>>>>>>>>>>>>>>>>>>>>>>>>>>>>>>>>         ] 3145/3783, 0.4 task/s, elapsed: 7731s, ETA:  1568s[>>>>>>>>>>>>>>>>>>>>>>>>>>>>>>>>>>>>>>>>>         ] 3146/3783, 0.4 task/s, elapsed: 7741s, ETA:  1567s[>>>>>>>>>>>>>>>>>>>>>>>>>>>>>>>>>>>>>>>>>         ] 3147/3783, 0.4 task/s, elapsed: 7741s, ETA:  1565s[>>>>>>>>>>>>>>>>>>>>>>>>>>>>>>>>>>>>>>>>>         ] 3148/3783, 0.4 task/s, elapsed: 7741s, ETA:  1562s[>>>>>>>>>>>>>>>>>>>>>>>>>>>>>>>>>>>>>>>>>         ] 3149/3783, 0.4 task/s, elapsed: 7741s, ETA:  1559s[>>>>>>>>>>>>>>>>>>>>>>>>>>>>>>>>>>>>>>>>>         ] 3150/3783, 0.4 task/s, elapsed: 7741s, ETA:  1556s[>>>>>>>>>>>>>>>>>>>>>>>>>>>>>>>>>>>>>>>>>         ] 3151/3783, 0.4 task/s, elapsed: 7752s, ETA:  1555s[>>>>>>>>>>>>>>>>>>>>>>>>>>>>>>>>>>>>>>>>>         ] 3152/3783, 0.4 task/s, elapsed: 7752s, ETA:  1552s[>>>>>>>>>>>>>>>>>>>>>>>>>>>>>>>>>>>>>>>>>         ] 3153/3783, 0.4 task/s, elapsed: 7752s, ETA:  1549s[>>>>>>>>>>>>>>>>>>>>>>>>>>>>>>>>>>>>>>>>>         ] 3154/3783, 0.4 task/s, elapsed: 7752s, ETA:  1546s[>>>>>>>>>>>>>>>>>>>>>>>>>>>>>>>>>>>>>>>>>         ] 3155/3783, 0.4 task/s, elapsed: 7752s, ETA:  1543s[>>>>>>>>>>>>>>>>>>>>>>>>>>>>>>>>>>>>>>>>>         ] 3156/3783, 0.4 task/s, elapsed: 7767s, ETA:  1543s[>>>>>>>>>>>>>>>>>>>>>>>>>>>>>>>>>>>>>>>>>         ] 3157/3783, 0.4 task/s, elapsed: 7767s, ETA:  1540s[>>>>>>>>>>>>>>>>>>>>>>>>>>>>>>>>>>>>>>>>>         ] 3158/3783, 0.4 task/s, elapsed: 7767s, ETA:  1537s[>>>>>>>>>>>>>>>>>>>>>>>>>>>>>>>>>>>>>>>>>         ] 3159/3783, 0.4 task/s, elapsed: 7767s, ETA:  1534s[>>>>>>>>>>>>>>>>>>>>>>>>>>>>>>>>>>>>>>>>>         ] 3160/3783, 0.4 task/s, elapsed: 7767s, ETA:  1531s[>>>>>>>>>>>>>>>>>>>>>>>>>>>>>>>>>>>>>>>>>         ] 3161/3783, 0.4 task/s, elapsed: 7784s, ETA:  1532s[>>>>>>>>>>>>>>>>>>>>>>>>>>>>>>>>>>>>>>>>>         ] 3162/3783, 0.4 task/s, elapsed: 7784s, ETA:  1529s[>>>>>>>>>>>>>>>>>>>>>>>>>>>>>>>>>>>>>>>>>         ] 3163/3783, 0.4 task/s, elapsed: 7784s, ETA:  1526s[>>>>>>>>>>>>>>>>>>>>>>>>>>>>>>>>>>>>>>>>>         ] 3164/3783, 0.4 task/s, elapsed: 7784s, ETA:  1523s[>>>>>>>>>>>>>>>>>>>>>>>>>>>>>>>>>>>>>>>>>         ] 3165/3783, 0.4 task/s, elapsed: 7784s, ETA:  1520s[>>>>>>>>>>>>>>>>>>>>>>>>>>>>>>>>>>>>>>>>>         ] 3166/3783, 0.4 task/s, elapsed: 7799s, ETA:  1520s[>>>>>>>>>>>>>>>>>>>>>>>>>>>>>>>>>>>>>>>>>         ] 3167/3783, 0.4 task/s, elapsed: 7799s, ETA:  1517s[>>>>>>>>>>>>>>>>>>>>>>>>>>>>>>>>>>>>>>>>>         ] 3168/3783, 0.4 task/s, elapsed: 7799s, ETA:  1514s[>>>>>>>>>>>>>>>>>>>>>>>>>>>>>>>>>>>>>>>>>         ] 3169/3783, 0.4 task/s, elapsed: 7799s, ETA:  1511s[>>>>>>>>>>>>>>>>>>>>>>>>>>>>>>>>>>>>>>>>>         ] 3170/3783, 0.4 task/s, elapsed: 7799s, ETA:  1508s[>>>>>>>>>>>>>>>>>>>>>>>>>>>>>>>>>>>>>>>>>         ] 3171/3783, 0.4 task/s, elapsed: 7825s, ETA:  1510s[>>>>>>>>>>>>>>>>>>>>>>>>>>>>>>>>>>>>>>>>>         ] 3172/3783, 0.4 task/s, elapsed: 7825s, ETA:  1507s[>>>>>>>>>>>>>>>>>>>>>>>>>>>>>>>>>>>>>>>>>         ] 3173/3783, 0.4 task/s, elapsed: 7825s, ETA:  1504s[>>>>>>>>>>>>>>>>>>>>>>>>>>>>>>>>>>>>>>>>>         ] 3174/3783, 0.4 task/s, elapsed: 7825s, ETA:  1501s[>>>>>>>>>>>>>>>>>>>>>>>>>>>>>>>>>>>>>>>>>         ] 3175/3783, 0.4 task/s, elapsed: 7825s, ETA:  1498s[>>>>>>>>>>>>>>>>>>>>>>>>>>>>>>>>>>>>>>>>>         ] 3176/3783, 0.4 task/s, elapsed: 7853s, ETA:  1501s[>>>>>>>>>>>>>>>>>>>>>>>>>>>>>>>>>>>>>>>>>         ] 3177/3783, 0.4 task/s, elapsed: 7853s, ETA:  1498s[>>>>>>>>>>>>>>>>>>>>>>>>>>>>>>>>>>>>>>>>>>        ] 3178/3783, 0.4 task/s, elapsed: 7853s, ETA:  1495s[>>>>>>>>>>>>>>>>>>>>>>>>>>>>>>>>>>>>>>>>>>        ] 3179/3783, 0.4 task/s, elapsed: 7853s, ETA:  1492s[>>>>>>>>>>>>>>>>>>>>>>>>>>>>>>>>>>>>>>>>>>        ] 3180/3783, 0.4 task/s, elapsed: 7853s, ETA:  1489s[>>>>>>>>>>>>>>>>>>>>>>>>>>>>>>>>>>>>>>>>>>        ] 3181/3783, 0.4 task/s, elapsed: 7865s, ETA:  1488s[>>>>>>>>>>>>>>>>>>>>>>>>>>>>>>>>>>>>>>>>>>        ] 3182/3783, 0.4 task/s, elapsed: 7865s, ETA:  1486s[>>>>>>>>>>>>>>>>>>>>>>>>>>>>>>>>>>>>>>>>>>        ] 3183/3783, 0.4 task/s, elapsed: 7865s, ETA:  1483s[>>>>>>>>>>>>>>>>>>>>>>>>>>>>>>>>>>>>>>>>>>        ] 3184/3783, 0.4 task/s, elapsed: 7865s, ETA:  1480s[>>>>>>>>>>>>>>>>>>>>>>>>>>>>>>>>>>>>>>>>>>        ] 3185/3783, 0.4 task/s, elapsed: 7865s, ETA:  1477s[>>>>>>>>>>>>>>>>>>>>>>>>>>>>>>>>>>>>>>>>>>        ] 3186/3783, 0.4 task/s, elapsed: 7879s, ETA:  1476s[>>>>>>>>>>>>>>>>>>>>>>>>>>>>>>>>>>>>>>>>>>        ] 3187/3783, 0.4 task/s, elapsed: 7879s, ETA:  1474s[>>>>>>>>>>>>>>>>>>>>>>>>>>>>>>>>>>>>>>>>>>        ] 3188/3783, 0.4 task/s, elapsed: 7879s, ETA:  1471s[>>>>>>>>>>>>>>>>>>>>>>>>>>>>>>>>>>>>>>>>>>        ] 3189/3783, 0.4 task/s, elapsed: 7879s, ETA:  1468s[>>>>>>>>>>>>>>>>>>>>>>>>>>>>>>>>>>>>>>>>>>        ] 3190/3783, 0.4 task/s, elapsed: 7879s, ETA:  1465s[>>>>>>>>>>>>>>>>>>>>>>>>>>>>>>>>>>>>>>>>>>        ] 3191/3783, 0.4 task/s, elapsed: 7894s, ETA:  1465s[>>>>>>>>>>>>>>>>>>>>>>>>>>>>>>>>>>>>>>>>>>        ] 3192/3783, 0.4 task/s, elapsed: 7894s, ETA:  1462s[>>>>>>>>>>>>>>>>>>>>>>>>>>>>>>>>>>>>>>>>>>        ] 3193/3783, 0.4 task/s, elapsed: 7894s, ETA:  1459s[>>>>>>>>>>>>>>>>>>>>>>>>>>>>>>>>>>>>>>>>>>        ] 3194/3783, 0.4 task/s, elapsed: 7894s, ETA:  1456s[>>>>>>>>>>>>>>>>>>>>>>>>>>>>>>>>>>>>>>>>>>        ] 3195/3783, 0.4 task/s, elapsed: 7894s, ETA:  1453s[>>>>>>>>>>>>>>>>>>>>>>>>>>>>>>>>>>>>>>>>>>        ] 3196/3783, 0.4 task/s, elapsed: 7909s, ETA:  1453s[>>>>>>>>>>>>>>>>>>>>>>>>>>>>>>>>>>>>>>>>>>        ] 3197/3783, 0.4 task/s, elapsed: 7909s, ETA:  1450s[>>>>>>>>>>>>>>>>>>>>>>>>>>>>>>>>>>>>>>>>>>        ] 3198/3783, 0.4 task/s, elapsed: 7909s, ETA:  1447s[>>>>>>>>>>>>>>>>>>>>>>>>>>>>>>>>>>>>>>>>>>        ] 3199/3783, 0.4 task/s, elapsed: 7909s, ETA:  1444s[>>>>>>>>>>>>>>>>>>>>>>>>>>>>>>>>>>>>>>>>>>        ] 3200/3783, 0.4 task/s, elapsed: 7909s, ETA:  1441s[>>>>>>>>>>>>>>>>>>>>>>>>>>>>>>>>>>>>>>>>>>        ] 3201/3783, 0.4 task/s, elapsed: 7923s, ETA:  1440s[>>>>>>>>>>>>>>>>>>>>>>>>>>>>>>>>>>>>>>>>>>        ] 3202/3783, 0.4 task/s, elapsed: 7923s, ETA:  1438s[>>>>>>>>>>>>>>>>>>>>>>>>>>>>>>>>>>>>>>>>>>        ] 3203/3783, 0.4 task/s, elapsed: 7923s, ETA:  1435s[>>>>>>>>>>>>>>>>>>>>>>>>>>>>>>>>>>>>>>>>>>        ] 3204/3783, 0.4 task/s, elapsed: 7923s, ETA:  1432s[>>>>>>>>>>>>>>>>>>>>>>>>>>>>>>>>>>>>>>>>>>        ] 3205/3783, 0.4 task/s, elapsed: 7923s, ETA:  1429s[>>>>>>>>>>>>>>>>>>>>>>>>>>>>>>>>>>>>>>>>>>        ] 3206/3783, 0.4 task/s, elapsed: 7936s, ETA:  1428s[>>>>>>>>>>>>>>>>>>>>>>>>>>>>>>>>>>>>>>>>>>        ] 3207/3783, 0.4 task/s, elapsed: 7936s, ETA:  1425s[>>>>>>>>>>>>>>>>>>>>>>>>>>>>>>>>>>>>>>>>>>        ] 3208/3783, 0.4 task/s, elapsed: 7936s, ETA:  1422s[>>>>>>>>>>>>>>>>>>>>>>>>>>>>>>>>>>>>>>>>>>        ] 3209/3783, 0.4 task/s, elapsed: 7936s, ETA:  1420s[>>>>>>>>>>>>>>>>>>>>>>>>>>>>>>>>>>>>>>>>>>        ] 3210/3783, 0.4 task/s, elapsed: 7936s, ETA:  1417s[>>>>>>>>>>>>>>>>>>>>>>>>>>>>>>>>>>>>>>>>>>        ] 3211/3783, 0.4 task/s, elapsed: 7949s, ETA:  1416s[>>>>>>>>>>>>>>>>>>>>>>>>>>>>>>>>>>>>>>>>>>        ] 3212/3783, 0.4 task/s, elapsed: 7949s, ETA:  1413s[>>>>>>>>>>>>>>>>>>>>>>>>>>>>>>>>>>>>>>>>>>        ] 3213/3783, 0.4 task/s, elapsed: 7949s, ETA:  1410s[>>>>>>>>>>>>>>>>>>>>>>>>>>>>>>>>>>>>>>>>>>        ] 3214/3783, 0.4 task/s, elapsed: 7949s, ETA:  1407s[>>>>>>>>>>>>>>>>>>>>>>>>>>>>>>>>>>>>>>>>>>        ] 3215/3783, 0.4 task/s, elapsed: 7949s, ETA:  1404s[>>>>>>>>>>>>>>>>>>>>>>>>>>>>>>>>>>>>>>>>>>        ] 3216/3783, 0.4 task/s, elapsed: 7961s, ETA:  1404s[>>>>>>>>>>>>>>>>>>>>>>>>>>>>>>>>>>>>>>>>>>        ] 3217/3783, 0.4 task/s, elapsed: 7961s, ETA:  1401s[>>>>>>>>>>>>>>>>>>>>>>>>>>>>>>>>>>>>>>>>>>        ] 3218/3783, 0.4 task/s, elapsed: 7961s, ETA:  1398s[>>>>>>>>>>>>>>>>>>>>>>>>>>>>>>>>>>>>>>>>>>        ] 3219/3783, 0.4 task/s, elapsed: 7961s, ETA:  1395s[>>>>>>>>>>>>>>>>>>>>>>>>>>>>>>>>>>>>>>>>>>        ] 3220/3783, 0.4 task/s, elapsed: 7961s, ETA:  1392s[>>>>>>>>>>>>>>>>>>>>>>>>>>>>>>>>>>>>>>>>>>        ] 3221/3783, 0.4 task/s, elapsed: 7975s, ETA:  1391s[>>>>>>>>>>>>>>>>>>>>>>>>>>>>>>>>>>>>>>>>>>        ] 3222/3783, 0.4 task/s, elapsed: 7975s, ETA:  1389s[>>>>>>>>>>>>>>>>>>>>>>>>>>>>>>>>>>>>>>>>>>        ] 3223/3783, 0.4 task/s, elapsed: 7975s, ETA:  1386s[>>>>>>>>>>>>>>>>>>>>>>>>>>>>>>>>>>>>>>>>>>        ] 3224/3783, 0.4 task/s, elapsed: 7975s, ETA:  1383s[>>>>>>>>>>>>>>>>>>>>>>>>>>>>>>>>>>>>>>>>>>        ] 3225/3783, 0.4 task/s, elapsed: 7975s, ETA:  1380s[>>>>>>>>>>>>>>>>>>>>>>>>>>>>>>>>>>>>>>>>>>        ] 3226/3783, 0.4 task/s, elapsed: 7987s, ETA:  1379s[>>>>>>>>>>>>>>>>>>>>>>>>>>>>>>>>>>>>>>>>>>        ] 3227/3783, 0.4 task/s, elapsed: 7987s, ETA:  1376s[>>>>>>>>>>>>>>>>>>>>>>>>>>>>>>>>>>>>>>>>>>        ] 3228/3783, 0.4 task/s, elapsed: 7987s, ETA:  1373s[>>>>>>>>>>>>>>>>>>>>>>>>>>>>>>>>>>>>>>>>>>        ] 3229/3783, 0.4 task/s, elapsed: 7987s, ETA:  1370s[>>>>>>>>>>>>>>>>>>>>>>>>>>>>>>>>>>>>>>>>>>        ] 3230/3783, 0.4 task/s, elapsed: 7987s, ETA:  1367s[>>>>>>>>>>>>>>>>>>>>>>>>>>>>>>>>>>>>>>>>>>        ] 3231/3783, 0.4 task/s, elapsed: 8010s, ETA:  1368s[>>>>>>>>>>>>>>>>>>>>>>>>>>>>>>>>>>>>>>>>>>        ] 3232/3783, 0.4 task/s, elapsed: 8010s, ETA:  1366s[>>>>>>>>>>>>>>>>>>>>>>>>>>>>>>>>>>>>>>>>>>        ] 3233/3783, 0.4 task/s, elapsed: 8010s, ETA:  1363s[>>>>>>>>>>>>>>>>>>>>>>>>>>>>>>>>>>>>>>>>>>        ] 3234/3783, 0.4 task/s, elapsed: 8010s, ETA:  1360s[>>>>>>>>>>>>>>>>>>>>>>>>>>>>>>>>>>>>>>>>>>        ] 3235/3783, 0.4 task/s, elapsed: 8010s, ETA:  1357s[>>>>>>>>>>>>>>>>>>>>>>>>>>>>>>>>>>>>>>>>>>        ] 3236/3783, 0.4 task/s, elapsed: 8035s, ETA:  1358s[>>>>>>>>>>>>>>>>>>>>>>>>>>>>>>>>>>>>>>>>>>        ] 3237/3783, 0.4 task/s, elapsed: 8035s, ETA:  1355s[>>>>>>>>>>>>>>>>>>>>>>>>>>>>>>>>>>>>>>>>>>        ] 3238/3783, 0.4 task/s, elapsed: 8035s, ETA:  1352s[>>>>>>>>>>>>>>>>>>>>>>>>>>>>>>>>>>>>>>>>>>        ] 3239/3783, 0.4 task/s, elapsed: 8035s, ETA:  1350s[>>>>>>>>>>>>>>>>>>>>>>>>>>>>>>>>>>>>>>>>>>        ] 3240/3783, 0.4 task/s, elapsed: 8035s, ETA:  1347s[>>>>>>>>>>>>>>>>>>>>>>>>>>>>>>>>>>>>>>>>>>        ] 3241/3783, 0.4 task/s, elapsed: 8052s, ETA:  1347s[>>>>>>>>>>>>>>>>>>>>>>>>>>>>>>>>>>>>>>>>>>        ] 3242/3783, 0.4 task/s, elapsed: 8052s, ETA:  1344s[>>>>>>>>>>>>>>>>>>>>>>>>>>>>>>>>>>>>>>>>>>        ] 3243/3783, 0.4 task/s, elapsed: 8052s, ETA:  1341s[>>>>>>>>>>>>>>>>>>>>>>>>>>>>>>>>>>>>>>>>>>        ] 3244/3783, 0.4 task/s, elapsed: 8052s, ETA:  1338s[>>>>>>>>>>>>>>>>>>>>>>>>>>>>>>>>>>>>>>>>>>        ] 3245/3783, 0.4 task/s, elapsed: 8052s, ETA:  1335s[>>>>>>>>>>>>>>>>>>>>>>>>>>>>>>>>>>>>>>>>>>        ] 3246/3783, 0.4 task/s, elapsed: 8086s, ETA:  1338s[>>>>>>>>>>>>>>>>>>>>>>>>>>>>>>>>>>>>>>>>>>        ] 3247/3783, 0.4 task/s, elapsed: 8086s, ETA:  1335s[>>>>>>>>>>>>>>>>>>>>>>>>>>>>>>>>>>>>>>>>>>        ] 3248/3783, 0.4 task/s, elapsed: 8086s, ETA:  1332s[>>>>>>>>>>>>>>>>>>>>>>>>>>>>>>>>>>>>>>>>>>        ] 3249/3783, 0.4 task/s, elapsed: 8086s, ETA:  1329s[>>>>>>>>>>>>>>>>>>>>>>>>>>>>>>>>>>>>>>>>>>        ] 3250/3783, 0.4 task/s, elapsed: 8086s, ETA:  1326s[>>>>>>>>>>>>>>>>>>>>>>>>>>>>>>>>>>>>>>>>>>        ] 3251/3783, 0.4 task/s, elapsed: 8126s, ETA:  1330s[>>>>>>>>>>>>>>>>>>>>>>>>>>>>>>>>>>>>>>>>>>        ] 3252/3783, 0.4 task/s, elapsed: 8126s, ETA:  1327s[>>>>>>>>>>>>>>>>>>>>>>>>>>>>>>>>>>>>>>>>>>        ] 3253/3783, 0.4 task/s, elapsed: 8126s, ETA:  1324s[>>>>>>>>>>>>>>>>>>>>>>>>>>>>>>>>>>>>>>>>>>>       ] 3254/3783, 0.4 task/s, elapsed: 8126s, ETA:  1321s[>>>>>>>>>>>>>>>>>>>>>>>>>>>>>>>>>>>>>>>>>>>       ] 3255/3783, 0.4 task/s, elapsed: 8126s, ETA:  1318s[>>>>>>>>>>>>>>>>>>>>>>>>>>>>>>>>>>>>>>>>>>>       ] 3256/3783, 0.4 task/s, elapsed: 8152s, ETA:  1319s[>>>>>>>>>>>>>>>>>>>>>>>>>>>>>>>>>>>>>>>>>>>       ] 3257/3783, 0.4 task/s, elapsed: 8152s, ETA:  1317s[>>>>>>>>>>>>>>>>>>>>>>>>>>>>>>>>>>>>>>>>>>>       ] 3258/3783, 0.4 task/s, elapsed: 8152s, ETA:  1314s[>>>>>>>>>>>>>>>>>>>>>>>>>>>>>>>>>>>>>>>>>>>       ] 3259/3783, 0.4 task/s, elapsed: 8152s, ETA:  1311s[>>>>>>>>>>>>>>>>>>>>>>>>>>>>>>>>>>>>>>>>>>>       ] 3260/3783, 0.4 task/s, elapsed: 8152s, ETA:  1308s[>>>>>>>>>>>>>>>>>>>>>>>>>>>>>>>>>>>>>>>>>>>       ] 3261/3783, 0.4 task/s, elapsed: 8172s, ETA:  1308s[>>>>>>>>>>>>>>>>>>>>>>>>>>>>>>>>>>>>>>>>>>>       ] 3262/3783, 0.4 task/s, elapsed: 8172s, ETA:  1305s[>>>>>>>>>>>>>>>>>>>>>>>>>>>>>>>>>>>>>>>>>>>       ] 3263/3783, 0.4 task/s, elapsed: 8172s, ETA:  1302s[>>>>>>>>>>>>>>>>>>>>>>>>>>>>>>>>>>>>>>>>>>>       ] 3264/3783, 0.4 task/s, elapsed: 8172s, ETA:  1299s[>>>>>>>>>>>>>>>>>>>>>>>>>>>>>>>>>>>>>>>>>>>       ] 3265/3783, 0.4 task/s, elapsed: 8172s, ETA:  1297s[>>>>>>>>>>>>>>>>>>>>>>>>>>>>>>>>>>>>>>>>>>>       ] 3266/3783, 0.4 task/s, elapsed: 8183s, ETA:  1295s[>>>>>>>>>>>>>>>>>>>>>>>>>>>>>>>>>>>>>>>>>>>       ] 3267/3783, 0.4 task/s, elapsed: 8183s, ETA:  1292s[>>>>>>>>>>>>>>>>>>>>>>>>>>>>>>>>>>>>>>>>>>>       ] 3268/3783, 0.4 task/s, elapsed: 8183s, ETA:  1290s[>>>>>>>>>>>>>>>>>>>>>>>>>>>>>>>>>>>>>>>>>>>       ] 3269/3783, 0.4 task/s, elapsed: 8183s, ETA:  1287s[>>>>>>>>>>>>>>>>>>>>>>>>>>>>>>>>>>>>>>>>>>>       ] 3270/3783, 0.4 task/s, elapsed: 8183s, ETA:  1284s[>>>>>>>>>>>>>>>>>>>>>>>>>>>>>>>>>>>>>>>>>>>       ] 3271/3783, 0.4 task/s, elapsed: 8194s, ETA:  1283s[>>>>>>>>>>>>>>>>>>>>>>>>>>>>>>>>>>>>>>>>>>>       ] 3272/3783, 0.4 task/s, elapsed: 8194s, ETA:  1280s[>>>>>>>>>>>>>>>>>>>>>>>>>>>>>>>>>>>>>>>>>>>       ] 3273/3783, 0.4 task/s, elapsed: 8194s, ETA:  1277s[>>>>>>>>>>>>>>>>>>>>>>>>>>>>>>>>>>>>>>>>>>>       ] 3274/3783, 0.4 task/s, elapsed: 8194s, ETA:  1274s[>>>>>>>>>>>>>>>>>>>>>>>>>>>>>>>>>>>>>>>>>>>       ] 3275/3783, 0.4 task/s, elapsed: 8194s, ETA:  1271s[>>>>>>>>>>>>>>>>>>>>>>>>>>>>>>>>>>>>>>>>>>>       ] 3276/3783, 0.4 task/s, elapsed: 8204s, ETA:  1270s[>>>>>>>>>>>>>>>>>>>>>>>>>>>>>>>>>>>>>>>>>>>       ] 3277/3783, 0.4 task/s, elapsed: 8204s, ETA:  1267s[>>>>>>>>>>>>>>>>>>>>>>>>>>>>>>>>>>>>>>>>>>>       ] 3278/3783, 0.4 task/s, elapsed: 8204s, ETA:  1264s[>>>>>>>>>>>>>>>>>>>>>>>>>>>>>>>>>>>>>>>>>>>       ] 3279/3783, 0.4 task/s, elapsed: 8204s, ETA:  1261s[>>>>>>>>>>>>>>>>>>>>>>>>>>>>>>>>>>>>>>>>>>>       ] 3280/3783, 0.4 task/s, elapsed: 8204s, ETA:  1258s[>>>>>>>>>>>>>>>>>>>>>>>>>>>>>>>>>>>>>>>>>>>       ] 3281/3783, 0.4 task/s, elapsed: 8215s, ETA:  1257s[>>>>>>>>>>>>>>>>>>>>>>>>>>>>>>>>>>>>>>>>>>>       ] 3282/3783, 0.4 task/s, elapsed: 8215s, ETA:  1254s[>>>>>>>>>>>>>>>>>>>>>>>>>>>>>>>>>>>>>>>>>>>       ] 3283/3783, 0.4 task/s, elapsed: 8215s, ETA:  1251s[>>>>>>>>>>>>>>>>>>>>>>>>>>>>>>>>>>>>>>>>>>>       ] 3284/3783, 0.4 task/s, elapsed: 8215s, ETA:  1248s[>>>>>>>>>>>>>>>>>>>>>>>>>>>>>>>>>>>>>>>>>>>       ] 3285/3783, 0.4 task/s, elapsed: 8215s, ETA:  1245s[>>>>>>>>>>>>>>>>>>>>>>>>>>>>>>>>>>>>>>>>>>>       ] 3286/3783, 0.4 task/s, elapsed: 8225s, ETA:  1244s[>>>>>>>>>>>>>>>>>>>>>>>>>>>>>>>>>>>>>>>>>>>       ] 3287/3783, 0.4 task/s, elapsed: 8225s, ETA:  1241s[>>>>>>>>>>>>>>>>>>>>>>>>>>>>>>>>>>>>>>>>>>>       ] 3288/3783, 0.4 task/s, elapsed: 8225s, ETA:  1238s[>>>>>>>>>>>>>>>>>>>>>>>>>>>>>>>>>>>>>>>>>>>       ] 3289/3783, 0.4 task/s, elapsed: 8225s, ETA:  1235s[>>>>>>>>>>>>>>>>>>>>>>>>>>>>>>>>>>>>>>>>>>>       ] 3290/3783, 0.4 task/s, elapsed: 8225s, ETA:  1233s[>>>>>>>>>>>>>>>>>>>>>>>>>>>>>>>>>>>>>>>>>>>       ] 3291/3783, 0.4 task/s, elapsed: 8239s, ETA:  1232s[>>>>>>>>>>>>>>>>>>>>>>>>>>>>>>>>>>>>>>>>>>>       ] 3292/3783, 0.4 task/s, elapsed: 8239s, ETA:  1229s[>>>>>>>>>>>>>>>>>>>>>>>>>>>>>>>>>>>>>>>>>>>       ] 3293/3783, 0.4 task/s, elapsed: 8239s, ETA:  1226s[>>>>>>>>>>>>>>>>>>>>>>>>>>>>>>>>>>>>>>>>>>>       ] 3294/3783, 0.4 task/s, elapsed: 8239s, ETA:  1223s[>>>>>>>>>>>>>>>>>>>>>>>>>>>>>>>>>>>>>>>>>>>       ] 3295/3783, 0.4 task/s, elapsed: 8239s, ETA:  1220s[>>>>>>>>>>>>>>>>>>>>>>>>>>>>>>>>>>>>>>>>>>>       ] 3296/3783, 0.4 task/s, elapsed: 8249s, ETA:  1219s[>>>>>>>>>>>>>>>>>>>>>>>>>>>>>>>>>>>>>>>>>>>       ] 3297/3783, 0.4 task/s, elapsed: 8249s, ETA:  1216s[>>>>>>>>>>>>>>>>>>>>>>>>>>>>>>>>>>>>>>>>>>>       ] 3298/3783, 0.4 task/s, elapsed: 8249s, ETA:  1213s[>>>>>>>>>>>>>>>>>>>>>>>>>>>>>>>>>>>>>>>>>>>       ] 3299/3783, 0.4 task/s, elapsed: 8249s, ETA:  1210s[>>>>>>>>>>>>>>>>>>>>>>>>>>>>>>>>>>>>>>>>>>>       ] 3300/3783, 0.4 task/s, elapsed: 8249s, ETA:  1207s[>>>>>>>>>>>>>>>>>>>>>>>>>>>>>>>>>>>>>>>>>>>       ] 3301/3783, 0.4 task/s, elapsed: 8258s, ETA:  1206s[>>>>>>>>>>>>>>>>>>>>>>>>>>>>>>>>>>>>>>>>>>>       ] 3302/3783, 0.4 task/s, elapsed: 8258s, ETA:  1203s[>>>>>>>>>>>>>>>>>>>>>>>>>>>>>>>>>>>>>>>>>>>       ] 3303/3783, 0.4 task/s, elapsed: 8258s, ETA:  1200s[>>>>>>>>>>>>>>>>>>>>>>>>>>>>>>>>>>>>>>>>>>>       ] 3304/3783, 0.4 task/s, elapsed: 8258s, ETA:  1197s[>>>>>>>>>>>>>>>>>>>>>>>>>>>>>>>>>>>>>>>>>>>       ] 3305/3783, 0.4 task/s, elapsed: 8258s, ETA:  1194s[>>>>>>>>>>>>>>>>>>>>>>>>>>>>>>>>>>>>>>>>>>>       ] 3306/3783, 0.4 task/s, elapsed: 8270s, ETA:  1193s[>>>>>>>>>>>>>>>>>>>>>>>>>>>>>>>>>>>>>>>>>>>       ] 3307/3783, 0.4 task/s, elapsed: 8270s, ETA:  1190s[>>>>>>>>>>>>>>>>>>>>>>>>>>>>>>>>>>>>>>>>>>>       ] 3308/3783, 0.4 task/s, elapsed: 8270s, ETA:  1187s[>>>>>>>>>>>>>>>>>>>>>>>>>>>>>>>>>>>>>>>>>>>       ] 3309/3783, 0.4 task/s, elapsed: 8270s, ETA:  1185s[>>>>>>>>>>>>>>>>>>>>>>>>>>>>>>>>>>>>>>>>>>>       ] 3310/3783, 0.4 task/s, elapsed: 8270s, ETA:  1182s[>>>>>>>>>>>>>>>>>>>>>>>>>>>>>>>>>>>>>>>>>>>       ] 3311/3783, 0.4 task/s, elapsed: 8280s, ETA:  1180s[>>>>>>>>>>>>>>>>>>>>>>>>>>>>>>>>>>>>>>>>>>>       ] 3312/3783, 0.4 task/s, elapsed: 8280s, ETA:  1178s[>>>>>>>>>>>>>>>>>>>>>>>>>>>>>>>>>>>>>>>>>>>       ] 3313/3783, 0.4 task/s, elapsed: 8280s, ETA:  1175s[>>>>>>>>>>>>>>>>>>>>>>>>>>>>>>>>>>>>>>>>>>>       ] 3314/3783, 0.4 task/s, elapsed: 8280s, ETA:  1172s[>>>>>>>>>>>>>>>>>>>>>>>>>>>>>>>>>>>>>>>>>>>       ] 3315/3783, 0.4 task/s, elapsed: 8280s, ETA:  1169s[>>>>>>>>>>>>>>>>>>>>>>>>>>>>>>>>>>>>>>>>>>>       ] 3316/3783, 0.4 task/s, elapsed: 8290s, ETA:  1168s[>>>>>>>>>>>>>>>>>>>>>>>>>>>>>>>>>>>>>>>>>>>       ] 3317/3783, 0.4 task/s, elapsed: 8290s, ETA:  1165s[>>>>>>>>>>>>>>>>>>>>>>>>>>>>>>>>>>>>>>>>>>>       ] 3318/3783, 0.4 task/s, elapsed: 8290s, ETA:  1162s[>>>>>>>>>>>>>>>>>>>>>>>>>>>>>>>>>>>>>>>>>>>       ] 3319/3783, 0.4 task/s, elapsed: 8290s, ETA:  1159s[>>>>>>>>>>>>>>>>>>>>>>>>>>>>>>>>>>>>>>>>>>>       ] 3320/3783, 0.4 task/s, elapsed: 8290s, ETA:  1156s[>>>>>>>>>>>>>>>>>>>>>>>>>>>>>>>>>>>>>>>>>>>       ] 3321/3783, 0.4 task/s, elapsed: 8301s, ETA:  1155s[>>>>>>>>>>>>>>>>>>>>>>>>>>>>>>>>>>>>>>>>>>>       ] 3322/3783, 0.4 task/s, elapsed: 8301s, ETA:  1152s[>>>>>>>>>>>>>>>>>>>>>>>>>>>>>>>>>>>>>>>>>>>       ] 3323/3783, 0.4 task/s, elapsed: 8301s, ETA:  1149s[>>>>>>>>>>>>>>>>>>>>>>>>>>>>>>>>>>>>>>>>>>>       ] 3324/3783, 0.4 task/s, elapsed: 8301s, ETA:  1146s[>>>>>>>>>>>>>>>>>>>>>>>>>>>>>>>>>>>>>>>>>>>       ] 3325/3783, 0.4 task/s, elapsed: 8301s, ETA:  1143s[>>>>>>>>>>>>>>>>>>>>>>>>>>>>>>>>>>>>>>>>>>>       ] 3326/3783, 0.4 task/s, elapsed: 8313s, ETA:  1142s[>>>>>>>>>>>>>>>>>>>>>>>>>>>>>>>>>>>>>>>>>>>       ] 3327/3783, 0.4 task/s, elapsed: 8313s, ETA:  1139s[>>>>>>>>>>>>>>>>>>>>>>>>>>>>>>>>>>>>>>>>>>>       ] 3328/3783, 0.4 task/s, elapsed: 8313s, ETA:  1137s[>>>>>>>>>>>>>>>>>>>>>>>>>>>>>>>>>>>>>>>>>>>       ] 3329/3783, 0.4 task/s, elapsed: 8313s, ETA:  1134s[>>>>>>>>>>>>>>>>>>>>>>>>>>>>>>>>>>>>>>>>>>>>      ] 3330/3783, 0.4 task/s, elapsed: 8313s, ETA:  1131s[>>>>>>>>>>>>>>>>>>>>>>>>>>>>>>>>>>>>>>>>>>>>      ] 3331/3783, 0.4 task/s, elapsed: 8324s, ETA:  1129s[>>>>>>>>>>>>>>>>>>>>>>>>>>>>>>>>>>>>>>>>>>>>      ] 3332/3783, 0.4 task/s, elapsed: 8324s, ETA:  1127s[>>>>>>>>>>>>>>>>>>>>>>>>>>>>>>>>>>>>>>>>>>>>      ] 3333/3783, 0.4 task/s, elapsed: 8324s, ETA:  1124s[>>>>>>>>>>>>>>>>>>>>>>>>>>>>>>>>>>>>>>>>>>>>      ] 3334/3783, 0.4 task/s, elapsed: 8324s, ETA:  1121s[>>>>>>>>>>>>>>>>>>>>>>>>>>>>>>>>>>>>>>>>>>>>      ] 3335/3783, 0.4 task/s, elapsed: 8324s, ETA:  1118s[>>>>>>>>>>>>>>>>>>>>>>>>>>>>>>>>>>>>>>>>>>>>      ] 3336/3783, 0.4 task/s, elapsed: 8334s, ETA:  1117s[>>>>>>>>>>>>>>>>>>>>>>>>>>>>>>>>>>>>>>>>>>>>      ] 3337/3783, 0.4 task/s, elapsed: 8334s, ETA:  1114s[>>>>>>>>>>>>>>>>>>>>>>>>>>>>>>>>>>>>>>>>>>>>      ] 3338/3783, 0.4 task/s, elapsed: 8334s, ETA:  1111s[>>>>>>>>>>>>>>>>>>>>>>>>>>>>>>>>>>>>>>>>>>>>      ] 3339/3783, 0.4 task/s, elapsed: 8334s, ETA:  1108s[>>>>>>>>>>>>>>>>>>>>>>>>>>>>>>>>>>>>>>>>>>>>      ] 3340/3783, 0.4 task/s, elapsed: 8334s, ETA:  1105s[>>>>>>>>>>>>>>>>>>>>>>>>>>>>>>>>>>>>>>>>>>>>      ] 3341/3783, 0.4 task/s, elapsed: 8344s, ETA:  1104s[>>>>>>>>>>>>>>>>>>>>>>>>>>>>>>>>>>>>>>>>>>>>      ] 3342/3783, 0.4 task/s, elapsed: 8344s, ETA:  1101s[>>>>>>>>>>>>>>>>>>>>>>>>>>>>>>>>>>>>>>>>>>>>      ] 3343/3783, 0.4 task/s, elapsed: 8344s, ETA:  1098s[>>>>>>>>>>>>>>>>>>>>>>>>>>>>>>>>>>>>>>>>>>>>      ] 3344/3783, 0.4 task/s, elapsed: 8344s, ETA:  1095s[>>>>>>>>>>>>>>>>>>>>>>>>>>>>>>>>>>>>>>>>>>>>      ] 3345/3783, 0.4 task/s, elapsed: 8344s, ETA:  1093s[>>>>>>>>>>>>>>>>>>>>>>>>>>>>>>>>>>>>>>>>>>>>      ] 3346/3783, 0.4 task/s, elapsed: 8354s, ETA:  1091s[>>>>>>>>>>>>>>>>>>>>>>>>>>>>>>>>>>>>>>>>>>>>      ] 3347/3783, 0.4 task/s, elapsed: 8354s, ETA:  1088s[>>>>>>>>>>>>>>>>>>>>>>>>>>>>>>>>>>>>>>>>>>>>      ] 3348/3783, 0.4 task/s, elapsed: 8354s, ETA:  1085s[>>>>>>>>>>>>>>>>>>>>>>>>>>>>>>>>>>>>>>>>>>>>      ] 3349/3783, 0.4 task/s, elapsed: 8354s, ETA:  1083s[>>>>>>>>>>>>>>>>>>>>>>>>>>>>>>>>>>>>>>>>>>>>      ] 3350/3783, 0.4 task/s, elapsed: 8354s, ETA:  1080s[>>>>>>>>>>>>>>>>>>>>>>>>>>>>>>>>>>>>>>>>>>>>      ] 3351/3783, 0.4 task/s, elapsed: 8364s, ETA:  1078s[>>>>>>>>>>>>>>>>>>>>>>>>>>>>>>>>>>>>>>>>>>>>      ] 3352/3783, 0.4 task/s, elapsed: 8364s, ETA:  1075s[>>>>>>>>>>>>>>>>>>>>>>>>>>>>>>>>>>>>>>>>>>>>      ] 3353/3783, 0.4 task/s, elapsed: 8364s, ETA:  1073s[>>>>>>>>>>>>>>>>>>>>>>>>>>>>>>>>>>>>>>>>>>>>      ] 3354/3783, 0.4 task/s, elapsed: 8364s, ETA:  1070s[>>>>>>>>>>>>>>>>>>>>>>>>>>>>>>>>>>>>>>>>>>>>      ] 3355/3783, 0.4 task/s, elapsed: 8364s, ETA:  1067s[>>>>>>>>>>>>>>>>>>>>>>>>>>>>>>>>>>>>>>>>>>>>      ] 3356/3783, 0.4 task/s, elapsed: 8377s, ETA:  1066s[>>>>>>>>>>>>>>>>>>>>>>>>>>>>>>>>>>>>>>>>>>>>      ] 3357/3783, 0.4 task/s, elapsed: 8377s, ETA:  1063s[>>>>>>>>>>>>>>>>>>>>>>>>>>>>>>>>>>>>>>>>>>>>      ] 3358/3783, 0.4 task/s, elapsed: 8377s, ETA:  1060s[>>>>>>>>>>>>>>>>>>>>>>>>>>>>>>>>>>>>>>>>>>>>      ] 3359/3783, 0.4 task/s, elapsed: 8377s, ETA:  1057s[>>>>>>>>>>>>>>>>>>>>>>>>>>>>>>>>>>>>>>>>>>>>      ] 3360/3783, 0.4 task/s, elapsed: 8377s, ETA:  1055s[>>>>>>>>>>>>>>>>>>>>>>>>>>>>>>>>>>>>>>>>>>>>      ] 3361/3783, 0.4 task/s, elapsed: 8387s, ETA:  1053s[>>>>>>>>>>>>>>>>>>>>>>>>>>>>>>>>>>>>>>>>>>>>      ] 3362/3783, 0.4 task/s, elapsed: 8387s, ETA:  1050s[>>>>>>>>>>>>>>>>>>>>>>>>>>>>>>>>>>>>>>>>>>>>      ] 3363/3783, 0.4 task/s, elapsed: 8387s, ETA:  1047s[>>>>>>>>>>>>>>>>>>>>>>>>>>>>>>>>>>>>>>>>>>>>      ] 3364/3783, 0.4 task/s, elapsed: 8387s, ETA:  1045s[>>>>>>>>>>>>>>>>>>>>>>>>>>>>>>>>>>>>>>>>>>>>      ] 3365/3783, 0.4 task/s, elapsed: 8387s, ETA:  1042s[>>>>>>>>>>>>>>>>>>>>>>>>>>>>>>>>>>>>>>>>>>>>      ] 3366/3783, 0.4 task/s, elapsed: 8397s, ETA:  1040s[>>>>>>>>>>>>>>>>>>>>>>>>>>>>>>>>>>>>>>>>>>>>      ] 3367/3783, 0.4 task/s, elapsed: 8397s, ETA:  1038s[>>>>>>>>>>>>>>>>>>>>>>>>>>>>>>>>>>>>>>>>>>>>      ] 3368/3783, 0.4 task/s, elapsed: 8397s, ETA:  1035s[>>>>>>>>>>>>>>>>>>>>>>>>>>>>>>>>>>>>>>>>>>>>      ] 3369/3783, 0.4 task/s, elapsed: 8397s, ETA:  1032s[>>>>>>>>>>>>>>>>>>>>>>>>>>>>>>>>>>>>>>>>>>>>      ] 3370/3783, 0.4 task/s, elapsed: 8397s, ETA:  1029s[>>>>>>>>>>>>>>>>>>>>>>>>>>>>>>>>>>>>>>>>>>>>      ] 3371/3783, 0.4 task/s, elapsed: 8408s, ETA:  1028s[>>>>>>>>>>>>>>>>>>>>>>>>>>>>>>>>>>>>>>>>>>>>      ] 3372/3783, 0.4 task/s, elapsed: 8408s, ETA:  1025s[>>>>>>>>>>>>>>>>>>>>>>>>>>>>>>>>>>>>>>>>>>>>      ] 3373/3783, 0.4 task/s, elapsed: 8408s, ETA:  1022s[>>>>>>>>>>>>>>>>>>>>>>>>>>>>>>>>>>>>>>>>>>>>      ] 3374/3783, 0.4 task/s, elapsed: 8408s, ETA:  1019s[>>>>>>>>>>>>>>>>>>>>>>>>>>>>>>>>>>>>>>>>>>>>      ] 3375/3783, 0.4 task/s, elapsed: 8408s, ETA:  1016s[>>>>>>>>>>>>>>>>>>>>>>>>>>>>>>>>>>>>>>>>>>>>      ] 3376/3783, 0.4 task/s, elapsed: 8418s, ETA:  1015s[>>>>>>>>>>>>>>>>>>>>>>>>>>>>>>>>>>>>>>>>>>>>      ] 3377/3783, 0.4 task/s, elapsed: 8418s, ETA:  1012s[>>>>>>>>>>>>>>>>>>>>>>>>>>>>>>>>>>>>>>>>>>>>      ] 3378/3783, 0.4 task/s, elapsed: 8418s, ETA:  1009s[>>>>>>>>>>>>>>>>>>>>>>>>>>>>>>>>>>>>>>>>>>>>      ] 3379/3783, 0.4 task/s, elapsed: 8418s, ETA:  1006s[>>>>>>>>>>>>>>>>>>>>>>>>>>>>>>>>>>>>>>>>>>>>      ] 3380/3783, 0.4 task/s, elapsed: 8418s, ETA:  1004s[>>>>>>>>>>>>>>>>>>>>>>>>>>>>>>>>>>>>>>>>>>>>      ] 3381/3783, 0.4 task/s, elapsed: 8428s, ETA:  1002s[>>>>>>>>>>>>>>>>>>>>>>>>>>>>>>>>>>>>>>>>>>>>      ] 3382/3783, 0.4 task/s, elapsed: 8428s, ETA:   999s[>>>>>>>>>>>>>>>>>>>>>>>>>>>>>>>>>>>>>>>>>>>>      ] 3383/3783, 0.4 task/s, elapsed: 8428s, ETA:   997s[>>>>>>>>>>>>>>>>>>>>>>>>>>>>>>>>>>>>>>>>>>>>      ] 3384/3783, 0.4 task/s, elapsed: 8428s, ETA:   994s[>>>>>>>>>>>>>>>>>>>>>>>>>>>>>>>>>>>>>>>>>>>>      ] 3385/3783, 0.4 task/s, elapsed: 8428s, ETA:   991s[>>>>>>>>>>>>>>>>>>>>>>>>>>>>>>>>>>>>>>>>>>>>      ] 3386/3783, 0.4 task/s, elapsed: 8438s, ETA:   989s[>>>>>>>>>>>>>>>>>>>>>>>>>>>>>>>>>>>>>>>>>>>>      ] 3387/3783, 0.4 task/s, elapsed: 8438s, ETA:   987s[>>>>>>>>>>>>>>>>>>>>>>>>>>>>>>>>>>>>>>>>>>>>      ] 3388/3783, 0.4 task/s, elapsed: 8438s, ETA:   984s[>>>>>>>>>>>>>>>>>>>>>>>>>>>>>>>>>>>>>>>>>>>>      ] 3389/3783, 0.4 task/s, elapsed: 8438s, ETA:   981s[>>>>>>>>>>>>>>>>>>>>>>>>>>>>>>>>>>>>>>>>>>>>      ] 3390/3783, 0.4 task/s, elapsed: 8438s, ETA:   978s[>>>>>>>>>>>>>>>>>>>>>>>>>>>>>>>>>>>>>>>>>>>>      ] 3391/3783, 0.4 task/s, elapsed: 8448s, ETA:   977s[>>>>>>>>>>>>>>>>>>>>>>>>>>>>>>>>>>>>>>>>>>>>      ] 3392/3783, 0.4 task/s, elapsed: 8448s, ETA:   974s[>>>>>>>>>>>>>>>>>>>>>>>>>>>>>>>>>>>>>>>>>>>>      ] 3393/3783, 0.4 task/s, elapsed: 8448s, ETA:   971s[>>>>>>>>>>>>>>>>>>>>>>>>>>>>>>>>>>>>>>>>>>>>      ] 3394/3783, 0.4 task/s, elapsed: 8448s, ETA:   968s[>>>>>>>>>>>>>>>>>>>>>>>>>>>>>>>>>>>>>>>>>>>>      ] 3395/3783, 0.4 task/s, elapsed: 8448s, ETA:   966s[>>>>>>>>>>>>>>>>>>>>>>>>>>>>>>>>>>>>>>>>>>>>      ] 3396/3783, 0.4 task/s, elapsed: 8458s, ETA:   964s[>>>>>>>>>>>>>>>>>>>>>>>>>>>>>>>>>>>>>>>>>>>>      ] 3397/3783, 0.4 task/s, elapsed: 8458s, ETA:   961s[>>>>>>>>>>>>>>>>>>>>>>>>>>>>>>>>>>>>>>>>>>>>      ] 3398/3783, 0.4 task/s, elapsed: 8458s, ETA:   958s[>>>>>>>>>>>>>>>>>>>>>>>>>>>>>>>>>>>>>>>>>>>>      ] 3399/3783, 0.4 task/s, elapsed: 8458s, ETA:   956s[>>>>>>>>>>>>>>>>>>>>>>>>>>>>>>>>>>>>>>>>>>>>      ] 3400/3783, 0.4 task/s, elapsed: 8458s, ETA:   953s[>>>>>>>>>>>>>>>>>>>>>>>>>>>>>>>>>>>>>>>>>>>>      ] 3401/3783, 0.4 task/s, elapsed: 8469s, ETA:   951s[>>>>>>>>>>>>>>>>>>>>>>>>>>>>>>>>>>>>>>>>>>>>      ] 3402/3783, 0.4 task/s, elapsed: 8469s, ETA:   948s[>>>>>>>>>>>>>>>>>>>>>>>>>>>>>>>>>>>>>>>>>>>>      ] 3403/3783, 0.4 task/s, elapsed: 8469s, ETA:   946s[>>>>>>>>>>>>>>>>>>>>>>>>>>>>>>>>>>>>>>>>>>>>      ] 3404/3783, 0.4 task/s, elapsed: 8469s, ETA:   943s[>>>>>>>>>>>>>>>>>>>>>>>>>>>>>>>>>>>>>>>>>>>>>     ] 3405/3783, 0.4 task/s, elapsed: 8469s, ETA:   940s[>>>>>>>>>>>>>>>>>>>>>>>>>>>>>>>>>>>>>>>>>>>>>     ] 3406/3783, 0.4 task/s, elapsed: 8479s, ETA:   939s[>>>>>>>>>>>>>>>>>>>>>>>>>>>>>>>>>>>>>>>>>>>>>     ] 3407/3783, 0.4 task/s, elapsed: 8479s, ETA:   936s[>>>>>>>>>>>>>>>>>>>>>>>>>>>>>>>>>>>>>>>>>>>>>     ] 3408/3783, 0.4 task/s, elapsed: 8479s, ETA:   933s[>>>>>>>>>>>>>>>>>>>>>>>>>>>>>>>>>>>>>>>>>>>>>     ] 3409/3783, 0.4 task/s, elapsed: 8479s, ETA:   930s[>>>>>>>>>>>>>>>>>>>>>>>>>>>>>>>>>>>>>>>>>>>>>     ] 3410/3783, 0.4 task/s, elapsed: 8479s, ETA:   927s[>>>>>>>>>>>>>>>>>>>>>>>>>>>>>>>>>>>>>>>>>>>>>     ] 3411/3783, 0.4 task/s, elapsed: 8490s, ETA:   926s[>>>>>>>>>>>>>>>>>>>>>>>>>>>>>>>>>>>>>>>>>>>>>     ] 3412/3783, 0.4 task/s, elapsed: 8490s, ETA:   923s[>>>>>>>>>>>>>>>>>>>>>>>>>>>>>>>>>>>>>>>>>>>>>     ] 3413/3783, 0.4 task/s, elapsed: 8490s, ETA:   920s[>>>>>>>>>>>>>>>>>>>>>>>>>>>>>>>>>>>>>>>>>>>>>     ] 3414/3783, 0.4 task/s, elapsed: 8490s, ETA:   918s[>>>>>>>>>>>>>>>>>>>>>>>>>>>>>>>>>>>>>>>>>>>>>     ] 3415/3783, 0.4 task/s, elapsed: 8490s, ETA:   915s[>>>>>>>>>>>>>>>>>>>>>>>>>>>>>>>>>>>>>>>>>>>>>     ] 3416/3783, 0.4 task/s, elapsed: 8501s, ETA:   913s[>>>>>>>>>>>>>>>>>>>>>>>>>>>>>>>>>>>>>>>>>>>>>     ] 3417/3783, 0.4 task/s, elapsed: 8501s, ETA:   911s[>>>>>>>>>>>>>>>>>>>>>>>>>>>>>>>>>>>>>>>>>>>>>     ] 3418/3783, 0.4 task/s, elapsed: 8501s, ETA:   908s[>>>>>>>>>>>>>>>>>>>>>>>>>>>>>>>>>>>>>>>>>>>>>     ] 3419/3783, 0.4 task/s, elapsed: 8501s, ETA:   905s[>>>>>>>>>>>>>>>>>>>>>>>>>>>>>>>>>>>>>>>>>>>>>     ] 3420/3783, 0.4 task/s, elapsed: 8501s, ETA:   902s[>>>>>>>>>>>>>>>>>>>>>>>>>>>>>>>>>>>>>>>>>>>>>     ] 3421/3783, 0.4 task/s, elapsed: 8511s, ETA:   901s[>>>>>>>>>>>>>>>>>>>>>>>>>>>>>>>>>>>>>>>>>>>>>     ] 3422/3783, 0.4 task/s, elapsed: 8511s, ETA:   898s[>>>>>>>>>>>>>>>>>>>>>>>>>>>>>>>>>>>>>>>>>>>>>     ] 3423/3783, 0.4 task/s, elapsed: 8511s, ETA:   895s[>>>>>>>>>>>>>>>>>>>>>>>>>>>>>>>>>>>>>>>>>>>>>     ] 3424/3783, 0.4 task/s, elapsed: 8511s, ETA:   892s[>>>>>>>>>>>>>>>>>>>>>>>>>>>>>>>>>>>>>>>>>>>>>     ] 3425/3783, 0.4 task/s, elapsed: 8511s, ETA:   890s[>>>>>>>>>>>>>>>>>>>>>>>>>>>>>>>>>>>>>>>>>>>>>     ] 3426/3783, 0.4 task/s, elapsed: 8521s, ETA:   888s[>>>>>>>>>>>>>>>>>>>>>>>>>>>>>>>>>>>>>>>>>>>>>     ] 3427/3783, 0.4 task/s, elapsed: 8521s, ETA:   885s[>>>>>>>>>>>>>>>>>>>>>>>>>>>>>>>>>>>>>>>>>>>>>     ] 3428/3783, 0.4 task/s, elapsed: 8521s, ETA:   882s[>>>>>>>>>>>>>>>>>>>>>>>>>>>>>>>>>>>>>>>>>>>>>     ] 3429/3783, 0.4 task/s, elapsed: 8521s, ETA:   880s[>>>>>>>>>>>>>>>>>>>>>>>>>>>>>>>>>>>>>>>>>>>>>     ] 3430/3783, 0.4 task/s, elapsed: 8521s, ETA:   877s[>>>>>>>>>>>>>>>>>>>>>>>>>>>>>>>>>>>>>>>>>>>>>     ] 3431/3783, 0.4 task/s, elapsed: 8531s, ETA:   875s[>>>>>>>>>>>>>>>>>>>>>>>>>>>>>>>>>>>>>>>>>>>>>     ] 3432/3783, 0.4 task/s, elapsed: 8531s, ETA:   872s[>>>>>>>>>>>>>>>>>>>>>>>>>>>>>>>>>>>>>>>>>>>>>     ] 3433/3783, 0.4 task/s, elapsed: 8531s, ETA:   870s[>>>>>>>>>>>>>>>>>>>>>>>>>>>>>>>>>>>>>>>>>>>>>     ] 3434/3783, 0.4 task/s, elapsed: 8531s, ETA:   867s[>>>>>>>>>>>>>>>>>>>>>>>>>>>>>>>>>>>>>>>>>>>>>     ] 3435/3783, 0.4 task/s, elapsed: 8531s, ETA:   864s[>>>>>>>>>>>>>>>>>>>>>>>>>>>>>>>>>>>>>>>>>>>>>     ] 3436/3783, 0.4 task/s, elapsed: 8542s, ETA:   863s[>>>>>>>>>>>>>>>>>>>>>>>>>>>>>>>>>>>>>>>>>>>>>     ] 3437/3783, 0.4 task/s, elapsed: 8542s, ETA:   860s[>>>>>>>>>>>>>>>>>>>>>>>>>>>>>>>>>>>>>>>>>>>>>     ] 3438/3783, 0.4 task/s, elapsed: 8542s, ETA:   857s[>>>>>>>>>>>>>>>>>>>>>>>>>>>>>>>>>>>>>>>>>>>>>     ] 3439/3783, 0.4 task/s, elapsed: 8542s, ETA:   854s[>>>>>>>>>>>>>>>>>>>>>>>>>>>>>>>>>>>>>>>>>>>>>     ] 3440/3783, 0.4 task/s, elapsed: 8542s, ETA:   852s[>>>>>>>>>>>>>>>>>>>>>>>>>>>>>>>>>>>>>>>>>>>>>     ] 3441/3783, 0.4 task/s, elapsed: 8552s, ETA:   850s[>>>>>>>>>>>>>>>>>>>>>>>>>>>>>>>>>>>>>>>>>>>>>     ] 3442/3783, 0.4 task/s, elapsed: 8552s, ETA:   847s[>>>>>>>>>>>>>>>>>>>>>>>>>>>>>>>>>>>>>>>>>>>>>     ] 3443/3783, 0.4 task/s, elapsed: 8552s, ETA:   844s[>>>>>>>>>>>>>>>>>>>>>>>>>>>>>>>>>>>>>>>>>>>>>     ] 3444/3783, 0.4 task/s, elapsed: 8552s, ETA:   842s[>>>>>>>>>>>>>>>>>>>>>>>>>>>>>>>>>>>>>>>>>>>>>     ] 3445/3783, 0.4 task/s, elapsed: 8552s, ETA:   839s[>>>>>>>>>>>>>>>>>>>>>>>>>>>>>>>>>>>>>>>>>>>>>     ] 3446/3783, 0.4 task/s, elapsed: 8562s, ETA:   837s[>>>>>>>>>>>>>>>>>>>>>>>>>>>>>>>>>>>>>>>>>>>>>     ] 3447/3783, 0.4 task/s, elapsed: 8562s, ETA:   835s[>>>>>>>>>>>>>>>>>>>>>>>>>>>>>>>>>>>>>>>>>>>>>     ] 3448/3783, 0.4 task/s, elapsed: 8562s, ETA:   832s[>>>>>>>>>>>>>>>>>>>>>>>>>>>>>>>>>>>>>>>>>>>>>     ] 3449/3783, 0.4 task/s, elapsed: 8562s, ETA:   829s[>>>>>>>>>>>>>>>>>>>>>>>>>>>>>>>>>>>>>>>>>>>>>     ] 3450/3783, 0.4 task/s, elapsed: 8562s, ETA:   826s[>>>>>>>>>>>>>>>>>>>>>>>>>>>>>>>>>>>>>>>>>>>>>     ] 3451/3783, 0.4 task/s, elapsed: 8572s, ETA:   825s[>>>>>>>>>>>>>>>>>>>>>>>>>>>>>>>>>>>>>>>>>>>>>     ] 3452/3783, 0.4 task/s, elapsed: 8572s, ETA:   822s[>>>>>>>>>>>>>>>>>>>>>>>>>>>>>>>>>>>>>>>>>>>>>     ] 3453/3783, 0.4 task/s, elapsed: 8572s, ETA:   819s[>>>>>>>>>>>>>>>>>>>>>>>>>>>>>>>>>>>>>>>>>>>>>     ] 3454/3783, 0.4 task/s, elapsed: 8572s, ETA:   816s[>>>>>>>>>>>>>>>>>>>>>>>>>>>>>>>>>>>>>>>>>>>>>     ] 3455/3783, 0.4 task/s, elapsed: 8572s, ETA:   814s[>>>>>>>>>>>>>>>>>>>>>>>>>>>>>>>>>>>>>>>>>>>>>     ] 3456/3783, 0.4 task/s, elapsed: 8582s, ETA:   812s[>>>>>>>>>>>>>>>>>>>>>>>>>>>>>>>>>>>>>>>>>>>>>     ] 3457/3783, 0.4 task/s, elapsed: 8582s, ETA:   809s[>>>>>>>>>>>>>>>>>>>>>>>>>>>>>>>>>>>>>>>>>>>>>     ] 3458/3783, 0.4 task/s, elapsed: 8582s, ETA:   807s[>>>>>>>>>>>>>>>>>>>>>>>>>>>>>>>>>>>>>>>>>>>>>     ] 3459/3783, 0.4 task/s, elapsed: 8582s, ETA:   804s[>>>>>>>>>>>>>>>>>>>>>>>>>>>>>>>>>>>>>>>>>>>>>     ] 3460/3783, 0.4 task/s, elapsed: 8582s, ETA:   801s[>>>>>>>>>>>>>>>>>>>>>>>>>>>>>>>>>>>>>>>>>>>>>     ] 3461/3783, 0.4 task/s, elapsed: 8597s, ETA:   800s[>>>>>>>>>>>>>>>>>>>>>>>>>>>>>>>>>>>>>>>>>>>>>     ] 3462/3783, 0.4 task/s, elapsed: 8597s, ETA:   797s[>>>>>>>>>>>>>>>>>>>>>>>>>>>>>>>>>>>>>>>>>>>>>     ] 3463/3783, 0.4 task/s, elapsed: 8597s, ETA:   794s[>>>>>>>>>>>>>>>>>>>>>>>>>>>>>>>>>>>>>>>>>>>>>     ] 3464/3783, 0.4 task/s, elapsed: 8597s, ETA:   792s[>>>>>>>>>>>>>>>>>>>>>>>>>>>>>>>>>>>>>>>>>>>>>     ] 3465/3783, 0.4 task/s, elapsed: 8597s, ETA:   789s[>>>>>>>>>>>>>>>>>>>>>>>>>>>>>>>>>>>>>>>>>>>>>     ] 3466/3783, 0.4 task/s, elapsed: 8608s, ETA:   787s[>>>>>>>>>>>>>>>>>>>>>>>>>>>>>>>>>>>>>>>>>>>>>     ] 3467/3783, 0.4 task/s, elapsed: 8608s, ETA:   785s[>>>>>>>>>>>>>>>>>>>>>>>>>>>>>>>>>>>>>>>>>>>>>     ] 3468/3783, 0.4 task/s, elapsed: 8608s, ETA:   782s[>>>>>>>>>>>>>>>>>>>>>>>>>>>>>>>>>>>>>>>>>>>>>     ] 3469/3783, 0.4 task/s, elapsed: 8608s, ETA:   779s[>>>>>>>>>>>>>>>>>>>>>>>>>>>>>>>>>>>>>>>>>>>>>     ] 3470/3783, 0.4 task/s, elapsed: 8608s, ETA:   776s[>>>>>>>>>>>>>>>>>>>>>>>>>>>>>>>>>>>>>>>>>>>>>     ] 3471/3783, 0.4 task/s, elapsed: 8618s, ETA:   775s[>>>>>>>>>>>>>>>>>>>>>>>>>>>>>>>>>>>>>>>>>>>>>     ] 3472/3783, 0.4 task/s, elapsed: 8618s, ETA:   772s[>>>>>>>>>>>>>>>>>>>>>>>>>>>>>>>>>>>>>>>>>>>>>     ] 3473/3783, 0.4 task/s, elapsed: 8618s, ETA:   769s[>>>>>>>>>>>>>>>>>>>>>>>>>>>>>>>>>>>>>>>>>>>>>     ] 3474/3783, 0.4 task/s, elapsed: 8618s, ETA:   767s[>>>>>>>>>>>>>>>>>>>>>>>>>>>>>>>>>>>>>>>>>>>>>     ] 3475/3783, 0.4 task/s, elapsed: 8618s, ETA:   764s[>>>>>>>>>>>>>>>>>>>>>>>>>>>>>>>>>>>>>>>>>>>>>     ] 3476/3783, 0.4 task/s, elapsed: 8628s, ETA:   762s[>>>>>>>>>>>>>>>>>>>>>>>>>>>>>>>>>>>>>>>>>>>>>     ] 3477/3783, 0.4 task/s, elapsed: 8628s, ETA:   759s[>>>>>>>>>>>>>>>>>>>>>>>>>>>>>>>>>>>>>>>>>>>>>     ] 3478/3783, 0.4 task/s, elapsed: 8628s, ETA:   757s[>>>>>>>>>>>>>>>>>>>>>>>>>>>>>>>>>>>>>>>>>>>>>     ] 3479/3783, 0.4 task/s, elapsed: 8628s, ETA:   754s[>>>>>>>>>>>>>>>>>>>>>>>>>>>>>>>>>>>>>>>>>>>>>     ] 3480/3783, 0.4 task/s, elapsed: 8628s, ETA:   751s[>>>>>>>>>>>>>>>>>>>>>>>>>>>>>>>>>>>>>>>>>>>>>>    ] 3481/3783, 0.4 task/s, elapsed: 8638s, ETA:   749s[>>>>>>>>>>>>>>>>>>>>>>>>>>>>>>>>>>>>>>>>>>>>>>    ] 3482/3783, 0.4 task/s, elapsed: 8638s, ETA:   747s[>>>>>>>>>>>>>>>>>>>>>>>>>>>>>>>>>>>>>>>>>>>>>>    ] 3483/3783, 0.4 task/s, elapsed: 8638s, ETA:   744s[>>>>>>>>>>>>>>>>>>>>>>>>>>>>>>>>>>>>>>>>>>>>>>    ] 3484/3783, 0.4 task/s, elapsed: 8638s, ETA:   741s[>>>>>>>>>>>>>>>>>>>>>>>>>>>>>>>>>>>>>>>>>>>>>>    ] 3485/3783, 0.4 task/s, elapsed: 8638s, ETA:   739s[>>>>>>>>>>>>>>>>>>>>>>>>>>>>>>>>>>>>>>>>>>>>>>    ] 3486/3783, 0.4 task/s, elapsed: 8649s, ETA:   737s[>>>>>>>>>>>>>>>>>>>>>>>>>>>>>>>>>>>>>>>>>>>>>>    ] 3487/3783, 0.4 task/s, elapsed: 8649s, ETA:   734s[>>>>>>>>>>>>>>>>>>>>>>>>>>>>>>>>>>>>>>>>>>>>>>    ] 3488/3783, 0.4 task/s, elapsed: 8649s, ETA:   732s[>>>>>>>>>>>>>>>>>>>>>>>>>>>>>>>>>>>>>>>>>>>>>>    ] 3489/3783, 0.4 task/s, elapsed: 8649s, ETA:   729s[>>>>>>>>>>>>>>>>>>>>>>>>>>>>>>>>>>>>>>>>>>>>>>    ] 3490/3783, 0.4 task/s, elapsed: 8649s, ETA:   726s[>>>>>>>>>>>>>>>>>>>>>>>>>>>>>>>>>>>>>>>>>>>>>>    ] 3491/3783, 0.4 task/s, elapsed: 8661s, ETA:   724s[>>>>>>>>>>>>>>>>>>>>>>>>>>>>>>>>>>>>>>>>>>>>>>    ] 3492/3783, 0.4 task/s, elapsed: 8661s, ETA:   722s[>>>>>>>>>>>>>>>>>>>>>>>>>>>>>>>>>>>>>>>>>>>>>>    ] 3493/3783, 0.4 task/s, elapsed: 8661s, ETA:   719s[>>>>>>>>>>>>>>>>>>>>>>>>>>>>>>>>>>>>>>>>>>>>>>    ] 3494/3783, 0.4 task/s, elapsed: 8661s, ETA:   716s[>>>>>>>>>>>>>>>>>>>>>>>>>>>>>>>>>>>>>>>>>>>>>>    ] 3495/3783, 0.4 task/s, elapsed: 8661s, ETA:   714s[>>>>>>>>>>>>>>>>>>>>>>>>>>>>>>>>>>>>>>>>>>>>>>    ] 3496/3783, 0.4 task/s, elapsed: 8672s, ETA:   712s[>>>>>>>>>>>>>>>>>>>>>>>>>>>>>>>>>>>>>>>>>>>>>>    ] 3497/3783, 0.4 task/s, elapsed: 8672s, ETA:   709s[>>>>>>>>>>>>>>>>>>>>>>>>>>>>>>>>>>>>>>>>>>>>>>    ] 3498/3783, 0.4 task/s, elapsed: 8672s, ETA:   707s[>>>>>>>>>>>>>>>>>>>>>>>>>>>>>>>>>>>>>>>>>>>>>>    ] 3499/3783, 0.4 task/s, elapsed: 8672s, ETA:   704s[>>>>>>>>>>>>>>>>>>>>>>>>>>>>>>>>>>>>>>>>>>>>>>    ] 3500/3783, 0.4 task/s, elapsed: 8672s, ETA:   701s[>>>>>>>>>>>>>>>>>>>>>>>>>>>>>>>>>>>>>>>>>>>>>>    ] 3501/3783, 0.4 task/s, elapsed: 8683s, ETA:   699s[>>>>>>>>>>>>>>>>>>>>>>>>>>>>>>>>>>>>>>>>>>>>>>    ] 3502/3783, 0.4 task/s, elapsed: 8683s, ETA:   697s[>>>>>>>>>>>>>>>>>>>>>>>>>>>>>>>>>>>>>>>>>>>>>>    ] 3503/3783, 0.4 task/s, elapsed: 8683s, ETA:   694s[>>>>>>>>>>>>>>>>>>>>>>>>>>>>>>>>>>>>>>>>>>>>>>    ] 3504/3783, 0.4 task/s, elapsed: 8683s, ETA:   691s[>>>>>>>>>>>>>>>>>>>>>>>>>>>>>>>>>>>>>>>>>>>>>>    ] 3505/3783, 0.4 task/s, elapsed: 8683s, ETA:   689s[>>>>>>>>>>>>>>>>>>>>>>>>>>>>>>>>>>>>>>>>>>>>>>    ] 3506/3783, 0.4 task/s, elapsed: 8693s, ETA:   687s[>>>>>>>>>>>>>>>>>>>>>>>>>>>>>>>>>>>>>>>>>>>>>>    ] 3507/3783, 0.4 task/s, elapsed: 8693s, ETA:   684s[>>>>>>>>>>>>>>>>>>>>>>>>>>>>>>>>>>>>>>>>>>>>>>    ] 3508/3783, 0.4 task/s, elapsed: 8693s, ETA:   681s[>>>>>>>>>>>>>>>>>>>>>>>>>>>>>>>>>>>>>>>>>>>>>>    ] 3509/3783, 0.4 task/s, elapsed: 8693s, ETA:   679s[>>>>>>>>>>>>>>>>>>>>>>>>>>>>>>>>>>>>>>>>>>>>>>    ] 3510/3783, 0.4 task/s, elapsed: 8693s, ETA:   676s[>>>>>>>>>>>>>>>>>>>>>>>>>>>>>>>>>>>>>>>>>>>>>>    ] 3511/3783, 0.4 task/s, elapsed: 8704s, ETA:   674s[>>>>>>>>>>>>>>>>>>>>>>>>>>>>>>>>>>>>>>>>>>>>>>    ] 3512/3783, 0.4 task/s, elapsed: 8704s, ETA:   672s[>>>>>>>>>>>>>>>>>>>>>>>>>>>>>>>>>>>>>>>>>>>>>>    ] 3513/3783, 0.4 task/s, elapsed: 8704s, ETA:   669s[>>>>>>>>>>>>>>>>>>>>>>>>>>>>>>>>>>>>>>>>>>>>>>    ] 3514/3783, 0.4 task/s, elapsed: 8704s, ETA:   666s[>>>>>>>>>>>>>>>>>>>>>>>>>>>>>>>>>>>>>>>>>>>>>>    ] 3515/3783, 0.4 task/s, elapsed: 8704s, ETA:   664s[>>>>>>>>>>>>>>>>>>>>>>>>>>>>>>>>>>>>>>>>>>>>>>    ] 3516/3783, 0.4 task/s, elapsed: 8716s, ETA:   662s[>>>>>>>>>>>>>>>>>>>>>>>>>>>>>>>>>>>>>>>>>>>>>>    ] 3517/3783, 0.4 task/s, elapsed: 8716s, ETA:   659s[>>>>>>>>>>>>>>>>>>>>>>>>>>>>>>>>>>>>>>>>>>>>>>    ] 3518/3783, 0.4 task/s, elapsed: 8716s, ETA:   657s[>>>>>>>>>>>>>>>>>>>>>>>>>>>>>>>>>>>>>>>>>>>>>>    ] 3519/3783, 0.4 task/s, elapsed: 8716s, ETA:   654s[>>>>>>>>>>>>>>>>>>>>>>>>>>>>>>>>>>>>>>>>>>>>>>    ] 3520/3783, 0.4 task/s, elapsed: 8716s, ETA:   651s[>>>>>>>>>>>>>>>>>>>>>>>>>>>>>>>>>>>>>>>>>>>>>>    ] 3521/3783, 0.4 task/s, elapsed: 8725s, ETA:   649s[>>>>>>>>>>>>>>>>>>>>>>>>>>>>>>>>>>>>>>>>>>>>>>    ] 3522/3783, 0.4 task/s, elapsed: 8725s, ETA:   647s[>>>>>>>>>>>>>>>>>>>>>>>>>>>>>>>>>>>>>>>>>>>>>>    ] 3523/3783, 0.4 task/s, elapsed: 8725s, ETA:   644s[>>>>>>>>>>>>>>>>>>>>>>>>>>>>>>>>>>>>>>>>>>>>>>    ] 3524/3783, 0.4 task/s, elapsed: 8725s, ETA:   641s[>>>>>>>>>>>>>>>>>>>>>>>>>>>>>>>>>>>>>>>>>>>>>>    ] 3525/3783, 0.4 task/s, elapsed: 8725s, ETA:   639s[>>>>>>>>>>>>>>>>>>>>>>>>>>>>>>>>>>>>>>>>>>>>>>    ] 3526/3783, 0.4 task/s, elapsed: 8737s, ETA:   637s[>>>>>>>>>>>>>>>>>>>>>>>>>>>>>>>>>>>>>>>>>>>>>>    ] 3527/3783, 0.4 task/s, elapsed: 8737s, ETA:   634s[>>>>>>>>>>>>>>>>>>>>>>>>>>>>>>>>>>>>>>>>>>>>>>    ] 3528/3783, 0.4 task/s, elapsed: 8737s, ETA:   631s[>>>>>>>>>>>>>>>>>>>>>>>>>>>>>>>>>>>>>>>>>>>>>>    ] 3529/3783, 0.4 task/s, elapsed: 8737s, ETA:   629s[>>>>>>>>>>>>>>>>>>>>>>>>>>>>>>>>>>>>>>>>>>>>>>    ] 3530/3783, 0.4 task/s, elapsed: 8737s, ETA:   626s[>>>>>>>>>>>>>>>>>>>>>>>>>>>>>>>>>>>>>>>>>>>>>>    ] 3531/3783, 0.4 task/s, elapsed: 8749s, ETA:   624s[>>>>>>>>>>>>>>>>>>>>>>>>>>>>>>>>>>>>>>>>>>>>>>    ] 3532/3783, 0.4 task/s, elapsed: 8749s, ETA:   622s[>>>>>>>>>>>>>>>>>>>>>>>>>>>>>>>>>>>>>>>>>>>>>>    ] 3533/3783, 0.4 task/s, elapsed: 8749s, ETA:   619s[>>>>>>>>>>>>>>>>>>>>>>>>>>>>>>>>>>>>>>>>>>>>>>    ] 3534/3783, 0.4 task/s, elapsed: 8749s, ETA:   616s[>>>>>>>>>>>>>>>>>>>>>>>>>>>>>>>>>>>>>>>>>>>>>>    ] 3535/3783, 0.4 task/s, elapsed: 8749s, ETA:   614s[>>>>>>>>>>>>>>>>>>>>>>>>>>>>>>>>>>>>>>>>>>>>>>    ] 3536/3783, 0.4 task/s, elapsed: 8760s, ETA:   612s[>>>>>>>>>>>>>>>>>>>>>>>>>>>>>>>>>>>>>>>>>>>>>>    ] 3537/3783, 0.4 task/s, elapsed: 8760s, ETA:   609s[>>>>>>>>>>>>>>>>>>>>>>>>>>>>>>>>>>>>>>>>>>>>>>    ] 3538/3783, 0.4 task/s, elapsed: 8760s, ETA:   607s[>>>>>>>>>>>>>>>>>>>>>>>>>>>>>>>>>>>>>>>>>>>>>>    ] 3539/3783, 0.4 task/s, elapsed: 8760s, ETA:   604s[>>>>>>>>>>>>>>>>>>>>>>>>>>>>>>>>>>>>>>>>>>>>>>    ] 3540/3783, 0.4 task/s, elapsed: 8760s, ETA:   601s[>>>>>>>>>>>>>>>>>>>>>>>>>>>>>>>>>>>>>>>>>>>>>>    ] 3541/3783, 0.4 task/s, elapsed: 8772s, ETA:   600s[>>>>>>>>>>>>>>>>>>>>>>>>>>>>>>>>>>>>>>>>>>>>>>    ] 3542/3783, 0.4 task/s, elapsed: 8772s, ETA:   597s[>>>>>>>>>>>>>>>>>>>>>>>>>>>>>>>>>>>>>>>>>>>>>>    ] 3543/3783, 0.4 task/s, elapsed: 8772s, ETA:   594s[>>>>>>>>>>>>>>>>>>>>>>>>>>>>>>>>>>>>>>>>>>>>>>    ] 3544/3783, 0.4 task/s, elapsed: 8772s, ETA:   592s[>>>>>>>>>>>>>>>>>>>>>>>>>>>>>>>>>>>>>>>>>>>>>>    ] 3545/3783, 0.4 task/s, elapsed: 8772s, ETA:   589s[>>>>>>>>>>>>>>>>>>>>>>>>>>>>>>>>>>>>>>>>>>>>>>    ] 3546/3783, 0.4 task/s, elapsed: 8783s, ETA:   587s[>>>>>>>>>>>>>>>>>>>>>>>>>>>>>>>>>>>>>>>>>>>>>>    ] 3547/3783, 0.4 task/s, elapsed: 8783s, ETA:   584s[>>>>>>>>>>>>>>>>>>>>>>>>>>>>>>>>>>>>>>>>>>>>>>    ] 3548/3783, 0.4 task/s, elapsed: 8783s, ETA:   582s[>>>>>>>>>>>>>>>>>>>>>>>>>>>>>>>>>>>>>>>>>>>>>>    ] 3549/3783, 0.4 task/s, elapsed: 8783s, ETA:   579s[>>>>>>>>>>>>>>>>>>>>>>>>>>>>>>>>>>>>>>>>>>>>>>    ] 3550/3783, 0.4 task/s, elapsed: 8783s, ETA:   576s[>>>>>>>>>>>>>>>>>>>>>>>>>>>>>>>>>>>>>>>>>>>>>>    ] 3551/3783, 0.4 task/s, elapsed: 8797s, ETA:   575s[>>>>>>>>>>>>>>>>>>>>>>>>>>>>>>>>>>>>>>>>>>>>>>    ] 3552/3783, 0.4 task/s, elapsed: 8797s, ETA:   572s[>>>>>>>>>>>>>>>>>>>>>>>>>>>>>>>>>>>>>>>>>>>>>>    ] 3553/3783, 0.4 task/s, elapsed: 8797s, ETA:   569s[>>>>>>>>>>>>>>>>>>>>>>>>>>>>>>>>>>>>>>>>>>>>>>    ] 3554/3783, 0.4 task/s, elapsed: 8797s, ETA:   567s[>>>>>>>>>>>>>>>>>>>>>>>>>>>>>>>>>>>>>>>>>>>>>>    ] 3555/3783, 0.4 task/s, elapsed: 8797s, ETA:   564s[>>>>>>>>>>>>>>>>>>>>>>>>>>>>>>>>>>>>>>>>>>>>>>    ] 3556/3783, 0.4 task/s, elapsed: 8807s, ETA:   562s[>>>>>>>>>>>>>>>>>>>>>>>>>>>>>>>>>>>>>>>>>>>>>>>   ] 3557/3783, 0.4 task/s, elapsed: 8807s, ETA:   560s[>>>>>>>>>>>>>>>>>>>>>>>>>>>>>>>>>>>>>>>>>>>>>>>   ] 3558/3783, 0.4 task/s, elapsed: 8807s, ETA:   557s[>>>>>>>>>>>>>>>>>>>>>>>>>>>>>>>>>>>>>>>>>>>>>>>   ] 3559/3783, 0.4 task/s, elapsed: 8807s, ETA:   554s[>>>>>>>>>>>>>>>>>>>>>>>>>>>>>>>>>>>>>>>>>>>>>>>   ] 3560/3783, 0.4 task/s, elapsed: 8807s, ETA:   552s[>>>>>>>>>>>>>>>>>>>>>>>>>>>>>>>>>>>>>>>>>>>>>>>   ] 3561/3783, 0.4 task/s, elapsed: 8818s, ETA:   550s[>>>>>>>>>>>>>>>>>>>>>>>>>>>>>>>>>>>>>>>>>>>>>>>   ] 3562/3783, 0.4 task/s, elapsed: 8818s, ETA:   547s[>>>>>>>>>>>>>>>>>>>>>>>>>>>>>>>>>>>>>>>>>>>>>>>   ] 3563/3783, 0.4 task/s, elapsed: 8818s, ETA:   544s[>>>>>>>>>>>>>>>>>>>>>>>>>>>>>>>>>>>>>>>>>>>>>>>   ] 3564/3783, 0.4 task/s, elapsed: 8818s, ETA:   542s[>>>>>>>>>>>>>>>>>>>>>>>>>>>>>>>>>>>>>>>>>>>>>>>   ] 3565/3783, 0.4 task/s, elapsed: 8818s, ETA:   539s[>>>>>>>>>>>>>>>>>>>>>>>>>>>>>>>>>>>>>>>>>>>>>>>   ] 3566/3783, 0.4 task/s, elapsed: 8829s, ETA:   537s[>>>>>>>>>>>>>>>>>>>>>>>>>>>>>>>>>>>>>>>>>>>>>>>   ] 3567/3783, 0.4 task/s, elapsed: 8829s, ETA:   535s[>>>>>>>>>>>>>>>>>>>>>>>>>>>>>>>>>>>>>>>>>>>>>>>   ] 3568/3783, 0.4 task/s, elapsed: 8829s, ETA:   532s[>>>>>>>>>>>>>>>>>>>>>>>>>>>>>>>>>>>>>>>>>>>>>>>   ] 3569/3783, 0.4 task/s, elapsed: 8829s, ETA:   529s[>>>>>>>>>>>>>>>>>>>>>>>>>>>>>>>>>>>>>>>>>>>>>>>   ] 3570/3783, 0.4 task/s, elapsed: 8829s, ETA:   527s[>>>>>>>>>>>>>>>>>>>>>>>>>>>>>>>>>>>>>>>>>>>>>>>   ] 3571/3783, 0.4 task/s, elapsed: 8840s, ETA:   525s[>>>>>>>>>>>>>>>>>>>>>>>>>>>>>>>>>>>>>>>>>>>>>>>   ] 3572/3783, 0.4 task/s, elapsed: 8840s, ETA:   522s[>>>>>>>>>>>>>>>>>>>>>>>>>>>>>>>>>>>>>>>>>>>>>>>   ] 3573/3783, 0.4 task/s, elapsed: 8840s, ETA:   520s[>>>>>>>>>>>>>>>>>>>>>>>>>>>>>>>>>>>>>>>>>>>>>>>   ] 3574/3783, 0.4 task/s, elapsed: 8840s, ETA:   517s[>>>>>>>>>>>>>>>>>>>>>>>>>>>>>>>>>>>>>>>>>>>>>>>   ] 3575/3783, 0.4 task/s, elapsed: 8840s, ETA:   514s[>>>>>>>>>>>>>>>>>>>>>>>>>>>>>>>>>>>>>>>>>>>>>>>   ] 3576/3783, 0.4 task/s, elapsed: 8854s, ETA:   513s[>>>>>>>>>>>>>>>>>>>>>>>>>>>>>>>>>>>>>>>>>>>>>>>   ] 3577/3783, 0.4 task/s, elapsed: 8854s, ETA:   510s[>>>>>>>>>>>>>>>>>>>>>>>>>>>>>>>>>>>>>>>>>>>>>>>   ] 3578/3783, 0.4 task/s, elapsed: 8854s, ETA:   507s[>>>>>>>>>>>>>>>>>>>>>>>>>>>>>>>>>>>>>>>>>>>>>>>   ] 3579/3783, 0.4 task/s, elapsed: 8854s, ETA:   505s[>>>>>>>>>>>>>>>>>>>>>>>>>>>>>>>>>>>>>>>>>>>>>>>   ] 3580/3783, 0.4 task/s, elapsed: 8854s, ETA:   502s[>>>>>>>>>>>>>>>>>>>>>>>>>>>>>>>>>>>>>>>>>>>>>>>   ] 3581/3783, 0.4 task/s, elapsed: 8869s, ETA:   500s[>>>>>>>>>>>>>>>>>>>>>>>>>>>>>>>>>>>>>>>>>>>>>>>   ] 3582/3783, 0.4 task/s, elapsed: 8869s, ETA:   498s[>>>>>>>>>>>>>>>>>>>>>>>>>>>>>>>>>>>>>>>>>>>>>>>   ] 3583/3783, 0.4 task/s, elapsed: 8869s, ETA:   495s[>>>>>>>>>>>>>>>>>>>>>>>>>>>>>>>>>>>>>>>>>>>>>>>   ] 3584/3783, 0.4 task/s, elapsed: 8869s, ETA:   492s[>>>>>>>>>>>>>>>>>>>>>>>>>>>>>>>>>>>>>>>>>>>>>>>   ] 3585/3783, 0.4 task/s, elapsed: 8869s, ETA:   490s[>>>>>>>>>>>>>>>>>>>>>>>>>>>>>>>>>>>>>>>>>>>>>>>   ] 3586/3783, 0.4 task/s, elapsed: 8880s, ETA:   488s[>>>>>>>>>>>>>>>>>>>>>>>>>>>>>>>>>>>>>>>>>>>>>>>   ] 3587/3783, 0.4 task/s, elapsed: 8880s, ETA:   485s[>>>>>>>>>>>>>>>>>>>>>>>>>>>>>>>>>>>>>>>>>>>>>>>   ] 3588/3783, 0.4 task/s, elapsed: 8880s, ETA:   483s[>>>>>>>>>>>>>>>>>>>>>>>>>>>>>>>>>>>>>>>>>>>>>>>   ] 3589/3783, 0.4 task/s, elapsed: 8880s, ETA:   480s[>>>>>>>>>>>>>>>>>>>>>>>>>>>>>>>>>>>>>>>>>>>>>>>   ] 3590/3783, 0.4 task/s, elapsed: 8880s, ETA:   477s[>>>>>>>>>>>>>>>>>>>>>>>>>>>>>>>>>>>>>>>>>>>>>>>   ] 3591/3783, 0.4 task/s, elapsed: 8890s, ETA:   475s[>>>>>>>>>>>>>>>>>>>>>>>>>>>>>>>>>>>>>>>>>>>>>>>   ] 3592/3783, 0.4 task/s, elapsed: 8890s, ETA:   473s[>>>>>>>>>>>>>>>>>>>>>>>>>>>>>>>>>>>>>>>>>>>>>>>   ] 3593/3783, 0.4 task/s, elapsed: 8890s, ETA:   470s[>>>>>>>>>>>>>>>>>>>>>>>>>>>>>>>>>>>>>>>>>>>>>>>   ] 3594/3783, 0.4 task/s, elapsed: 8890s, ETA:   468s[>>>>>>>>>>>>>>>>>>>>>>>>>>>>>>>>>>>>>>>>>>>>>>>   ] 3595/3783, 0.4 task/s, elapsed: 8890s, ETA:   465s[>>>>>>>>>>>>>>>>>>>>>>>>>>>>>>>>>>>>>>>>>>>>>>>   ] 3596/3783, 0.4 task/s, elapsed: 8903s, ETA:   463s[>>>>>>>>>>>>>>>>>>>>>>>>>>>>>>>>>>>>>>>>>>>>>>>   ] 3597/3783, 0.4 task/s, elapsed: 8903s, ETA:   460s[>>>>>>>>>>>>>>>>>>>>>>>>>>>>>>>>>>>>>>>>>>>>>>>   ] 3598/3783, 0.4 task/s, elapsed: 8903s, ETA:   458s[>>>>>>>>>>>>>>>>>>>>>>>>>>>>>>>>>>>>>>>>>>>>>>>   ] 3599/3783, 0.4 task/s, elapsed: 8903s, ETA:   455s[>>>>>>>>>>>>>>>>>>>>>>>>>>>>>>>>>>>>>>>>>>>>>>>   ] 3600/3783, 0.4 task/s, elapsed: 8903s, ETA:   453s[>>>>>>>>>>>>>>>>>>>>>>>>>>>>>>>>>>>>>>>>>>>>>>>   ] 3601/3783, 0.4 task/s, elapsed: 8918s, ETA:   451s[>>>>>>>>>>>>>>>>>>>>>>>>>>>>>>>>>>>>>>>>>>>>>>>   ] 3602/3783, 0.4 task/s, elapsed: 8918s, ETA:   448s[>>>>>>>>>>>>>>>>>>>>>>>>>>>>>>>>>>>>>>>>>>>>>>>   ] 3603/3783, 0.4 task/s, elapsed: 8918s, ETA:   446s[>>>>>>>>>>>>>>>>>>>>>>>>>>>>>>>>>>>>>>>>>>>>>>>   ] 3604/3783, 0.4 task/s, elapsed: 8918s, ETA:   443s[>>>>>>>>>>>>>>>>>>>>>>>>>>>>>>>>>>>>>>>>>>>>>>>   ] 3605/3783, 0.4 task/s, elapsed: 8918s, ETA:   440s[>>>>>>>>>>>>>>>>>>>>>>>>>>>>>>>>>>>>>>>>>>>>>>>   ] 3606/3783, 0.4 task/s, elapsed: 8938s, ETA:   439s[>>>>>>>>>>>>>>>>>>>>>>>>>>>>>>>>>>>>>>>>>>>>>>>   ] 3607/3783, 0.4 task/s, elapsed: 8938s, ETA:   436s[>>>>>>>>>>>>>>>>>>>>>>>>>>>>>>>>>>>>>>>>>>>>>>>   ] 3608/3783, 0.4 task/s, elapsed: 8938s, ETA:   434s[>>>>>>>>>>>>>>>>>>>>>>>>>>>>>>>>>>>>>>>>>>>>>>>   ] 3609/3783, 0.4 task/s, elapsed: 8938s, ETA:   431s[>>>>>>>>>>>>>>>>>>>>>>>>>>>>>>>>>>>>>>>>>>>>>>>   ] 3610/3783, 0.4 task/s, elapsed: 8938s, ETA:   428s[>>>>>>>>>>>>>>>>>>>>>>>>>>>>>>>>>>>>>>>>>>>>>>>   ] 3611/3783, 0.4 task/s, elapsed: 8958s, ETA:   427s[>>>>>>>>>>>>>>>>>>>>>>>>>>>>>>>>>>>>>>>>>>>>>>>   ] 3612/3783, 0.4 task/s, elapsed: 8958s, ETA:   424s[>>>>>>>>>>>>>>>>>>>>>>>>>>>>>>>>>>>>>>>>>>>>>>>   ] 3613/3783, 0.4 task/s, elapsed: 8958s, ETA:   422s[>>>>>>>>>>>>>>>>>>>>>>>>>>>>>>>>>>>>>>>>>>>>>>>   ] 3614/3783, 0.4 task/s, elapsed: 8958s, ETA:   419s[>>>>>>>>>>>>>>>>>>>>>>>>>>>>>>>>>>>>>>>>>>>>>>>   ] 3615/3783, 0.4 task/s, elapsed: 8958s, ETA:   416s[>>>>>>>>>>>>>>>>>>>>>>>>>>>>>>>>>>>>>>>>>>>>>>>   ] 3616/3783, 0.4 task/s, elapsed: 8972s, ETA:   414s[>>>>>>>>>>>>>>>>>>>>>>>>>>>>>>>>>>>>>>>>>>>>>>>   ] 3617/3783, 0.4 task/s, elapsed: 8972s, ETA:   412s[>>>>>>>>>>>>>>>>>>>>>>>>>>>>>>>>>>>>>>>>>>>>>>>   ] 3618/3783, 0.4 task/s, elapsed: 8972s, ETA:   409s[>>>>>>>>>>>>>>>>>>>>>>>>>>>>>>>>>>>>>>>>>>>>>>>   ] 3619/3783, 0.4 task/s, elapsed: 8972s, ETA:   407s[>>>>>>>>>>>>>>>>>>>>>>>>>>>>>>>>>>>>>>>>>>>>>>>   ] 3620/3783, 0.4 task/s, elapsed: 8972s, ETA:   404s[>>>>>>>>>>>>>>>>>>>>>>>>>>>>>>>>>>>>>>>>>>>>>>>   ] 3621/3783, 0.4 task/s, elapsed: 8984s, ETA:   402s[>>>>>>>>>>>>>>>>>>>>>>>>>>>>>>>>>>>>>>>>>>>>>>>   ] 3622/3783, 0.4 task/s, elapsed: 8984s, ETA:   399s[>>>>>>>>>>>>>>>>>>>>>>>>>>>>>>>>>>>>>>>>>>>>>>>   ] 3623/3783, 0.4 task/s, elapsed: 8984s, ETA:   397s[>>>>>>>>>>>>>>>>>>>>>>>>>>>>>>>>>>>>>>>>>>>>>>>   ] 3624/3783, 0.4 task/s, elapsed: 8984s, ETA:   394s[>>>>>>>>>>>>>>>>>>>>>>>>>>>>>>>>>>>>>>>>>>>>>>>   ] 3625/3783, 0.4 task/s, elapsed: 8984s, ETA:   392s[>>>>>>>>>>>>>>>>>>>>>>>>>>>>>>>>>>>>>>>>>>>>>>>   ] 3626/3783, 0.4 task/s, elapsed: 8995s, ETA:   389s[>>>>>>>>>>>>>>>>>>>>>>>>>>>>>>>>>>>>>>>>>>>>>>>   ] 3627/3783, 0.4 task/s, elapsed: 8995s, ETA:   387s[>>>>>>>>>>>>>>>>>>>>>>>>>>>>>>>>>>>>>>>>>>>>>>>   ] 3628/3783, 0.4 task/s, elapsed: 8995s, ETA:   384s[>>>>>>>>>>>>>>>>>>>>>>>>>>>>>>>>>>>>>>>>>>>>>>>   ] 3629/3783, 0.4 task/s, elapsed: 8995s, ETA:   382s[>>>>>>>>>>>>>>>>>>>>>>>>>>>>>>>>>>>>>>>>>>>>>>>   ] 3630/3783, 0.4 task/s, elapsed: 8995s, ETA:   379s[>>>>>>>>>>>>>>>>>>>>>>>>>>>>>>>>>>>>>>>>>>>>>>>   ] 3631/3783, 0.4 task/s, elapsed: 9006s, ETA:   377s[>>>>>>>>>>>>>>>>>>>>>>>>>>>>>>>>>>>>>>>>>>>>>>>>  ] 3632/3783, 0.4 task/s, elapsed: 9006s, ETA:   374s[>>>>>>>>>>>>>>>>>>>>>>>>>>>>>>>>>>>>>>>>>>>>>>>>  ] 3633/3783, 0.4 task/s, elapsed: 9006s, ETA:   372s[>>>>>>>>>>>>>>>>>>>>>>>>>>>>>>>>>>>>>>>>>>>>>>>>  ] 3634/3783, 0.4 task/s, elapsed: 9006s, ETA:   369s[>>>>>>>>>>>>>>>>>>>>>>>>>>>>>>>>>>>>>>>>>>>>>>>>  ] 3635/3783, 0.4 task/s, elapsed: 9006s, ETA:   367s[>>>>>>>>>>>>>>>>>>>>>>>>>>>>>>>>>>>>>>>>>>>>>>>>  ] 3636/3783, 0.4 task/s, elapsed: 9017s, ETA:   365s[>>>>>>>>>>>>>>>>>>>>>>>>>>>>>>>>>>>>>>>>>>>>>>>>  ] 3637/3783, 0.4 task/s, elapsed: 9017s, ETA:   362s[>>>>>>>>>>>>>>>>>>>>>>>>>>>>>>>>>>>>>>>>>>>>>>>>  ] 3638/3783, 0.4 task/s, elapsed: 9017s, ETA:   359s[>>>>>>>>>>>>>>>>>>>>>>>>>>>>>>>>>>>>>>>>>>>>>>>>  ] 3639/3783, 0.4 task/s, elapsed: 9017s, ETA:   357s[>>>>>>>>>>>>>>>>>>>>>>>>>>>>>>>>>>>>>>>>>>>>>>>>  ] 3640/3783, 0.4 task/s, elapsed: 9017s, ETA:   354s[>>>>>>>>>>>>>>>>>>>>>>>>>>>>>>>>>>>>>>>>>>>>>>>>  ] 3641/3783, 0.4 task/s, elapsed: 9027s, ETA:   352s[>>>>>>>>>>>>>>>>>>>>>>>>>>>>>>>>>>>>>>>>>>>>>>>>  ] 3642/3783, 0.4 task/s, elapsed: 9027s, ETA:   349s[>>>>>>>>>>>>>>>>>>>>>>>>>>>>>>>>>>>>>>>>>>>>>>>>  ] 3643/3783, 0.4 task/s, elapsed: 9027s, ETA:   347s[>>>>>>>>>>>>>>>>>>>>>>>>>>>>>>>>>>>>>>>>>>>>>>>>  ] 3644/3783, 0.4 task/s, elapsed: 9027s, ETA:   344s[>>>>>>>>>>>>>>>>>>>>>>>>>>>>>>>>>>>>>>>>>>>>>>>>  ] 3645/3783, 0.4 task/s, elapsed: 9027s, ETA:   342s[>>>>>>>>>>>>>>>>>>>>>>>>>>>>>>>>>>>>>>>>>>>>>>>>  ] 3646/3783, 0.4 task/s, elapsed: 9038s, ETA:   340s[>>>>>>>>>>>>>>>>>>>>>>>>>>>>>>>>>>>>>>>>>>>>>>>>  ] 3647/3783, 0.4 task/s, elapsed: 9038s, ETA:   337s[>>>>>>>>>>>>>>>>>>>>>>>>>>>>>>>>>>>>>>>>>>>>>>>>  ] 3648/3783, 0.4 task/s, elapsed: 9038s, ETA:   334s[>>>>>>>>>>>>>>>>>>>>>>>>>>>>>>>>>>>>>>>>>>>>>>>>  ] 3649/3783, 0.4 task/s, elapsed: 9038s, ETA:   332s[>>>>>>>>>>>>>>>>>>>>>>>>>>>>>>>>>>>>>>>>>>>>>>>>  ] 3650/3783, 0.4 task/s, elapsed: 9038s, ETA:   329s[>>>>>>>>>>>>>>>>>>>>>>>>>>>>>>>>>>>>>>>>>>>>>>>>  ] 3651/3783, 0.4 task/s, elapsed: 9048s, ETA:   327s[>>>>>>>>>>>>>>>>>>>>>>>>>>>>>>>>>>>>>>>>>>>>>>>>  ] 3652/3783, 0.4 task/s, elapsed: 9048s, ETA:   325s[>>>>>>>>>>>>>>>>>>>>>>>>>>>>>>>>>>>>>>>>>>>>>>>>  ] 3653/3783, 0.4 task/s, elapsed: 9048s, ETA:   322s[>>>>>>>>>>>>>>>>>>>>>>>>>>>>>>>>>>>>>>>>>>>>>>>>  ] 3654/3783, 0.4 task/s, elapsed: 9048s, ETA:   319s[>>>>>>>>>>>>>>>>>>>>>>>>>>>>>>>>>>>>>>>>>>>>>>>>  ] 3655/3783, 0.4 task/s, elapsed: 9048s, ETA:   317s[>>>>>>>>>>>>>>>>>>>>>>>>>>>>>>>>>>>>>>>>>>>>>>>>  ] 3656/3783, 0.4 task/s, elapsed: 9058s, ETA:   315s[>>>>>>>>>>>>>>>>>>>>>>>>>>>>>>>>>>>>>>>>>>>>>>>>  ] 3657/3783, 0.4 task/s, elapsed: 9058s, ETA:   312s[>>>>>>>>>>>>>>>>>>>>>>>>>>>>>>>>>>>>>>>>>>>>>>>>  ] 3658/3783, 0.4 task/s, elapsed: 9058s, ETA:   310s[>>>>>>>>>>>>>>>>>>>>>>>>>>>>>>>>>>>>>>>>>>>>>>>>  ] 3659/3783, 0.4 task/s, elapsed: 9058s, ETA:   307s[>>>>>>>>>>>>>>>>>>>>>>>>>>>>>>>>>>>>>>>>>>>>>>>>  ] 3660/3783, 0.4 task/s, elapsed: 9058s, ETA:   304s[>>>>>>>>>>>>>>>>>>>>>>>>>>>>>>>>>>>>>>>>>>>>>>>>  ] 3661/3783, 0.4 task/s, elapsed: 9068s, ETA:   302s[>>>>>>>>>>>>>>>>>>>>>>>>>>>>>>>>>>>>>>>>>>>>>>>>  ] 3662/3783, 0.4 task/s, elapsed: 9068s, ETA:   300s[>>>>>>>>>>>>>>>>>>>>>>>>>>>>>>>>>>>>>>>>>>>>>>>>  ] 3663/3783, 0.4 task/s, elapsed: 9068s, ETA:   297s[>>>>>>>>>>>>>>>>>>>>>>>>>>>>>>>>>>>>>>>>>>>>>>>>  ] 3664/3783, 0.4 task/s, elapsed: 9068s, ETA:   295s[>>>>>>>>>>>>>>>>>>>>>>>>>>>>>>>>>>>>>>>>>>>>>>>>  ] 3665/3783, 0.4 task/s, elapsed: 9068s, ETA:   292s[>>>>>>>>>>>>>>>>>>>>>>>>>>>>>>>>>>>>>>>>>>>>>>>>  ] 3666/3783, 0.4 task/s, elapsed: 9078s, ETA:   290s[>>>>>>>>>>>>>>>>>>>>>>>>>>>>>>>>>>>>>>>>>>>>>>>>  ] 3667/3783, 0.4 task/s, elapsed: 9078s, ETA:   287s[>>>>>>>>>>>>>>>>>>>>>>>>>>>>>>>>>>>>>>>>>>>>>>>>  ] 3668/3783, 0.4 task/s, elapsed: 9078s, ETA:   285s[>>>>>>>>>>>>>>>>>>>>>>>>>>>>>>>>>>>>>>>>>>>>>>>>  ] 3669/3783, 0.4 task/s, elapsed: 9078s, ETA:   282s[>>>>>>>>>>>>>>>>>>>>>>>>>>>>>>>>>>>>>>>>>>>>>>>>  ] 3670/3783, 0.4 task/s, elapsed: 9078s, ETA:   280s[>>>>>>>>>>>>>>>>>>>>>>>>>>>>>>>>>>>>>>>>>>>>>>>>  ] 3671/3783, 0.4 task/s, elapsed: 9088s, ETA:   277s[>>>>>>>>>>>>>>>>>>>>>>>>>>>>>>>>>>>>>>>>>>>>>>>>  ] 3672/3783, 0.4 task/s, elapsed: 9088s, ETA:   275s[>>>>>>>>>>>>>>>>>>>>>>>>>>>>>>>>>>>>>>>>>>>>>>>>  ] 3673/3783, 0.4 task/s, elapsed: 9088s, ETA:   272s[>>>>>>>>>>>>>>>>>>>>>>>>>>>>>>>>>>>>>>>>>>>>>>>>  ] 3674/3783, 0.4 task/s, elapsed: 9088s, ETA:   270s[>>>>>>>>>>>>>>>>>>>>>>>>>>>>>>>>>>>>>>>>>>>>>>>>  ] 3675/3783, 0.4 task/s, elapsed: 9088s, ETA:   267s[>>>>>>>>>>>>>>>>>>>>>>>>>>>>>>>>>>>>>>>>>>>>>>>>  ] 3676/3783, 0.4 task/s, elapsed: 9098s, ETA:   265s[>>>>>>>>>>>>>>>>>>>>>>>>>>>>>>>>>>>>>>>>>>>>>>>>  ] 3677/3783, 0.4 task/s, elapsed: 9098s, ETA:   262s[>>>>>>>>>>>>>>>>>>>>>>>>>>>>>>>>>>>>>>>>>>>>>>>>  ] 3678/3783, 0.4 task/s, elapsed: 9098s, ETA:   260s[>>>>>>>>>>>>>>>>>>>>>>>>>>>>>>>>>>>>>>>>>>>>>>>>  ] 3679/3783, 0.4 task/s, elapsed: 9098s, ETA:   257s[>>>>>>>>>>>>>>>>>>>>>>>>>>>>>>>>>>>>>>>>>>>>>>>>  ] 3680/3783, 0.4 task/s, elapsed: 9098s, ETA:   255s[>>>>>>>>>>>>>>>>>>>>>>>>>>>>>>>>>>>>>>>>>>>>>>>>  ] 3681/3783, 0.4 task/s, elapsed: 9108s, ETA:   252s[>>>>>>>>>>>>>>>>>>>>>>>>>>>>>>>>>>>>>>>>>>>>>>>>  ] 3682/3783, 0.4 task/s, elapsed: 9108s, ETA:   250s[>>>>>>>>>>>>>>>>>>>>>>>>>>>>>>>>>>>>>>>>>>>>>>>>  ] 3683/3783, 0.4 task/s, elapsed: 9108s, ETA:   247s[>>>>>>>>>>>>>>>>>>>>>>>>>>>>>>>>>>>>>>>>>>>>>>>>  ] 3684/3783, 0.4 task/s, elapsed: 9108s, ETA:   245s[>>>>>>>>>>>>>>>>>>>>>>>>>>>>>>>>>>>>>>>>>>>>>>>>  ] 3685/3783, 0.4 task/s, elapsed: 9108s, ETA:   242s[>>>>>>>>>>>>>>>>>>>>>>>>>>>>>>>>>>>>>>>>>>>>>>>>  ] 3686/3783, 0.4 task/s, elapsed: 9118s, ETA:   240s[>>>>>>>>>>>>>>>>>>>>>>>>>>>>>>>>>>>>>>>>>>>>>>>>  ] 3687/3783, 0.4 task/s, elapsed: 9118s, ETA:   237s[>>>>>>>>>>>>>>>>>>>>>>>>>>>>>>>>>>>>>>>>>>>>>>>>  ] 3688/3783, 0.4 task/s, elapsed: 9118s, ETA:   235s[>>>>>>>>>>>>>>>>>>>>>>>>>>>>>>>>>>>>>>>>>>>>>>>>  ] 3689/3783, 0.4 task/s, elapsed: 9118s, ETA:   232s[>>>>>>>>>>>>>>>>>>>>>>>>>>>>>>>>>>>>>>>>>>>>>>>>  ] 3690/3783, 0.4 task/s, elapsed: 9118s, ETA:   230s[>>>>>>>>>>>>>>>>>>>>>>>>>>>>>>>>>>>>>>>>>>>>>>>>  ] 3691/3783, 0.4 task/s, elapsed: 9128s, ETA:   228s[>>>>>>>>>>>>>>>>>>>>>>>>>>>>>>>>>>>>>>>>>>>>>>>>  ] 3692/3783, 0.4 task/s, elapsed: 9128s, ETA:   225s[>>>>>>>>>>>>>>>>>>>>>>>>>>>>>>>>>>>>>>>>>>>>>>>>  ] 3693/3783, 0.4 task/s, elapsed: 9128s, ETA:   222s[>>>>>>>>>>>>>>>>>>>>>>>>>>>>>>>>>>>>>>>>>>>>>>>>  ] 3694/3783, 0.4 task/s, elapsed: 9128s, ETA:   220s[>>>>>>>>>>>>>>>>>>>>>>>>>>>>>>>>>>>>>>>>>>>>>>>>  ] 3695/3783, 0.4 task/s, elapsed: 9128s, ETA:   217s[>>>>>>>>>>>>>>>>>>>>>>>>>>>>>>>>>>>>>>>>>>>>>>>>  ] 3696/3783, 0.4 task/s, elapsed: 9138s, ETA:   215s[>>>>>>>>>>>>>>>>>>>>>>>>>>>>>>>>>>>>>>>>>>>>>>>>  ] 3697/3783, 0.4 task/s, elapsed: 9138s, ETA:   213s[>>>>>>>>>>>>>>>>>>>>>>>>>>>>>>>>>>>>>>>>>>>>>>>>  ] 3698/3783, 0.4 task/s, elapsed: 9138s, ETA:   210s[>>>>>>>>>>>>>>>>>>>>>>>>>>>>>>>>>>>>>>>>>>>>>>>>  ] 3699/3783, 0.4 task/s, elapsed: 9138s, ETA:   208s[>>>>>>>>>>>>>>>>>>>>>>>>>>>>>>>>>>>>>>>>>>>>>>>>  ] 3700/3783, 0.4 task/s, elapsed: 9138s, ETA:   205s[>>>>>>>>>>>>>>>>>>>>>>>>>>>>>>>>>>>>>>>>>>>>>>>>  ] 3701/3783, 0.4 task/s, elapsed: 9147s, ETA:   203s[>>>>>>>>>>>>>>>>>>>>>>>>>>>>>>>>>>>>>>>>>>>>>>>>  ] 3702/3783, 0.4 task/s, elapsed: 9147s, ETA:   200s[>>>>>>>>>>>>>>>>>>>>>>>>>>>>>>>>>>>>>>>>>>>>>>>>  ] 3703/3783, 0.4 task/s, elapsed: 9147s, ETA:   198s[>>>>>>>>>>>>>>>>>>>>>>>>>>>>>>>>>>>>>>>>>>>>>>>>  ] 3704/3783, 0.4 task/s, elapsed: 9147s, ETA:   195s[>>>>>>>>>>>>>>>>>>>>>>>>>>>>>>>>>>>>>>>>>>>>>>>>  ] 3705/3783, 0.4 task/s, elapsed: 9147s, ETA:   193s[>>>>>>>>>>>>>>>>>>>>>>>>>>>>>>>>>>>>>>>>>>>>>>>>  ] 3706/3783, 0.4 task/s, elapsed: 9157s, ETA:   190s[>>>>>>>>>>>>>>>>>>>>>>>>>>>>>>>>>>>>>>>>>>>>>>>>  ] 3707/3783, 0.4 task/s, elapsed: 9157s, ETA:   188s[>>>>>>>>>>>>>>>>>>>>>>>>>>>>>>>>>>>>>>>>>>>>>>>>> ] 3708/3783, 0.4 task/s, elapsed: 9157s, ETA:   185s[>>>>>>>>>>>>>>>>>>>>>>>>>>>>>>>>>>>>>>>>>>>>>>>>> ] 3709/3783, 0.4 task/s, elapsed: 9157s, ETA:   183s[>>>>>>>>>>>>>>>>>>>>>>>>>>>>>>>>>>>>>>>>>>>>>>>>> ] 3710/3783, 0.4 task/s, elapsed: 9157s, ETA:   180s[>>>>>>>>>>>>>>>>>>>>>>>>>>>>>>>>>>>>>>>>>>>>>>>>> ] 3711/3783, 0.4 task/s, elapsed: 9167s, ETA:   178s[>>>>>>>>>>>>>>>>>>>>>>>>>>>>>>>>>>>>>>>>>>>>>>>>> ] 3712/3783, 0.4 task/s, elapsed: 9167s, ETA:   175s[>>>>>>>>>>>>>>>>>>>>>>>>>>>>>>>>>>>>>>>>>>>>>>>>> ] 3713/3783, 0.4 task/s, elapsed: 9167s, ETA:   173s[>>>>>>>>>>>>>>>>>>>>>>>>>>>>>>>>>>>>>>>>>>>>>>>>> ] 3714/3783, 0.4 task/s, elapsed: 9167s, ETA:   170s[>>>>>>>>>>>>>>>>>>>>>>>>>>>>>>>>>>>>>>>>>>>>>>>>> ] 3715/3783, 0.4 task/s, elapsed: 9167s, ETA:   168s[>>>>>>>>>>>>>>>>>>>>>>>>>>>>>>>>>>>>>>>>>>>>>>>>> ] 3716/3783, 0.4 task/s, elapsed: 9177s, ETA:   165s[>>>>>>>>>>>>>>>>>>>>>>>>>>>>>>>>>>>>>>>>>>>>>>>>> ] 3717/3783, 0.4 task/s, elapsed: 9177s, ETA:   163s[>>>>>>>>>>>>>>>>>>>>>>>>>>>>>>>>>>>>>>>>>>>>>>>>> ] 3718/3783, 0.4 task/s, elapsed: 9177s, ETA:   160s[>>>>>>>>>>>>>>>>>>>>>>>>>>>>>>>>>>>>>>>>>>>>>>>>> ] 3719/3783, 0.4 task/s, elapsed: 9177s, ETA:   158s[>>>>>>>>>>>>>>>>>>>>>>>>>>>>>>>>>>>>>>>>>>>>>>>>> ] 3720/3783, 0.4 task/s, elapsed: 9177s, ETA:   155s[>>>>>>>>>>>>>>>>>>>>>>>>>>>>>>>>>>>>>>>>>>>>>>>>> ] 3721/3783, 0.4 task/s, elapsed: 9188s, ETA:   153s[>>>>>>>>>>>>>>>>>>>>>>>>>>>>>>>>>>>>>>>>>>>>>>>>> ] 3722/3783, 0.4 task/s, elapsed: 9188s, ETA:   151s[>>>>>>>>>>>>>>>>>>>>>>>>>>>>>>>>>>>>>>>>>>>>>>>>> ] 3723/3783, 0.4 task/s, elapsed: 9188s, ETA:   148s[>>>>>>>>>>>>>>>>>>>>>>>>>>>>>>>>>>>>>>>>>>>>>>>>> ] 3724/3783, 0.4 task/s, elapsed: 9188s, ETA:   146s[>>>>>>>>>>>>>>>>>>>>>>>>>>>>>>>>>>>>>>>>>>>>>>>>> ] 3725/3783, 0.4 task/s, elapsed: 9188s, ETA:   143s[>>>>>>>>>>>>>>>>>>>>>>>>>>>>>>>>>>>>>>>>>>>>>>>>> ] 3726/3783, 0.4 task/s, elapsed: 9199s, ETA:   141s[>>>>>>>>>>>>>>>>>>>>>>>>>>>>>>>>>>>>>>>>>>>>>>>>> ] 3727/3783, 0.4 task/s, elapsed: 9199s, ETA:   138s[>>>>>>>>>>>>>>>>>>>>>>>>>>>>>>>>>>>>>>>>>>>>>>>>> ] 3728/3783, 0.4 task/s, elapsed: 9199s, ETA:   136s[>>>>>>>>>>>>>>>>>>>>>>>>>>>>>>>>>>>>>>>>>>>>>>>>> ] 3729/3783, 0.4 task/s, elapsed: 9199s, ETA:   133s[>>>>>>>>>>>>>>>>>>>>>>>>>>>>>>>>>>>>>>>>>>>>>>>>> ] 3730/3783, 0.4 task/s, elapsed: 9199s, ETA:   131s[>>>>>>>>>>>>>>>>>>>>>>>>>>>>>>>>>>>>>>>>>>>>>>>>> ] 3731/3783, 0.4 task/s, elapsed: 9210s, ETA:   128s[>>>>>>>>>>>>>>>>>>>>>>>>>>>>>>>>>>>>>>>>>>>>>>>>> ] 3732/3783, 0.4 task/s, elapsed: 9210s, ETA:   126s[>>>>>>>>>>>>>>>>>>>>>>>>>>>>>>>>>>>>>>>>>>>>>>>>> ] 3733/3783, 0.4 task/s, elapsed: 9210s, ETA:   123s[>>>>>>>>>>>>>>>>>>>>>>>>>>>>>>>>>>>>>>>>>>>>>>>>> ] 3734/3783, 0.4 task/s, elapsed: 9210s, ETA:   121s[>>>>>>>>>>>>>>>>>>>>>>>>>>>>>>>>>>>>>>>>>>>>>>>>> ] 3735/3783, 0.4 task/s, elapsed: 9210s, ETA:   118s[>>>>>>>>>>>>>>>>>>>>>>>>>>>>>>>>>>>>>>>>>>>>>>>>> ] 3736/3783, 0.4 task/s, elapsed: 9220s, ETA:   116s[>>>>>>>>>>>>>>>>>>>>>>>>>>>>>>>>>>>>>>>>>>>>>>>>> ] 3737/3783, 0.4 task/s, elapsed: 9220s, ETA:   113s[>>>>>>>>>>>>>>>>>>>>>>>>>>>>>>>>>>>>>>>>>>>>>>>>> ] 3738/3783, 0.4 task/s, elapsed: 9220s, ETA:   111s[>>>>>>>>>>>>>>>>>>>>>>>>>>>>>>>>>>>>>>>>>>>>>>>>> ] 3739/3783, 0.4 task/s, elapsed: 9220s, ETA:   108s[>>>>>>>>>>>>>>>>>>>>>>>>>>>>>>>>>>>>>>>>>>>>>>>>> ] 3740/3783, 0.4 task/s, elapsed: 9220s, ETA:   106s[>>>>>>>>>>>>>>>>>>>>>>>>>>>>>>>>>>>>>>>>>>>>>>>>> ] 3741/3783, 0.4 task/s, elapsed: 9230s, ETA:   104s[>>>>>>>>>>>>>>>>>>>>>>>>>>>>>>>>>>>>>>>>>>>>>>>>> ] 3742/3783, 0.4 task/s, elapsed: 9230s, ETA:   101s[>>>>>>>>>>>>>>>>>>>>>>>>>>>>>>>>>>>>>>>>>>>>>>>>> ] 3743/3783, 0.4 task/s, elapsed: 9230s, ETA:    99s[>>>>>>>>>>>>>>>>>>>>>>>>>>>>>>>>>>>>>>>>>>>>>>>>> ] 3744/3783, 0.4 task/s, elapsed: 9230s, ETA:    96s[>>>>>>>>>>>>>>>>>>>>>>>>>>>>>>>>>>>>>>>>>>>>>>>>> ] 3745/3783, 0.4 task/s, elapsed: 9230s, ETA:    94s[>>>>>>>>>>>>>>>>>>>>>>>>>>>>>>>>>>>>>>>>>>>>>>>>> ] 3746/3783, 0.4 task/s, elapsed: 9241s, ETA:    91s[>>>>>>>>>>>>>>>>>>>>>>>>>>>>>>>>>>>>>>>>>>>>>>>>> ] 3747/3783, 0.4 task/s, elapsed: 9241s, ETA:    89s[>>>>>>>>>>>>>>>>>>>>>>>>>>>>>>>>>>>>>>>>>>>>>>>>> ] 3748/3783, 0.4 task/s, elapsed: 9241s, ETA:    86s[>>>>>>>>>>>>>>>>>>>>>>>>>>>>>>>>>>>>>>>>>>>>>>>>> ] 3749/3783, 0.4 task/s, elapsed: 9241s, ETA:    84s[>>>>>>>>>>>>>>>>>>>>>>>>>>>>>>>>>>>>>>>>>>>>>>>>> ] 3750/3783, 0.4 task/s, elapsed: 9241s, ETA:    81s[>>>>>>>>>>>>>>>>>>>>>>>>>>>>>>>>>>>>>>>>>>>>>>>>> ] 3751/3783, 0.4 task/s, elapsed: 9252s, ETA:    79s[>>>>>>>>>>>>>>>>>>>>>>>>>>>>>>>>>>>>>>>>>>>>>>>>> ] 3752/3783, 0.4 task/s, elapsed: 9252s, ETA:    76s[>>>>>>>>>>>>>>>>>>>>>>>>>>>>>>>>>>>>>>>>>>>>>>>>> ] 3753/3783, 0.4 task/s, elapsed: 9252s, ETA:    74s[>>>>>>>>>>>>>>>>>>>>>>>>>>>>>>>>>>>>>>>>>>>>>>>>> ] 3754/3783, 0.4 task/s, elapsed: 9252s, ETA:    71s[>>>>>>>>>>>>>>>>>>>>>>>>>>>>>>>>>>>>>>>>>>>>>>>>> ] 3755/3783, 0.4 task/s, elapsed: 9252s, ETA:    69s[>>>>>>>>>>>>>>>>>>>>>>>>>>>>>>>>>>>>>>>>>>>>>>>>> ] 3756/3783, 0.4 task/s, elapsed: 9262s, ETA:    67s[>>>>>>>>>>>>>>>>>>>>>>>>>>>>>>>>>>>>>>>>>>>>>>>>> ] 3757/3783, 0.4 task/s, elapsed: 9262s, ETA:    64s[>>>>>>>>>>>>>>>>>>>>>>>>>>>>>>>>>>>>>>>>>>>>>>>>> ] 3758/3783, 0.4 task/s, elapsed: 9262s, ETA:    62s[>>>>>>>>>>>>>>>>>>>>>>>>>>>>>>>>>>>>>>>>>>>>>>>>> ] 3759/3783, 0.4 task/s, elapsed: 9262s, ETA:    59s[>>>>>>>>>>>>>>>>>>>>>>>>>>>>>>>>>>>>>>>>>>>>>>>>> ] 3760/3783, 0.4 task/s, elapsed: 9262s, ETA:    57s[>>>>>>>>>>>>>>>>>>>>>>>>>>>>>>>>>>>>>>>>>>>>>>>>> ] 3761/3783, 0.4 task/s, elapsed: 9273s, ETA:    54s[>>>>>>>>>>>>>>>>>>>>>>>>>>>>>>>>>>>>>>>>>>>>>>>>> ] 3762/3783, 0.4 task/s, elapsed: 9273s, ETA:    52s[>>>>>>>>>>>>>>>>>>>>>>>>>>>>>>>>>>>>>>>>>>>>>>>>> ] 3763/3783, 0.4 task/s, elapsed: 9273s, ETA:    49s[>>>>>>>>>>>>>>>>>>>>>>>>>>>>>>>>>>>>>>>>>>>>>>>>> ] 3764/3783, 0.4 task/s, elapsed: 9273s, ETA:    47s[>>>>>>>>>>>>>>>>>>>>>>>>>>>>>>>>>>>>>>>>>>>>>>>>> ] 3765/3783, 0.4 task/s, elapsed: 9273s, ETA:    44s[>>>>>>>>>>>>>>>>>>>>>>>>>>>>>>>>>>>>>>>>>>>>>>>>> ] 3766/3783, 0.4 task/s, elapsed: 9283s, ETA:    42s[>>>>>>>>>>>>>>>>>>>>>>>>>>>>>>>>>>>>>>>>>>>>>>>>> ] 3767/3783, 0.4 task/s, elapsed: 9283s, ETA:    39s[>>>>>>>>>>>>>>>>>>>>>>>>>>>>>>>>>>>>>>>>>>>>>>>>> ] 3768/3783, 0.4 task/s, elapsed: 9283s, ETA:    37s[>>>>>>>>>>>>>>>>>>>>>>>>>>>>>>>>>>>>>>>>>>>>>>>>> ] 3769/3783, 0.4 task/s, elapsed: 9283s, ETA:    34s[>>>>>>>>>>>>>>>>>>>>>>>>>>>>>>>>>>>>>>>>>>>>>>>>> ] 3770/3783, 0.4 task/s, elapsed: 9283s, ETA:    32s[>>>>>>>>>>>>>>>>>>>>>>>>>>>>>>>>>>>>>>>>>>>>>>>>> ] 3771/3783, 0.4 task/s, elapsed: 9294s, ETA:    30s[>>>>>>>>>>>>>>>>>>>>>>>>>>>>>>>>>>>>>>>>>>>>>>>>> ] 3772/3783, 0.4 task/s, elapsed: 9294s, ETA:    27s[>>>>>>>>>>>>>>>>>>>>>>>>>>>>>>>>>>>>>>>>>>>>>>>>> ] 3773/3783, 0.4 task/s, elapsed: 9294s, ETA:    25s[>>>>>>>>>>>>>>>>>>>>>>>>>>>>>>>>>>>>>>>>>>>>>>>>> ] 3774/3783, 0.4 task/s, elapsed: 9294s, ETA:    22s[>>>>>>>>>>>>>>>>>>>>>>>>>>>>>>>>>>>>>>>>>>>>>>>>> ] 3775/3783, 0.4 task/s, elapsed: 9294s, ETA:    20s[>>>>>>>>>>>>>>>>>>>>>>>>>>>>>>>>>>>>>>>>>>>>>>>>> ] 3776/3783, 0.4 task/s, elapsed: 9304s, ETA:    17s[>>>>>>>>>>>>>>>>>>>>>>>>>>>>>>>>>>>>>>>>>>>>>>>>> ] 3777/3783, 0.4 task/s, elapsed: 9304s, ETA:    15s[>>>>>>>>>>>>>>>>>>>>>>>>>>>>>>>>>>>>>>>>>>>>>>>>> ] 3778/3783, 0.4 task/s, elapsed: 9304s, ETA:    12s[>>>>>>>>>>>>>>>>>>>>>>>>>>>>>>>>>>>>>>>>>>>>>>>>> ] 3779/3783, 0.4 task/s, elapsed: 9304s, ETA:    10s[>>>>>>>>>>>>>>>>>>>>>>>>>>>>>>>>>>>>>>>>>>>>>>>>> ] 3780/3783, 0.4 task/s, elapsed: 9304s, ETA:     7s[>>>>>>>>>>>>>>>>>>>>>>>>>>>>>>>>>>>>>>>>>>>>>>>>> ] 3781/3783, 0.4 task/s, elapsed: 9310s, ETA:     5s[>>>>>>>>>>>>>>>>>>>>>>>>>>>>>>>>>>>>>>>>>>>>>>>>> ] 3782/3783, 0.4 task/s, elapsed: 9310s, ETA:     2s[>>>>>>>>>>>>>>>>>>>>>>>>>>>>>>>>>>>>>>>>>>>>>>>>>>] 3783/3783, 0.4 task/s, elapsed: 9310s, ETA:     0s
Evaluating top_k_accuracy ...

top1_acc	0.8705
top5_acc	0.9635

Evaluating mean_class_accuracy ...

mean_acc	0.8693
top1_acc: 0.8705
top5_acc: 0.9635
mean_class_accuracy: 0.8693
